Component: ARM Compiler 5.06 update 6 (build 750) Tool: armlink [4d35ed]

==============================================================================

Section Cross References

    startup.o(STACK) refers (Special) to heapauxi.o(.text) for __use_two_region_memory
    startup.o(HEAP) refers (Special) to heapauxi.o(.text) for __use_two_region_memory
    startup.o(RESET) refers (Special) to heapauxi.o(.text) for __use_two_region_memory
    startup.o(RESET) refers to startup.o(STACK) for StackMem
    startup.o(RESET) refers to adc_joystick.o(i.SysTick_Handler) for SysTick_Handler
    startup.o(RESET) refers to timer0.o(i.Timer0A_Handler) for Timer0A_Handler
    startup.o(RESET) refers to timer1.o(i.Timer1A_Handler) for Timer1A_Handler
    startup.o(RESET) refers to __main.o(!!!main) for __main
    startup.o(.text) refers (Special) to heapauxi.o(.text) for __use_two_region_memory
    startup.o(.text) refers to startup.o(HEAP) for HeapMem
    startup.o(.text) refers to startup.o(STACK) for StackMem
    random.o(.text) refers to random.o(DATA) for M
    st7735.o(i.Output_Clear) refers to st7735.o(i.ST7735_FillScreen) for ST7735_FillScreen
    st7735.o(i.Output_Color) refers to st7735.o(i.ST7735_SetTextColor) for ST7735_SetTextColor
    st7735.o(i.Output_Init) refers to st7735.o(i.ST7735_InitR) for ST7735_InitR
    st7735.o(i.Output_Init) refers to st7735.o(i.ST7735_FillScreen) for ST7735_FillScreen
    st7735.o(i.Output_Off) refers to st7735.o(i.Output_Clear) for Output_Clear
    st7735.o(i.Output_On) refers to st7735.o(i.Output_Init) for Output_Init
    st7735.o(i.ST7735_DrawBitmap) refers to st7735.o(i.setAddrWindow) for setAddrWindow
    st7735.o(i.ST7735_DrawBitmap) refers to lcd.o(.text) for writedata
    st7735.o(i.ST7735_DrawBitmap) refers to systeminfo.o(.data) for _width
    st7735.o(i.ST7735_DrawChar) refers to st7735.o(i.setAddrWindow) for setAddrWindow
    st7735.o(i.ST7735_DrawChar) refers to st7735.o(i.pushColor) for pushColor
    st7735.o(i.ST7735_DrawChar) refers to systeminfo.o(.data) for _width
    st7735.o(i.ST7735_DrawChar) refers to st7735.o(.constdata) for Font
    st7735.o(i.ST7735_DrawCharS) refers to st7735.o(i.ST7735_DrawPixel) for ST7735_DrawPixel
    st7735.o(i.ST7735_DrawCharS) refers to st7735.o(i.ST7735_FillRect) for ST7735_FillRect
    st7735.o(i.ST7735_DrawCharS) refers to systeminfo.o(.data) for _width
    st7735.o(i.ST7735_DrawCharS) refers to st7735.o(.constdata) for Font
    st7735.o(i.ST7735_DrawFastHLine) refers to st7735.o(i.setAddrWindow) for setAddrWindow
    st7735.o(i.ST7735_DrawFastHLine) refers to lcd.o(.text) for writedata
    st7735.o(i.ST7735_DrawFastHLine) refers to systeminfo.o(.data) for _width
    st7735.o(i.ST7735_DrawFastVLine) refers to st7735.o(i.setAddrWindow) for setAddrWindow
    st7735.o(i.ST7735_DrawFastVLine) refers to lcd.o(.text) for writedata
    st7735.o(i.ST7735_DrawFastVLine) refers to systeminfo.o(.data) for _width
    st7735.o(i.ST7735_DrawPixel) refers to st7735.o(i.setAddrWindow) for setAddrWindow
    st7735.o(i.ST7735_DrawPixel) refers to st7735.o(i.pushColor) for pushColor
    st7735.o(i.ST7735_DrawPixel) refers to systeminfo.o(.data) for _width
    st7735.o(i.ST7735_DrawString) refers to st7735.o(i.ST7735_DrawCharS) for ST7735_DrawCharS
    st7735.o(i.ST7735_FillRect) refers to st7735.o(i.setAddrWindow) for setAddrWindow
    st7735.o(i.ST7735_FillRect) refers to lcd.o(.text) for writedata
    st7735.o(i.ST7735_FillRect) refers to systeminfo.o(.data) for _width
    st7735.o(i.ST7735_FillScreen) refers to st7735.o(i.ST7735_FillRect) for ST7735_FillRect
    st7735.o(i.ST7735_FillScreen) refers to systeminfo.o(.data) for _height
    st7735.o(i.ST7735_InitB) refers to st7735.o(i.commonInit) for commonInit
    st7735.o(i.ST7735_InitB) refers to st7735.o(i.ST7735_SetCursor) for ST7735_SetCursor
    st7735.o(i.ST7735_InitB) refers to st7735.o(i.ST7735_FillScreen) for ST7735_FillScreen
    st7735.o(i.ST7735_InitB) refers to st7735.o(.constdata) for Bcmd
    st7735.o(i.ST7735_InitB) refers to st7735.o(.data) for StTextColor
    st7735.o(i.ST7735_InitR) refers to st7735.o(i.commonInit) for commonInit
    st7735.o(i.ST7735_InitR) refers to st7735.o(i.commandList) for commandList
    st7735.o(i.ST7735_InitR) refers to lcd.o(.text) for writecommand
    st7735.o(i.ST7735_InitR) refers to st7735.o(i.ST7735_SetCursor) for ST7735_SetCursor
    st7735.o(i.ST7735_InitR) refers to st7735.o(i.ST7735_FillScreen) for ST7735_FillScreen
    st7735.o(i.ST7735_InitR) refers to st7735.o(.constdata) for Rcmd1
    st7735.o(i.ST7735_InitR) refers to st7735.o(.data) for ColStart
    st7735.o(i.ST7735_InvertDisplay) refers to lcd.o(.text) for writecommand
    st7735.o(i.ST7735_OutChar) refers to st7735.o(i.ST7735_DrawString) for ST7735_DrawString
    st7735.o(i.ST7735_OutChar) refers to st7735.o(i.ST7735_DrawCharS) for ST7735_DrawCharS
    st7735.o(i.ST7735_OutChar) refers to st7735.o(.data) for StY
[...]
    i.DrawPokemonNames                       0x00002030   Section        0  drawscreen.o(i.DrawPokemonNames)
    i.DrawSelection                          0x0000206a   Section        0  draw.o(i.DrawSelection)
    i.DrawShopScreen                         0x000020bc   Section        0  shop.o(i.DrawShopScreen)
    i.DrawSimpleMenu                         0x000024ac   Section        0  drawscreen.o(i.DrawSimpleMenu)
    i.DrawSpriteImg                          0x00002568   Section        0  draw.o(i.DrawSpriteImg)
    i.DrawSpriteSelection                    0x00002586   Section        0  draw.o(i.DrawSpriteSelection)
    i.DrawStatusScreen                       0x000025bc   Section        0  drawscreen.o(i.DrawStatusScreen)
    i.DrawSwapPokemon                        0x000026e8   Section        0  drawscreen.o(i.DrawSwapPokemon)
    i.DrawTitleScreen                        0x00002830   Section        0  drawscreen.o(i.DrawTitleScreen)
    i.DrawWorld                              0x000029fc   Section        0  drawscreen.o(i.DrawWorld)
    i.GenerateRandomPokemon                  0x00002bac   Section        0  pokemon.o(i.GenerateRandomPokemon)
    i.GenerateRandomPokemonInit              0x00002c90   Section        0  pokemon.o(i.GenerateRandomPokemonInit)
    i.GetFieldGrid                           0x00002d7c   Section        0  field.o(i.GetFieldGrid)
    i.GetGridX                               0x00002d90   Section        0  draw.o(i.GetGridX)
    i.GetGridY                               0x00002dac   Section        0  draw.o(i.GetGridY)
    i.GetObjGrid                             0x00002dc8   Section        0  field.o(i.GetObjGrid)
    i.GetPokemonGrid                         0x00002ddc   Section        0  pokemon.o(i.GetPokemonGrid)
    i.IncSeed                                0x00002e94   Section        0  drawscreen.o(i.IncSeed)
    i.InitBackgroundTypes                    0x00002ec8   Section        0  field.o(i.InitBackgroundTypes)
    i.InitGridCoordinates                    0x00002fc8   Section        0  field.o(i.InitGridCoordinates)
    i.InitInventory                          0x00003058   Section        0  player.o(i.InitInventory)
    i.InitMoves                              0x000030c8   Section        0  battle.o(i.InitMoves)
    i.InitPlayer                             0x000035f0   Section        0  player.o(i.InitPlayer)
    i.InitPokemon                            0x00003684   Section        0  pokemon.o(i.InitPokemon)
    i.InitShop                               0x00003e64   Section        0  shop.o(i.InitShop)
    i.InitTeam                               0x00003fd4   Section        0  player.o(i.InitTeam)
    i.IsGridObject                           0x00003fe8   Section        0  field.o(i.IsGridObject)
    i.IsPokemonPosOnEdge                     0x0000401c   Section        0  pokemon.o(i.IsPokemonPosOnEdge)
    i.IsPokemonWalkable                      0x0000404c   Section        0  field.o(i.IsPokemonWalkable)
    i.IsWalkable                             0x00004118   Section        0  field.o(i.IsWalkable)
    i.IsWorldPokemon                         0x0000414c   Section        0  field.o(i.IsWorldPokemon)
    i.MoveDown                               0x00004188   Section        0  player.o(i.MoveDown)
    i.MoveLeft                               0x000041ec   Section        0  player.o(i.MoveLeft)
    i.MoveRight                              0x00004254   Section        0  player.o(i.MoveRight)
    i.MoveUp                                 0x000042bc   Section        0  player.o(i.MoveUp)
    i.MoveWorldPokemon                       0x00004320   Section        0  drawscreen.o(i.MoveWorldPokemon)
    i.Output_Init                            0x00004544   Section        0  st7735.o(i.Output_Init)
    i.PLL_Init                               0x00004554   Section        0  pll.o(i.PLL_Init)
    i.PokemonAllDead                         0x000045d0   Section        0  drawscreen.o(i.PokemonAllDead)
    i.PokemonLocationTaken                   0x000045f8   Section        0  pokemon.o(i.PokemonLocationTaken)
    i.PrintWinLoseScreen                     0x0000462c   Section        0  spaceinvaders.o(i.PrintWinLoseScreen)
    i.RestoreDeadPokemon                     0x0000478c   Section        0  drawscreen.o(i.RestoreDeadPokemon)
    i.ST7735_DrawBitmap                      0x000047b8   Section        0  st7735.o(i.ST7735_DrawBitmap)
    i.ST7735_DrawCharS                       0x000048d8   Section        0  st7735.o(i.ST7735_DrawCharS)
    i.ST7735_DrawPixel                       0x000049d0   Section        0  st7735.o(i.ST7735_DrawPixel)
    i.ST7735_DrawString                      0x00004a18   Section        0  st7735.o(i.ST7735_DrawString)
    i.ST7735_FillRect                        0x00004a70   Section        0  st7735.o(i.ST7735_FillRect)
    i.ST7735_FillScreen                      0x00004b1c   Section        0  st7735.o(i.ST7735_FillScreen)
    i.ST7735_InitR                           0x00004b40   Section        0  st7735.o(i.ST7735_InitR)
    i.ST7735_OutChar                         0x00004bbc   Section        0  st7735.o(i.ST7735_OutChar)
    i.ST7735_OutString                       0x00004c90   Section        0  st7735.o(i.ST7735_OutString)
    i.ST7735_SetCursor                       0x00004ca8   Section        0  st7735.o(i.ST7735_SetCursor)
    i.ST7735_SetTextColor                    0x00004cc8   Section        0  st7735.o(i.ST7735_SetTextColor)
    i.Sound_Attack1                          0x00004cd4   Section        0  sound.o(i.Sound_Attack1)
    i.Sound_Attack2                          0x00004ce8   Section        0  sound.o(i.Sound_Attack2)
    i.Sound_Heal                             0x00004cfc   Section        0  sound.o(i.Sound_Heal)
    i.Sound_Init                             0x00004d10   Section        0  sound.o(i.Sound_Init)
    i.Sound_Play                             0x00004d3c   Section        0  sound.o(i.Sound_Play)
    i.Sound_Task                             0x00004d5c   Section        0  sound.o(i.Sound_Task)
    i.SysTick_Handler                        0x00004da4   Section        0  adc_joystick.o(i.SysTick_Handler)
    i.SysTick_Init                           0x00004dbc   Section        0  adc_joystick.o(i.SysTick_Init)
    i.Timer0A_Handler                        0x00004dd8   Section        0  timer0.o(i.Timer0A_Handler)
    i.Timer0_Init                            0x00004df0   Section        0  timer0.o(i.Timer0_Init)
    i.Timer1A_Handler                        0x00004e50   Section        0  timer1.o(i.Timer1A_Handler)
    i.Timer1_Init                            0x00004e68   Section        0  timer1.o(i.Timer1_Init)
    i.addPokemon                             0x00004ec8   Section        0  player.o(i.addPokemon)
    i.commandList                            0x00004f38   Section        0  st7735.o(i.commandList)
    commandList                              0x00004f39   Thumb Code    86  st7735.o(i.commandList)
    i.commonInit                             0x00004f90   Section        0  st7735.o(i.commonInit)
    commonInit                               0x00004f91   Thumb Code   342  st7735.o(i.commonInit)
    i.getJoystickX                           0x00005118   Section        0  adc_joystick.o(i.getJoystickX)
    i.getJoystickY                           0x00005140   Section        0  adc_joystick.o(i.getJoystickY)
    i.isPE2Pressed                           0x00005168   Section        0  adc_joystick.o(i.isPE2Pressed)
    i.isPE3Pressed                           0x00005198   Section        0  adc_joystick.o(i.isPE3Pressed)
    i.main                                   0x000051c8   Section        0  spaceinvaders.o(i.main)
    i.moveShakeBack                          0x00005278   Section        0  drawscreen.o(i.moveShakeBack)
    i.moveShakeLeft                          0x0000533c   Section        0  drawscreen.o(i.moveShakeLeft)
    i.moveShakeRight                         0x000053b0   Section        0  drawscreen.o(i.moveShakeRight)
    i.pushColor                              0x00005424   Section        0  st7735.o(i.pushColor)
    pushColor                                0x00005425   Thumb Code    18  st7735.o(i.pushColor)
    i.setAddrWindow                          0x00005438   Section        0  st7735.o(i.setAddrWindow)
    setAddrWindow                            0x00005439   Thumb Code   106  st7735.o(i.setAddrWindow)
    .constdata                               0x000054ac   Section     2018  st7735.o(.constdata)
    Font                                     0x000054ac   Data        1275  st7735.o(.constdata)
    Bcmd                                     0x000059a7   Data         103  st7735.o(.constdata)
    Rcmd1                                    0x00005a0e   Data          59  st7735.o(.constdata)
    Rcmd2green                               0x00005a49   Data          13  st7735.o(.constdata)
    Rcmd2red                                 0x00005a56   Data          13  st7735.o(.constdata)
    Rcmd3                                    0x00005a63   Data          43  st7735.o(.constdata)
    .constdata                               0x00005c8e   Section    48770  sound.o(.constdata)
    .constdata                               0x00011b10   Section       16  spaceinvaders.o(.constdata)
    .constdata                               0x00011b20   Section       10  systeminfo.o(.constdata)
    .constdata                               0x00011b2c   Section      484  battle.o(.constdata)
    .constdata                               0x00011d10   Section      208  drawscreen.o(.constdata)
    .constdata                               0x00011de0   Section      140  field.o(.constdata)
    .constdata                               0x00011e6c   Section       22  pokemontype.o(.constdata)
    .constdata                               0x00011e84   Section      124  player.o(.constdata)
    .constdata                               0x00011f00   Section      204  shop.o(.constdata)
    .constdata                               0x00011fcc   Section    46976  imagesother.o(.constdata)
    .constdata                               0x0001d74c   Section     6144  textsprites.o(.constdata)
    .constdata                               0x0001ef4c   Section    64512  imagespokemon2.o(.constdata)
    .constdata                               0x0002eb4c   Section    10240  imagespokemonworld.o(.constdata)
    .constdata                               0x0003134c   Section     1360  pokemon.o(.constdata)
    .conststring                             0x0003189c   Section      985  battle.o(.conststring)
    .conststring                             0x00031c78   Section      156  drawscreen.o(.conststring)
    .conststring                             0x00031d14   Section       71  shop.o(.conststring)
    .conststring                             0x00031d5c   Section      179  pokemon.o(.conststring)
    .data                                    0x20000000   Section       40  st7735.o(.data)
    ColStart                                 0x2000000a   Data           1  st7735.o(.data)
    RowStart                                 0x2000000b   Data           1  st7735.o(.data)
    Rotation                                 0x2000000c   Data           1  st7735.o(.data)
    TabColor                                 0x2000000d   Data           1  st7735.o(.data)
    .data                                    0x20000028   Section        4  timer0.o(.data)
    .data                                    0x2000002c   Section        4  timer1.o(.data)
    .data                                    0x20000030   Section       12  sound.o(.data)
    .data                                    0x2000003c   Section        2  spaceinvaders.o(.data)
    .data                                    0x2000003e   Section        4  systeminfo.o(.data)
    .data                                    0x20000044   Section       13  drawscreen.o(.data)
    .data                                    0x20000054   Section     1812  field.o(.data)
    .data                                    0x20000768   Section      324  pokemontype.o(.data)
    .data                                    0x200008ac   Section       10  adc_joystick.o(.data)
    .data                                    0x200008b8   Section        4  pokemon.o(.data)
    DATA                                     0x200008bc   Section        4  random.o(DATA)
    M                                        0x200008bc   Data           4  random.o(DATA)
    .bss                                     0x200008c0   Section      480  battle.o(.bss)
    .bss                                     0x20000aa0   Section      144  drawscreen.o(.bss)
    .bss                                     0x20000b30   Section     5118  field.o(.bss)
    .bss                                     0x20001f30   Section      560  player.o(.bss)
    .bss                                     0x20002160   Section       84  shop.o(.bss)
    .bss                                     0x200021b4   Section     2080  pokemon.o(.bss)
    .bss                                     0x200029d4   Section       96  libspace.o(.bss)
    HEAP                                     0x20002a38   Section        0  startup.o(HEAP)
    STACK                                    0x20002a38   Section     1024  startup.o(STACK)
    HeapMem                                  0x20002a38   Data           0  startup.o(HEAP)
    StackMem                                 0x20002a38   Data           0  startup.o(STACK)

    Global Symbols

    Symbol Name                              Value     Ov Type        Size  Object(Section)

    BuildAttributes$$THM_ISAv4$E$P$D$K$B$S$7EM$PE$A:L22UL41UL21$X:L11$S22US41US21$IEEE1$IW$USESV6$~STKCKD$USESV7$~SHL$OSPACE$ROPI$EBA8$UX$STANDARDLIB$REQ8$PRES8$EABIv2 0x00000000   Number         0  anon$$obj.o ABSOLUTE
    __ARM_use_no_argv                        0x00000000   Number         0  spaceinvaders.o ABSOLUTE
    __Vectors                                0x00000000   Data           0  startup.o(RESET)
    __ARM_exceptions_init                     - Undefined Weak Reference
    __alloca_initialize                       - Undefined Weak Reference
    __arm_preinit_                            - Undefined Weak Reference
    __cpp_initialize__aeabi_                  - Undefined Weak Reference
    __cxa_finalize                            - Undefined Weak Reference
    __rt_locale                               - Undefined Weak Reference
    __sigvec_lookup                           - Undefined Weak Reference
    _atexit_init                              - Undefined Weak Reference
    _call_atexit_fns                          - Undefined Weak Reference
    _clock_init                               - Undefined Weak Reference
    _fp_trap_init                             - Undefined Weak Reference
    _fp_trap_shutdown                         - Undefined Weak Reference
    _get_lc_collate                           - Undefined Weak Reference
    _get_lc_ctype                             - Undefined Weak Reference
    _get_lc_monetary                          - Undefined Weak Reference
    _get_lc_numeric                           - Undefined Weak Reference
    _get_lc_time                              - Undefined Weak Reference
    _getenv_init                              - Undefined Weak Reference
    _handle_redirection                       - Undefined Weak Reference
    _init_alloc                               - Undefined Weak Reference
    _init_user_alloc                          - Undefined Weak Reference
    _initio                                   - Undefined Weak Reference
    _rand_init                                - Undefined Weak Reference
    _signal_finish                            - Undefined Weak Reference
    _signal_init                              - Undefined Weak Reference
    _terminate_alloc                          - Undefined Weak Reference
    _terminate_user_alloc                     - Undefined Weak Reference
    _terminateio                              - Undefined Weak Reference
    Reset_Handler                            0x0000026d   Thumb Code     0  startup.o(RESET)
    NMI_Handler                              0x00000271   Thumb Code     2  startup.o(RESET)
    HardFault_Handler                        0x00000273   Thumb Code     2  startup.o(RESET)
    MemManage_Handler                        0x00000275   Thumb Code     2  startup.o(RESET)
    BusFault_Handler                         0x00000277   Thumb Code     2  startup.o(RESET)
    UsageFault_Handler                       0x00000279   Thumb Code     2  startup.o(RESET)
    SVC_Handler                              0x0000027b   Thumb Code     2  startup.o(RESET)
    DebugMon_Handler                         0x0000027d   Thumb Code     2  startup.o(RESET)
    PendSV_Handler                           0x0000027f   Thumb Code     2  startup.o(RESET)
    ADC0Seq0_Handler                         0x00000283   Thumb Code     0  startup.o(RESET)
    ADC0Seq1_Handler                         0x00000283   Thumb Code     0  startup.o(RESET)
    ADC0Seq2_Handler                         0x00000283   Thumb Code     0  startup.o(RESET)
    ADC0Seq3_Handler                         0x00000283   Thumb Code     0  startup.o(RESET)
    ADC1Seq0_Handler                         0x00000283   Thumb Code     0  startup.o(RESET)
    ADC1Seq1_Handler                         0x00000283   Thumb Code     0  startup.o(RESET)
    ADC1Seq2_Handler                         0x00000283   Thumb Code     0  startup.o(RESET)
    ADC1Seq3_Handler                         0x00000283   Thumb Code     0  startup.o(RESET)
    CAN0_Handler                             0x00000283   Thumb Code     0  startup.o(RESET)
    CAN1_Handler                             0x00000283   Thumb Code     0  startup.o(RESET)
    CAN2_Handler                             0x00000283   Thumb Code     0  startup.o(RESET)
    Comp0_Handler                            0x00000283   Thumb Code     0  startup.o(RESET)
    Comp1_Handler                            0x00000283   Thumb Code     0  startup.o(RESET)
    Comp2_Handler                            0x00000283   Thumb Code     0  startup.o(RESET)
    Ethernet_Handler                         0x00000283   Thumb Code     0  startup.o(RESET)
    ExtBus_Handler                           0x00000283   Thumb Code     0  startup.o(RESET)
    FPU_Handler                              0x00000283   Thumb Code     0  startup.o(RESET)
    Fan0_Handler                             0x00000283   Thumb Code     0  startup.o(RESET)
    FlashCtl_Handler                         0x00000283   Thumb Code     0  startup.o(RESET)
    GPIOPortA_Handler                        0x00000283   Thumb Code     0  startup.o(RESET)
    GPIOPortB_Handler                        0x00000283   Thumb Code     0  startup.o(RESET)
    GPIOPortC_Handler                        0x00000283   Thumb Code     0  startup.o(RESET)
    GPIOPortD_Handler                        0x00000283   Thumb Code     0  startup.o(RESET)
    GPIOPortE_Handler                        0x00000283   Thumb Code     0  startup.o(RESET)
    GPIOPortF_Handler                        0x00000283   Thumb Code     0  startup.o(RESET)
    GPIOPortG_Handler                        0x00000283   Thumb Code     0  startup.o(RESET)
    GPIOPortH_Handler                        0x00000283   Thumb Code     0  startup.o(RESET)
    GPIOPortJ_Handler                        0x00000283   Thumb Code     0  startup.o(RESET)
    GPIOPortK_Handler                        0x00000283   Thumb Code     0  startup.o(RESET)
    GPIOPortL_Handler                        0x00000283   Thumb Code     0  startup.o(RESET)
    GPIOPortM_Handler                        0x00000283   Thumb Code     0  startup.o(RESET)
    GPIOPortN_Handler                        0x00000283   Thumb Code     0  startup.o(RESET)
    GPIOPortP1_Handler                       0x00000283   Thumb Code     0  startup.o(RESET)
    GPIOPortP2_Handler                       0x00000283   Thumb Code     0  startup.o(RESET)
    GPIOPortP3_Handler                       0x00000283   Thumb Code     0  startup.o(RESET)
    GPIOPortP4_Handler                       0x00000283   Thumb Code     0  startup.o(RESET)
    GPIOPortP5_Handler                       0x00000283   Thumb Code     0  startup.o(RESET)
    GPIOPortP6_Handler                       0x00000283   Thumb Code     0  startup.o(RESET)
    GPIOPortP7_Handler                       0x00000283   Thumb Code     0  startup.o(RESET)
    GPIOPortP_Handler                        0x00000283   Thumb Code     0  startup.o(RESET)
    GPIOPortQ1_Handler                       0x00000283   Thumb Code     0  startup.o(RESET)
    GPIOPortQ2_Handler                       0x00000283   Thumb Code     0  startup.o(RESET)
    GPIOPortQ3_Handler                       0x00000283   Thumb Code     0  startup.o(RESET)
    GPIOPortQ4_Handler                       0x00000283   Thumb Code     0  startup.o(RESET)
    GPIOPortQ5_Handler                       0x00000283   Thumb Code     0  startup.o(RESET)
    GPIOPortQ6_Handler                       0x00000283   Thumb Code     0  startup.o(RESET)
    GPIOPortQ7_Handler                       0x00000283   Thumb Code     0  startup.o(RESET)
    GPIOPortQ_Handler                        0x00000283   Thumb Code     0  startup.o(RESET)
    GPIOPortR_Handler                        0x00000283   Thumb Code     0  startup.o(RESET)
    GPIOPortS_Handler                        0x00000283   Thumb Code     0  startup.o(RESET)
    Hibernate_Handler                        0x00000283   Thumb Code     0  startup.o(RESET)
    I2C0_Handler                             0x00000283   Thumb Code     0  startup.o(RESET)
    I2C1_Handler                             0x00000283   Thumb Code     0  startup.o(RESET)
    I2C2_Handler                             0x00000283   Thumb Code     0  startup.o(RESET)
    I2C3_Handler                             0x00000283   Thumb Code     0  startup.o(RESET)
    I2C4_Handler                             0x00000283   Thumb Code     0  startup.o(RESET)
    I2C5_Handler                             0x00000283   Thumb Code     0  startup.o(RESET)
    I2S0_Handler                             0x00000283   Thumb Code     0  startup.o(RESET)
    LPC0_Handler                             0x00000283   Thumb Code     0  startup.o(RESET)
    PECI0_Handler                            0x00000283   Thumb Code     0  startup.o(RESET)
    PWM0Fault_Handler                        0x00000283   Thumb Code     0  startup.o(RESET)
    PWM0Generator0_Handler                   0x00000283   Thumb Code     0  startup.o(RESET)
    PWM0Generator1_Handler                   0x00000283   Thumb Code     0  startup.o(RESET)
    PWM0Generator2_Handler                   0x00000283   Thumb Code     0  startup.o(RESET)
    PWM0Generator3_Handler                   0x00000283   Thumb Code     0  startup.o(RESET)
    PWM1Fault_Handler                        0x00000283   Thumb Code     0  startup.o(RESET)
    PWM1Generator0_Handler                   0x00000283   Thumb Code     0  startup.o(RESET)
    PWM1Generator1_Handler                   0x00000283   Thumb Code     0  startup.o(RESET)
    PWM1Generator2_Handler                   0x00000283   Thumb Code     0  startup.o(RESET)
    PWM1Generator3_Handler                   0x00000283   Thumb Code     0  startup.o(RESET)
    Quadrature0_Handler                      0x00000283   Thumb Code     0  startup.o(RESET)
    Quadrature1_Handler                      0x00000283   Thumb Code     0  startup.o(RESET)
    Quadrature2_Handler                      0x00000283   Thumb Code     0  startup.o(RESET)
    SSI0_Handler                             0x00000283   Thumb Code     0  startup.o(RESET)
    SSI1_Handler                             0x00000283   Thumb Code     0  startup.o(RESET)
    SSI2_Handler                             0x00000283   Thumb Code     0  startup.o(RESET)
    SSI3_Handler                             0x00000283   Thumb Code     0  startup.o(RESET)
    SysCtl_Handler                           0x00000283   Thumb Code     0  startup.o(RESET)
    Timer0B_Handler                          0x00000283   Thumb Code     0  startup.o(RESET)
    Timer1B_Handler                          0x00000283   Thumb Code     0  startup.o(RESET)
    Timer2A_Handler                          0x00000283   Thumb Code     0  startup.o(RESET)
    Timer2B_Handler                          0x00000283   Thumb Code     0  startup.o(RESET)
    Timer3A_Handler                          0x00000283   Thumb Code     0  startup.o(RESET)
    Timer3B_Handler                          0x00000283   Thumb Code     0  startup.o(RESET)
    Timer4A_Handler                          0x00000283   Thumb Code     0  startup.o(RESET)
    Timer4B_Handler                          0x00000283   Thumb Code     0  startup.o(RESET)
    Timer5A_Handler                          0x00000283   Thumb Code     0  startup.o(RESET)
    Timer5B_Handler                          0x00000283   Thumb Code     0  startup.o(RESET)
    UART0_Handler                            0x00000283   Thumb Code     0  startup.o(RESET)
    UART1_Handler                            0x00000283   Thumb Code     0  startup.o(RESET)
    UART2_Handler                            0x00000283   Thumb Code     0  startup.o(RESET)
    UART3_Handler                            0x00000283   Thumb Code     0  startup.o(RESET)
    UART4_Handler                            0x00000283   Thumb Code     0  startup.o(RESET)
    UART5_Handler                            0x00000283   Thumb Code     0  startup.o(RESET)
    UART6_Handler                            0x00000283   Thumb Code     0  startup.o(RESET)
    UART7_Handler                            0x00000283   Thumb Code     0  startup.o(RESET)
    USB0_Handler                             0x00000283   Thumb Code     0  startup.o(RESET)
    WDT_Handler                              0x00000283   Thumb Code     0  startup.o(RESET)
    WideTimer0A_Handler                      0x00000283   Thumb Code     0  startup.o(RESET)
    WideTimer0B_Handler                      0x00000283   Thumb Code     0  startup.o(RESET)
    WideTimer1A_Handler                      0x00000283   Thumb Code     0  startup.o(RESET)
    WideTimer1B_Handler                      0x00000283   Thumb Code     0  startup.o(RESET)
    WideTimer2A_Handler                      0x00000283   Thumb Code     0  startup.o(RESET)
    WideTimer2B_Handler                      0x00000283   Thumb Code     0  startup.o(RESET)
    WideTimer3A_Handler                      0x00000283   Thumb Code     0  startup.o(RESET)
    WideTimer3B_Handler                      0x00000283   Thumb Code     0  startup.o(RESET)
    WideTimer4A_Handler                      0x00000283   Thumb Code     0  startup.o(RESET)
    WideTimer4B_Handler                      0x00000283   Thumb Code     0  startup.o(RESET)
    WideTimer5A_Handler                      0x00000283   Thumb Code     0  startup.o(RESET)
    WideTimer5B_Handler                      0x00000283   Thumb Code     0  startup.o(RESET)
    uDMA_Error                               0x00000283   Thumb Code     0  startup.o(RESET)
    uDMA_Handler                             0x00000283   Thumb Code     0  startup.o(RESET)
    __main                                   0x00000285   Thumb Code     8  __main.o(!!!main)
    __scatterload                            0x0000028d   Thumb Code     0  __scatter.o(!!!scatter)
    __scatterload_rt2                        0x0000028d   Thumb Code    44  __scatter.o(!!!scatter)
    __scatterload_rt2_thumb_only             0x0000028d   Thumb Code     0  __scatter.o(!!!scatter)
    __scatterload_null                       0x0000029b   Thumb Code     0  __scatter.o(!!!scatter)
    __decompress                             0x000002c1   Thumb Code   100  __dclz77c.o(!!dclz77c)
    __decompress2                            0x000002c1   Thumb Code     0  __dclz77c.o(!!dclz77c)
    __scatterload_zeroinit                   0x00000325   Thumb Code    28  __scatter_zi.o(!!handler_zi)
    __rt_lib_init                            0x00000341   Thumb Code     0  libinit.o(.ARM.Collect$$libinit$$00000000)
    __rt_lib_init_alloca_1                   0x00000343   Thumb Code     0  libinit2.o(.ARM.Collect$$libinit$$0000002E)
    __rt_lib_init_argv_1                     0x00000343   Thumb Code     0  libinit2.o(.ARM.Collect$$libinit$$0000002C)
    __rt_lib_init_atexit_1                   0x00000343   Thumb Code     0  libinit2.o(.ARM.Collect$$libinit$$0000001B)
    __rt_lib_init_clock_1                    0x00000343   Thumb Code     0  libinit2.o(.ARM.Collect$$libinit$$00000021)
    __rt_lib_init_cpp_1                      0x00000343   Thumb Code     0  libinit2.o(.ARM.Collect$$libinit$$00000032)
    __rt_lib_init_exceptions_1               0x00000343   Thumb Code     0  libinit2.o(.ARM.Collect$$libinit$$00000030)
    __rt_lib_init_fp_1                       0x00000343   Thumb Code     0  libinit2.o(.ARM.Collect$$libinit$$00000002)
    __rt_lib_init_fp_trap_1                  0x00000343   Thumb Code     0  libinit2.o(.ARM.Collect$$libinit$$0000001F)
    __rt_lib_init_getenv_1                   0x00000343   Thumb Code     0  libinit2.o(.ARM.Collect$$libinit$$00000023)
    __rt_lib_init_heap_1                     0x00000343   Thumb Code     0  libinit2.o(.ARM.Collect$$libinit$$0000000A)
    __rt_lib_init_lc_collate_1               0x00000343   Thumb Code     0  libinit2.o(.ARM.Collect$$libinit$$00000011)
    __rt_lib_init_lc_ctype_1                 0x00000343   Thumb Code     0  libinit2.o(.ARM.Collect$$libinit$$00000013)
    __rt_lib_init_lc_monetary_1              0x00000343   Thumb Code     0  libinit2.o(.ARM.Collect$$libinit$$00000015)
    __rt_lib_init_lc_numeric_1               0x00000343   Thumb Code     0  libinit2.o(.ARM.Collect$$libinit$$00000017)
    __rt_lib_init_lc_time_1                  0x00000343   Thumb Code     0  libinit2.o(.ARM.Collect$$libinit$$00000019)
    __rt_lib_init_preinit_1                  0x00000343   Thumb Code     0  libinit2.o(.ARM.Collect$$libinit$$00000004)
    __rt_lib_init_rand_1                     0x00000343   Thumb Code     0  libinit2.o(.ARM.Collect$$libinit$$0000000E)
    __rt_lib_init_return                     0x00000343   Thumb Code     0  libinit2.o(.ARM.Collect$$libinit$$00000033)
    __rt_lib_init_signal_1                   0x00000343   Thumb Code     0  libinit2.o(.ARM.Collect$$libinit$$0000001D)
    __rt_lib_init_stdio_1                    0x00000343   Thumb Code     0  libinit2.o(.ARM.Collect$$libinit$$00000025)
    __rt_lib_init_user_alloc_1               0x00000343   Thumb Code     0  libinit2.o(.ARM.Collect$$libinit$$0000000C)
    __rt_lib_shutdown                        0x00000345   Thumb Code     0  libshutdown.o(.ARM.Collect$$libshutdown$$00000000)
    __rt_lib_shutdown_cpp_1                  0x00000347   Thumb Code     0  libshutdown2.o(.ARM.Collect$$libshutdown$$00000002)
    __rt_lib_shutdown_fp_trap_1              0x00000347   Thumb Code     0  libshutdown2.o(.ARM.Collect$$libshutdown$$00000007)
    __rt_lib_shutdown_heap_1                 0x00000347   Thumb Code     0  libshutdown2.o(.ARM.Collect$$libshutdown$$0000000F)
    __rt_lib_shutdown_return                 0x00000347   Thumb Code     0  libshutdown2.o(.ARM.Collect$$libshutdown$$00000010)
    __rt_lib_shutdown_signal_1               0x00000347   Thumb Code     0  libshutdown2.o(.ARM.Collect$$libshutdown$$0000000A)
    __rt_lib_shutdown_stdio_1                0x00000347   Thumb Code     0  libshutdown2.o(.ARM.Collect$$libshutdown$$00000004)
    __rt_lib_shutdown_user_alloc_1           0x00000347   Thumb Code     0  libshutdown2.o(.ARM.Collect$$libshutdown$$0000000C)
    __rt_entry                               0x00000349   Thumb Code     0  __rtentry.o(.ARM.Collect$$rtentry$$00000000)
    __rt_entry_presh_1                       0x00000349   Thumb Code     0  __rtentry2.o(.ARM.Collect$$rtentry$$00000002)
    __rt_entry_sh                            0x00000349   Thumb Code     0  __rtentry4.o(.ARM.Collect$$rtentry$$00000004)
    __rt_entry_li                            0x0000034f   Thumb Code     0  __rtentry2.o(.ARM.Collect$$rtentry$$0000000A)
    __rt_entry_postsh_1                      0x0000034f   Thumb Code     0  __rtentry2.o(.ARM.Collect$$rtentry$$00000009)
    __rt_entry_main                          0x00000353   Thumb Code     0  __rtentry2.o(.ARM.Collect$$rtentry$$0000000D)
    __rt_entry_postli_1                      0x00000353   Thumb Code     0  __rtentry2.o(.ARM.Collect$$rtentry$$0000000C)
    __rt_exit                                0x0000035b   Thumb Code     0  rtexit.o(.ARM.Collect$$rtexit$$00000000)
    __rt_exit_ls                             0x0000035d   Thumb Code     0  rtexit2.o(.ARM.Collect$$rtexit$$00000003)
    __rt_exit_prels_1                        0x0000035d   Thumb Code     0  rtexit2.o(.ARM.Collect$$rtexit$$00000002)
    __rt_exit_exit                           0x00000361   Thumb Code     0  rtexit2.o(.ARM.Collect$$rtexit$$00000004)
    DisableInterrupts                        0x00000369   Thumb Code     0  startup.o(.text)
    EnableInterrupts                         0x0000036d   Thumb Code     0  startup.o(.text)
    StartCritical                            0x00000371   Thumb Code     0  startup.o(.text)
    EndCritical                              0x00000379   Thumb Code     0  startup.o(.text)
    WaitForInterrupt                         0x0000037f   Thumb Code     0  startup.o(.text)
    __user_initial_stackheap                 0x00000383   Thumb Code     0  startup.o(.text)
    Random_Init                              0x00000399   Thumb Code     0  random.o(.text)
    Random32                                 0x0000039f   Thumb Code     2  random.o(.text)
    Random                                   0x000003b1   Thumb Code     2  random.o(.text)
    writecommand                             0x000003d5   Thumb Code     0  lcd.o(.text)
    writedata                                0x000003f7   Thumb Code     0  lcd.o(.text)
    LCD_OutDec                               0x0000041d   Thumb Code     0  print.o(.text)
    LCD_OutFix                               0x00000505   Thumb Code     0  print.o(.text)
    __aeabi_memcpy4                          0x0000059d   Thumb Code     0  rt_memcpy_w.o(.text)
    __aeabi_memcpy8                          0x0000059d   Thumb Code     0  rt_memcpy_w.o(.text)
    __rt_memcpy_w                            0x0000059d   Thumb Code   100  rt_memcpy_w.o(.text)
    _memcpy_lastbytes_aligned                0x000005e5   Thumb Code     0  rt_memcpy_w.o(.text)
    __aeabi_memclr4                          0x00000601   Thumb Code     0  rt_memclr_w.o(.text)
    __aeabi_memclr8                          0x00000601   Thumb Code     0  rt_memclr_w.o(.text)
    __rt_memclr_w                            0x00000601   Thumb Code    78  rt_memclr_w.o(.text)
    _memset_w                                0x00000605   Thumb Code     0  rt_memclr_w.o(.text)
    __use_two_region_memory                  0x0000064f   Thumb Code     2  heapauxi.o(.text)
    __rt_heap_escrow$2region                 0x00000651   Thumb Code     2  heapauxi.o(.text)
    __rt_heap_expand$2region                 0x00000653   Thumb Code     2  heapauxi.o(.text)
    __user_setup_stackheap                   0x00000655   Thumb Code    74  sys_stackheap_outer.o(.text)
    exit                                     0x0000069f   Thumb Code    18  exit.o(.text)
    __user_libspace                          0x000006b1   Thumb Code     8  libspace.o(.text)
    __user_perproc_libspace                  0x000006b1   Thumb Code     0  libspace.o(.text)
    __user_perthread_libspace                0x000006b1   Thumb Code     0  libspace.o(.text)
    _sys_exit                                0x000006b9   Thumb Code     8  sys_exit.o(.text)
    __I$use$semihosting                      0x000006c5   Thumb Code     0  use_no_semi.o(.text)
    __use_no_semihosting_swi                 0x000006c5   Thumb Code     2  use_no_semi.o(.text)
    __semihosting_library_function           0x000006c7   Thumb Code     0  indicate_semi.o(.text)
    ADC_In89                                 0x000006c9   Thumb Code    52  adc_joystick.o(i.ADC_In89)
    ADC_Init89                               0x00000701   Thumb Code   266  adc_joystick.o(i.ADC_Init89)
    BumpedIntoWorldPokemon                   0x00000825   Thumb Code    56  field.o(i.BumpedIntoWorldPokemon)
    ClearBattleUI                            0x00000869   Thumb Code    34  draw.o(i.ClearBattleUI)
    ClearPokeLeftName                        0x00000895   Thumb Code    22  draw.o(i.ClearPokeLeftName)
    ClearScreenBlack                         0x000008ab   Thumb Code    10  draw.o(i.ClearScreenBlack)
    ClearScreenGrid                          0x000008b5   Thumb Code    22  field.o(i.ClearScreenGrid)
    ClearScreenWhite                         0x000008d5   Thumb Code    12  draw.o(i.ClearScreenWhite)
    DAC_Init                                 0x000008e1   Thumb Code    54  dac.o(i.DAC_Init)
    DAC_Out                                  0x00000929   Thumb Code     6  dac.o(i.DAC_Out)
    Delay1ms                                 0x00000935   Thumb Code    32  st7735.o(i.Delay1ms)
    DrawAllSprites                           0x00000955   Thumb Code    36  draw.o(i.DrawAllSprites)
    DrawBattleInventory                      0x00000979   Thumb Code   712  drawscreen.o(i.DrawBattleInventory)
    DrawBattleScreen                         0x00000d31   Thumb Code  1332  drawscreen.o(i.DrawBattleScreen)
    DrawBorder                               0x00001269   Thumb Code   124  draw.o(i.DrawBorder)
    DrawEPBars                               0x000012e5   Thumb Code   132  drawscreen.o(i.DrawEPBars)
    DrawField                                0x00001371   Thumb Code   600  field.o(i.DrawField)
    DrawGridSprite                           0x0000160d   Thumb Code    52  draw.o(i.DrawGridSprite)
    DrawHPBars                               0x00001641   Thumb Code   164  drawscreen.o(i.DrawHPBars)
    DrawLanguageSelection                    0x000016ed   Thumb Code    62  drawscreen.o(i.DrawLanguageSelection)
    DrawMoveCommands                         0x00001749   Thumb Code  1818  drawscreen.o(i.DrawMoveCommands)
    DrawPokemonInventory                     0x00001e91   Thumb Code   358  drawscreen.o(i.DrawPokemonInventory)
    DrawPokemonNames                         0x00002031   Thumb Code    58  drawscreen.o(i.DrawPokemonNames)
    DrawSelection                            0x0000206b   Thumb Code    82  draw.o(i.DrawSelection)
    DrawShopScreen                           0x000020bd   Thumb Code   678  shop.o(i.DrawShopScreen)
    DrawSimpleMenu                           0x000024ad   Thumb Code   180  drawscreen.o(i.DrawSimpleMenu)
    DrawSpriteImg                            0x00002569   Thumb Code    30  draw.o(i.DrawSpriteImg)
    DrawSpriteSelection                      0x00002587   Thumb Code    52  draw.o(i.DrawSpriteSelection)
    DrawStatusScreen                         0x000025bd   Thumb Code   180  drawscreen.o(i.DrawStatusScreen)
    DrawSwapPokemon                          0x000026e9   Thumb Code   270  drawscreen.o(i.DrawSwapPokemon)
    DrawTitleScreen                          0x00002831   Thumb Code   382  drawscreen.o(i.DrawTitleScreen)
    DrawWorld                                0x000029fd   Thumb Code   364  drawscreen.o(i.DrawWorld)
    GenerateRandomPokemon                    0x00002bad   Thumb Code   216  pokemon.o(i.GenerateRandomPokemon)
    GenerateRandomPokemonInit                0x00002c91   Thumb Code   214  pokemon.o(i.GenerateRandomPokemonInit)
    GetFieldGrid                             0x00002d7d   Thumb Code    16  field.o(i.GetFieldGrid)
    GetGridX                                 0x00002d91   Thumb Code    18  draw.o(i.GetGridX)
    GetGridY                                 0x00002dad   Thumb Code    18  draw.o(i.GetGridY)
    GetObjGrid                               0x00002dc9   Thumb Code    16  field.o(i.GetObjGrid)
    GetPokemonGrid                           0x00002ddd   Thumb Code   160  pokemon.o(i.GetPokemonGrid)
    IncSeed                                  0x00002e95   Thumb Code    40  drawscreen.o(i.IncSeed)
    InitBackgroundTypes                      0x00002ec9   Thumb Code   242  field.o(i.InitBackgroundTypes)
    InitGridCoordinates                      0x00002fc9   Thumb Code   128  field.o(i.InitGridCoordinates)
    InitInventory                            0x00003059   Thumb Code    96  player.o(i.InitInventory)
    InitMoves                                0x000030c9   Thumb Code  1286  battle.o(i.InitMoves)
    InitPlayer                               0x000035f1   Thumb Code   140  player.o(i.InitPlayer)
    InitPokemon                              0x00003685   Thumb Code  1864  pokemon.o(i.InitPokemon)
    InitShop                                 0x00003e65   Thumb Code   356  shop.o(i.InitShop)
    InitTeam                                 0x00003fd5   Thumb Code    14  player.o(i.InitTeam)
    IsGridObject                             0x00003fe9   Thumb Code    38  field.o(i.IsGridObject)
    IsPokemonPosOnEdge                       0x0000401d   Thumb Code    38  pokemon.o(i.IsPokemonPosOnEdge)
    IsPokemonWalkable                        0x0000404d   Thumb Code   194  field.o(i.IsPokemonWalkable)
    IsWalkable                               0x00004119   Thumb Code    50  field.o(i.IsWalkable)
    IsWorldPokemon                           0x0000414d   Thumb Code    52  field.o(i.IsWorldPokemon)
    MoveDown                                 0x00004189   Thumb Code    92  player.o(i.MoveDown)
    MoveLeft                                 0x000041ed   Thumb Code    96  player.o(i.MoveLeft)
    MoveRight                                0x00004255   Thumb Code    96  player.o(i.MoveRight)
    MoveUp                                   0x000042bd   Thumb Code    92  player.o(i.MoveUp)
    MoveWorldPokemon                         0x00004321   Thumb Code   538  drawscreen.o(i.MoveWorldPokemon)
    Output_Init                              0x00004545   Thumb Code    16  st7735.o(i.Output_Init)
    PLL_Init                                 0x00004555   Thumb Code   120  pll.o(i.PLL_Init)
    PokemonAllDead                           0x000045d1   Thumb Code    34  drawscreen.o(i.PokemonAllDead)
    PokemonLocationTaken                     0x000045f9   Thumb Code    48  pokemon.o(i.PokemonLocationTaken)
    PrintWinLoseScreen                       0x0000462d   Thumb Code   146  spaceinvaders.o(i.PrintWinLoseScreen)
    RestoreDeadPokemon                       0x0000478d   Thumb Code    38  drawscreen.o(i.RestoreDeadPokemon)
    ST7735_DrawBitmap                        0x000047b9   Thumb Code   280  st7735.o(i.ST7735_DrawBitmap)
    ST7735_DrawCharS                         0x000048d9   Thumb Code   236  st7735.o(i.ST7735_DrawCharS)
    ST7735_DrawPixel                         0x000049d1   Thumb Code    64  st7735.o(i.ST7735_DrawPixel)
    ST7735_DrawString                        0x00004a19   Thumb Code    86  st7735.o(i.ST7735_DrawString)
    ST7735_FillRect                          0x00004a71   Thumb Code   164  st7735.o(i.ST7735_FillRect)
    ST7735_FillScreen                        0x00004b1d   Thumb Code    28  st7735.o(i.ST7735_FillScreen)
    ST7735_InitR                             0x00004b41   Thumb Code    90  st7735.o(i.ST7735_InitR)
    ST7735_OutChar                           0x00004bbd   Thumb Code   174  st7735.o(i.ST7735_OutChar)
    ST7735_OutString                         0x00004c91   Thumb Code    24  st7735.o(i.ST7735_OutString)
    ST7735_SetCursor                         0x00004ca9   Thumb Code    22  st7735.o(i.ST7735_SetCursor)
    ST7735_SetTextColor                      0x00004cc9   Thumb Code     6  st7735.o(i.ST7735_SetTextColor)
    Sound_Attack1                            0x00004cd5   Thumb Code    14  sound.o(i.Sound_Attack1)
    Sound_Attack2                            0x00004ce9   Thumb Code    14  sound.o(i.Sound_Attack2)
    Sound_Heal                               0x00004cfd   Thumb Code    14  sound.o(i.Sound_Heal)
    Sound_Init                               0x00004d11   Thumb Code    30  sound.o(i.Sound_Init)
    Sound_Play                               0x00004d3d   Thumb Code    18  sound.o(i.Sound_Play)
    Sound_Task                               0x00004d5d   Thumb Code    54  sound.o(i.Sound_Task)
    SysTick_Handler                          0x00004da5   Thumb Code    16  adc_joystick.o(i.SysTick_Handler)
    SysTick_Init                             0x00004dbd   Thumb Code    22  adc_joystick.o(i.SysTick_Init)
    Timer0A_Handler                          0x00004dd9   Thumb Code    16  timer0.o(i.Timer0A_Handler)
    Timer0_Init                              0x00004df1   Thumb Code    74  timer0.o(i.Timer0_Init)
    Timer1A_Handler                          0x00004e51   Thumb Code    16  timer1.o(i.Timer1A_Handler)
    Timer1_Init                              0x00004e69   Thumb Code    74  timer1.o(i.Timer1_Init)
    addPokemon                               0x00004ec9   Thumb Code   106  player.o(i.addPokemon)
    getJoystickX                             0x00005119   Thumb Code    34  adc_joystick.o(i.getJoystickX)
    getJoystickY                             0x00005141   Thumb Code    34  adc_joystick.o(i.getJoystickY)
    isPE2Pressed                             0x00005169   Thumb Code    40  adc_joystick.o(i.isPE2Pressed)
    isPE3Pressed                             0x00005199   Thumb Code    40  adc_joystick.o(i.isPE3Pressed)
    main                                     0x000051c9   Thumb Code   168  spaceinvaders.o(i.main)
    moveShakeBack                            0x00005279   Thumb Code   178  drawscreen.o(i.moveShakeBack)
    moveShakeLeft                            0x0000533d   Thumb Code   100  drawscreen.o(i.moveShakeLeft)
    moveShakeRight                           0x000053b1   Thumb Code    98  drawscreen.o(i.moveShakeRight)
    dBfs                                     0x00005a8e   Data         512  st7735.o(.constdata)
    highpitch                                0x00005c8e   Data        1802  sound.o(.constdata)
    Attack_Heal_Drain                        0x00006398   Data       11467  sound.o(.constdata)
    Mega_Punch                               0x00009063   Data       16758  sound.o(.constdata)
    Secret_Sword                             0x0000d1d9   Data       18743  sound.o(.constdata)
    GRID_LENGTH                              0x00011b20   Data           1  systeminfo.o(.constdata)
    GAME_BORDER_W                            0x00011b21   Data           1  systeminfo.o(.constdata)
    GAME_BORDER_COLOR                        0x00011b22   Data           2  systeminfo.o(.constdata)
    SCREEN_COLUMNS                           0x00011b24   Data           2  systeminfo.o(.constdata)
    SCREEN_ROWS                              0x00011b26   Data           2  systeminfo.o(.constdata)
    SCREEN_MID_COL                           0x00011b28   Data           1  systeminfo.o(.constdata)
    SCREEN_MID_ROW                           0x00011b29   Data           1  systeminfo.o(.constdata)
    CAT_PHYSICAL                             0x00011b2c   Data           1  battle.o(.constdata)
    CAT_SPECIAL                              0x00011b2d   Data           1  battle.o(.constdata)
    N                                        0x00011de0   Data           1  field.o(.constdata)
    G                                        0x00011de1   Data           1  field.o(.constdata)
    W                                        0x00011de2   Data           1  field.o(.constdata)
    E                                        0x00011de3   Data           1  field.o(.constdata)
    R                                        0x00011de4   Data           1  field.o(.constdata)
    T                                        0x00011de5   Data           1  field.o(.constdata)
    S                                        0x00011de6   Data           1  field.o(.constdata)
    SS                                       0x00011de7   Data           1  field.o(.constdata)
    ST                                       0x00011de8   Data           1  field.o(.constdata)
    SO                                       0x00011de9   Data           1  field.o(.constdata)
    SR                                       0x00011dea   Data           1  field.o(.constdata)
    SE                                       0x00011deb   Data           1  field.o(.constdata)
    SA                                       0x00011dec   Data           1  field.o(.constdata)
    grassTile                                0x00011ded   Data           1  field.o(.constdata)
    waterTile                                0x00011dee   Data           1  field.o(.constdata)
    bothTile                                 0x00011def   Data           1  field.o(.constdata)
    FIELD_WIDTH                              0x00011df0   Data           1  field.o(.constdata)
    FIELD_HEIGHT                             0x00011df1   Data           1  field.o(.constdata)
    Normal                                   0x00011e6c   Data           1  pokemontype.o(.constdata)
    Fire                                     0x00011e6d   Data           1  pokemontype.o(.constdata)
    Water                                    0x00011e6e   Data           1  pokemontype.o(.constdata)
    Electric                                 0x00011e6f   Data           1  pokemontype.o(.constdata)
    Grass                                    0x00011e70   Data           1  pokemontype.o(.constdata)
    Ice                                      0x00011e71   Data           1  pokemontype.o(.constdata)
    Fighting                                 0x00011e72   Data           1  pokemontype.o(.constdata)
    Poison                                   0x00011e73   Data           1  pokemontype.o(.constdata)
    Ground                                   0x00011e74   Data           1  pokemontype.o(.constdata)
    Flying                                   0x00011e75   Data           1  pokemontype.o(.constdata)
    Psychic                                  0x00011e76   Data           1  pokemontype.o(.constdata)
    Bug                                      0x00011e77   Data           1  pokemontype.o(.constdata)
    Rock                                     0x00011e78   Data           1  pokemontype.o(.constdata)
    Ghost                                    0x00011e79   Data           1  pokemontype.o(.constdata)
    Dragon                                   0x00011e7a   Data           1  pokemontype.o(.constdata)
    Dark                                     0x00011e7b   Data           1  pokemontype.o(.constdata)
    Steel                                    0x00011e7c   Data           1  pokemontype.o(.constdata)
    Fairy                                    0x00011e7d   Data           1  pokemontype.o(.constdata)
    A                                        0x00011e7e   Data           1  pokemontype.o(.constdata)
    B                                        0x00011e7f   Data           1  pokemontype.o(.constdata)
    C                                        0x00011e80   Data           1  pokemontype.o(.constdata)
    D                                        0x00011e81   Data           1  pokemontype.o(.constdata)
    playerFront                              0x00011fcc   Data         512  imagesother.o(.constdata)
    shopnpc                                  0x000121cc   Data         512  imagesother.o(.constdata)
    playerBack                               0x000123cc   Data         512  imagesother.o(.constdata)
    playerSide                               0x000125cc   Data         512  imagesother.o(.constdata)
    playerSwimBack                           0x000127cc   Data         512  imagesother.o(.constdata)
    playerSwimFront                          0x000129cc   Data         512  imagesother.o(.constdata)
    playerSwimSide                           0x00012bcc   Data         512  imagesother.o(.constdata)
    torchic                                  0x00012dcc   Data         512  imagesother.o(.constdata)
    pokeball                                 0x00012fcc   Data        3200  imagesother.o(.constdata)
    healthPotion                             0x00013c4c   Data        3200  imagesother.o(.constdata)
    boba                                     0x000148cc   Data        3200  imagesother.o(.constdata)
    grass                                    0x0001554c   Data         512  imagesother.o(.constdata)
    water                                    0x0001574c   Data         512  imagesother.o(.constdata)
    ground                                   0x0001594c   Data         512  imagesother.o(.constdata)
    rock                                     0x00015b4c   Data         512  imagesother.o(.constdata)
    bush                                     0x00015d4c   Data         512  imagesother.o(.constdata)
    storeS                                   0x00015f4c   Data         512  imagesother.o(.constdata)
    storeT                                   0x0001614c   Data         512  imagesother.o(.constdata)
    storeO                                   0x0001634c   Data         512  imagesother.o(.constdata)
    storeR                                   0x0001654c   Data         512  imagesother.o(.constdata)
    storeE                                   0x0001674c   Data         512  imagesother.o(.constdata)
    storeArrow                               0x0001694c   Data         512  imagesother.o(.constdata)
    pokemonname                              0x00016b4c   Data       13824  imagesother.o(.constdata)
    pokemonnameSpanish                       0x0001a14c   Data       13824  imagesother.o(.constdata)
    fight                                    0x0001d74c   Data        1024  textsprites.o(.constdata)
    pokemon                                  0x0001db4c   Data        1024  textsprites.o(.constdata)
    item                                     0x0001df4c   Data        1024  textsprites.o(.constdata)
    run                                      0x0001e34c   Data        1024  textsprites.o(.constdata)
    lucha                                    0x0001e74c   Data        1024  textsprites.o(.constdata)
    correr                                   0x0001eb4c   Data        1024  textsprites.o(.constdata)
    bulbWorldFront                           0x0001ef4c   Data         512  imagespokemon2.o(.constdata)
    bulbasaur                                0x0001f14c   Data        3200  imagespokemon2.o(.constdata)
    charmander                               0x0001fdcc   Data        3200  imagespokemon2.o(.constdata)
    squirtle                                 0x00020a4c   Data        3200  imagespokemon2.o(.constdata)
    pidgey                                   0x000216cc   Data        3200  imagespokemon2.o(.constdata)
    pikachu                                  0x0002234c   Data        3200  imagespokemon2.o(.constdata)
    eevee                                    0x00022fcc   Data        3200  imagespokemon2.o(.constdata)
    psyduck                                  0x00023c4c   Data        3200  imagespokemon2.o(.constdata)
    vulpix                                   0x000248cc   Data        3200  imagespokemon2.o(.constdata)
    dratini                                  0x0002554c   Data        3200  imagespokemon2.o(.constdata)
    jigglypuff                               0x000261cc   Data        3200  imagespokemon2.o(.constdata)
    ponyta                                   0x00026e4c   Data        3200  imagespokemon2.o(.constdata)
    horsea                                   0x00027acc   Data        3200  imagespokemon2.o(.constdata)
    cubone                                   0x0002874c   Data        3200  imagespokemon2.o(.constdata)
    meowth                                   0x000293cc   Data        3200  imagespokemon2.o(.constdata)
    nidoran                                  0x0002a04c   Data        3200  imagespokemon2.o(.constdata)
    butterfree                               0x0002accc   Data        3200  imagespokemon2.o(.constdata)
    abra                                     0x0002b94c   Data        3200  imagespokemon2.o(.constdata)
    ghastly                                  0x0002c5cc   Data        3200  imagespokemon2.o(.constdata)
    machamp                                  0x0002d24c   Data        3200  imagespokemon2.o(.constdata)
    geodude                                  0x0002decc   Data        3200  imagespokemon2.o(.constdata)
    jigglypuffWorldFront                     0x0002eb4c   Data         512  imagespokemonworld.o(.constdata)
    vulpixWorldFront                         0x0002ed4c   Data         512  imagespokemonworld.o(.constdata)
    squirtleWorldFront                       0x0002ef4c   Data         512  imagespokemonworld.o(.constdata)
    psyduckWorldFront                        0x0002f14c   Data         512  imagespokemonworld.o(.constdata)
    ponytaWorldFront                         0x0002f34c   Data         512  imagespokemonworld.o(.constdata)
    pikachuWorldFront                        0x0002f54c   Data         512  imagespokemonworld.o(.constdata)
    pidgeyWorldFront                         0x0002f74c   Data         512  imagespokemonworld.o(.constdata)
    eeveeWorldFront                          0x0002f94c   Data         512  imagespokemonworld.o(.constdata)
    dratiniWorldFront                        0x0002fb4c   Data         512  imagespokemonworld.o(.constdata)
    charmanderWorldFront                     0x0002fd4c   Data         512  imagespokemonworld.o(.constdata)
    bulbasaurWorldFront                      0x0002ff4c   Data         512  imagespokemonworld.o(.constdata)
    butterfreeWorldFront                     0x0003014c   Data         512  imagespokemonworld.o(.constdata)
    cuboneWorldFront                         0x0003034c   Data         512  imagespokemonworld.o(.constdata)
    horseaWorldFront                         0x0003054c   Data         512  imagespokemonworld.o(.constdata)
    meowthWorldFront                         0x0003074c   Data         512  imagespokemonworld.o(.constdata)
    nidoranWorldFront                        0x0003094c   Data         512  imagespokemonworld.o(.constdata)
    abraWorldFront                           0x00030b4c   Data         512  imagespokemonworld.o(.constdata)
    ghastlyWorldFront                        0x00030d4c   Data         512  imagespokemonworld.o(.constdata)
    machampWorldFront                        0x00030f4c   Data         512  imagespokemonworld.o(.constdata)
    geodudeWorldFront                        0x0003114c   Data         512  imagespokemonworld.o(.constdata)
    Region$$Table$$Base                      0x00031e10   Number         0  anon$$obj.o(Region$$Table)
    Region$$Table$$Limit                     0x00031e30   Number         0  anon$$obj.o(Region$$Table)
    StX                                      0x20000000   Data           4  st7735.o(.data)
    StY                                      0x20000004   Data           4  st7735.o(.data)
    StTextColor                              0x20000008   Data           2  st7735.o(.data)
    Messageindex                             0x20000010   Data           4  st7735.o(.data)
    Ymax                                     0x20000014   Data           4  st7735.o(.data)
    Ymin                                     0x20000018   Data           4  st7735.o(.data)
    X                                        0x2000001c   Data           4  st7735.o(.data)
    Yrange                                   0x20000020   Data           4  st7735.o(.data)
    lastj                                    0x20000024   Data           4  st7735.o(.data)
    PeriodicTask0                            0x20000028   Data           4  timer0.o(.data)
    PeriodicTask1                            0x2000002c   Data           4  timer1.o(.data)
    soundPt                                  0x20000030   Data           4  sound.o(.data)
    len                                      0x20000034   Data           4  sound.o(.data)
    soundStatus                              0x20000038   Data           4  sound.o(.data)
    ADCStatus                                0x2000003c   Data           1  spaceinvaders.o(.data)
    language                                 0x2000003d   Data           1  spaceinvaders.o(.data)
    _width                                   0x2000003e   Data           2  systeminfo.o(.data)
    _height                                  0x20000040   Data           2  systeminfo.o(.data)
    backReturn                               0x20000044   Data           1  drawscreen.o(.data)
    seedTimer                                0x20000045   Data           1  drawscreen.o(.data)
    randomSeed                               0x20000048   Data           4  drawscreen.o(.data)
    pokeBattleLeftX                          0x2000004c   Data           1  drawscreen.o(.data)
    pokeBattleRightX                         0x2000004d   Data           1  drawscreen.o(.data)
    pokeBattleY                              0x2000004e   Data           1  drawscreen.o(.data)
    curX                                     0x2000004f   Data           1  drawscreen.o(.data)
    timerOn                                  0x20000050   Data           1  drawscreen.o(.data)
    numWorldPokemon                          0x20000054   Data           1  field.o(.data)
    numWorldInstantiated                     0x20000055   Data           1  field.o(.data)
    grassGridsLength                         0x20000058   Data           4  field.o(.data)
    waterGridsLength                         0x2000005c   Data           4  field.o(.data)
    fieldArray                               0x20000060   Data         900  field.o(.data)
    fieldObjArray                            0x200003e4   Data         900  field.o(.data)
    TypesArray                               0x20000768   Data         324  pokemontype.o(.data)
    joystickData                             0x200008ac   Data           8  adc_joystick.o(.data)
    PE3_Debounced                            0x200008b4   Data           1  adc_joystick.o(.data)
    PE2_Debounced                            0x200008b5   Data           1  adc_joystick.o(.data)
    numPokemonSpecies                        0x200008b8   Data           4  pokemon.o(.data)
    NormalMoves                              0x200008c0   Data         240  battle.o(.bss)
    SignatureMoves                           0x200009b0   Data         240  battle.o(.bss)
    shopItems                                0x20000aa0   Data          96  drawscreen.o(.bss)
    itemInsts                                0x20000b00   Data          36  drawscreen.o(.bss)
    pokeShakeInst                            0x20000b24   Data          12  drawscreen.o(.bss)
    WorldPokemons                            0x20000b30   Data        1280  field.o(.bss)
    grassGrids                               0x20001030   Data        1800  field.o(.bss)
    waterGrids                               0x20001738   Data        1800  field.o(.bss)
    background                               0x20001e40   Data          24  field.o(.bss)
    fieldObj                                 0x20001e58   Data          88  field.o(.bss)
    screenGrid                               0x20001eb0   Data          63  field.o(.bss)
    screenObj                                0x20001eef   Data          63  field.o(.bss)
    p1                                       0x20001f30   Data          76  player.o(.bss)
    playerInventory                          0x20001f7c   Data          96  player.o(.bss)
    pokeTeam                                 0x20001fdc   Data         388  player.o(.bss)
    bobaItem                                 0x20002160   Data          28  shop.o(.bss)
    potionItem                               0x2000217c   Data          28  shop.o(.bss)
    pokeballItem                             0x20002198   Data          28  shop.o(.bss)
    BulbasaurT                               0x200021b4   Data          52  pokemon.o(.bss)
    SquirtleT                                0x200021e8   Data          52  pokemon.o(.bss)
    CharmanderT                              0x2000221c   Data          52  pokemon.o(.bss)
    PidgeyT                                  0x20002250   Data          52  pokemon.o(.bss)
    PikachuT                                 0x20002284   Data          52  pokemon.o(.bss)
    PsyduckT                                 0x200022b8   Data          52  pokemon.o(.bss)
    PonytaT                                  0x200022ec   Data          52  pokemon.o(.bss)
    DratiniT                                 0x20002320   Data          52  pokemon.o(.bss)
    EeveeT                                   0x20002354   Data          52  pokemon.o(.bss)
    JigglypuffT                              0x20002388   Data          52  pokemon.o(.bss)
    VulpixT                                  0x200023bc   Data          52  pokemon.o(.bss)
    HorseaT                                  0x200023f0   Data          52  pokemon.o(.bss)
    ButterfreeT                              0x20002424   Data          52  pokemon.o(.bss)
    CuboneT                                  0x20002458   Data          52  pokemon.o(.bss)
    MeowthT                                  0x2000248c   Data          52  pokemon.o(.bss)
    NidoranT                                 0x200024c0   Data          52  pokemon.o(.bss)
    AbraT                                    0x200024f4   Data          52  pokemon.o(.bss)
    GhastlyT                                 0x20002528   Data          52  pokemon.o(.bss)
    MachampT                                 0x2000255c   Data          52  pokemon.o(.bss)
    GeodudeT                                 0x20002590   Data          52  pokemon.o(.bss)
    allPokemon                               0x200025c4   Data        1040  pokemon.o(.bss)
    __libspace_start                         0x200029d4   Data          96  libspace.o(.bss)
    __temporary_stack_top$libspace           0x20002a34   Data           0  libspace.o(.bss)



==============================================================================

Memory Map of the image

  Image Entry point : 0x0000026d

  Load Region LR_1 (Base: 0x00000000, Size: 0x000326f0, Max: 0xffffffff, ABSOLUTE, COMPRESSED[0x000320b4])

    Execution Region ER_RO (Exec base: 0x00000000, Load base: 0x00000000, Size: 0x00031e30, Max: 0xffffffff, ABSOLUTE)

    Exec Addr    Load Addr    Size         Type   Attr      Idx    E Section Name        Object

    0x00000000   0x00000000   0x00000284   Code   RO            3  * RESET               startup.o
    0x00000284   0x00000284   0x00000008   Code   RO         1238  * !!!main             c_w.l(__main.o)
    0x0000028c   0x0000028c   0x00000034   Code   RO         1397    !!!scatter          c_w.l(__scatter.o)
    0x000002c0   0x000002c0   0x00000064   Code   RO         1395    !!dclz77c           c_w.l(__dclz77c.o)
    0x00000324   0x00000324   0x0000001c   Code   RO         1399    !!handler_zi        c_w.l(__scatter_zi.o)
    0x00000340   0x00000340   0x00000002   Code   RO         1265    .ARM.Collect$$libinit$$00000000  c_w.l(libinit.o)
    0x00000342   0x00000342   0x00000000   Code   RO         1272    .ARM.Collect$$libinit$$00000002  c_w.l(libinit2.o)
    0x00000342   0x00000342   0x00000000   Code   RO         1274    .ARM.Collect$$libinit$$00000004  c_w.l(libinit2.o)
    0x00000342   0x00000342   0x00000000   Code   RO         1277    .ARM.Collect$$libinit$$0000000A  c_w.l(libinit2.o)
    0x00000342   0x00000342   0x00000000   Code   RO         1279    .ARM.Collect$$libinit$$0000000C  c_w.l(libinit2.o)
    0x00000342   0x00000342   0x00000000   Code   RO         1281    .ARM.Collect$$libinit$$0000000E  c_w.l(libinit2.o)
    0x00000342   0x00000342   0x00000000   Code   RO         1284    .ARM.Collect$$libinit$$00000011  c_w.l(libinit2.o)
    0x00000342   0x00000342   0x00000000   Code   RO         1286    .ARM.Collect$$libinit$$00000013  c_w.l(libinit2.o)
    0x00000342   0x00000342   0x00000000   Code   RO         1288    .ARM.Collect$$libinit$$00000015  c_w.l(libinit2.o)
    0x00000342   0x00000342   0x00000000   Code   RO         1290    .ARM.Collect$$libinit$$00000017  c_w.l(libinit2.o)
    0x00000342   0x00000342   0x00000000   Code   RO         1292    .ARM.Collect$$libinit$$00000019  c_w.l(libinit2.o)
    0x00000342   0x00000342   0x00000000   Code   RO         1294    .ARM.Collect$$libinit$$0000001B  c_w.l(libinit2.o)
    0x00000342   0x00000342   0x00000000   Code   RO         1296    .ARM.Collect$$libinit$$0000001D  c_w.l(libinit2.o)
    0x00000342   0x00000342   0x00000000   Code   RO         1298    .ARM.Collect$$libinit$$0000001F  c_w.l(libinit2.o)
    0x00000342   0x00000342   0x00000000   Code   RO         1300    .ARM.Collect$$libinit$$00000021  c_w.l(libinit2.o)
    0x00000342   0x00000342   0x00000000   Code   RO         1302    .ARM.Collect$$libinit$$00000023  c_w.l(libinit2.o)
    0x00000342   0x00000342   0x00000000   Code   RO         1304    .ARM.Collect$$libinit$$00000025  c_w.l(libinit2.o)
    0x00000342   0x00000342   0x00000000   Code   RO         1308    .ARM.Collect$$libinit$$0000002C  c_w.l(libinit2.o)
    0x00000342   0x00000342   0x00000000   Code   RO         1310    .ARM.Collect$$libinit$$0000002E  c_w.l(libinit2.o)
    0x00000342   0x00000342   0x00000000   Code   RO         1312    .ARM.Collect$$libinit$$00000030  c_w.l(libinit2.o)
    0x00000342   0x00000342   0x00000000   Code   RO         1314    .ARM.Collect$$libinit$$00000032  c_w.l(libinit2.o)
    0x00000342   0x00000342   0x00000002   Code   RO         1315    .ARM.Collect$$libinit$$00000033  c_w.l(libinit2.o)
    0x00000344   0x00000344   0x00000002   Code   RO         1335    .ARM.Collect$$libshutdown$$00000000  c_w.l(libshutdown.o)
    0x00000346   0x00000346   0x00000000   Code   RO         1348    .ARM.Collect$$libshutdown$$00000002  c_w.l(libshutdown2.o)
    0x00000346   0x00000346   0x00000000   Code   RO         1350    .ARM.Collect$$libshutdown$$00000004  c_w.l(libshutdown2.o)
    0x00000346   0x00000346   0x00000000   Code   RO         1353    .ARM.Collect$$libshutdown$$00000007  c_w.l(libshutdown2.o)
    0x00000346   0x00000346   0x00000000   Code   RO         1356    .ARM.Collect$$libshutdown$$0000000A  c_w.l(libshutdown2.o)
    0x00000346   0x00000346   0x00000000   Code   RO         1358    .ARM.Collect$$libshutdown$$0000000C  c_w.l(libshutdown2.o)
    0x00000346   0x00000346   0x00000000   Code   RO         1361    .ARM.Collect$$libshutdown$$0000000F  c_w.l(libshutdown2.o)
    0x00000346   0x00000346   0x00000002   Code   RO         1362    .ARM.Collect$$libshutdown$$00000010  c_w.l(libshutdown2.o)
    0x00000348   0x00000348   0x00000000   Code   RO         1240    .ARM.Collect$$rtentry$$00000000  c_w.l(__rtentry.o)
    0x00000348   0x00000348   0x00000000   Code   RO         1242    .ARM.Collect$$rtentry$$00000002  c_w.l(__rtentry2.o)
    0x00000348   0x00000348   0x00000006   Code   RO         1254    .ARM.Collect$$rtentry$$00000004  c_w.l(__rtentry4.o)
    0x0000034e   0x0000034e   0x00000000   Code   RO         1244    .ARM.Collect$$rtentry$$00000009  c_w.l(__rtentry2.o)
    0x0000034e   0x0000034e   0x00000004   Code   RO         1245    .ARM.Collect$$rtentry$$0000000A  c_w.l(__rtentry2.o)
    0x00000352   0x00000352   0x00000000   Code   RO         1247    .ARM.Collect$$rtentry$$0000000C  c_w.l(__rtentry2.o)
    0x00000352   0x00000352   0x00000008   Code   RO         1248    .ARM.Collect$$rtentry$$0000000D  c_w.l(__rtentry2.o)
    0x0000035a   0x0000035a   0x00000002   Code   RO         1269    .ARM.Collect$$rtexit$$00000000  c_w.l(rtexit.o)
    0x0000035c   0x0000035c   0x00000000   Code   RO         1317    .ARM.Collect$$rtexit$$00000002  c_w.l(rtexit2.o)
    0x0000035c   0x0000035c   0x00000004   Code   RO         1318    .ARM.Collect$$rtexit$$00000003  c_w.l(rtexit2.o)
    0x00000360   0x00000360   0x00000006   Code   RO         1319    .ARM.Collect$$rtexit$$00000004  c_w.l(rtexit2.o)
    0x00000366   0x00000366   0x00000002   PAD
    0x00000368   0x00000368   0x00000030   Code   RO            4    .text               startup.o
    0x00000398   0x00000398   0x0000003c   Code   RO           13    .text               random.o
    0x000003d4   0x000003d4   0x00000048   Code   RO          447    .text               lcd.o
    0x0000041c   0x0000041c   0x00000180   Code   RO          450    .text               print.o
    0x0000059c   0x0000059c   0x00000064   Code   RO         1232    .text               c_w.l(rt_memcpy_w.o)
    0x00000600   0x00000600   0x0000004e   Code   RO         1234    .text               c_w.l(rt_memclr_w.o)
    0x0000064e   0x0000064e   0x00000006   Code   RO         1236    .text               c_w.l(heapauxi.o)
    0x00000654   0x00000654   0x0000004a   Code   RO         1256    .text               c_w.l(sys_stackheap_outer.o)
    0x0000069e   0x0000069e   0x00000012   Code   RO         1258    .text               c_w.l(exit.o)
    0x000006b0   0x000006b0   0x00000008   Code   RO         1266    .text               c_w.l(libspace.o)
    0x000006b8   0x000006b8   0x0000000c   Code   RO         1327    .text               c_w.l(sys_exit.o)
    0x000006c4   0x000006c4   0x00000002   Code   RO         1338    .text               c_w.l(use_no_semi.o)
    0x000006c6   0x000006c6   0x00000000   Code   RO         1340    .text               c_w.l(indicate_semi.o)
    0x000006c6   0x000006c6   0x00000002   PAD
    0x000006c8   0x000006c8   0x00000038   Code   RO         1078    i.ADC_In89          adc_joystick.o
    0x00000700   0x00000700   0x00000124   Code   RO         1079    i.ADC_Init89        adc_joystick.o
    0x00000824   0x00000824   0x00000044   Code   RO          841    i.BumpedIntoWorldPokemon  field.o
    0x00000868   0x00000868   0x0000002c   Code   RO          585    i.ClearBattleUI     draw.o
    0x00000894   0x00000894   0x00000016   Code   RO          586    i.ClearPokeLeftName  draw.o
    0x000008aa   0x000008aa   0x0000000a   Code   RO          587    i.ClearScreenBlack  draw.o
    0x000008b4   0x000008b4   0x00000020   Code   RO          843    i.ClearScreenGrid   field.o
    0x000008d4   0x000008d4   0x0000000c   Code   RO          588    i.ClearScreenWhite  draw.o
    0x000008e0   0x000008e0   0x00000048   Code   RO          308    i.DAC_Init          dac.o
    0x00000928   0x00000928   0x0000000c   Code   RO          309    i.DAC_Out           dac.o
    0x00000934   0x00000934   0x00000020   Code   RO           16    i.Delay1ms          st7735.o
    0x00000954   0x00000954   0x00000024   Code   RO          589    i.DrawAllSprites    draw.o
    0x00000978   0x00000978   0x000003b8   Code   RO          678    i.DrawBattleInventory  drawscreen.o
    0x00000d30   0x00000d30   0x00000538   Code   RO          679    i.DrawBattleScreen  drawscreen.o
    0x00001268   0x00001268   0x0000007c   Code   RO          590    i.DrawBorder        draw.o
    0x000012e4   0x000012e4   0x0000008c   Code   RO          680    i.DrawEPBars        drawscreen.o
    0x00001370   0x00001370   0x0000029c   Code   RO          844    i.DrawField         field.o
    0x0000160c   0x0000160c   0x00000034   Code   RO          592    i.DrawGridSprite    draw.o
    0x00001640   0x00001640   0x000000ac   Code   RO          681    i.DrawHPBars        drawscreen.o
    0x000016ec   0x000016ec   0x0000005c   Code   RO          682    i.DrawLanguageSelection  drawscreen.o
    0x00001748   0x00001748   0x00000748   Code   RO          683    i.DrawMoveCommands  drawscreen.o
    0x00001e90   0x00001e90   0x000001a0   Code   RO          684    i.DrawPokemonInventory  drawscreen.o
    0x00002030   0x00002030   0x0000003a   Code   RO          685    i.DrawPokemonNames  drawscreen.o
    0x0000206a   0x0000206a   0x00000052   Code   RO          593    i.DrawSelection     draw.o
    0x000020bc   0x000020bc   0x000003f0   Code   RO         1048    i.DrawShopScreen    shop.o
    0x000024ac   0x000024ac   0x000000bc   Code   RO          686    i.DrawSimpleMenu    drawscreen.o
    0x00002568   0x00002568   0x0000001e   Code   RO          594    i.DrawSpriteImg     draw.o
    0x00002586   0x00002586   0x00000034   Code   RO          596    i.DrawSpriteSelection  draw.o
    0x000025ba   0x000025ba   0x00000002   PAD
    0x000025bc   0x000025bc   0x0000012c   Code   RO          687    i.DrawStatusScreen  drawscreen.o
    0x000026e8   0x000026e8   0x00000148   Code   RO          688    i.DrawSwapPokemon   drawscreen.o
    0x00002830   0x00002830   0x000001cc   Code   RO          689    i.DrawTitleScreen   drawscreen.o
    0x000029fc   0x000029fc   0x000001b0   Code   RO          690    i.DrawWorld         drawscreen.o
    0x00002bac   0x00002bac   0x000000e4   Code   RO         1167    i.GenerateRandomPokemon  pokemon.o
    0x00002c90   0x00002c90   0x000000ec   Code   RO         1168    i.GenerateRandomPokemonInit  pokemon.o
    0x00002d7c   0x00002d7c   0x00000014   Code   RO          845    i.GetFieldGrid      field.o
    0x00002d90   0x00002d90   0x0000001c   Code   RO          597    i.GetGridX          draw.o
    0x00002dac   0x00002dac   0x0000001c   Code   RO          598    i.GetGridY          draw.o
    0x00002dc8   0x00002dc8   0x00000014   Code   RO          846    i.GetObjGrid        field.o
    0x00002ddc   0x00002ddc   0x000000b8   Code   RO         1169    i.GetPokemonGrid    pokemon.o
    0x00002e94   0x00002e94   0x00000034   Code   RO          691    i.IncSeed           drawscreen.o
    0x00002ec8   0x00002ec8   0x00000100   Code   RO          847    i.InitBackgroundTypes  field.o
    0x00002fc8   0x00002fc8   0x00000090   Code   RO          848    i.InitGridCoordinates  field.o
    0x00003058   0x00003058   0x00000070   Code   RO          954    i.InitInventory     player.o
    0x000030c8   0x000030c8   0x00000528   Code   RO          562    i.InitMoves         battle.o
    0x000035f0   0x000035f0   0x00000094   Code   RO          955    i.InitPlayer        player.o
    0x00003684   0x00003684   0x000007e0   Code   RO         1170    i.InitPokemon       pokemon.o
    0x00003e64   0x00003e64   0x00000170   Code   RO         1049    i.InitShop          shop.o
    0x00003fd4   0x00003fd4   0x00000014   Code   RO          956    i.InitTeam          player.o
    0x00003fe8   0x00003fe8   0x00000034   Code   RO          849    i.IsGridObject      field.o
    0x0000401c   0x0000401c   0x00000030   Code   RO         1171    i.IsPokemonPosOnEdge  pokemon.o
    0x0000404c   0x0000404c   0x000000cc   Code   RO          850    i.IsPokemonWalkable  field.o
    0x00004118   0x00004118   0x00000032   Code   RO          851    i.IsWalkable        field.o
    0x0000414a   0x0000414a   0x00000002   PAD
    0x0000414c   0x0000414c   0x0000003c   Code   RO          852    i.IsWorldPokemon    field.o
    0x00004188   0x00004188   0x00000064   Code   RO          958    i.MoveDown          player.o
    0x000041ec   0x000041ec   0x00000068   Code   RO          959    i.MoveLeft          player.o
    0x00004254   0x00004254   0x00000068   Code   RO          960    i.MoveRight         player.o
    0x000042bc   0x000042bc   0x00000064   Code   RO          961    i.MoveUp            player.o
    0x00004320   0x00004320   0x00000224   Code   RO          692    i.MoveWorldPokemon  drawscreen.o
    0x00004544   0x00004544   0x00000010   Code   RO           19    i.Output_Init       st7735.o
    0x00004554   0x00004554   0x0000007c   Code   RO          293    i.PLL_Init          pll.o
    0x000045d0   0x000045d0   0x00000028   Code   RO          693    i.PokemonAllDead    drawscreen.o
    0x000045f8   0x000045f8   0x00000034   Code   RO         1172    i.PokemonLocationTaken  pokemon.o
    0x0000462c   0x0000462c   0x00000160   Code   RO          453    i.PrintWinLoseScreen  spaceinvaders.o
    0x0000478c   0x0000478c   0x0000002c   Code   RO          694    i.RestoreDeadPokemon  drawscreen.o
    0x000047b8   0x000047b8   0x00000120   Code   RO           23    i.ST7735_DrawBitmap  st7735.o
    0x000048d8   0x000048d8   0x000000f8   Code   RO           25    i.ST7735_DrawCharS  st7735.o
    0x000049d0   0x000049d0   0x00000048   Code   RO           28    i.ST7735_DrawPixel  st7735.o
    0x00004a18   0x00004a18   0x00000056   Code   RO           29    i.ST7735_DrawString  st7735.o
    0x00004a6e   0x00004a6e   0x00000002   PAD
    0x00004a70   0x00004a70   0x000000ac   Code   RO           30    i.ST7735_FillRect   st7735.o
    0x00004b1c   0x00004b1c   0x00000024   Code   RO           31    i.ST7735_FillScreen  st7735.o
    0x00004b40   0x00004b40   0x0000007c   Code   RO           33    i.ST7735_InitR      st7735.o
    0x00004bbc   0x00004bbc   0x000000d4   Code   RO           35    i.ST7735_OutChar    st7735.o
    0x00004c90   0x00004c90   0x00000018   Code   RO           36    i.ST7735_OutString  st7735.o
    0x00004ca8   0x00004ca8   0x00000020   Code   RO           46    i.ST7735_SetCursor  st7735.o
    0x00004cc8   0x00004cc8   0x0000000c   Code   RO           48    i.ST7735_SetTextColor  st7735.o
    0x00004cd4   0x00004cd4   0x00000014   Code   RO          386    i.Sound_Attack1     sound.o
    0x00004ce8   0x00004ce8   0x00000014   Code   RO          387    i.Sound_Attack2     sound.o
    0x00004cfc   0x00004cfc   0x00000014   Code   RO          388    i.Sound_Heal        sound.o
    0x00004d10   0x00004d10   0x0000002c   Code   RO          389    i.Sound_Init        sound.o
    0x00004d3c   0x00004d3c   0x00000020   Code   RO          390    i.Sound_Play        sound.o
    0x00004d5c   0x00004d5c   0x00000048   Code   RO          391    i.Sound_Task        sound.o
    0x00004da4   0x00004da4   0x00000018   Code   RO         1080    i.SysTick_Handler   adc_joystick.o
    0x00004dbc   0x00004dbc   0x0000001c   Code   RO         1081    i.SysTick_Init      adc_joystick.o
    0x00004dd8   0x00004dd8   0x00000018   Code   RO          344    i.Timer0A_Handler   timer0.o
    0x00004df0   0x00004df0   0x00000060   Code   RO          345    i.Timer0_Init       timer0.o
    0x00004e50   0x00004e50   0x00000018   Code   RO          365    i.Timer1A_Handler   timer1.o
    0x00004e68   0x00004e68   0x00000060   Code   RO          366    i.Timer1_Init       timer1.o
    0x00004ec8   0x00004ec8   0x00000070   Code   RO          963    i.addPokemon        player.o
    0x00004f38   0x00004f38   0x00000056   Code   RO           50    i.commandList       st7735.o
    0x00004f8e   0x00004f8e   0x00000002   PAD
    0x00004f90   0x00004f90   0x00000188   Code   RO           51    i.commonInit        st7735.o
    0x00005118   0x00005118   0x00000028   Code   RO         1082    i.getJoystickX      adc_joystick.o
    0x00005140   0x00005140   0x00000028   Code   RO         1083    i.getJoystickY      adc_joystick.o
    0x00005168   0x00005168   0x00000030   Code   RO         1084    i.isPE2Pressed      adc_joystick.o
    0x00005198   0x00005198   0x00000030   Code   RO         1085    i.isPE3Pressed      adc_joystick.o
    0x000051c8   0x000051c8   0x000000b0   Code   RO          454    i.main              spaceinvaders.o
    0x00005278   0x00005278   0x000000c4   Code   RO          695    i.moveShakeBack     drawscreen.o
    0x0000533c   0x0000533c   0x00000074   Code   RO          696    i.moveShakeLeft     drawscreen.o
    0x000053b0   0x000053b0   0x00000074   Code   RO          697    i.moveShakeRight    drawscreen.o
    0x00005424   0x00005424   0x00000012   Code   RO           56    i.pushColor         st7735.o
    0x00005436   0x00005436   0x00000002   PAD
    0x00005438   0x00005438   0x00000074   Code   RO           57    i.setAddrWindow     st7735.o
    0x000054ac   0x000054ac   0x000007e2   Data   RO           59    .constdata          st7735.o
    0x00005c8e   0x00005c8e   0x0000be82   Data   RO          393    .constdata          sound.o
    0x00011b10   0x00011b10   0x00000010   Data   RO          455    .constdata          spaceinvaders.o
    0x00011b20   0x00011b20   0x0000000a   Data   RO          549    .constdata          systeminfo.o
    0x00011b2a   0x00011b2a   0x00000002   PAD
    0x00011b2c   0x00011b2c   0x000001e4   Data   RO          564    .constdata          battle.o
    0x00011d10   0x00011d10   0x000000d0   Data   RO          699    .constdata          drawscreen.o
    0x00011de0   0x00011de0   0x0000008c   Data   RO          855    .constdata          field.o
    0x00011e6c   0x00011e6c   0x00000016   Data   RO          940    .constdata          pokemontype.o
    0x00011e82   0x00011e82   0x00000002   PAD
    0x00011e84   0x00011e84   0x0000007c   Data   RO          965    .constdata          player.o
    0x00011f00   0x00011f00   0x000000cc   Data   RO         1051    .constdata          shop.o
    0x00011fcc   0x00011fcc   0x0000b780   Data   RO         1139    .constdata          imagesother.o
    0x0001d74c   0x0001d74c   0x00001800   Data   RO         1146    .constdata          textsprites.o
    0x0001ef4c   0x0001ef4c   0x0000fc00   Data   RO         1153    .constdata          imagespokemon2.o
    0x0002eb4c   0x0002eb4c   0x00002800   Data   RO         1160    .constdata          imagespokemonworld.o
    0x0003134c   0x0003134c   0x00000550   Data   RO         1174    .constdata          pokemon.o
    0x0003189c   0x0003189c   0x000003d9   Data   RO          565    .conststring        battle.o
    0x00031c75   0x00031c75   0x00000003   PAD
    0x00031c78   0x00031c78   0x0000009c   Data   RO          700    .conststring        drawscreen.o
    0x00031d14   0x00031d14   0x00000047   Data   RO         1052    .conststring        shop.o
    0x00031d5b   0x00031d5b   0x00000001   PAD
    0x00031d5c   0x00031d5c   0x000000b3   Data   RO         1175    .conststring        pokemon.o
    0x00031e0f   0x00031e0f   0x00000001   PAD
    0x00031e10   0x00031e10   0x00000020   Data   RO         1393    Region$$Table       anon$$obj.o


    Execution Region ER_RW (Exec base: 0x20000000, Load base: 0x00031e30, Size: 0x000008c0, Max: 0xffffffff, ABSOLUTE, COMPRESSED[0x00000284])

    Exec Addr    Load Addr    Size         Type   Attr      Idx    E Section Name        Object

    0x20000000   COMPRESSED   0x00000028   Data   RW           60    .data               st7735.o
    0x20000028   COMPRESSED   0x00000004   Data   RW          346    .data               timer0.o
    0x2000002c   COMPRESSED   0x00000004   Data   RW          367    .data               timer1.o
    0x20000030   COMPRESSED   0x0000000c   Data   RW          394    .data               sound.o
    0x2000003c   COMPRESSED   0x00000002   Data   RW          456    .data               spaceinvaders.o
    0x2000003e   COMPRESSED   0x00000004   Data   RW          550    .data               systeminfo.o
    0x20000042   COMPRESSED   0x00000002   PAD
    0x20000044   COMPRESSED   0x0000000d   Data   RW          701    .data               drawscreen.o
    0x20000051   COMPRESSED   0x00000003   PAD
    0x20000054   COMPRESSED   0x00000714   Data   RW          856    .data               field.o
    0x20000768   COMPRESSED   0x00000144   Data   RW          941    .data               pokemontype.o
    0x200008ac   COMPRESSED   0x0000000a   Data   RW         1086    .data               adc_joystick.o
    0x200008b6   COMPRESSED   0x00000002   PAD
    0x200008b8   COMPRESSED   0x00000004   Data   RW         1176    .data               pokemon.o
    0x200008bc   COMPRESSED   0x00000004   Data   RW           12    DATA                random.o


    Execution Region ER_ZI (Exec base: 0x200008c0, Load base: 0x000320b4, Size: 0x00002578, Max: 0xffffffff, ABSOLUTE)

    Exec Addr    Load Addr    Size         Type   Attr      Idx    E Section Name        Object

    0x200008c0        -       0x000001e0   Zero   RW          563    .bss                battle.o
    0x20000aa0        -       0x00000090   Zero   RW          698    .bss                drawscreen.o
    0x20000b30        -       0x000013fe   Zero   RW          854    .bss                field.o
    0x20001f2e   0x000320b4   0x00000002   PAD
    0x20001f30        -       0x00000230   Zero   RW          964    .bss                player.o
    0x20002160        -       0x00000054   Zero   RW         1050    .bss                shop.o
    0x200021b4        -       0x00000820   Zero   RW         1173    .bss                pokemon.o
    0x200029d4        -       0x00000060   Zero   RW         1267    .bss                c_w.l(libspace.o)
    0x20002a34   0x000320b4   0x00000004   PAD
    0x20002a38        -       0x00000000   Zero   RW            2    HEAP                startup.o
    0x20002a38        -       0x00000400   Zero   RW            1    STACK               startup.o


==============================================================================

Image component sizes


      Code (inc. data)   RO Data    RW Data    ZI Data      Debug   Object Name

       576         72          0         10          0       4320   adc_joystick.o
      1320        102       1469          0        480       3486   battle.o
        84         24          0          0          0        773   dac.o
       520         30          0          0          0       8413   draw.o
      7850       1290        364         13        144      21058   drawscreen.o
      1574        160        140       1812       5118      10749   field.o
         0          0      46976          0          0       1439   imagesother.o
         0          0      64512          0          0       1254   imagespokemon2.o
         0          0      10240          0          0       1607   imagespokemonworld.o
        72         12          0          0          0        228   lcd.o
       800         68        124          0        560       7029   player.o
       124          4          0          0          0        439   pll.o
      2764        324       1539          4       2080       8867   pokemon.o
         0          0         22        324          0       1131   pokemontype.o
       384         20          0          0          0        328   print.o
        60         14          0          4          0        232   random.o
      1376        342        275          0         84       4831   shop.o
       208         64      48770         12          0       3282   sound.o
       528        214         16          2          0       3797   spaceinvaders.o
      1966        192       2018         40          0      18494   st7735.o
       692        632          0          0       1024        964   startup.o
         0          0         10          4          0        866   systeminfo.o
         0          0       6144          0          0        566   textsprites.o
       120         30          0          4          0       1392   timer0.o
       120         30          0          4          0       1392   timer1.o

    ----------------------------------------------------------------------
     21148       3624     182660       2240       9492     106937   Object Totals
         0          0         32          0          0          0   (incl. Generated)
        10          0          9          7          2          0   (incl. Padding)

    ----------------------------------------------------------------------

      Code (inc. data)   RO Data    RW Data    ZI Data      Debug   Library Member Name

       100          0          0          0          0          0   __dclz77c.o
         8          0          0          0          0         68   __main.o
         0          0          0          0          0          0   __rtentry.o
        12          0          0          0          0          0   __rtentry2.o
         6          0          0          0          0          0   __rtentry4.o
        52          8          0          0          0          0   __scatter.o
        28          0          0          0          0          0   __scatter_zi.o
        18          0          0          0          0         80   exit.o
         6          0          0          0          0        152   heapauxi.o
         0          0          0          0          0          0   indicate_semi.o
         2          0          0          0          0          0   libinit.o
         2          0          0          0          0          0   libinit2.o
         2          0          0          0          0          0   libshutdown.o
         2          0          0          0          0          0   libshutdown2.o
         8          4          0          0         96         68   libspace.o
        78          0          0          0          0         80   rt_memclr_w.o
       100          0          0          0          0         80   rt_memcpy_w.o
         2          0          0          0          0          0   rtexit.o
        10          0          0          0          0          0   rtexit2.o
        12          4          0          0          0         68   sys_exit.o
        74          0          0          0          0         80   sys_stackheap_outer.o
         2          0          0          0          0         68   use_no_semi.o

    ----------------------------------------------------------------------
       528         16          0          0        100        744   Library Totals
         4          0          0          0          4          0   (incl. Padding)

    ----------------------------------------------------------------------

      Code (inc. data)   RO Data    RW Data    ZI Data      Debug   Library Name

       524         16          0          0         96        744   c_w.l

    ----------------------------------------------------------------------
       528         16          0          0        100        744   Library Totals

    ----------------------------------------------------------------------

==============================================================================


      Code (inc. data)   RO Data    RW Data    ZI Data      Debug   

     21676       3640     182660       2240       9592     102425   Grand Totals
     21676       3640     182660        644       9592     102425   ELF Image Totals (compressed)
     21676       3640     182660        644          0          0   ROM Totals

==============================================================================

    Total RO  Size (Code + RO Data)               204336 ( 199.55kB)
    Total RW  Size (RW Data + ZI Data)             11832 (  11.55kB)
    Total ROM Size (Code + RO Data + RW Data)     204980 ( 200.18kB)

==============================================================================

