Component: ARM Compiler 5.06 update 6 (build 750) Tool: armlink [4d35ed]

==============================================================================

Section Cross References

    startup.o(STACK) refers (Special) to heapauxi.o(.text) for __use_two_region_memory
    startup.o(HEAP) refers (Special) to heapauxi.o(.text) for __use_two_region_memory
    startup.o(RESET) refers (Special) to heapauxi.o(.text) for __use_two_region_memory
    startup.o(RESET) refers to startup.o(STACK) for StackMem
    startup.o(RESET) refers to adc_joystick.o(i.SysTick_Handler) for SysTick_Handler
    startup.o(RESET) refers to timer0.o(i.Timer0A_Handler) for Timer0A_Handler
    startup.o(RESET) refers to timer1.o(i.Timer1A_Handler) for Timer1A_Handler
    startup.o(RESET) refers to __main.o(!!!main) for __main
    startup.o(.text) refers (Special) to heapauxi.o(.text) for __use_two_region_memory
    startup.o(.text) refers to startup.o(HEAP) for HeapMem
    startup.o(.text) refers to startup.o(STACK) for StackMem
    random.o(.text) refers to random.o(DATA) for M
    st7735.o(i.Output_Clear) refers to st7735.o(i.ST7735_FillScreen) for ST7735_FillScreen
    st7735.o(i.Output_Color) refers to st7735.o(i.ST7735_SetTextColor) for ST7735_SetTextColor
    st7735.o(i.Output_Init) refers to st7735.o(i.ST7735_InitR) for ST7735_InitR
    st7735.o(i.Output_Init) refers to st7735.o(i.ST7735_FillScreen) for ST7735_FillScreen
    st7735.o(i.Output_Off) refers to st7735.o(i.Output_Clear) for Output_Clear
    st7735.o(i.Output_On) refers to st7735.o(i.Output_Init) for Output_Init
    st7735.o(i.ST7735_DrawBitmap) refers to st7735.o(i.setAddrWindow) for setAddrWindow
    st7735.o(i.ST7735_DrawBitmap) refers to lcd.o(.text) for writedata
    st7735.o(i.ST7735_DrawBitmap) refers to systeminfo.o(.data) for _width
    st7735.o(i.ST7735_DrawChar) refers to st7735.o(i.setAddrWindow) for setAddrWindow
    st7735.o(i.ST7735_DrawChar) refers to st7735.o(i.pushColor) for pushColor
    st7735.o(i.ST7735_DrawChar) refers to systeminfo.o(.data) for _width
    st7735.o(i.ST7735_DrawChar) refers to st7735.o(.constdata) for Font
    st7735.o(i.ST7735_DrawCharS) refers to st7735.o(i.ST7735_DrawPixel) for ST7735_DrawPixel
    st7735.o(i.ST7735_DrawCharS) refers to st7735.o(i.ST7735_FillRect) for ST7735_FillRect
    st7735.o(i.ST7735_DrawCharS) refers to systeminfo.o(.data) for _width
    st7735.o(i.ST7735_DrawCharS) refers to st7735.o(.constdata) for Font
    st7735.o(i.ST7735_DrawFastHLine) refers to st7735.o(i.setAddrWindow) for setAddrWindow
    st7735.o(i.ST7735_DrawFastHLine) refers to lcd.o(.text) for writedata
    st7735.o(i.ST7735_DrawFastHLine) refers to systeminfo.o(.data) for _width
    st7735.o(i.ST7735_DrawFastVLine) refers to st7735.o(i.setAddrWindow) for setAddrWindow
    st7735.o(i.ST7735_DrawFastVLine) refers to lcd.o(.text) for writedata
    st7735.o(i.ST7735_DrawFastVLine) refers to systeminfo.o(.data) for _width
    st7735.o(i.ST7735_DrawPixel) refers to st7735.o(i.setAddrWindow) for setAddrWindow
    st7735.o(i.ST7735_DrawPixel) refers to st7735.o(i.pushColor) for pushColor
    st7735.o(i.ST7735_DrawPixel) refers to systeminfo.o(.data) for _width
    st7735.o(i.ST7735_DrawString) refers to st7735.o(i.ST7735_DrawCharS) for ST7735_DrawCharS
    st7735.o(i.ST7735_FillRect) refers to st7735.o(i.setAddrWindow) for setAddrWindow
    st7735.o(i.ST7735_FillRect) refers to lcd.o(.text) for writedata
    st7735.o(i.ST7735_FillRect) refers to systeminfo.o(.data) for _width
    st7735.o(i.ST7735_FillScreen) refers to st7735.o(i.ST7735_FillRect) for ST7735_FillRect
    st7735.o(i.ST7735_FillScreen) refers to systeminfo.o(.data) for _height
    st7735.o(i.ST7735_InitB) refers to st7735.o(i.commonInit) for commonInit
    st7735.o(i.ST7735_InitB) refers to st7735.o(i.ST7735_SetCursor) for ST7735_SetCursor
    st7735.o(i.ST7735_InitB) refers to st7735.o(i.ST7735_FillScreen) for ST7735_FillScreen
    st7735.o(i.ST7735_InitB) refers to st7735.o(.constdata) for Bcmd
    st7735.o(i.ST7735_InitB) refers to st7735.o(.data) for StTextColor
    st7735.o(i.ST7735_InitR) refers to st7735.o(i.commonInit) for commonInit
    st7735.o(i.ST7735_InitR) refers to st7735.o(i.commandList) for commandList
    st7735.o(i.ST7735_InitR) refers to lcd.o(.text) for writecommand
    st7735.o(i.ST7735_InitR) refers to st7735.o(i.ST7735_SetCursor) for ST7735_SetCursor
    st7735.o(i.ST7735_InitR) refers to st7735.o(i.ST7735_FillScreen) for ST7735_FillScreen
    st7735.o(i.ST7735_InitR) refers to st7735.o(.constdata) for Rcmd1
    st7735.o(i.ST7735_InitR) refers to st7735.o(.data) for ColStart
    st7735.o(i.ST7735_InvertDisplay) refers to lcd.o(.text) for writecommand
    st7735.o(i.ST7735_OutChar) refers to st7735.o(i.ST7735_DrawString) for ST7735_DrawString
    st7735.o(i.ST7735_OutChar) refers to st7735.o(i.ST7735_DrawCharS) for ST7735_DrawCharS
    st7735.o(i.ST7735_OutChar) refers to st7735.o(.data) for StY
[...]
    rtexit.o(.ARM.Collect$$rtexit$$00000000) refers (Special) to rtexit2.o(.ARM.Collect$$rtexit$$00000004) for __rt_exit_exit
    rtexit.o(.ARM.Collect$$rtexit$$00000000) refers (Special) to rtexit2.o(.ARM.Collect$$rtexit$$00000003) for __rt_exit_ls
    rtexit.o(.ARM.Collect$$rtexit$$00000000) refers (Special) to rtexit2.o(.ARM.Collect$$rtexit$$00000002) for __rt_exit_prels_1
    rtexit.o(.ARM.exidx) refers (Special) to rtexit2.o(.ARM.Collect$$rtexit$$00000004) for __rt_exit_exit
    rtexit.o(.ARM.exidx) refers (Special) to rtexit2.o(.ARM.Collect$$rtexit$$00000003) for __rt_exit_ls
    rtexit.o(.ARM.exidx) refers (Special) to rtexit2.o(.ARM.Collect$$rtexit$$00000002) for __rt_exit_prels_1
    rtexit.o(.ARM.exidx) refers to rtexit.o(.ARM.Collect$$rtexit$$00000000) for .ARM.Collect$$rtexit$$00000000
    libinit2.o(.ARM.Collect$$libinit$$00000010) refers to libinit2.o(.ARM.Collect$$libinit$$0000000F) for .ARM.Collect$$libinit$$0000000F
    libinit2.o(.ARM.Collect$$libinit$$00000012) refers to libinit2.o(.ARM.Collect$$libinit$$0000000F) for .ARM.Collect$$libinit$$0000000F
    libinit2.o(.ARM.Collect$$libinit$$00000014) refers to libinit2.o(.ARM.Collect$$libinit$$0000000F) for .ARM.Collect$$libinit$$0000000F
    libinit2.o(.ARM.Collect$$libinit$$00000016) refers to libinit2.o(.ARM.Collect$$libinit$$0000000F) for .ARM.Collect$$libinit$$0000000F
    libinit2.o(.ARM.Collect$$libinit$$00000018) refers to libinit2.o(.ARM.Collect$$libinit$$0000000F) for .ARM.Collect$$libinit$$0000000F
    libinit2.o(.ARM.Collect$$libinit$$00000026) refers to argv_veneer.o(.emb_text) for __ARM_argv_veneer
    libinit2.o(.ARM.Collect$$libinit$$00000027) refers to argv_veneer.o(.emb_text) for __ARM_argv_veneer
    rtexit2.o(.ARM.Collect$$rtexit$$00000003) refers to libshutdown.o(.ARM.Collect$$libshutdown$$00000000) for __rt_lib_shutdown
    rtexit2.o(.ARM.Collect$$rtexit$$00000004) refers to sys_exit.o(.text) for _sys_exit
    rtexit2.o(.ARM.exidx) refers to rtexit2.o(.ARM.Collect$$rtexit$$00000001) for .ARM.Collect$$rtexit$$00000001
    rtexit2.o(.ARM.exidx) refers to rtexit2.o(.ARM.Collect$$rtexit$$00000003) for .ARM.Collect$$rtexit$$00000003
    rtexit2.o(.ARM.exidx) refers to rtexit2.o(.ARM.Collect$$rtexit$$00000004) for .ARM.Collect$$rtexit$$00000004
    argv_veneer.o(.emb_text) refers to no_argv.o(.text) for __ARM_get_argv
    sys_exit.o(.text) refers (Special) to use_no_semi.o(.text) for __I$use$semihosting
    sys_exit.o(.text) refers (Special) to indicate_semi.o(.text) for __semihosting_library_function
    _get_argv_nomalloc.o(.text) refers (Special) to hrguard.o(.text) for __heap_region$guard
    _get_argv_nomalloc.o(.text) refers to defsig_rtmem_outer.o(.text) for __rt_SIGRTMEM
    _get_argv_nomalloc.o(.text) refers to sys_command.o(.text) for _sys_command_string
    libshutdown.o(.ARM.Collect$$libshutdown$$00000000) refers (Special) to libshutdown2.o(.ARM.Collect$$libshutdown$$00000002) for __rt_lib_shutdown_cpp_1
    libshutdown.o(.ARM.Collect$$libshutdown$$00000000) refers (Special) to libshutdown2.o(.ARM.Collect$$libshutdown$$00000007) for __rt_lib_shutdown_fp_trap_1
    libshutdown.o(.ARM.Collect$$libshutdown$$00000000) refers (Special) to libshutdown2.o(.ARM.Collect$$libshutdown$$0000000F) for __rt_lib_shutdown_heap_1
    libshutdown.o(.ARM.Collect$$libshutdown$$00000000) refers (Special) to libshutdown2.o(.ARM.Collect$$libshutdown$$00000010) for __rt_lib_shutdown_return
    libshutdown.o(.ARM.Collect$$libshutdown$$00000000) refers (Special) to libshutdown2.o(.ARM.Collect$$libshutdown$$0000000A) for __rt_lib_shutdown_signal_1
    libshutdown.o(.ARM.Collect$$libshutdown$$00000000) refers (Special) to libshutdown2.o(.ARM.Collect$$libshutdown$$00000004) for __rt_lib_shutdown_stdio_1
    libshutdown.o(.ARM.Collect$$libshutdown$$00000000) refers (Special) to libshutdown2.o(.ARM.Collect$$libshutdown$$0000000C) for __rt_lib_shutdown_user_alloc_1
    sys_command.o(.text) refers (Special) to use_no_semi.o(.text) for __I$use$semihosting
    sys_command.o(.text) refers (Special) to indicate_semi.o(.text) for __semihosting_library_function
    defsig_rtmem_outer.o(.text) refers to defsig_rtmem_inner.o(.text) for __rt_SIGRTMEM_inner
    defsig_rtmem_outer.o(.text) refers to defsig_exit.o(.text) for __sig_exit
    defsig_rtmem_formal.o(.text) refers to rt_raise.o(.text) for __rt_raise
    rt_raise.o(.text) refers to __raise.o(.text) for __raise
    rt_raise.o(.text) refers to sys_exit.o(.text) for _sys_exit
    defsig_exit.o(.text) refers to sys_exit.o(.text) for _sys_exit
    defsig_rtmem_inner.o(.text) refers to defsig_general.o(.text) for __default_signal_display
    __raise.o(.text) refers to defsig.o(CL$$defsig) for __default_signal_handler
    defsig_general.o(.text) refers to sys_wrch.o(.text) for _ttywrch
    sys_wrch.o(.text) refers (Special) to use_no_semi.o(.text) for __I$use$semihosting
    sys_wrch.o(.text) refers (Special) to indicate_semi.o(.text) for __semihosting_library_function
    defsig.o(CL$$defsig) refers to defsig_rtmem_inner.o(.text) for __rt_SIGRTMEM_inner
    defsig_abrt_inner.o(.text) refers to defsig_general.o(.text) for __default_signal_display
    defsig_fpe_inner.o(.text) refers to defsig_general.o(.text) for __default_signal_display
    defsig_rtred_inner.o(.text) refers to defsig_general.o(.text) for __default_signal_display
    defsig_stak_inner.o(.text) refers to defsig_general.o(.text) for __default_signal_display
    defsig_pvfn_inner.o(.text) refers to defsig_general.o(.text) for __default_signal_display
    defsig_cppl_inner.o(.text) refers to defsig_general.o(.text) for __default_signal_display
    defsig_segv_inner.o(.text) refers to defsig_general.o(.text) for __default_signal_display
    defsig_other.o(.text) refers to defsig_general.o(.text) for __default_signal_display


==============================================================================

Removing Unused input sections from the image.

    Removing st7735.o(i.Output_Clear), (10 bytes).
    Removing st7735.o(i.Output_Color), (12 bytes).
    Removing st7735.o(i.Output_Off), (8 bytes).
    Removing st7735.o(i.Output_On), (8 bytes).
    Removing st7735.o(i.ST7735_Color565), (24 bytes).
    Removing st7735.o(i.ST7735_DrawChar), (272 bytes).
    Removing st7735.o(i.ST7735_DrawFastHLine), (124 bytes).
    Removing st7735.o(i.ST7735_DrawFastVLine), (124 bytes).
    Removing st7735.o(i.ST7735_InitB), (36 bytes).
    Removing st7735.o(i.ST7735_InvertDisplay), (22 bytes).
    Removing st7735.o(i.ST7735_OutUDec), (140 bytes).
    Removing st7735.o(i.ST7735_PlotBar), (88 bytes).
    Removing st7735.o(i.ST7735_PlotClear), (92 bytes).
    Removing st7735.o(i.ST7735_PlotLine), (264 bytes).
    Removing st7735.o(i.ST7735_PlotNext), (32 bytes).
    Removing st7735.o(i.ST7735_PlotNextErase), (64 bytes).
    Removing st7735.o(i.ST7735_PlotPoint), (152 bytes).
    Removing st7735.o(i.ST7735_PlotPoints), (172 bytes).
    Removing st7735.o(i.ST7735_PlotdBfs), (60 bytes).
    Removing st7735.o(i.ST7735_SetRotation), (212 bytes).
    Removing st7735.o(i.ST7735_SwapColor), (18 bytes).
    Removing st7735.o(i.ferror), (8 bytes).
    Removing st7735.o(i.fgetc), (6 bytes).
    Removing st7735.o(i.fillmessage), (72 bytes).
    Removing st7735.o(i.fputc), (16 bytes).
    Removing st7735.o(.bss), (12 bytes).
    Removing dac.o(i.DAC_Init), (72 bytes).
    Removing dac.o(i.DAC_Out), (12 bytes).
    Removing adc.o(i.ADC_In), (44 bytes).
    Removing adc.o(i.ADC_Init), (212 bytes).
    Removing timer0.o(i.Timer0_Init), (96 bytes).
    Removing timer1.o(i.Timer1_Init), (96 bytes).
    Removing sound.o(i.Play_Sound), (52 bytes).
    Removing sound.o(i.Sound_Explosion), (2 bytes).
    Removing sound.o(i.Sound_Fastinvader1), (2 bytes).
    Removing sound.o(i.Sound_Fastinvader2), (2 bytes).
    Removing sound.o(i.Sound_Fastinvader3), (2 bytes).
    Removing sound.o(i.Sound_Fastinvader4), (2 bytes).
    Removing sound.o(i.Sound_Highpitch), (36 bytes).
    Removing sound.o(i.Sound_Init), (24 bytes).
    Removing sound.o(i.Sound_Killed), (2 bytes).
    Removing sound.o(i.Sound_Play), (2 bytes).
    Removing sound.o(i.Sound_Shoot), (2 bytes).
    Removing sound.o(i.sound_main), (112 bytes).
    Removing sound.o(i.sound_main2), (12 bytes).
    Removing sound.o(.constdata), (1802 bytes).
    Removing sound.o(.data), (16 bytes).
    Removing print.o(.text), (384 bytes).
    Removing spaceinvaders.o(i.main1), (30 bytes).
    Removing draw.o(i.Delay100ms), (36 bytes).
    Removing draw.o(i.Delay10ms), (36 bytes).
    Removing draw.o(i.DrawGridFill), (52 bytes).
    Removing draw.o(i.DrawSpriteInstSelection), (52 bytes).
    Removing player.o(i.DrawSpriteImgPlayer), (42 bytes).

54 unused section(s) (total 5282 bytes) removed from the image.

==============================================================================

Image Symbol Table

    Local Symbols

    Symbol Name                              Value     Ov Type        Size  Object(Section)

    RESET                                    0x00000000   Section      644  startup.o(RESET)
    ../clib/angel/boardlib.s                 0x00000000   Number         0  boardshut.o ABSOLUTE
    ../clib/angel/boardlib.s                 0x00000000   Number         0  boardinit3.o ABSOLUTE
    ../clib/angel/boardlib.s                 0x00000000   Number         0  boardinit1.o ABSOLUTE
    ../clib/angel/boardlib.s                 0x00000000   Number         0  boardinit2.o ABSOLUTE
    ../clib/angel/dczerorl2.s                0x00000000   Number         0  __dczerorl2.o ABSOLUTE
    ../clib/angel/handlers.s                 0x00000000   Number         0  __scatter_zi.o ABSOLUTE
    ../clib/angel/kernel.s                   0x00000000   Number         0  rtexit2.o ABSOLUTE
    ../clib/angel/kernel.s                   0x00000000   Number         0  rtexit.o ABSOLUTE
    ../clib/angel/kernel.s                   0x00000000   Number         0  __rtentry4.o ABSOLUTE
    ../clib/angel/kernel.s                   0x00000000   Number         0  __rtentry2.o ABSOLUTE
    ../clib/angel/kernel.s                   0x00000000   Number         0  __rtentry.o ABSOLUTE
    ../clib/angel/rt.s                       0x00000000   Number         0  rt_raise.o ABSOLUTE
    ../clib/angel/scatter.s                  0x00000000   Number         0  __scatter.o ABSOLUTE
    ../clib/angel/startup.s                  0x00000000   Number         0  __main.o ABSOLUTE
    ../clib/angel/sys.s                      0x00000000   Number         0  use_no_semi.o ABSOLUTE
    ../clib/angel/sys.s                      0x00000000   Number         0  sys_stackheap_outer.o ABSOLUTE
    ../clib/angel/sys.s                      0x00000000   Number         0  indicate_semi.o ABSOLUTE
    ../clib/angel/sys.s                      0x00000000   Number         0  libspace.o ABSOLUTE
    ../clib/angel/sysapp.c                   0x00000000   Number         0  sys_command.o ABSOLUTE
    ../clib/angel/sysapp.c                   0x00000000   Number         0  sys_exit.o ABSOLUTE
    ../clib/angel/sysapp.c                   0x00000000   Number         0  sys_wrch.o ABSOLUTE
    ../clib/armsys.c                         0x00000000   Number         0  no_argv.o ABSOLUTE
    ../clib/armsys.c                         0x00000000   Number         0  _get_argv_nomalloc.o ABSOLUTE
    ../clib/armsys.c                         0x00000000   Number         0  argv_veneer.o ABSOLUTE
    ../clib/armsys.c                         0x00000000   Number         0  argv_veneer.o ABSOLUTE
    ../clib/heapalloc.c                      0x00000000   Number         0  hrguard.o ABSOLUTE
    ../clib/heapaux.c                        0x00000000   Number         0  heapauxi.o ABSOLUTE
    ../clib/libinit.s                        0x00000000   Number         0  libshutdown.o ABSOLUTE
    ../clib/libinit.s                        0x00000000   Number         0  libinit.o ABSOLUTE
    ../clib/libinit.s                        0x00000000   Number         0  libinit2.o ABSOLUTE
    ../clib/libinit.s                        0x00000000   Number         0  libshutdown2.o ABSOLUTE
    ../clib/memcpset.s                       0x00000000   Number         0  rt_memcpy_w.o ABSOLUTE
    ../clib/memcpset.s                       0x00000000   Number         0  rt_memclr_w.o ABSOLUTE
    ../clib/signal.c                         0x00000000   Number         0  defsig_cppl_inner.o ABSOLUTE
    ../clib/signal.c                         0x00000000   Number         0  defsig_rtmem_inner.o ABSOLUTE
    ../clib/signal.c                         0x00000000   Number         0  defsig_exit.o ABSOLUTE
    ../clib/signal.c                         0x00000000   Number         0  defsig_rtmem_outer.o ABSOLUTE
    ../clib/signal.c                         0x00000000   Number         0  __raise.o ABSOLUTE
    ../clib/signal.c                         0x00000000   Number         0  defsig_rtmem_formal.o ABSOLUTE
    ../clib/signal.c                         0x00000000   Number         0  defsig_other.o ABSOLUTE
    ../clib/signal.c                         0x00000000   Number         0  defsig_segv_inner.o ABSOLUTE
    ../clib/signal.c                         0x00000000   Number         0  defsig_pvfn_inner.o ABSOLUTE
    ../clib/signal.c                         0x00000000   Number         0  defsig_stak_inner.o ABSOLUTE
    ../clib/signal.c                         0x00000000   Number         0  defsig_rtred_inner.o ABSOLUTE
    ../clib/signal.c                         0x00000000   Number         0  defsig_fpe_inner.o ABSOLUTE
    ../clib/signal.c                         0x00000000   Number         0  defsig_abrt_inner.o ABSOLUTE
    ../clib/signal.c                         0x00000000   Number         0  defsig_general.o ABSOLUTE
    ../clib/signal.s                         0x00000000   Number         0  defsig.o ABSOLUTE
    ../clib/stdlib.c                         0x00000000   Number         0  exit.o ABSOLUTE
    ../fplib/fpinit.s                        0x00000000   Number         0  fpinit.o ABSOLUTE
    ADC.c                                    0x00000000   Number         0  adc.o ABSOLUTE
    ADC_Joystick.c                           0x00000000   Number         0  adc_joystick.o ABSOLUTE
    Battle.c                                 0x00000000   Number         0  battle.o ABSOLUTE
    DAC.c                                    0x00000000   Number         0  dac.o ABSOLUTE
    Draw.c                                   0x00000000   Number         0  draw.o ABSOLUTE
    DrawScreen.c                             0x00000000   Number         0  drawscreen.o ABSOLUTE
    Field.c                                  0x00000000   Number         0  field.o ABSOLUTE
    ImagesOther.c                            0x00000000   Number         0  imagesother.o ABSOLUTE
    ImagesPokemon2.c                         0x00000000   Number         0  imagespokemon2.o ABSOLUTE
    LCD.s                                    0x00000000   Number         0  lcd.o ABSOLUTE
    PLL.c                                    0x00000000   Number         0  pll.o ABSOLUTE
    Player.c                                 0x00000000   Number         0  player.o ABSOLUTE
    PokemonType.c                            0x00000000   Number         0  pokemontype.o ABSOLUTE
    Print.s                                  0x00000000   Number         0  print.o ABSOLUTE
    ST7735.c                                 0x00000000   Number         0  st7735.o ABSOLUTE
    Shop.c                                   0x00000000   Number         0  shop.o ABSOLUTE
    Sound.c                                  0x00000000   Number         0  sound.o ABSOLUTE
    SpaceInvaders.c                          0x00000000   Number         0  spaceinvaders.o ABSOLUTE
    SystemInfo.c                             0x00000000   Number         0  systeminfo.o ABSOLUTE
    TextSprites.c                            0x00000000   Number         0  textsprites.o ABSOLUTE
    Timer0.c                                 0x00000000   Number         0  timer0.o ABSOLUTE
    Timer1.c                                 0x00000000   Number         0  timer1.o ABSOLUTE
    dc.s                                     0x00000000   Number         0  dc.o ABSOLUTE
    random.s                                 0x00000000   Number         0  random.o ABSOLUTE
    startup.s                                0x00000000   Number         0  startup.o ABSOLUTE
    !!!main                                  0x00000284   Section        8  __main.o(!!!main)
    !!!scatter                               0x0000028c   Section       52  __scatter.o(!!!scatter)
    !!dczerorl2                              0x000002c0   Section       90  __dczerorl2.o(!!dczerorl2)
    !!handler_zi                             0x0000031c   Section       28  __scatter_zi.o(!!handler_zi)
    .ARM.Collect$$libinit$$00000000          0x00000338   Section        2  libinit.o(.ARM.Collect$$libinit$$00000000)
    .ARM.Collect$$libinit$$00000002          0x0000033a   Section        0  libinit2.o(.ARM.Collect$$libinit$$00000002)
    .ARM.Collect$$libinit$$00000004          0x0000033a   Section        0  libinit2.o(.ARM.Collect$$libinit$$00000004)
    .ARM.Collect$$libinit$$0000000A          0x0000033a   Section        0  libinit2.o(.ARM.Collect$$libinit$$0000000A)
    .ARM.Collect$$libinit$$0000000C          0x0000033a   Section        0  libinit2.o(.ARM.Collect$$libinit$$0000000C)
    .ARM.Collect$$libinit$$0000000E          0x0000033a   Section        0  libinit2.o(.ARM.Collect$$libinit$$0000000E)
    .ARM.Collect$$libinit$$00000011          0x0000033a   Section        0  libinit2.o(.ARM.Collect$$libinit$$00000011)
    .ARM.Collect$$libinit$$00000013          0x0000033a   Section        0  libinit2.o(.ARM.Collect$$libinit$$00000013)
    .ARM.Collect$$libinit$$00000015          0x0000033a   Section        0  libinit2.o(.ARM.Collect$$libinit$$00000015)
    .ARM.Collect$$libinit$$00000017          0x0000033a   Section        0  libinit2.o(.ARM.Collect$$libinit$$00000017)
    .ARM.Collect$$libinit$$00000019          0x0000033a   Section        0  libinit2.o(.ARM.Collect$$libinit$$00000019)
    .ARM.Collect$$libinit$$0000001B          0x0000033a   Section        0  libinit2.o(.ARM.Collect$$libinit$$0000001B)
    .ARM.Collect$$libinit$$0000001D          0x0000033a   Section        0  libinit2.o(.ARM.Collect$$libinit$$0000001D)
    .ARM.Collect$$libinit$$0000001F          0x0000033a   Section        0  libinit2.o(.ARM.Collect$$libinit$$0000001F)
    .ARM.Collect$$libinit$$00000021          0x0000033a   Section        0  libinit2.o(.ARM.Collect$$libinit$$00000021)
    .ARM.Collect$$libinit$$00000023          0x0000033a   Section        0  libinit2.o(.ARM.Collect$$libinit$$00000023)
    .ARM.Collect$$libinit$$00000025          0x0000033a   Section        0  libinit2.o(.ARM.Collect$$libinit$$00000025)
    .ARM.Collect$$libinit$$0000002C          0x0000033a   Section        0  libinit2.o(.ARM.Collect$$libinit$$0000002C)
    .ARM.Collect$$libinit$$0000002E          0x0000033a   Section        0  libinit2.o(.ARM.Collect$$libinit$$0000002E)
    .ARM.Collect$$libinit$$00000030          0x0000033a   Section        0  libinit2.o(.ARM.Collect$$libinit$$00000030)
    .ARM.Collect$$libinit$$00000032          0x0000033a   Section        0  libinit2.o(.ARM.Collect$$libinit$$00000032)
    .ARM.Collect$$libinit$$00000033          0x0000033a   Section        2  libinit2.o(.ARM.Collect$$libinit$$00000033)
    .ARM.Collect$$libshutdown$$00000000      0x0000033c   Section        2  libshutdown.o(.ARM.Collect$$libshutdown$$00000000)
    .ARM.Collect$$libshutdown$$00000002      0x0000033e   Section        0  libshutdown2.o(.ARM.Collect$$libshutdown$$00000002)
    .ARM.Collect$$libshutdown$$00000004      0x0000033e   Section        0  libshutdown2.o(.ARM.Collect$$libshutdown$$00000004)
    .ARM.Collect$$libshutdown$$00000007      0x0000033e   Section        0  libshutdown2.o(.ARM.Collect$$libshutdown$$00000007)
    .ARM.Collect$$libshutdown$$0000000A      0x0000033e   Section        0  libshutdown2.o(.ARM.Collect$$libshutdown$$0000000A)
    .ARM.Collect$$libshutdown$$0000000C      0x0000033e   Section        0  libshutdown2.o(.ARM.Collect$$libshutdown$$0000000C)
    .ARM.Collect$$libshutdown$$0000000F      0x0000033e   Section        0  libshutdown2.o(.ARM.Collect$$libshutdown$$0000000F)
    .ARM.Collect$$libshutdown$$00000010      0x0000033e   Section        2  libshutdown2.o(.ARM.Collect$$libshutdown$$00000010)
    .ARM.Collect$$rtentry$$00000000          0x00000340   Section        0  __rtentry.o(.ARM.Collect$$rtentry$$00000000)
    .ARM.Collect$$rtentry$$00000002          0x00000340   Section        0  __rtentry2.o(.ARM.Collect$$rtentry$$00000002)
    .ARM.Collect$$rtentry$$00000004          0x00000340   Section        6  __rtentry4.o(.ARM.Collect$$rtentry$$00000004)
    .ARM.Collect$$rtentry$$00000009          0x00000346   Section        0  __rtentry2.o(.ARM.Collect$$rtentry$$00000009)
    .ARM.Collect$$rtentry$$0000000A          0x00000346   Section        4  __rtentry2.o(.ARM.Collect$$rtentry$$0000000A)
    .ARM.Collect$$rtentry$$0000000C          0x0000034a   Section        0  __rtentry2.o(.ARM.Collect$$rtentry$$0000000C)
    .ARM.Collect$$rtentry$$0000000D          0x0000034a   Section        8  __rtentry2.o(.ARM.Collect$$rtentry$$0000000D)
    .ARM.Collect$$rtexit$$00000000           0x00000352   Section        2  rtexit.o(.ARM.Collect$$rtexit$$00000000)
    .ARM.Collect$$rtexit$$00000002           0x00000354   Section        0  rtexit2.o(.ARM.Collect$$rtexit$$00000002)
    .ARM.Collect$$rtexit$$00000003           0x00000354   Section        4  rtexit2.o(.ARM.Collect$$rtexit$$00000003)
    .ARM.Collect$$rtexit$$00000004           0x00000358   Section        6  rtexit2.o(.ARM.Collect$$rtexit$$00000004)
    .text                                    0x00000360   Section       48  startup.o(.text)
    .text                                    0x00000390   Section       64  random.o(.text)
    .text                                    0x000003d0   Section       72  lcd.o(.text)
    .text                                    0x00000418   Section      100  rt_memcpy_w.o(.text)
    .text                                    0x0000047c   Section       78  rt_memclr_w.o(.text)
    .text                                    0x000004ca   Section        0  heapauxi.o(.text)
    .text                                    0x000004d0   Section       74  sys_stackheap_outer.o(.text)
    .text                                    0x0000051a   Section        0  exit.o(.text)
    .text                                    0x0000052c   Section        8  libspace.o(.text)
    .text                                    0x00000534   Section        0  sys_exit.o(.text)
    .text                                    0x00000540   Section        2  use_no_semi.o(.text)
    .text                                    0x00000542   Section        0  indicate_semi.o(.text)
    i.ADC_In89                               0x00000544   Section        0  adc_joystick.o(i.ADC_In89)
    i.ADC_Init89                             0x0000057c   Section        0  adc_joystick.o(i.ADC_Init89)
    i.ClearScreenGrid                        0x000006a0   Section        0  field.o(i.ClearScreenGrid)
    i.Delay1ms                               0x000006b8   Section        0  st7735.o(i.Delay1ms)
    i.DrawAllSprites                         0x000006d8   Section        0  draw.o(i.DrawAllSprites)
    i.DrawBattleScreen                       0x000006fc   Section        0  spaceinvaders.o(i.DrawBattleScreen)
    i.DrawBorder                             0x00000a88   Section        0  draw.o(i.DrawBorder)
    i.DrawField                              0x00000b04   Section        0  field.o(i.DrawField)
    i.DrawGridSprite                         0x00000cac   Section        0  draw.o(i.DrawGridSprite)
    i.DrawMoveCommands                       0x00000ce0   Section        0  spaceinvaders.o(i.DrawMoveCommands)
    i.DrawSelection                          0x00001182   Section        0  draw.o(i.DrawSelection)
    i.DrawShopScreen                         0x000011d4   Section        0  shop.o(i.DrawShopScreen)
    i.DrawSpriteImg                          0x000014d8   Section        0  draw.o(i.DrawSpriteImg)
    i.DrawSpriteSelection                    0x000014f6   Section        0  draw.o(i.DrawSpriteSelection)
    i.DrawTitleScreen                        0x0000152c   Section        0  spaceinvaders.o(i.DrawTitleScreen)
    i.DrawWorld                              0x0000164c   Section        0  spaceinvaders.o(i.DrawWorld)
    i.GetFieldGrid                           0x0000190c   Section        0  field.o(i.GetFieldGrid)
    i.GetGridX                               0x0000191c   Section        0  draw.o(i.GetGridX)
    i.GetGridY                               0x00001938   Section        0  draw.o(i.GetGridY)
    i.InitBackgroundTypes                    0x00001954   Section        0  field.o(i.InitBackgroundTypes)
    i.InitFieldArray                         0x000019b0   Section        0  field.o(i.InitFieldArray)
    i.InitInventory                          0x00001a04   Section        0  spaceinvaders.o(i.InitInventory)
    i.InitMoves                              0x00001a74   Section        0  battle.o(i.InitMoves)
    i.InitPlayer                             0x00001bac   Section        0  spaceinvaders.o(i.InitPlayer)
    i.InitPokemon                            0x00001c34   Section        0  spaceinvaders.o(i.InitPokemon)
    i.IsWalkable                             0x00001e48   Section        0  field.o(i.IsWalkable)
    i.MoveDown                               0x00001e6e   Section        0  player.o(i.MoveDown)
    i.MoveLeft                               0x00001e96   Section        0  player.o(i.MoveLeft)
    i.MoveRight                              0x00001ebe   Section        0  player.o(i.MoveRight)
    i.MoveUp                                 0x00001ee6   Section        0  player.o(i.MoveUp)
    i.Output_Init                            0x00001f0e   Section        0  st7735.o(i.Output_Init)
    i.PLL_Init                               0x00001f20   Section        0  pll.o(i.PLL_Init)
    i.ST7735_DrawBitmap                      0x00001f9c   Section        0  st7735.o(i.ST7735_DrawBitmap)
    i.ST7735_DrawCharS                       0x000020bc   Section        0  st7735.o(i.ST7735_DrawCharS)
    i.ST7735_DrawPixel                       0x000021b4   Section        0  st7735.o(i.ST7735_DrawPixel)
    i.ST7735_DrawString                      0x000021fc   Section        0  st7735.o(i.ST7735_DrawString)
    i.ST7735_FillRect                        0x00002254   Section        0  st7735.o(i.ST7735_FillRect)
    i.ST7735_FillScreen                      0x00002300   Section        0  st7735.o(i.ST7735_FillScreen)
    i.ST7735_InitR                           0x00002324   Section        0  st7735.o(i.ST7735_InitR)
    i.ST7735_OutChar                         0x000023a0   Section        0  st7735.o(i.ST7735_OutChar)
    i.ST7735_OutString                       0x00002474   Section        0  st7735.o(i.ST7735_OutString)
    i.ST7735_SetCursor                       0x0000248c   Section        0  st7735.o(i.ST7735_SetCursor)
    i.ST7735_SetTextColor                    0x000024ac   Section        0  st7735.o(i.ST7735_SetTextColor)
    i.SetFieldGrid                           0x000024b8   Section        0  field.o(i.SetFieldGrid)
    i.Shop_Init                              0x000024c8   Section        0  shop.o(i.Shop_Init)
    i.SysTick_Handler                        0x00002638   Section        0  adc_joystick.o(i.SysTick_Handler)
    i.SysTick_Init                           0x00002650   Section        0  adc_joystick.o(i.SysTick_Init)
    i.Timer0A_Handler                        0x0000266c   Section        0  timer0.o(i.Timer0A_Handler)
    i.Timer1A_Handler                        0x00002684   Section        0  timer1.o(i.Timer1A_Handler)
    i.commandList                            0x0000269c   Section        0  st7735.o(i.commandList)
    commandList                              0x0000269d   Thumb Code    86  st7735.o(i.commandList)
    i.commonInit                             0x000026f4   Section        0  st7735.o(i.commonInit)
    commonInit                               0x000026f5   Thumb Code   342  st7735.o(i.commonInit)
    i.getJoystickX                           0x0000287c   Section        0  adc_joystick.o(i.getJoystickX)
    i.getJoystickY                           0x000028a4   Section        0  adc_joystick.o(i.getJoystickY)
    i.isPE2Pressed                           0x000028cc   Section        0  adc_joystick.o(i.isPE2Pressed)
    i.isPE3Pressed                           0x000028fc   Section        0  adc_joystick.o(i.isPE3Pressed)
    i.main                                   0x0000292c   Section        0  spaceinvaders.o(i.main)
    i.pushColor                              0x000029c0   Section        0  st7735.o(i.pushColor)
    pushColor                                0x000029c1   Thumb Code    18  st7735.o(i.pushColor)
    i.setAddrWindow                          0x000029d4   Section        0  st7735.o(i.setAddrWindow)
    setAddrWindow                            0x000029d5   Thumb Code   106  st7735.o(i.setAddrWindow)
    .constdata                               0x00002a48   Section     2018  st7735.o(.constdata)
    Font                                     0x00002a48   Data        1275  st7735.o(.constdata)
    Bcmd                                     0x00002f43   Data         103  st7735.o(.constdata)
    Rcmd1                                    0x00002faa   Data          59  st7735.o(.constdata)
    Rcmd2green                               0x00002fe5   Data          13  st7735.o(.constdata)
    Rcmd2red                                 0x00002ff2   Data          13  st7735.o(.constdata)
    Rcmd3                                    0x00002fff   Data          43  st7735.o(.constdata)
    .constdata                               0x0000322c   Section      684  spaceinvaders.o(.constdata)
    .constdata                               0x000034d8   Section       10  systeminfo.o(.constdata)
    .constdata                               0x000034e4   Section       84  battle.o(.constdata)
    .constdata                               0x00003538   Section       60  field.o(.constdata)
    .constdata                               0x00003574   Section       22  pokemontype.o(.constdata)
    .constdata                               0x0000358c   Section      180  shop.o(.constdata)
    .constdata                               0x00003640   Section    13696  imagesother.o(.constdata)
    .constdata                               0x00006bc0   Section     4096  textsprites.o(.constdata)
    .constdata                               0x00007bc0   Section    32000  imagespokemon2.o(.constdata)
    .conststring                             0x0000f8c0   Section       51  spaceinvaders.o(.conststring)
    .conststring                             0x0000f8f4   Section      109  battle.o(.conststring)
    .conststring                             0x0000f964   Section       58  shop.o(.conststring)
    .data                                    0x20000000   Section       40  st7735.o(.data)
    ColStart                                 0x2000000a   Data           1  st7735.o(.data)
    RowStart                                 0x2000000b   Data           1  st7735.o(.data)
    Rotation                                 0x2000000c   Data           1  st7735.o(.data)
    TabColor                                 0x2000000d   Data           1  st7735.o(.data)
    .data                                    0x20000028   Section        4  timer0.o(.data)
    .data                                    0x2000002c   Section        4  timer1.o(.data)
    .data                                    0x20000030   Section        8  spaceinvaders.o(.data)
    .data                                    0x20000038   Section        4  systeminfo.o(.data)
    .data                                    0x2000003c   Section     2560  field.o(.data)
    .data                                    0x20000a3c   Section      324  pokemontype.o(.data)
    .data                                    0x20000b80   Section       10  adc_joystick.o(.data)
    DATA                                     0x20000b8c   Section        4  random.o(DATA)
    M                                        0x20000b8c   Data           4  random.o(DATA)
    .bss                                     0x20000b90   Section      692  spaceinvaders.o(.bss)
    p1                                       0x20000b90   Data          56  spaceinvaders.o(.bss)
    .bss                                     0x20000e44   Section     1600  battle.o(.bss)
    .bss                                     0x20001484   Section       95  field.o(.bss)
    .bss                                     0x200014e4   Section       72  shop.o(.bss)
    .bss                                     0x2000152c   Section       96  libspace.o(.bss)
    HEAP                                     0x20001590   Section        0  startup.o(HEAP)
    STACK                                    0x20001590   Section     1024  startup.o(STACK)
    HeapMem                                  0x20001590   Data           0  startup.o(HEAP)
    StackMem                                 0x20001590   Data           0  startup.o(STACK)

    Global Symbols

    Symbol Name                              Value     Ov Type        Size  Object(Section)

    BuildAttributes$$THM_ISAv4$E$P$D$K$B$S$7EM$PE$A:L22UL41UL21$X:L11$S22US41US21$IEEE1$IW$USESV6$~STKCKD$USESV7$~SHL$OSPACE$ROPI$EBA8$UX$STANDARDLIB$REQ8$PRES8$EABIv2 0x00000000   Number         0  anon$$obj.o ABSOLUTE
    __ARM_use_no_argv                        0x00000000   Number         0  spaceinvaders.o ABSOLUTE
    __Vectors                                0x00000000   Data           0  startup.o(RESET)
    __ARM_exceptions_init                     - Undefined Weak Reference
    __alloca_initialize                       - Undefined Weak Reference
    __arm_preinit_                            - Undefined Weak Reference
    __cpp_initialize__aeabi_                  - Undefined Weak Reference
    __cxa_finalize                            - Undefined Weak Reference
    __rt_locale                               - Undefined Weak Reference
    __sigvec_lookup                           - Undefined Weak Reference
    _atexit_init                              - Undefined Weak Reference
    _call_atexit_fns                          - Undefined Weak Reference
    _clock_init                               - Undefined Weak Reference
    _fp_trap_init                             - Undefined Weak Reference
    _fp_trap_shutdown                         - Undefined Weak Reference
    _get_lc_collate                           - Undefined Weak Reference
    _get_lc_ctype                             - Undefined Weak Reference
    _get_lc_monetary                          - Undefined Weak Reference
    _get_lc_numeric                           - Undefined Weak Reference
    _get_lc_time                              - Undefined Weak Reference
    _getenv_init                              - Undefined Weak Reference
    _handle_redirection                       - Undefined Weak Reference
    _init_alloc                               - Undefined Weak Reference
    _init_user_alloc                          - Undefined Weak Reference
    _initio                                   - Undefined Weak Reference
    _rand_init                                - Undefined Weak Reference
    _signal_finish                            - Undefined Weak Reference
    _signal_init                              - Undefined Weak Reference
    _terminate_alloc                          - Undefined Weak Reference
    _terminate_user_alloc                     - Undefined Weak Reference
    _terminateio                              - Undefined Weak Reference
    Reset_Handler                            0x0000026d   Thumb Code     0  startup.o(RESET)
    NMI_Handler                              0x00000271   Thumb Code     2  startup.o(RESET)
    HardFault_Handler                        0x00000273   Thumb Code     2  startup.o(RESET)
    MemManage_Handler                        0x00000275   Thumb Code     2  startup.o(RESET)
    BusFault_Handler                         0x00000277   Thumb Code     2  startup.o(RESET)
    UsageFault_Handler                       0x00000279   Thumb Code     2  startup.o(RESET)
    SVC_Handler                              0x0000027b   Thumb Code     2  startup.o(RESET)
    DebugMon_Handler                         0x0000027d   Thumb Code     2  startup.o(RESET)
    PendSV_Handler                           0x0000027f   Thumb Code     2  startup.o(RESET)
    ADC0Seq0_Handler                         0x00000283   Thumb Code     0  startup.o(RESET)
    ADC0Seq1_Handler                         0x00000283   Thumb Code     0  startup.o(RESET)
    ADC0Seq2_Handler                         0x00000283   Thumb Code     0  startup.o(RESET)
    ADC0Seq3_Handler                         0x00000283   Thumb Code     0  startup.o(RESET)
    ADC1Seq0_Handler                         0x00000283   Thumb Code     0  startup.o(RESET)
    ADC1Seq1_Handler                         0x00000283   Thumb Code     0  startup.o(RESET)
    ADC1Seq2_Handler                         0x00000283   Thumb Code     0  startup.o(RESET)
    ADC1Seq3_Handler                         0x00000283   Thumb Code     0  startup.o(RESET)
    CAN0_Handler                             0x00000283   Thumb Code     0  startup.o(RESET)
    CAN1_Handler                             0x00000283   Thumb Code     0  startup.o(RESET)
    CAN2_Handler                             0x00000283   Thumb Code     0  startup.o(RESET)
    Comp0_Handler                            0x00000283   Thumb Code     0  startup.o(RESET)
    Comp1_Handler                            0x00000283   Thumb Code     0  startup.o(RESET)
    Comp2_Handler                            0x00000283   Thumb Code     0  startup.o(RESET)
    Ethernet_Handler                         0x00000283   Thumb Code     0  startup.o(RESET)
    ExtBus_Handler                           0x00000283   Thumb Code     0  startup.o(RESET)
    FPU_Handler                              0x00000283   Thumb Code     0  startup.o(RESET)
    Fan0_Handler                             0x00000283   Thumb Code     0  startup.o(RESET)
    FlashCtl_Handler                         0x00000283   Thumb Code     0  startup.o(RESET)
    GPIOPortA_Handler                        0x00000283   Thumb Code     0  startup.o(RESET)
    GPIOPortB_Handler                        0x00000283   Thumb Code     0  startup.o(RESET)
    GPIOPortC_Handler                        0x00000283   Thumb Code     0  startup.o(RESET)
    GPIOPortD_Handler                        0x00000283   Thumb Code     0  startup.o(RESET)
    GPIOPortE_Handler                        0x00000283   Thumb Code     0  startup.o(RESET)
    GPIOPortF_Handler                        0x00000283   Thumb Code     0  startup.o(RESET)
    GPIOPortG_Handler                        0x00000283   Thumb Code     0  startup.o(RESET)
    GPIOPortH_Handler                        0x00000283   Thumb Code     0  startup.o(RESET)
    GPIOPortJ_Handler                        0x00000283   Thumb Code     0  startup.o(RESET)
    GPIOPortK_Handler                        0x00000283   Thumb Code     0  startup.o(RESET)
    GPIOPortL_Handler                        0x00000283   Thumb Code     0  startup.o(RESET)
    GPIOPortM_Handler                        0x00000283   Thumb Code     0  startup.o(RESET)
    GPIOPortN_Handler                        0x00000283   Thumb Code     0  startup.o(RESET)
    GPIOPortP1_Handler                       0x00000283   Thumb Code     0  startup.o(RESET)
    GPIOPortP2_Handler                       0x00000283   Thumb Code     0  startup.o(RESET)
    GPIOPortP3_Handler                       0x00000283   Thumb Code     0  startup.o(RESET)
    GPIOPortP4_Handler                       0x00000283   Thumb Code     0  startup.o(RESET)
    GPIOPortP5_Handler                       0x00000283   Thumb Code     0  startup.o(RESET)
    GPIOPortP6_Handler                       0x00000283   Thumb Code     0  startup.o(RESET)
    GPIOPortP7_Handler                       0x00000283   Thumb Code     0  startup.o(RESET)
    GPIOPortP_Handler                        0x00000283   Thumb Code     0  startup.o(RESET)
    GPIOPortQ1_Handler                       0x00000283   Thumb Code     0  startup.o(RESET)
    GPIOPortQ2_Handler                       0x00000283   Thumb Code     0  startup.o(RESET)
    GPIOPortQ3_Handler                       0x00000283   Thumb Code     0  startup.o(RESET)
    GPIOPortQ4_Handler                       0x00000283   Thumb Code     0  startup.o(RESET)
    GPIOPortQ5_Handler                       0x00000283   Thumb Code     0  startup.o(RESET)
    GPIOPortQ6_Handler                       0x00000283   Thumb Code     0  startup.o(RESET)
    GPIOPortQ7_Handler                       0x00000283   Thumb Code     0  startup.o(RESET)
    GPIOPortQ_Handler                        0x00000283   Thumb Code     0  startup.o(RESET)
    GPIOPortR_Handler                        0x00000283   Thumb Code     0  startup.o(RESET)
    GPIOPortS_Handler                        0x00000283   Thumb Code     0  startup.o(RESET)
    Hibernate_Handler                        0x00000283   Thumb Code     0  startup.o(RESET)
    I2C0_Handler                             0x00000283   Thumb Code     0  startup.o(RESET)
    I2C1_Handler                             0x00000283   Thumb Code     0  startup.o(RESET)
    I2C2_Handler                             0x00000283   Thumb Code     0  startup.o(RESET)
    I2C3_Handler                             0x00000283   Thumb Code     0  startup.o(RESET)
    I2C4_Handler                             0x00000283   Thumb Code     0  startup.o(RESET)
    I2C5_Handler                             0x00000283   Thumb Code     0  startup.o(RESET)
    I2S0_Handler                             0x00000283   Thumb Code     0  startup.o(RESET)
    LPC0_Handler                             0x00000283   Thumb Code     0  startup.o(RESET)
    PECI0_Handler                            0x00000283   Thumb Code     0  startup.o(RESET)
    PWM0Fault_Handler                        0x00000283   Thumb Code     0  startup.o(RESET)
    PWM0Generator0_Handler                   0x00000283   Thumb Code     0  startup.o(RESET)
    PWM0Generator1_Handler                   0x00000283   Thumb Code     0  startup.o(RESET)
    PWM0Generator2_Handler                   0x00000283   Thumb Code     0  startup.o(RESET)
    PWM0Generator3_Handler                   0x00000283   Thumb Code     0  startup.o(RESET)
    PWM1Fault_Handler                        0x00000283   Thumb Code     0  startup.o(RESET)
    PWM1Generator0_Handler                   0x00000283   Thumb Code     0  startup.o(RESET)
    PWM1Generator1_Handler                   0x00000283   Thumb Code     0  startup.o(RESET)
    PWM1Generator2_Handler                   0x00000283   Thumb Code     0  startup.o(RESET)
    PWM1Generator3_Handler                   0x00000283   Thumb Code     0  startup.o(RESET)
    Quadrature0_Handler                      0x00000283   Thumb Code     0  startup.o(RESET)
    Quadrature1_Handler                      0x00000283   Thumb Code     0  startup.o(RESET)
    Quadrature2_Handler                      0x00000283   Thumb Code     0  startup.o(RESET)
    SSI0_Handler                             0x00000283   Thumb Code     0  startup.o(RESET)
    SSI1_Handler                             0x00000283   Thumb Code     0  startup.o(RESET)
    SSI2_Handler                             0x00000283   Thumb Code     0  startup.o(RESET)
    SSI3_Handler                             0x00000283   Thumb Code     0  startup.o(RESET)
    SysCtl_Handler                           0x00000283   Thumb Code     0  startup.o(RESET)
    Timer0B_Handler                          0x00000283   Thumb Code     0  startup.o(RESET)
    Timer1B_Handler                          0x00000283   Thumb Code     0  startup.o(RESET)
    Timer2A_Handler                          0x00000283   Thumb Code     0  startup.o(RESET)
    Timer2B_Handler                          0x00000283   Thumb Code     0  startup.o(RESET)
    Timer3A_Handler                          0x00000283   Thumb Code     0  startup.o(RESET)
    Timer3B_Handler                          0x00000283   Thumb Code     0  startup.o(RESET)
    Timer4A_Handler                          0x00000283   Thumb Code     0  startup.o(RESET)
    Timer4B_Handler                          0x00000283   Thumb Code     0  startup.o(RESET)
    Timer5A_Handler                          0x00000283   Thumb Code     0  startup.o(RESET)
    Timer5B_Handler                          0x00000283   Thumb Code     0  startup.o(RESET)
    UART0_Handler                            0x00000283   Thumb Code     0  startup.o(RESET)
    UART1_Handler                            0x00000283   Thumb Code     0  startup.o(RESET)
    UART2_Handler                            0x00000283   Thumb Code     0  startup.o(RESET)
    UART3_Handler                            0x00000283   Thumb Code     0  startup.o(RESET)
    UART4_Handler                            0x00000283   Thumb Code     0  startup.o(RESET)
    UART5_Handler                            0x00000283   Thumb Code     0  startup.o(RESET)
    UART6_Handler                            0x00000283   Thumb Code     0  startup.o(RESET)
    UART7_Handler                            0x00000283   Thumb Code     0  startup.o(RESET)
    USB0_Handler                             0x00000283   Thumb Code     0  startup.o(RESET)
    WDT_Handler                              0x00000283   Thumb Code     0  startup.o(RESET)
    WideTimer0A_Handler                      0x00000283   Thumb Code     0  startup.o(RESET)
    WideTimer0B_Handler                      0x00000283   Thumb Code     0  startup.o(RESET)
    WideTimer1A_Handler                      0x00000283   Thumb Code     0  startup.o(RESET)
    WideTimer1B_Handler                      0x00000283   Thumb Code     0  startup.o(RESET)
    WideTimer2A_Handler                      0x00000283   Thumb Code     0  startup.o(RESET)
    WideTimer2B_Handler                      0x00000283   Thumb Code     0  startup.o(RESET)
    WideTimer3A_Handler                      0x00000283   Thumb Code     0  startup.o(RESET)
    WideTimer3B_Handler                      0x00000283   Thumb Code     0  startup.o(RESET)
    WideTimer4A_Handler                      0x00000283   Thumb Code     0  startup.o(RESET)
    WideTimer4B_Handler                      0x00000283   Thumb Code     0  startup.o(RESET)
    WideTimer5A_Handler                      0x00000283   Thumb Code     0  startup.o(RESET)
    WideTimer5B_Handler                      0x00000283   Thumb Code     0  startup.o(RESET)
    uDMA_Error                               0x00000283   Thumb Code     0  startup.o(RESET)
    uDMA_Handler                             0x00000283   Thumb Code     0  startup.o(RESET)
    __main                                   0x00000285   Thumb Code     8  __main.o(!!!main)
    __scatterload                            0x0000028d   Thumb Code     0  __scatter.o(!!!scatter)
    __scatterload_rt2                        0x0000028d   Thumb Code    44  __scatter.o(!!!scatter)
    __scatterload_rt2_thumb_only             0x0000028d   Thumb Code     0  __scatter.o(!!!scatter)
    __scatterload_null                       0x0000029b   Thumb Code     0  __scatter.o(!!!scatter)
    __decompress                             0x000002c1   Thumb Code    90  __dczerorl2.o(!!dczerorl2)
    __decompress1                            0x000002c1   Thumb Code     0  __dczerorl2.o(!!dczerorl2)
    __scatterload_zeroinit                   0x0000031d   Thumb Code    28  __scatter_zi.o(!!handler_zi)
    __rt_lib_init                            0x00000339   Thumb Code     0  libinit.o(.ARM.Collect$$libinit$$00000000)
    __rt_lib_init_alloca_1                   0x0000033b   Thumb Code     0  libinit2.o(.ARM.Collect$$libinit$$0000002E)
    __rt_lib_init_argv_1                     0x0000033b   Thumb Code     0  libinit2.o(.ARM.Collect$$libinit$$0000002C)
    __rt_lib_init_atexit_1                   0x0000033b   Thumb Code     0  libinit2.o(.ARM.Collect$$libinit$$0000001B)
    __rt_lib_init_clock_1                    0x0000033b   Thumb Code     0  libinit2.o(.ARM.Collect$$libinit$$00000021)
    __rt_lib_init_cpp_1                      0x0000033b   Thumb Code     0  libinit2.o(.ARM.Collect$$libinit$$00000032)
    __rt_lib_init_exceptions_1               0x0000033b   Thumb Code     0  libinit2.o(.ARM.Collect$$libinit$$00000030)
    __rt_lib_init_fp_1                       0x0000033b   Thumb Code     0  libinit2.o(.ARM.Collect$$libinit$$00000002)
    __rt_lib_init_fp_trap_1                  0x0000033b   Thumb Code     0  libinit2.o(.ARM.Collect$$libinit$$0000001F)
    __rt_lib_init_getenv_1                   0x0000033b   Thumb Code     0  libinit2.o(.ARM.Collect$$libinit$$00000023)
    __rt_lib_init_heap_1                     0x0000033b   Thumb Code     0  libinit2.o(.ARM.Collect$$libinit$$0000000A)
    __rt_lib_init_lc_collate_1               0x0000033b   Thumb Code     0  libinit2.o(.ARM.Collect$$libinit$$00000011)
    __rt_lib_init_lc_ctype_1                 0x0000033b   Thumb Code     0  libinit2.o(.ARM.Collect$$libinit$$00000013)
    __rt_lib_init_lc_monetary_1              0x0000033b   Thumb Code     0  libinit2.o(.ARM.Collect$$libinit$$00000015)
    __rt_lib_init_lc_numeric_1               0x0000033b   Thumb Code     0  libinit2.o(.ARM.Collect$$libinit$$00000017)
    __rt_lib_init_lc_time_1                  0x0000033b   Thumb Code     0  libinit2.o(.ARM.Collect$$libinit$$00000019)
    __rt_lib_init_preinit_1                  0x0000033b   Thumb Code     0  libinit2.o(.ARM.Collect$$libinit$$00000004)
    __rt_lib_init_rand_1                     0x0000033b   Thumb Code     0  libinit2.o(.ARM.Collect$$libinit$$0000000E)
    __rt_lib_init_return                     0x0000033b   Thumb Code     0  libinit2.o(.ARM.Collect$$libinit$$00000033)
    __rt_lib_init_signal_1                   0x0000033b   Thumb Code     0  libinit2.o(.ARM.Collect$$libinit$$0000001D)
    __rt_lib_init_stdio_1                    0x0000033b   Thumb Code     0  libinit2.o(.ARM.Collect$$libinit$$00000025)
    __rt_lib_init_user_alloc_1               0x0000033b   Thumb Code     0  libinit2.o(.ARM.Collect$$libinit$$0000000C)
    __rt_lib_shutdown                        0x0000033d   Thumb Code     0  libshutdown.o(.ARM.Collect$$libshutdown$$00000000)
    __rt_lib_shutdown_cpp_1                  0x0000033f   Thumb Code     0  libshutdown2.o(.ARM.Collect$$libshutdown$$00000002)
    __rt_lib_shutdown_fp_trap_1              0x0000033f   Thumb Code     0  libshutdown2.o(.ARM.Collect$$libshutdown$$00000007)
    __rt_lib_shutdown_heap_1                 0x0000033f   Thumb Code     0  libshutdown2.o(.ARM.Collect$$libshutdown$$0000000F)
    __rt_lib_shutdown_return                 0x0000033f   Thumb Code     0  libshutdown2.o(.ARM.Collect$$libshutdown$$00000010)
    __rt_lib_shutdown_signal_1               0x0000033f   Thumb Code     0  libshutdown2.o(.ARM.Collect$$libshutdown$$0000000A)
    __rt_lib_shutdown_stdio_1                0x0000033f   Thumb Code     0  libshutdown2.o(.ARM.Collect$$libshutdown$$00000004)
    __rt_lib_shutdown_user_alloc_1           0x0000033f   Thumb Code     0  libshutdown2.o(.ARM.Collect$$libshutdown$$0000000C)
    __rt_entry                               0x00000341   Thumb Code     0  __rtentry.o(.ARM.Collect$$rtentry$$00000000)
    __rt_entry_presh_1                       0x00000341   Thumb Code     0  __rtentry2.o(.ARM.Collect$$rtentry$$00000002)
    __rt_entry_sh                            0x00000341   Thumb Code     0  __rtentry4.o(.ARM.Collect$$rtentry$$00000004)
    __rt_entry_li                            0x00000347   Thumb Code     0  __rtentry2.o(.ARM.Collect$$rtentry$$0000000A)
    __rt_entry_postsh_1                      0x00000347   Thumb Code     0  __rtentry2.o(.ARM.Collect$$rtentry$$00000009)
    __rt_entry_main                          0x0000034b   Thumb Code     0  __rtentry2.o(.ARM.Collect$$rtentry$$0000000D)
    __rt_entry_postli_1                      0x0000034b   Thumb Code     0  __rtentry2.o(.ARM.Collect$$rtentry$$0000000C)
    __rt_exit                                0x00000353   Thumb Code     0  rtexit.o(.ARM.Collect$$rtexit$$00000000)
    __rt_exit_ls                             0x00000355   Thumb Code     0  rtexit2.o(.ARM.Collect$$rtexit$$00000003)
    __rt_exit_prels_1                        0x00000355   Thumb Code     0  rtexit2.o(.ARM.Collect$$rtexit$$00000002)
    __rt_exit_exit                           0x00000359   Thumb Code     0  rtexit2.o(.ARM.Collect$$rtexit$$00000004)
    DisableInterrupts                        0x00000361   Thumb Code     0  startup.o(.text)
    EnableInterrupts                         0x00000365   Thumb Code     0  startup.o(.text)
    StartCritical                            0x00000369   Thumb Code     0  startup.o(.text)
    EndCritical                              0x00000371   Thumb Code     0  startup.o(.text)
    WaitForInterrupt                         0x00000377   Thumb Code     0  startup.o(.text)
    __user_initial_stackheap                 0x0000037b   Thumb Code     0  startup.o(.text)
    Random_Init                              0x00000391   Thumb Code     0  random.o(.text)
    Random32                                 0x0000039b   Thumb Code     2  random.o(.text)
    Random                                   0x000003ad   Thumb Code     2  random.o(.text)
    writecommand                             0x000003d1   Thumb Code     0  lcd.o(.text)
    writedata                                0x000003f3   Thumb Code     0  lcd.o(.text)
    __aeabi_memcpy4                          0x00000419   Thumb Code     0  rt_memcpy_w.o(.text)
    __aeabi_memcpy8                          0x00000419   Thumb Code     0  rt_memcpy_w.o(.text)
    __rt_memcpy_w                            0x00000419   Thumb Code   100  rt_memcpy_w.o(.text)
    _memcpy_lastbytes_aligned                0x00000461   Thumb Code     0  rt_memcpy_w.o(.text)
    __aeabi_memclr4                          0x0000047d   Thumb Code     0  rt_memclr_w.o(.text)
    __aeabi_memclr8                          0x0000047d   Thumb Code     0  rt_memclr_w.o(.text)
    __rt_memclr_w                            0x0000047d   Thumb Code    78  rt_memclr_w.o(.text)
    _memset_w                                0x00000481   Thumb Code     0  rt_memclr_w.o(.text)
    __use_two_region_memory                  0x000004cb   Thumb Code     2  heapauxi.o(.text)
    __rt_heap_escrow$2region                 0x000004cd   Thumb Code     2  heapauxi.o(.text)
    __rt_heap_expand$2region                 0x000004cf   Thumb Code     2  heapauxi.o(.text)
    __user_setup_stackheap                   0x000004d1   Thumb Code    74  sys_stackheap_outer.o(.text)
    exit                                     0x0000051b   Thumb Code    18  exit.o(.text)
    __user_libspace                          0x0000052d   Thumb Code     8  libspace.o(.text)
    __user_perproc_libspace                  0x0000052d   Thumb Code     0  libspace.o(.text)
    __user_perthread_libspace                0x0000052d   Thumb Code     0  libspace.o(.text)
    _sys_exit                                0x00000535   Thumb Code     8  sys_exit.o(.text)
    __I$use$semihosting                      0x00000541   Thumb Code     0  use_no_semi.o(.text)
    __use_no_semihosting_swi                 0x00000541   Thumb Code     2  use_no_semi.o(.text)
    __semihosting_library_function           0x00000543   Thumb Code     0  indicate_semi.o(.text)
    ADC_In89                                 0x00000545   Thumb Code    52  adc_joystick.o(i.ADC_In89)
    ADC_Init89                               0x0000057d   Thumb Code   266  adc_joystick.o(i.ADC_Init89)
    ClearScreenGrid                          0x000006a1   Thumb Code    18  field.o(i.ClearScreenGrid)
    Delay1ms                                 0x000006b9   Thumb Code    32  st7735.o(i.Delay1ms)
    DrawAllSprites                           0x000006d9   Thumb Code    36  draw.o(i.DrawAllSprites)
    DrawBattleScreen                         0x000006fd   Thumb Code   854  spaceinvaders.o(i.DrawBattleScreen)
    DrawBorder                               0x00000a89   Thumb Code   124  draw.o(i.DrawBorder)
    DrawField                                0x00000b05   Thumb Code   374  field.o(i.DrawField)
    DrawGridSprite                           0x00000cad   Thumb Code    52  draw.o(i.DrawGridSprite)
    DrawMoveCommands                         0x00000ce1   Thumb Code  1186  spaceinvaders.o(i.DrawMoveCommands)
    DrawSelection                            0x00001183   Thumb Code    82  draw.o(i.DrawSelection)
    DrawShopScreen                           0x000011d5   Thumb Code   636  shop.o(i.DrawShopScreen)
    DrawSpriteImg                            0x000014d9   Thumb Code    30  draw.o(i.DrawSpriteImg)
    DrawSpriteSelection                      0x000014f7   Thumb Code    52  draw.o(i.DrawSpriteSelection)
    DrawTitleScreen                          0x0000152d   Thumb Code   206  spaceinvaders.o(i.DrawTitleScreen)
    DrawWorld                                0x0000164d   Thumb Code   610  spaceinvaders.o(i.DrawWorld)
    GetFieldGrid                             0x0000190d   Thumb Code    12  field.o(i.GetFieldGrid)
    GetGridX                                 0x0000191d   Thumb Code    18  draw.o(i.GetGridX)
    GetGridY                                 0x00001939   Thumb Code    18  draw.o(i.GetGridY)
    InitBackgroundTypes                      0x00001955   Thumb Code    82  field.o(i.InitBackgroundTypes)
    InitFieldArray                           0x000019b1   Thumb Code    74  field.o(i.InitFieldArray)
    InitInventory                            0x00001a05   Thumb Code    96  spaceinvaders.o(i.InitInventory)
    InitMoves                                0x00001a75   Thumb Code   280  battle.o(i.InitMoves)
    InitPlayer                               0x00001bad   Thumb Code   120  spaceinvaders.o(i.InitPlayer)
    InitPokemon                              0x00001c35   Thumb Code   474  spaceinvaders.o(i.InitPokemon)
    IsWalkable                               0x00001e49   Thumb Code    38  field.o(i.IsWalkable)
    MoveDown                                 0x00001e6f   Thumb Code    40  player.o(i.MoveDown)
    MoveLeft                                 0x00001e97   Thumb Code    40  player.o(i.MoveLeft)
    MoveRight                                0x00001ebf   Thumb Code    40  player.o(i.MoveRight)
    MoveUp                                   0x00001ee7   Thumb Code    40  player.o(i.MoveUp)
    Output_Init                              0x00001f0f   Thumb Code    16  st7735.o(i.Output_Init)
    PLL_Init                                 0x00001f21   Thumb Code   120  pll.o(i.PLL_Init)
    ST7735_DrawBitmap                        0x00001f9d   Thumb Code   280  st7735.o(i.ST7735_DrawBitmap)
    ST7735_DrawCharS                         0x000020bd   Thumb Code   236  st7735.o(i.ST7735_DrawCharS)
    ST7735_DrawPixel                         0x000021b5   Thumb Code    64  st7735.o(i.ST7735_DrawPixel)
    ST7735_DrawString                        0x000021fd   Thumb Code    86  st7735.o(i.ST7735_DrawString)
    ST7735_FillRect                          0x00002255   Thumb Code   164  st7735.o(i.ST7735_FillRect)
    ST7735_FillScreen                        0x00002301   Thumb Code    28  st7735.o(i.ST7735_FillScreen)
    ST7735_InitR                             0x00002325   Thumb Code    90  st7735.o(i.ST7735_InitR)
    ST7735_OutChar                           0x000023a1   Thumb Code   174  st7735.o(i.ST7735_OutChar)
    ST7735_OutString                         0x00002475   Thumb Code    24  st7735.o(i.ST7735_OutString)
    ST7735_SetCursor                         0x0000248d   Thumb Code    22  st7735.o(i.ST7735_SetCursor)
    ST7735_SetTextColor                      0x000024ad   Thumb Code     6  st7735.o(i.ST7735_SetTextColor)
    SetFieldGrid                             0x000024b9   Thumb Code    12  field.o(i.SetFieldGrid)
    Shop_Init                                0x000024c9   Thumb Code   356  shop.o(i.Shop_Init)
    SysTick_Handler                          0x00002639   Thumb Code    16  adc_joystick.o(i.SysTick_Handler)
    SysTick_Init                             0x00002651   Thumb Code    22  adc_joystick.o(i.SysTick_Init)
    Timer0A_Handler                          0x0000266d   Thumb Code    16  timer0.o(i.Timer0A_Handler)
    Timer1A_Handler                          0x00002685   Thumb Code    16  timer1.o(i.Timer1A_Handler)
    getJoystickX                             0x0000287d   Thumb Code    34  adc_joystick.o(i.getJoystickX)
    getJoystickY                             0x000028a5   Thumb Code    34  adc_joystick.o(i.getJoystickY)
    isPE2Pressed                             0x000028cd   Thumb Code    40  adc_joystick.o(i.isPE2Pressed)
    isPE3Pressed                             0x000028fd   Thumb Code    40  adc_joystick.o(i.isPE3Pressed)
    main                                     0x0000292d   Thumb Code   134  spaceinvaders.o(i.main)
    dBfs                                     0x0000302a   Data         512  st7735.o(.constdata)
    GRID_LENGTH                              0x000034d8   Data           1  systeminfo.o(.constdata)
    GAME_BORDER_W                            0x000034d9   Data           1  systeminfo.o(.constdata)
    GAME_BORDER_COLOR                        0x000034da   Data           2  systeminfo.o(.constdata)
    SCREEN_COLUMNS                           0x000034dc   Data           2  systeminfo.o(.constdata)
    SCREEN_ROWS                              0x000034de   Data           2  systeminfo.o(.constdata)
    SCREEN_MID_COL                           0x000034e0   Data           1  systeminfo.o(.constdata)
    SCREEN_MID_ROW                           0x000034e1   Data           1  systeminfo.o(.constdata)
    CAT_PHYSICAL                             0x000034e4   Data           1  battle.o(.constdata)
    CAT_SPECIAL                              0x000034e5   Data           1  battle.o(.constdata)
    N                                        0x00003538   Data           1  field.o(.constdata)
    G                                        0x00003539   Data           1  field.o(.constdata)
    W                                        0x0000353a   Data           1  field.o(.constdata)
    R                                        0x0000353b   Data           1  field.o(.constdata)
    E                                        0x0000353c   Data           1  field.o(.constdata)
    S                                        0x0000353d   Data           1  field.o(.constdata)
    fieldCols                                0x0000353e   Data           1  field.o(.constdata)
    fieldRows                                0x0000353f   Data           1  field.o(.constdata)
    FIELD_WIDTH                              0x00003540   Data           1  field.o(.constdata)
    FIELD_HEIGHT                             0x00003541   Data           1  field.o(.constdata)
    Normal                                   0x00003574   Data           1  pokemontype.o(.constdata)
    Fire                                     0x00003575   Data           1  pokemontype.o(.constdata)
    Water                                    0x00003576   Data           1  pokemontype.o(.constdata)
    Electric                                 0x00003577   Data           1  pokemontype.o(.constdata)
    Grass                                    0x00003578   Data           1  pokemontype.o(.constdata)
    Ice                                      0x00003579   Data           1  pokemontype.o(.constdata)
    Fighting                                 0x0000357a   Data           1  pokemontype.o(.constdata)
    Poison                                   0x0000357b   Data           1  pokemontype.o(.constdata)
    Ground                                   0x0000357c   Data           1  pokemontype.o(.constdata)
    Flying                                   0x0000357d   Data           1  pokemontype.o(.constdata)
    Psychic                                  0x0000357e   Data           1  pokemontype.o(.constdata)
    Bug                                      0x0000357f   Data           1  pokemontype.o(.constdata)
    Rock                                     0x00003580   Data           1  pokemontype.o(.constdata)
    Ghost                                    0x00003581   Data           1  pokemontype.o(.constdata)
    Dragon                                   0x00003582   Data           1  pokemontype.o(.constdata)
    Dark                                     0x00003583   Data           1  pokemontype.o(.constdata)
    Steel                                    0x00003584   Data           1  pokemontype.o(.constdata)
    Fairy                                    0x00003585   Data           1  pokemontype.o(.constdata)
    A                                        0x00003586   Data           1  pokemontype.o(.constdata)
    B                                        0x00003587   Data           1  pokemontype.o(.constdata)
    C                                        0x00003588   Data           1  pokemontype.o(.constdata)
    D                                        0x00003589   Data           1  pokemontype.o(.constdata)
    playerFront                              0x00003640   Data         512  imagesother.o(.constdata)
    playerBack                               0x00003840   Data         512  imagesother.o(.constdata)
    playerSide                               0x00003a40   Data         512  imagesother.o(.constdata)
    playerSideFlipped                        0x00003c40   Data         512  imagesother.o(.constdata)
    pokeball                                 0x00003e40   Data        3200  imagesother.o(.constdata)
    healthPotion                             0x00004ac0   Data        3200  imagesother.o(.constdata)
    boba                                     0x00005740   Data        3200  imagesother.o(.constdata)
    grass                                    0x000063c0   Data         512  imagesother.o(.constdata)
    water                                    0x000065c0   Data         512  imagesother.o(.constdata)
    ground                                   0x000067c0   Data         512  imagesother.o(.constdata)
    rock                                     0x000069c0   Data         512  imagesother.o(.constdata)
    fight                                    0x00006bc0   Data        1024  textsprites.o(.constdata)
    pokemon                                  0x00006fc0   Data        1024  textsprites.o(.constdata)
    item                                     0x000073c0   Data        1024  textsprites.o(.constdata)
    run                                      0x000077c0   Data        1024  textsprites.o(.constdata)
    bulbasaur                                0x00007bc0   Data        3200  imagespokemon2.o(.constdata)
    bulbasaurFlipped                         0x00008840   Data        3200  imagespokemon2.o(.constdata)
    charmander                               0x000094c0   Data        3200  imagespokemon2.o(.constdata)
    charmanderFlipped                        0x0000a140   Data        3200  imagespokemon2.o(.constdata)
    squirtle                                 0x0000adc0   Data        3200  imagespokemon2.o(.constdata)
    squirtleFlipped                          0x0000ba40   Data        3200  imagespokemon2.o(.constdata)
    pidgey                                   0x0000c6c0   Data        3200  imagespokemon2.o(.constdata)
    pidgeyFlipped                            0x0000d340   Data        3200  imagespokemon2.o(.constdata)
    pikachu                                  0x0000dfc0   Data        3200  imagespokemon2.o(.constdata)
    pikachuFlipped                           0x0000ec40   Data        3200  imagespokemon2.o(.constdata)
    Region$$Table$$Base                      0x0000f9a0   Number         0  anon$$obj.o(Region$$Table)
    Region$$Table$$Limit                     0x0000f9c0   Number         0  anon$$obj.o(Region$$Table)
    StX                                      0x20000000   Data           4  st7735.o(.data)
    StY                                      0x20000004   Data           4  st7735.o(.data)
    StTextColor                              0x20000008   Data           2  st7735.o(.data)
    Messageindex                             0x20000010   Data           4  st7735.o(.data)
    Ymax                                     0x20000014   Data           4  st7735.o(.data)
    Ymin                                     0x20000018   Data           4  st7735.o(.data)
    X                                        0x2000001c   Data           4  st7735.o(.data)
    Yrange                                   0x20000020   Data           4  st7735.o(.data)
    lastj                                    0x20000024   Data           4  st7735.o(.data)
    PeriodicTask0                            0x20000028   Data           4  timer0.o(.data)
    PeriodicTask1                            0x2000002c   Data           4  timer1.o(.data)
    ADCStatus                                0x20000030   Data           1  spaceinvaders.o(.data)
    team                                     0x20000034   Data           4  spaceinvaders.o(.data)
    _width                                   0x20000038   Data           2  systeminfo.o(.data)
    _height                                  0x2000003a   Data           2  systeminfo.o(.data)
    fieldArray                               0x2000003c   Data        2560  field.o(.data)
    TypesArray                               0x20000a3c   Data         324  pokemontype.o(.data)
    joystickData                             0x20000b80   Data           8  adc_joystick.o(.data)
    PE3_Debounced                            0x20000b88   Data           1  adc_joystick.o(.data)
    PE2_Debounced                            0x20000b89   Data           1  adc_joystick.o(.data)
    starters                                 0x20000bc8   Data         132  spaceinvaders.o(.bss)
    starterInsts                             0x20000c4c   Data          36  spaceinvaders.o(.bss)
    shopItems                                0x20000c70   Data          84  spaceinvaders.o(.bss)
    itemInsts                                0x20000cc4   Data          36  spaceinvaders.o(.bss)
    playerInventory                          0x20000ce8   Data          84  spaceinvaders.o(.bss)
    NullT                                    0x20000d3c   Data          44  spaceinvaders.o(.bss)
    BulbasaurT                               0x20000d68   Data          44  spaceinvaders.o(.bss)
    SquirtleT                                0x20000d94   Data          44  spaceinvaders.o(.bss)
    CharmanderT                              0x20000dc0   Data          44  spaceinvaders.o(.bss)
    PidgeyT                                  0x20000dec   Data          44  spaceinvaders.o(.bss)
    PikachuT                                 0x20000e18   Data          44  spaceinvaders.o(.bss)
    NormalMoves                              0x20000e44   Data         800  battle.o(.bss)
    SignatureMoves                           0x20001164   Data         800  battle.o(.bss)
    background                               0x20001484   Data          32  field.o(.bss)
    screenGrid                               0x200014a4   Data          63  field.o(.bss)
    bobaItem                                 0x200014e4   Data          24  shop.o(.bss)
    potionItem                               0x200014fc   Data          24  shop.o(.bss)
    pokeballItem                             0x20001514   Data          24  shop.o(.bss)
    __libspace_start                         0x2000152c   Data          96  libspace.o(.bss)
    __temporary_stack_top$libspace           0x2000158c   Data           0  libspace.o(.bss)



==============================================================================

Memory Map of the image

  Image Entry point : 0x0000026d

  Load Region LR_1 (Base: 0x00000000, Size: 0x00010550, Max: 0xffffffff, ABSOLUTE, COMPRESSED[0x0000fb10])

    Execution Region ER_RO (Exec base: 0x00000000, Load base: 0x00000000, Size: 0x0000f9c0, Max: 0xffffffff, ABSOLUTE)

    Exec Addr    Load Addr    Size         Type   Attr      Idx    E Section Name        Object

    0x00000000   0x00000000   0x00000284   Code   RO            3  * RESET               startup.o
    0x00000284   0x00000284   0x00000008   Code   RO          975  * !!!main             c_w.l(__main.o)
    0x0000028c   0x0000028c   0x00000034   Code   RO         1134    !!!scatter          c_w.l(__scatter.o)
    0x000002c0   0x000002c0   0x0000005a   Code   RO         1132    !!dczerorl2         c_w.l(__dczerorl2.o)
    0x0000031a   0x0000031a   0x00000002   PAD
    0x0000031c   0x0000031c   0x0000001c   Code   RO         1136    !!handler_zi        c_w.l(__scatter_zi.o)
    0x00000338   0x00000338   0x00000002   Code   RO         1002    .ARM.Collect$$libinit$$00000000  c_w.l(libinit.o)
    0x0000033a   0x0000033a   0x00000000   Code   RO         1009    .ARM.Collect$$libinit$$00000002  c_w.l(libinit2.o)
    0x0000033a   0x0000033a   0x00000000   Code   RO         1011    .ARM.Collect$$libinit$$00000004  c_w.l(libinit2.o)
    0x0000033a   0x0000033a   0x00000000   Code   RO         1014    .ARM.Collect$$libinit$$0000000A  c_w.l(libinit2.o)
    0x0000033a   0x0000033a   0x00000000   Code   RO         1016    .ARM.Collect$$libinit$$0000000C  c_w.l(libinit2.o)
    0x0000033a   0x0000033a   0x00000000   Code   RO         1018    .ARM.Collect$$libinit$$0000000E  c_w.l(libinit2.o)
    0x0000033a   0x0000033a   0x00000000   Code   RO         1021    .ARM.Collect$$libinit$$00000011  c_w.l(libinit2.o)
    0x0000033a   0x0000033a   0x00000000   Code   RO         1023    .ARM.Collect$$libinit$$00000013  c_w.l(libinit2.o)
    0x0000033a   0x0000033a   0x00000000   Code   RO         1025    .ARM.Collect$$libinit$$00000015  c_w.l(libinit2.o)
    0x0000033a   0x0000033a   0x00000000   Code   RO         1027    .ARM.Collect$$libinit$$00000017  c_w.l(libinit2.o)
    0x0000033a   0x0000033a   0x00000000   Code   RO         1029    .ARM.Collect$$libinit$$00000019  c_w.l(libinit2.o)
    0x0000033a   0x0000033a   0x00000000   Code   RO         1031    .ARM.Collect$$libinit$$0000001B  c_w.l(libinit2.o)
    0x0000033a   0x0000033a   0x00000000   Code   RO         1033    .ARM.Collect$$libinit$$0000001D  c_w.l(libinit2.o)
    0x0000033a   0x0000033a   0x00000000   Code   RO         1035    .ARM.Collect$$libinit$$0000001F  c_w.l(libinit2.o)
    0x0000033a   0x0000033a   0x00000000   Code   RO         1037    .ARM.Collect$$libinit$$00000021  c_w.l(libinit2.o)
    0x0000033a   0x0000033a   0x00000000   Code   RO         1039    .ARM.Collect$$libinit$$00000023  c_w.l(libinit2.o)
    0x0000033a   0x0000033a   0x00000000   Code   RO         1041    .ARM.Collect$$libinit$$00000025  c_w.l(libinit2.o)
    0x0000033a   0x0000033a   0x00000000   Code   RO         1045    .ARM.Collect$$libinit$$0000002C  c_w.l(libinit2.o)
    0x0000033a   0x0000033a   0x00000000   Code   RO         1047    .ARM.Collect$$libinit$$0000002E  c_w.l(libinit2.o)
    0x0000033a   0x0000033a   0x00000000   Code   RO         1049    .ARM.Collect$$libinit$$00000030  c_w.l(libinit2.o)
    0x0000033a   0x0000033a   0x00000000   Code   RO         1051    .ARM.Collect$$libinit$$00000032  c_w.l(libinit2.o)
    0x0000033a   0x0000033a   0x00000002   Code   RO         1052    .ARM.Collect$$libinit$$00000033  c_w.l(libinit2.o)
    0x0000033c   0x0000033c   0x00000002   Code   RO         1072    .ARM.Collect$$libshutdown$$00000000  c_w.l(libshutdown.o)
    0x0000033e   0x0000033e   0x00000000   Code   RO         1085    .ARM.Collect$$libshutdown$$00000002  c_w.l(libshutdown2.o)
    0x0000033e   0x0000033e   0x00000000   Code   RO         1087    .ARM.Collect$$libshutdown$$00000004  c_w.l(libshutdown2.o)
    0x0000033e   0x0000033e   0x00000000   Code   RO         1090    .ARM.Collect$$libshutdown$$00000007  c_w.l(libshutdown2.o)
    0x0000033e   0x0000033e   0x00000000   Code   RO         1093    .ARM.Collect$$libshutdown$$0000000A  c_w.l(libshutdown2.o)
    0x0000033e   0x0000033e   0x00000000   Code   RO         1095    .ARM.Collect$$libshutdown$$0000000C  c_w.l(libshutdown2.o)
    0x0000033e   0x0000033e   0x00000000   Code   RO         1098    .ARM.Collect$$libshutdown$$0000000F  c_w.l(libshutdown2.o)
    0x0000033e   0x0000033e   0x00000002   Code   RO         1099    .ARM.Collect$$libshutdown$$00000010  c_w.l(libshutdown2.o)
    0x00000340   0x00000340   0x00000000   Code   RO          977    .ARM.Collect$$rtentry$$00000000  c_w.l(__rtentry.o)
    0x00000340   0x00000340   0x00000000   Code   RO          979    .ARM.Collect$$rtentry$$00000002  c_w.l(__rtentry2.o)
    0x00000340   0x00000340   0x00000006   Code   RO          991    .ARM.Collect$$rtentry$$00000004  c_w.l(__rtentry4.o)
    0x00000346   0x00000346   0x00000000   Code   RO          981    .ARM.Collect$$rtentry$$00000009  c_w.l(__rtentry2.o)
    0x00000346   0x00000346   0x00000004   Code   RO          982    .ARM.Collect$$rtentry$$0000000A  c_w.l(__rtentry2.o)
    0x0000034a   0x0000034a   0x00000000   Code   RO          984    .ARM.Collect$$rtentry$$0000000C  c_w.l(__rtentry2.o)
    0x0000034a   0x0000034a   0x00000008   Code   RO          985    .ARM.Collect$$rtentry$$0000000D  c_w.l(__rtentry2.o)
    0x00000352   0x00000352   0x00000002   Code   RO         1006    .ARM.Collect$$rtexit$$00000000  c_w.l(rtexit.o)
    0x00000354   0x00000354   0x00000000   Code   RO         1054    .ARM.Collect$$rtexit$$00000002  c_w.l(rtexit2.o)
    0x00000354   0x00000354   0x00000004   Code   RO         1055    .ARM.Collect$$rtexit$$00000003  c_w.l(rtexit2.o)
    0x00000358   0x00000358   0x00000006   Code   RO         1056    .ARM.Collect$$rtexit$$00000004  c_w.l(rtexit2.o)
    0x0000035e   0x0000035e   0x00000002   PAD
    0x00000360   0x00000360   0x00000030   Code   RO            4    .text               startup.o
    0x00000390   0x00000390   0x00000040   Code   RO           13    .text               random.o
    0x000003d0   0x000003d0   0x00000048   Code   RO          483    .text               lcd.o
    0x00000418   0x00000418   0x00000064   Code   RO          969    .text               c_w.l(rt_memcpy_w.o)
    0x0000047c   0x0000047c   0x0000004e   Code   RO          971    .text               c_w.l(rt_memclr_w.o)
    0x000004ca   0x000004ca   0x00000006   Code   RO          973    .text               c_w.l(heapauxi.o)
    0x000004d0   0x000004d0   0x0000004a   Code   RO          993    .text               c_w.l(sys_stackheap_outer.o)
    0x0000051a   0x0000051a   0x00000012   Code   RO          995    .text               c_w.l(exit.o)
    0x0000052c   0x0000052c   0x00000008   Code   RO         1003    .text               c_w.l(libspace.o)
    0x00000534   0x00000534   0x0000000c   Code   RO         1064    .text               c_w.l(sys_exit.o)
    0x00000540   0x00000540   0x00000002   Code   RO         1075    .text               c_w.l(use_no_semi.o)
    0x00000542   0x00000542   0x00000000   Code   RO         1077    .text               c_w.l(indicate_semi.o)
    0x00000542   0x00000542   0x00000002   PAD
    0x00000544   0x00000544   0x00000038   Code   RO          885    i.ADC_In89          adc_joystick.o
    0x0000057c   0x0000057c   0x00000124   Code   RO          886    i.ADC_Init89        adc_joystick.o
    0x000006a0   0x000006a0   0x00000018   Code   RO          747    i.ClearScreenGrid   field.o
    0x000006b8   0x000006b8   0x00000020   Code   RO           16    i.Delay1ms          st7735.o
    0x000006d8   0x000006d8   0x00000024   Code   RO          655    i.DrawAllSprites    draw.o
    0x000006fc   0x000006fc   0x0000038c   Code   RO          489    i.DrawBattleScreen  spaceinvaders.o
    0x00000a88   0x00000a88   0x0000007c   Code   RO          656    i.DrawBorder        draw.o
    0x00000b04   0x00000b04   0x000001a8   Code   RO          748    i.DrawField         field.o
    0x00000cac   0x00000cac   0x00000034   Code   RO          658    i.DrawGridSprite    draw.o
    0x00000ce0   0x00000ce0   0x000004a2   Code   RO          490    i.DrawMoveCommands  spaceinvaders.o
    0x00001182   0x00001182   0x00000052   Code   RO          659    i.DrawSelection     draw.o
    0x000011d4   0x000011d4   0x00000304   Code   RO          855    i.DrawShopScreen    shop.o
    0x000014d8   0x000014d8   0x0000001e   Code   RO          660    i.DrawSpriteImg     draw.o
    0x000014f6   0x000014f6   0x00000034   Code   RO          662    i.DrawSpriteSelection  draw.o
    0x0000152a   0x0000152a   0x00000002   PAD
    0x0000152c   0x0000152c   0x00000120   Code   RO          491    i.DrawTitleScreen   spaceinvaders.o
    0x0000164c   0x0000164c   0x000002c0   Code   RO          492    i.DrawWorld         spaceinvaders.o
    0x0000190c   0x0000190c   0x00000010   Code   RO          749    i.GetFieldGrid      field.o
    0x0000191c   0x0000191c   0x0000001c   Code   RO          663    i.GetGridX          draw.o
    0x00001938   0x00001938   0x0000001c   Code   RO          664    i.GetGridY          draw.o
    0x00001954   0x00001954   0x0000005c   Code   RO          750    i.InitBackgroundTypes  field.o
    0x000019b0   0x000019b0   0x00000054   Code   RO          751    i.InitFieldArray    field.o
    0x00001a04   0x00001a04   0x00000070   Code   RO          493    i.InitInventory     spaceinvaders.o
    0x00001a74   0x00001a74   0x00000138   Code   RO          630    i.InitMoves         battle.o
    0x00001bac   0x00001bac   0x00000088   Code   RO          494    i.InitPlayer        spaceinvaders.o
    0x00001c34   0x00001c34   0x00000214   Code   RO          495    i.InitPokemon       spaceinvaders.o
    0x00001e48   0x00001e48   0x00000026   Code   RO          752    i.IsWalkable        field.o
    0x00001e6e   0x00001e6e   0x00000028   Code   RO          820    i.MoveDown          player.o
    0x00001e96   0x00001e96   0x00000028   Code   RO          821    i.MoveLeft          player.o
    0x00001ebe   0x00001ebe   0x00000028   Code   RO          822    i.MoveRight         player.o
    0x00001ee6   0x00001ee6   0x00000028   Code   RO          823    i.MoveUp            player.o
    0x00001f0e   0x00001f0e   0x00000010   Code   RO           19    i.Output_Init       st7735.o
    0x00001f1e   0x00001f1e   0x00000002   PAD
    0x00001f20   0x00001f20   0x0000007c   Code   RO          293    i.PLL_Init          pll.o
    0x00001f9c   0x00001f9c   0x00000120   Code   RO           23    i.ST7735_DrawBitmap  st7735.o
    0x000020bc   0x000020bc   0x000000f8   Code   RO           25    i.ST7735_DrawCharS  st7735.o
    0x000021b4   0x000021b4   0x00000048   Code   RO           28    i.ST7735_DrawPixel  st7735.o
    0x000021fc   0x000021fc   0x00000056   Code   RO           29    i.ST7735_DrawString  st7735.o
    0x00002252   0x00002252   0x00000002   PAD
    0x00002254   0x00002254   0x000000ac   Code   RO           30    i.ST7735_FillRect   st7735.o
    0x00002300   0x00002300   0x00000024   Code   RO           31    i.ST7735_FillScreen  st7735.o
    0x00002324   0x00002324   0x0000007c   Code   RO           33    i.ST7735_InitR      st7735.o
    0x000023a0   0x000023a0   0x000000d4   Code   RO           35    i.ST7735_OutChar    st7735.o
    0x00002474   0x00002474   0x00000018   Code   RO           36    i.ST7735_OutString  st7735.o
    0x0000248c   0x0000248c   0x00000020   Code   RO           46    i.ST7735_SetCursor  st7735.o
    0x000024ac   0x000024ac   0x0000000c   Code   RO           48    i.ST7735_SetTextColor  st7735.o
    0x000024b8   0x000024b8   0x00000010   Code   RO          753    i.SetFieldGrid      field.o
    0x000024c8   0x000024c8   0x00000170   Code   RO          856    i.Shop_Init         shop.o
    0x00002638   0x00002638   0x00000018   Code   RO          887    i.SysTick_Handler   adc_joystick.o
    0x00002650   0x00002650   0x0000001c   Code   RO          888    i.SysTick_Init      adc_joystick.o
    0x0000266c   0x0000266c   0x00000018   Code   RO          344    i.Timer0A_Handler   timer0.o
    0x00002684   0x00002684   0x00000018   Code   RO          365    i.Timer1A_Handler   timer1.o
    0x0000269c   0x0000269c   0x00000056   Code   RO           50    i.commandList       st7735.o
    0x000026f2   0x000026f2   0x00000002   PAD
    0x000026f4   0x000026f4   0x00000188   Code   RO           51    i.commonInit        st7735.o
    0x0000287c   0x0000287c   0x00000028   Code   RO          889    i.getJoystickX      adc_joystick.o
    0x000028a4   0x000028a4   0x00000028   Code   RO          890    i.getJoystickY      adc_joystick.o
    0x000028cc   0x000028cc   0x00000030   Code   RO          891    i.isPE2Pressed      adc_joystick.o
    0x000028fc   0x000028fc   0x00000030   Code   RO          892    i.isPE3Pressed      adc_joystick.o
    0x0000292c   0x0000292c   0x00000094   Code   RO          496    i.main              spaceinvaders.o
    0x000029c0   0x000029c0   0x00000012   Code   RO           56    i.pushColor         st7735.o
    0x000029d2   0x000029d2   0x00000002   PAD
    0x000029d4   0x000029d4   0x00000074   Code   RO           57    i.setAddrWindow     st7735.o
    0x00002a48   0x00002a48   0x000007e2   Data   RO           59    .constdata          st7735.o
    0x0000322a   0x0000322a   0x00000002   PAD
    0x0000322c   0x0000322c   0x000002ac   Data   RO          499    .constdata          spaceinvaders.o
    0x000034d8   0x000034d8   0x0000000a   Data   RO          617    .constdata          systeminfo.o
    0x000034e2   0x000034e2   0x00000002   PAD
    0x000034e4   0x000034e4   0x00000054   Data   RO          632    .constdata          battle.o
    0x00003538   0x00003538   0x0000003c   Data   RO          755    .constdata          field.o
    0x00003574   0x00003574   0x00000016   Data   RO          806    .constdata          pokemontype.o
    0x0000358a   0x0000358a   0x00000002   PAD
    0x0000358c   0x0000358c   0x000000b4   Data   RO          858    .constdata          shop.o
    0x00003640   0x00003640   0x00003580   Data   RO          946    .constdata          imagesother.o
    0x00006bc0   0x00006bc0   0x00001000   Data   RO          953    .constdata          textsprites.o
    0x00007bc0   0x00007bc0   0x00007d00   Data   RO          960    .constdata          imagespokemon2.o
    0x0000f8c0   0x0000f8c0   0x00000033   Data   RO          500    .conststring        spaceinvaders.o
    0x0000f8f3   0x0000f8f3   0x00000001   PAD
    0x0000f8f4   0x0000f8f4   0x0000006d   Data   RO          633    .conststring        battle.o
    0x0000f961   0x0000f961   0x00000003   PAD
    0x0000f964   0x0000f964   0x0000003a   Data   RO          859    .conststring        shop.o
    0x0000f99e   0x0000f99e   0x00000002   PAD
    0x0000f9a0   0x0000f9a0   0x00000020   Data   RO         1130    Region$$Table       anon$$obj.o


    Execution Region ER_RW (Exec base: 0x20000000, Load base: 0x0000f9c0, Size: 0x00000b90, Max: 0xffffffff, ABSOLUTE, COMPRESSED[0x00000150])

    Exec Addr    Load Addr    Size         Type   Attr      Idx    E Section Name        Object

    0x20000000   COMPRESSED   0x00000028   Data   RW           60    .data               st7735.o
    0x20000028   COMPRESSED   0x00000004   Data   RW          346    .data               timer0.o
    0x2000002c   COMPRESSED   0x00000004   Data   RW          367    .data               timer1.o
    0x20000030   COMPRESSED   0x00000008   Data   RW          501    .data               spaceinvaders.o
    0x20000038   COMPRESSED   0x00000004   Data   RW          618    .data               systeminfo.o
    0x2000003c   COMPRESSED   0x00000a00   Data   RW          756    .data               field.o
    0x20000a3c   COMPRESSED   0x00000144   Data   RW          807    .data               pokemontype.o
    0x20000b80   COMPRESSED   0x0000000a   Data   RW          893    .data               adc_joystick.o
    0x20000b8a   COMPRESSED   0x00000002   PAD
    0x20000b8c   COMPRESSED   0x00000004   Data   RW           12    DATA                random.o


    Execution Region ER_ZI (Exec base: 0x20000b90, Load base: 0x0000fb10, Size: 0x00000e00, Max: 0xffffffff, ABSOLUTE)

    Exec Addr    Load Addr    Size         Type   Attr      Idx    E Section Name        Object

    0x20000b90        -       0x000002b4   Zero   RW          498    .bss                spaceinvaders.o
    0x20000e44        -       0x00000640   Zero   RW          631    .bss                battle.o
    0x20001484        -       0x0000005f   Zero   RW          754    .bss                field.o
    0x200014e3   0x0000fb10   0x00000001   PAD
    0x200014e4        -       0x00000048   Zero   RW          857    .bss                shop.o
    0x2000152c        -       0x00000060   Zero   RW         1004    .bss                c_w.l(libspace.o)
    0x2000158c   0x0000fb10   0x00000004   PAD
    0x20001590        -       0x00000000   Zero   RW            2    HEAP                startup.o
    0x20001590        -       0x00000400   Zero   RW            1    STACK               startup.o


==============================================================================

Image component sizes


      Code (inc. data)   RO Data    RW Data    ZI Data      Debug   Object Name

       576         72          0         10          0       4320   adc_joystick.o
       312         32        193          0       1600       2974   battle.o
       432         20          0          0          0       6551   draw.o
       694         84         60       2560         95       6900   field.o
         0          0      13696          0          0        833   imagesother.o
         0          0      32000          0          0        859   imagespokemon2.o
        72         12          0          0          0        228   lcd.o
       160          0          0          0          0       2379   player.o
       124          4          0          0          0        439   pll.o
         0          0         22        324          0       1131   pokemontype.o
        64         14          0          4          0        232   random.o
      1140        148        238          0         72       4444   shop.o
      4014        446        735          8        692      11257   spaceinvaders.o
      1966        192       2018         40          0      18494   st7735.o
       692        632          0          0       1024        964   startup.o
         0          0         10          4          0        866   systeminfo.o
         0          0       4096          0          0        485   textsprites.o
        24          8          0          4          0        902   timer0.o
        24          8          0          4          0        902   timer1.o

    ----------------------------------------------------------------------
     10304       1672      53112       2960       3484      65160   Object Totals
         0          0         32          0          0          0   (incl. Generated)
        10          0         12          2          1          0   (incl. Padding)

    ----------------------------------------------------------------------

      Code (inc. data)   RO Data    RW Data    ZI Data      Debug   Library Member Name

        90          0          0          0          0          0   __dczerorl2.o
         8          0          0          0          0         68   __main.o
         0          0          0          0          0          0   __rtentry.o
        12          0          0          0          0          0   __rtentry2.o
         6          0          0          0          0          0   __rtentry4.o
        52          8          0          0          0          0   __scatter.o
        28          0          0          0          0          0   __scatter_zi.o
        18          0          0          0          0         80   exit.o
         6          0          0          0          0        152   heapauxi.o
         0          0          0          0          0          0   indicate_semi.o
         2          0          0          0          0          0   libinit.o
         2          0          0          0          0          0   libinit2.o
         2          0          0          0          0          0   libshutdown.o
         2          0          0          0          0          0   libshutdown2.o
         8          4          0          0         96         68   libspace.o
        78          0          0          0          0         80   rt_memclr_w.o
       100          0          0          0          0         80   rt_memcpy_w.o
         2          0          0          0          0          0   rtexit.o
        10          0          0          0          0          0   rtexit2.o
        12          4          0          0          0         68   sys_exit.o
        74          0          0          0          0         80   sys_stackheap_outer.o
         2          0          0          0          0         68   use_no_semi.o

    ----------------------------------------------------------------------
       520         16          0          0        100        744   Library Totals
         6          0          0          0          4          0   (incl. Padding)

    ----------------------------------------------------------------------

      Code (inc. data)   RO Data    RW Data    ZI Data      Debug   Library Name

       514         16          0          0         96        744   c_w.l

    ----------------------------------------------------------------------
       520         16          0          0        100        744   Library Totals

    ----------------------------------------------------------------------

==============================================================================


      Code (inc. data)   RO Data    RW Data    ZI Data      Debug   

     10824       1688      53112       2960       3584      62832   Grand Totals
     10824       1688      53112        336       3584      62832   ELF Image Totals (compressed)
     10824       1688      53112        336          0          0   ROM Totals

==============================================================================

    Total RO  Size (Code + RO Data)                63936 (  62.44kB)
    Total RW  Size (RW Data + ZI Data)              6544 (   6.39kB)
    Total ROM Size (Code + RO Data + RW Data)      64272 (  62.77kB)

==============================================================================

