Component: ARM Compiler 5.06 update 6 (build 750) Tool: armlink [4d35ed]

==============================================================================

Section Cross References

    startup.o(STACK) refers (Special) to heapauxi.o(.text) for __use_two_region_memory
    startup.o(HEAP) refers (Special) to heapauxi.o(.text) for __use_two_region_memory
    startup.o(RESET) refers (Special) to heapauxi.o(.text) for __use_two_region_memory
    startup.o(RESET) refers to startup.o(STACK) for StackMem
    startup.o(RESET) refers to adc_joystick.o(i.SysTick_Handler) for SysTick_Handler
    startup.o(RESET) refers to timer0.o(i.Timer0A_Handler) for Timer0A_Handler
    startup.o(RESET) refers to timer1.o(i.Timer1A_Handler) for Timer1A_Handler
    startup.o(RESET) refers to __main.o(!!!main) for __main
    startup.o(.text) refers (Special) to heapauxi.o(.text) for __use_two_region_memory
    startup.o(.text) refers to startup.o(HEAP) for HeapMem
    startup.o(.text) refers to startup.o(STACK) for StackMem
    random.o(.text) refers to random.o(DATA) for M
    st7735.o(i.Output_Clear) refers to st7735.o(i.ST7735_FillScreen) for ST7735_FillScreen
    st7735.o(i.Output_Color) refers to st7735.o(i.ST7735_SetTextColor) for ST7735_SetTextColor
    st7735.o(i.Output_Init) refers to st7735.o(i.ST7735_InitR) for ST7735_InitR
    st7735.o(i.Output_Init) refers to st7735.o(i.ST7735_FillScreen) for ST7735_FillScreen
    st7735.o(i.Output_Off) refers to st7735.o(i.Output_Clear) for Output_Clear
    st7735.o(i.Output_On) refers to st7735.o(i.Output_Init) for Output_Init
    st7735.o(i.ST7735_DrawBitmap) refers to st7735.o(i.setAddrWindow) for setAddrWindow
    st7735.o(i.ST7735_DrawBitmap) refers to lcd.o(.text) for writedata
    st7735.o(i.ST7735_DrawBitmap) refers to systeminfo.o(.data) for _width
    st7735.o(i.ST7735_DrawChar) refers to st7735.o(i.setAddrWindow) for setAddrWindow
    st7735.o(i.ST7735_DrawChar) refers to st7735.o(i.pushColor) for pushColor
    st7735.o(i.ST7735_DrawChar) refers to systeminfo.o(.data) for _width
    st7735.o(i.ST7735_DrawChar) refers to st7735.o(.constdata) for Font
    st7735.o(i.ST7735_DrawCharS) refers to st7735.o(i.ST7735_DrawPixel) for ST7735_DrawPixel
    st7735.o(i.ST7735_DrawCharS) refers to st7735.o(i.ST7735_FillRect) for ST7735_FillRect
    st7735.o(i.ST7735_DrawCharS) refers to systeminfo.o(.data) for _width
    st7735.o(i.ST7735_DrawCharS) refers to st7735.o(.constdata) for Font
    st7735.o(i.ST7735_DrawFastHLine) refers to st7735.o(i.setAddrWindow) for setAddrWindow
    st7735.o(i.ST7735_DrawFastHLine) refers to lcd.o(.text) for writedata
    st7735.o(i.ST7735_DrawFastHLine) refers to systeminfo.o(.data) for _width
    st7735.o(i.ST7735_DrawFastVLine) refers to st7735.o(i.setAddrWindow) for setAddrWindow
    st7735.o(i.ST7735_DrawFastVLine) refers to lcd.o(.text) for writedata
    st7735.o(i.ST7735_DrawFastVLine) refers to systeminfo.o(.data) for _width
    st7735.o(i.ST7735_DrawPixel) refers to st7735.o(i.setAddrWindow) for setAddrWindow
    st7735.o(i.ST7735_DrawPixel) refers to st7735.o(i.pushColor) for pushColor
    st7735.o(i.ST7735_DrawPixel) refers to systeminfo.o(.data) for _width
    st7735.o(i.ST7735_DrawString) refers to st7735.o(i.ST7735_DrawCharS) for ST7735_DrawCharS
    st7735.o(i.ST7735_FillRect) refers to st7735.o(i.setAddrWindow) for setAddrWindow
    st7735.o(i.ST7735_FillRect) refers to lcd.o(.text) for writedata
    st7735.o(i.ST7735_FillRect) refers to systeminfo.o(.data) for _width
    st7735.o(i.ST7735_FillScreen) refers to st7735.o(i.ST7735_FillRect) for ST7735_FillRect
    st7735.o(i.ST7735_FillScreen) refers to systeminfo.o(.data) for _height
    st7735.o(i.ST7735_InitB) refers to st7735.o(i.commonInit) for commonInit
    st7735.o(i.ST7735_InitB) refers to st7735.o(i.ST7735_SetCursor) for ST7735_SetCursor
    st7735.o(i.ST7735_InitB) refers to st7735.o(i.ST7735_FillScreen) for ST7735_FillScreen
    st7735.o(i.ST7735_InitB) refers to st7735.o(.constdata) for Bcmd
    st7735.o(i.ST7735_InitB) refers to st7735.o(.data) for StTextColor
    st7735.o(i.ST7735_InitR) refers to st7735.o(i.commonInit) for commonInit
    st7735.o(i.ST7735_InitR) refers to st7735.o(i.commandList) for commandList
    st7735.o(i.ST7735_InitR) refers to lcd.o(.text) for writecommand
    st7735.o(i.ST7735_InitR) refers to st7735.o(i.ST7735_SetCursor) for ST7735_SetCursor
    st7735.o(i.ST7735_InitR) refers to st7735.o(i.ST7735_FillScreen) for ST7735_FillScreen
    st7735.o(i.ST7735_InitR) refers to st7735.o(.constdata) for Rcmd1
    st7735.o(i.ST7735_InitR) refers to st7735.o(.data) for ColStart
    st7735.o(i.ST7735_InvertDisplay) refers to lcd.o(.text) for writecommand
    st7735.o(i.ST7735_OutChar) refers to st7735.o(i.ST7735_DrawString) for ST7735_DrawString
    st7735.o(i.ST7735_OutChar) refers to st7735.o(i.ST7735_DrawCharS) for ST7735_DrawCharS
    st7735.o(i.ST7735_OutChar) refers to st7735.o(.data) for StY
[...]
    ../clib/heapalloc.c                      0x00000000   Number         0  maybetermalloc2.o ABSOLUTE
    ../clib/heapaux.c                        0x00000000   Number         0  heapauxi.o ABSOLUTE
    ../clib/heapaux.c                        0x00000000   Number         0  heapauxa.o ABSOLUTE
    ../clib/libinit.s                        0x00000000   Number         0  libshutdown2.o ABSOLUTE
    ../clib/libinit.s                        0x00000000   Number         0  libinit2.o ABSOLUTE
    ../clib/libinit.s                        0x00000000   Number         0  libshutdown.o ABSOLUTE
    ../clib/libinit.s                        0x00000000   Number         0  libinit.o ABSOLUTE
    ../clib/memcpset.s                       0x00000000   Number         0  rt_memclr_w.o ABSOLUTE
    ../clib/memcpset.s                       0x00000000   Number         0  rt_memcpy_w.o ABSOLUTE
    ../clib/signal.c                         0x00000000   Number         0  defsig_rtmem_outer.o ABSOLUTE
    ../clib/signal.c                         0x00000000   Number         0  defsig_other.o ABSOLUTE
    ../clib/signal.c                         0x00000000   Number         0  defsig_cppl_inner.o ABSOLUTE
    ../clib/signal.c                         0x00000000   Number         0  defsig_rtmem_inner.o ABSOLUTE
    ../clib/signal.c                         0x00000000   Number         0  defsig_exit.o ABSOLUTE
    ../clib/signal.c                         0x00000000   Number         0  defsig_pvfn_inner.o ABSOLUTE
    ../clib/signal.c                         0x00000000   Number         0  defsig_stak_inner.o ABSOLUTE
    ../clib/signal.c                         0x00000000   Number         0  defsig_rtred_inner.o ABSOLUTE
    ../clib/signal.c                         0x00000000   Number         0  defsig_fpe_inner.o ABSOLUTE
    ../clib/signal.c                         0x00000000   Number         0  defsig_abrt_inner.o ABSOLUTE
    ../clib/signal.c                         0x00000000   Number         0  defsig_general.o ABSOLUTE
    ../clib/signal.c                         0x00000000   Number         0  __raise.o ABSOLUTE
    ../clib/signal.c                         0x00000000   Number         0  defsig_segv_inner.o ABSOLUTE
    ../clib/signal.c                         0x00000000   Number         0  defsig_rtmem_formal.o ABSOLUTE
    ../clib/signal.s                         0x00000000   Number         0  defsig.o ABSOLUTE
    ../clib/stdlib.c                         0x00000000   Number         0  exit.o ABSOLUTE
    ../fplib/fpinit.s                        0x00000000   Number         0  fpinit.o ABSOLUTE
    ADC.c                                    0x00000000   Number         0  adc.o ABSOLUTE
    ADC_Joystick.c                           0x00000000   Number         0  adc_joystick.o ABSOLUTE
    Battle.c                                 0x00000000   Number         0  battle.o ABSOLUTE
    DAC.c                                    0x00000000   Number         0  dac.o ABSOLUTE
    Draw.c                                   0x00000000   Number         0  draw.o ABSOLUTE
    DrawScreen.c                             0x00000000   Number         0  drawscreen.o ABSOLUTE
    Field.c                                  0x00000000   Number         0  field.o ABSOLUTE
    ImagesOther.c                            0x00000000   Number         0  imagesother.o ABSOLUTE
    ImagesPokemon2.c                         0x00000000   Number         0  imagespokemon2.o ABSOLUTE
    LCD.s                                    0x00000000   Number         0  lcd.o ABSOLUTE
    PLL.c                                    0x00000000   Number         0  pll.o ABSOLUTE
    Player.c                                 0x00000000   Number         0  player.o ABSOLUTE
    PokemonType.c                            0x00000000   Number         0  pokemontype.o ABSOLUTE
    Print.s                                  0x00000000   Number         0  print.o ABSOLUTE
    ST7735.c                                 0x00000000   Number         0  st7735.o ABSOLUTE
    Shop.c                                   0x00000000   Number         0  shop.o ABSOLUTE
    Sound.c                                  0x00000000   Number         0  sound.o ABSOLUTE
    SpaceInvaders.c                          0x00000000   Number         0  spaceinvaders.o ABSOLUTE
    SystemInfo.c                             0x00000000   Number         0  systeminfo.o ABSOLUTE
    TextSprites.c                            0x00000000   Number         0  textsprites.o ABSOLUTE
    Timer0.c                                 0x00000000   Number         0  timer0.o ABSOLUTE
    Timer1.c                                 0x00000000   Number         0  timer1.o ABSOLUTE
    dc.s                                     0x00000000   Number         0  dc.o ABSOLUTE
    random.s                                 0x00000000   Number         0  random.o ABSOLUTE
    startup.s                                0x00000000   Number         0  startup.o ABSOLUTE
    !!!main                                  0x00000284   Section        8  __main.o(!!!main)
    !!!scatter                               0x0000028c   Section       52  __scatter.o(!!!scatter)
    !!dclz77c                                0x000002c0   Section      100  __dclz77c.o(!!dclz77c)
    !!handler_zi                             0x00000324   Section       28  __scatter_zi.o(!!handler_zi)
    .ARM.Collect$$libinit$$00000000          0x00000340   Section        2  libinit.o(.ARM.Collect$$libinit$$00000000)
    .ARM.Collect$$libinit$$00000002          0x00000342   Section        0  libinit2.o(.ARM.Collect$$libinit$$00000002)
    .ARM.Collect$$libinit$$00000004          0x00000342   Section        0  libinit2.o(.ARM.Collect$$libinit$$00000004)
    .ARM.Collect$$libinit$$00000005          0x00000342   Section        8  libinit2.o(.ARM.Collect$$libinit$$00000005)
    .ARM.Collect$$libinit$$0000000A          0x0000034a   Section        0  libinit2.o(.ARM.Collect$$libinit$$0000000A)
    .ARM.Collect$$libinit$$0000000C          0x0000034a   Section        0  libinit2.o(.ARM.Collect$$libinit$$0000000C)
    .ARM.Collect$$libinit$$0000000E          0x0000034a   Section        0  libinit2.o(.ARM.Collect$$libinit$$0000000E)
    .ARM.Collect$$libinit$$00000011          0x0000034a   Section        0  libinit2.o(.ARM.Collect$$libinit$$00000011)
    .ARM.Collect$$libinit$$00000013          0x0000034a   Section        0  libinit2.o(.ARM.Collect$$libinit$$00000013)
    .ARM.Collect$$libinit$$00000015          0x0000034a   Section        0  libinit2.o(.ARM.Collect$$libinit$$00000015)
    .ARM.Collect$$libinit$$00000017          0x0000034a   Section        0  libinit2.o(.ARM.Collect$$libinit$$00000017)
    .ARM.Collect$$libinit$$00000019          0x0000034a   Section        0  libinit2.o(.ARM.Collect$$libinit$$00000019)
    .ARM.Collect$$libinit$$0000001B          0x0000034a   Section        0  libinit2.o(.ARM.Collect$$libinit$$0000001B)
    .ARM.Collect$$libinit$$0000001D          0x0000034a   Section        0  libinit2.o(.ARM.Collect$$libinit$$0000001D)
    .ARM.Collect$$libinit$$0000001F          0x0000034a   Section        0  libinit2.o(.ARM.Collect$$libinit$$0000001F)
    .ARM.Collect$$libinit$$00000021          0x0000034a   Section        0  libinit2.o(.ARM.Collect$$libinit$$00000021)
    .ARM.Collect$$libinit$$00000023          0x0000034a   Section        0  libinit2.o(.ARM.Collect$$libinit$$00000023)
    .ARM.Collect$$libinit$$00000025          0x0000034a   Section        0  libinit2.o(.ARM.Collect$$libinit$$00000025)
    .ARM.Collect$$libinit$$0000002C          0x0000034a   Section        0  libinit2.o(.ARM.Collect$$libinit$$0000002C)
    .ARM.Collect$$libinit$$0000002E          0x0000034a   Section        0  libinit2.o(.ARM.Collect$$libinit$$0000002E)
    .ARM.Collect$$libinit$$00000030          0x0000034a   Section        0  libinit2.o(.ARM.Collect$$libinit$$00000030)
    .ARM.Collect$$libinit$$00000032          0x0000034a   Section        0  libinit2.o(.ARM.Collect$$libinit$$00000032)
    .ARM.Collect$$libinit$$00000033          0x0000034a   Section        2  libinit2.o(.ARM.Collect$$libinit$$00000033)
    .ARM.Collect$$libshutdown$$00000000      0x0000034c   Section        2  libshutdown.o(.ARM.Collect$$libshutdown$$00000000)
    .ARM.Collect$$libshutdown$$00000002      0x0000034e   Section        0  libshutdown2.o(.ARM.Collect$$libshutdown$$00000002)
    .ARM.Collect$$libshutdown$$00000004      0x0000034e   Section        0  libshutdown2.o(.ARM.Collect$$libshutdown$$00000004)
    .ARM.Collect$$libshutdown$$00000007      0x0000034e   Section        0  libshutdown2.o(.ARM.Collect$$libshutdown$$00000007)
    .ARM.Collect$$libshutdown$$0000000A      0x0000034e   Section        0  libshutdown2.o(.ARM.Collect$$libshutdown$$0000000A)
    .ARM.Collect$$libshutdown$$0000000C      0x0000034e   Section        0  libshutdown2.o(.ARM.Collect$$libshutdown$$0000000C)
    .ARM.Collect$$libshutdown$$0000000F      0x0000034e   Section        0  libshutdown2.o(.ARM.Collect$$libshutdown$$0000000F)
    .ARM.Collect$$libshutdown$$00000010      0x0000034e   Section        2  libshutdown2.o(.ARM.Collect$$libshutdown$$00000010)
    .ARM.Collect$$rtentry$$00000000          0x00000350   Section        0  __rtentry.o(.ARM.Collect$$rtentry$$00000000)
    .ARM.Collect$$rtentry$$00000002          0x00000350   Section        0  __rtentry2.o(.ARM.Collect$$rtentry$$00000002)
    .ARM.Collect$$rtentry$$00000004          0x00000350   Section        6  __rtentry4.o(.ARM.Collect$$rtentry$$00000004)
    .ARM.Collect$$rtentry$$00000009          0x00000356   Section        0  __rtentry2.o(.ARM.Collect$$rtentry$$00000009)
    .ARM.Collect$$rtentry$$0000000A          0x00000356   Section        4  __rtentry2.o(.ARM.Collect$$rtentry$$0000000A)
    .ARM.Collect$$rtentry$$0000000C          0x0000035a   Section        0  __rtentry2.o(.ARM.Collect$$rtentry$$0000000C)
    .ARM.Collect$$rtentry$$0000000D          0x0000035a   Section        8  __rtentry2.o(.ARM.Collect$$rtentry$$0000000D)
    .ARM.Collect$$rtexit$$00000000           0x00000362   Section        2  rtexit.o(.ARM.Collect$$rtexit$$00000000)
    .ARM.Collect$$rtexit$$00000002           0x00000364   Section        0  rtexit2.o(.ARM.Collect$$rtexit$$00000002)
    .ARM.Collect$$rtexit$$00000003           0x00000364   Section        4  rtexit2.o(.ARM.Collect$$rtexit$$00000003)
    .ARM.Collect$$rtexit$$00000004           0x00000368   Section        6  rtexit2.o(.ARM.Collect$$rtexit$$00000004)
    .emb_text                                0x00000370   Section        0  maybetermalloc1.o(.emb_text)
    .text                                    0x00000370   Section       48  startup.o(.text)
    .text                                    0x000003a0   Section       64  random.o(.text)
    .text                                    0x000003e0   Section       72  lcd.o(.text)
    .text                                    0x00000428   Section        0  h1_alloc.o(.text)
    .text                                    0x00000486   Section      100  rt_memcpy_w.o(.text)
    .text                                    0x000004ea   Section       78  rt_memclr_w.o(.text)
    .text                                    0x00000538   Section        0  heapauxi.o(.text)
    .text                                    0x00000540   Section        8  rt_heap_descriptor_intlibspace.o(.text)
    .text                                    0x00000548   Section        0  hguard.o(.text)
    .text                                    0x0000054c   Section        0  init_alloc.o(.text)
    .text                                    0x000005d6   Section        0  h1_init.o(.text)
    .text                                    0x000005e4   Section        0  h1_free.o(.text)
    .text                                    0x00000634   Section        8  libspace.o(.text)
    .text                                    0x0000063c   Section        0  h1_extend.o(.text)
    .text                                    0x00000670   Section        0  defsig_rtmem_outer.o(.text)
    .text                                    0x0000067e   Section        2  use_no_semi.o(.text)
    .text                                    0x00000680   Section        0  indicate_semi.o(.text)
    .text                                    0x00000680   Section       74  sys_stackheap_outer.o(.text)
    .text                                    0x000006ca   Section        0  exit.o(.text)
    .text                                    0x000006dc   Section        0  defsig_exit.o(.text)
    .text                                    0x000006e8   Section        0  defsig_rtmem_inner.o(.text)
    .text                                    0x00000738   Section        0  sys_exit.o(.text)
    .text                                    0x00000744   Section        0  defsig_general.o(.text)
    .text                                    0x00000776   Section        0  sys_wrch.o(.text)
    i.ADC_In89                               0x00000784   Section        0  adc_joystick.o(i.ADC_In89)
    i.ADC_Init89                             0x000007bc   Section        0  adc_joystick.o(i.ADC_Init89)
    i.ClearScreenGrid                        0x000008e0   Section        0  field.o(i.ClearScreenGrid)
    i.Delay1ms                               0x00000900   Section        0  st7735.o(i.Delay1ms)
    i.DrawAllSprites                         0x00000920   Section        0  draw.o(i.DrawAllSprites)
    i.DrawBattleInventory                    0x00000944   Section        0  drawscreen.o(i.DrawBattleInventory)
    i.DrawBattleScreen                       0x00000db4   Section        0  drawscreen.o(i.DrawBattleScreen)
    i.DrawBorder                             0x00001338   Section        0  draw.o(i.DrawBorder)
    i.DrawField                              0x000013b4   Section        0  field.o(i.DrawField)
    i.DrawGridSprite                         0x00001624   Section        0  draw.o(i.DrawGridSprite)
    i.DrawLanguageSelection                  0x00001658   Section        0  drawscreen.o(i.DrawLanguageSelection)
    i.DrawMoveCommands                       0x00001694   Section        0  drawscreen.o(i.DrawMoveCommands)
    i.DrawSelection                          0x00001d5c   Section        0  draw.o(i.DrawSelection)
    i.DrawShopScreen                         0x00001db0   Section        0  shop.o(i.DrawShopScreen)
    i.DrawSimpleMenu                         0x00002178   Section        0  drawscreen.o(i.DrawSimpleMenu)
    i.DrawSpriteImg                          0x00002264   Section        0  draw.o(i.DrawSpriteImg)
    i.DrawSpriteSelection                    0x00002282   Section        0  draw.o(i.DrawSpriteSelection)
    i.DrawStatusScreen                       0x000022b8   Section        0  drawscreen.o(i.DrawStatusScreen)
    i.DrawTitleScreen                        0x00002410   Section        0  drawscreen.o(i.DrawTitleScreen)
    i.DrawWorld                              0x00002610   Section        0  drawscreen.o(i.DrawWorld)
    i.GetFieldGrid                           0x000027f8   Section        0  field.o(i.GetFieldGrid)
    i.GetGridX                               0x0000280c   Section        0  draw.o(i.GetGridX)
    i.GetGridY                               0x00002828   Section        0  draw.o(i.GetGridY)
    i.GetObjGrid                             0x00002844   Section        0  field.o(i.GetObjGrid)
    i.InitBackgroundTypes                    0x00002858   Section        0  field.o(i.InitBackgroundTypes)
    i.InitInventory                          0x000028dc   Section        0  player.o(i.InitInventory)
    i.InitMoves                              0x0000294c   Section        0  battle.o(i.InitMoves)
    i.InitPlayer                             0x00002a9c   Section        0  player.o(i.InitPlayer)
    i.InitPokemon                            0x00002b30   Section        0  drawscreen.o(i.InitPokemon)
    i.InitShop                               0x00002c7c   Section        0  shop.o(i.InitShop)
    i.InitTeam                               0x00002dec   Section        0  player.o(i.InitTeam)
    i.IsWalkable                             0x00002e10   Section        0  field.o(i.IsWalkable)
    i.MoveDown                               0x00002e44   Section        0  player.o(i.MoveDown)
    i.MoveLeft                               0x00002ea8   Section        0  player.o(i.MoveLeft)
    i.MoveRight                              0x00002f10   Section        0  player.o(i.MoveRight)
    i.MoveUp                                 0x00002f78   Section        0  player.o(i.MoveUp)
    i.Output_Init                            0x00002fdc   Section        0  st7735.o(i.Output_Init)
    i.PLL_Init                               0x00002fec   Section        0  pll.o(i.PLL_Init)
    i.PrintWinLoseScreen                     0x00003068   Section        0  spaceinvaders.o(i.PrintWinLoseScreen)
    i.ST7735_DrawBitmap                      0x00003164   Section        0  st7735.o(i.ST7735_DrawBitmap)
    i.ST7735_DrawCharS                       0x00003284   Section        0  st7735.o(i.ST7735_DrawCharS)
    i.ST7735_DrawPixel                       0x0000337c   Section        0  st7735.o(i.ST7735_DrawPixel)
    i.ST7735_DrawString                      0x000033c4   Section        0  st7735.o(i.ST7735_DrawString)
    i.ST7735_FillRect                        0x0000341c   Section        0  st7735.o(i.ST7735_FillRect)
    i.ST7735_FillScreen                      0x000034c8   Section        0  st7735.o(i.ST7735_FillScreen)
    i.ST7735_InitR                           0x000034ec   Section        0  st7735.o(i.ST7735_InitR)
    i.ST7735_OutChar                         0x00003568   Section        0  st7735.o(i.ST7735_OutChar)
    i.ST7735_OutString                       0x0000363c   Section        0  st7735.o(i.ST7735_OutString)
    i.ST7735_SetCursor                       0x00003654   Section        0  st7735.o(i.ST7735_SetCursor)
    i.ST7735_SetTextColor                    0x00003674   Section        0  st7735.o(i.ST7735_SetTextColor)
    i.SysTick_Handler                        0x00003680   Section        0  adc_joystick.o(i.SysTick_Handler)
    i.SysTick_Init                           0x00003698   Section        0  adc_joystick.o(i.SysTick_Init)
    i.Timer0A_Handler                        0x000036b4   Section        0  timer0.o(i.Timer0A_Handler)
    i.Timer1A_Handler                        0x000036cc   Section        0  timer1.o(i.Timer1A_Handler)
    i.Timer1_Init                            0x000036e4   Section        0  timer1.o(i.Timer1_Init)
    i.addPokemon                             0x00003744   Section        0  player.o(i.addPokemon)
    i.commandList                            0x000037e4   Section        0  st7735.o(i.commandList)
    commandList                              0x000037e5   Thumb Code    86  st7735.o(i.commandList)
    i.commonInit                             0x0000383c   Section        0  st7735.o(i.commonInit)
    commonInit                               0x0000383d   Thumb Code   342  st7735.o(i.commonInit)
    i.getJoystickX                           0x000039c4   Section        0  adc_joystick.o(i.getJoystickX)
    i.getJoystickY                           0x000039ec   Section        0  adc_joystick.o(i.getJoystickY)
    i.isPE2Pressed                           0x00003a14   Section        0  adc_joystick.o(i.isPE2Pressed)
    i.isPE3Pressed                           0x00003a44   Section        0  adc_joystick.o(i.isPE3Pressed)
    i.main                                   0x00003a74   Section        0  spaceinvaders.o(i.main)
    i.moveShakeBack                          0x00003b08   Section        0  drawscreen.o(i.moveShakeBack)
    i.moveShakeLeft                          0x00003b84   Section        0  drawscreen.o(i.moveShakeLeft)
    i.moveShakeRight                         0x00003bd4   Section        0  drawscreen.o(i.moveShakeRight)
    i.pushColor                              0x00003c24   Section        0  st7735.o(i.pushColor)
    pushColor                                0x00003c25   Thumb Code    18  st7735.o(i.pushColor)
    i.setAddrWindow                          0x00003c38   Section        0  st7735.o(i.setAddrWindow)
    setAddrWindow                            0x00003c39   Thumb Code   106  st7735.o(i.setAddrWindow)
    .constdata                               0x00003cac   Section     2018  st7735.o(.constdata)
    Font                                     0x00003cac   Data        1275  st7735.o(.constdata)
    Bcmd                                     0x000041a7   Data         103  st7735.o(.constdata)
    Rcmd1                                    0x0000420e   Data          59  st7735.o(.constdata)
    Rcmd2green                               0x00004249   Data          13  st7735.o(.constdata)
    Rcmd2red                                 0x00004256   Data          13  st7735.o(.constdata)
    Rcmd3                                    0x00004263   Data          43  st7735.o(.constdata)
    .constdata                               0x0000448e   Section       10  systeminfo.o(.constdata)
    .constdata                               0x00004498   Section      124  battle.o(.constdata)
    .constdata                               0x00004514   Section      512  drawscreen.o(.constdata)
    .constdata                               0x00004714   Section       76  field.o(.constdata)
    .constdata                               0x00004760   Section       22  pokemontype.o(.constdata)
    .constdata                               0x00004778   Section      124  player.o(.constdata)
    .constdata                               0x000047f4   Section      204  shop.o(.constdata)
    .constdata                               0x000048c0   Section    15744  imagesother.o(.constdata)
    .constdata                               0x00008640   Section     6144  textsprites.o(.constdata)
    .constdata                               0x00009e40   Section    32512  imagespokemon2.o(.constdata)
    .conststring                             0x00011d40   Section      241  battle.o(.conststring)
    .conststring                             0x00011e34   Section       51  drawscreen.o(.conststring)
    .conststring                             0x00011e68   Section       78  shop.o(.conststring)
    .data                                    0x20000000   Section       40  st7735.o(.data)
    ColStart                                 0x2000000a   Data           1  st7735.o(.data)
    RowStart                                 0x2000000b   Data           1  st7735.o(.data)
    Rotation                                 0x2000000c   Data           1  st7735.o(.data)
    TabColor                                 0x2000000d   Data           1  st7735.o(.data)
    .data                                    0x20000028   Section        4  timer0.o(.data)
    .data                                    0x2000002c   Section        4  timer1.o(.data)
    .data                                    0x20000030   Section        2  spaceinvaders.o(.data)
    .data                                    0x20000032   Section        4  systeminfo.o(.data)
    .data                                    0x20000036   Section        7  drawscreen.o(.data)
    .data                                    0x2000003d   Section     1800  field.o(.data)
    .data                                    0x20000745   Section      324  pokemontype.o(.data)
    .data                                    0x2000088c   Section        8  player.o(.data)
    .data                                    0x20000894   Section       10  adc_joystick.o(.data)
    DATA                                     0x200008a0   Section        4  random.o(DATA)
    M                                        0x200008a0   Data           4  random.o(DATA)
    .bss                                     0x200008a4   Section     2400  battle.o(.bss)
    .bss                                     0x20001204   Section      376  drawscreen.o(.bss)
    .bss                                     0x2000137c   Section      182  field.o(.bss)
    .bss                                     0x20001434   Section      172  player.o(.bss)
    .bss                                     0x200014e0   Section       84  shop.o(.bss)
    .bss                                     0x20001534   Section       96  libspace.o(.bss)
    HEAP                                     0x20001598   Section        0  startup.o(HEAP)
    STACK                                    0x20001598   Section     1024  startup.o(STACK)
    HeapMem                                  0x20001598   Data           0  startup.o(HEAP)
    StackMem                                 0x20001598   Data           0  startup.o(STACK)

    Global Symbols

    Symbol Name                              Value     Ov Type        Size  Object(Section)

    BuildAttributes$$THM_ISAv4$E$P$D$K$B$S$7EM$PE$A:L22UL41UL21$X:L11$S22US41US21$IEEE1$IW$USESV6$~STKCKD$USESV7$~SHL$OTIME$ROPI$EBA8$UX$STANDARDLIB$REQ8$PRES8$EABIv2 0x00000000   Number         0  anon$$obj.o ABSOLUTE
    __ARM_use_no_argv                        0x00000000   Number         0  spaceinvaders.o ABSOLUTE
    __Vectors                                0x00000000   Data           0  startup.o(RESET)
    __ARM_exceptions_init                     - Undefined Weak Reference
    __alloca_initialize                       - Undefined Weak Reference
    __arm_preinit_                            - Undefined Weak Reference
    __cpp_initialize__aeabi_                  - Undefined Weak Reference
    __cxa_finalize                            - Undefined Weak Reference
    __rt_locale                               - Undefined Weak Reference
    __sigvec_lookup                           - Undefined Weak Reference
    __user_heap_extent                        - Undefined Weak Reference
    _atexit_init                              - Undefined Weak Reference
    _call_atexit_fns                          - Undefined Weak Reference
    _clock_init                               - Undefined Weak Reference
    _fp_trap_init                             - Undefined Weak Reference
    _fp_trap_shutdown                         - Undefined Weak Reference
    _get_lc_collate                           - Undefined Weak Reference
    _get_lc_ctype                             - Undefined Weak Reference
    _get_lc_monetary                          - Undefined Weak Reference
    _get_lc_numeric                           - Undefined Weak Reference
    _get_lc_time                              - Undefined Weak Reference
    _getenv_init                              - Undefined Weak Reference
    _handle_redirection                       - Undefined Weak Reference
    _initio                                   - Undefined Weak Reference
    _mutex_acquire                            - Undefined Weak Reference
    _mutex_free                               - Undefined Weak Reference
    _mutex_release                            - Undefined Weak Reference
    _rand_init                                - Undefined Weak Reference
    _signal_finish                            - Undefined Weak Reference
    _signal_init                              - Undefined Weak Reference
    _terminateio                              - Undefined Weak Reference
    Reset_Handler                            0x0000026d   Thumb Code     0  startup.o(RESET)
    NMI_Handler                              0x00000271   Thumb Code     2  startup.o(RESET)
    HardFault_Handler                        0x00000273   Thumb Code     2  startup.o(RESET)
    MemManage_Handler                        0x00000275   Thumb Code     2  startup.o(RESET)
    BusFault_Handler                         0x00000277   Thumb Code     2  startup.o(RESET)
    UsageFault_Handler                       0x00000279   Thumb Code     2  startup.o(RESET)
    SVC_Handler                              0x0000027b   Thumb Code     2  startup.o(RESET)
    DebugMon_Handler                         0x0000027d   Thumb Code     2  startup.o(RESET)
    PendSV_Handler                           0x0000027f   Thumb Code     2  startup.o(RESET)
    ADC0Seq0_Handler                         0x00000283   Thumb Code     0  startup.o(RESET)
    ADC0Seq1_Handler                         0x00000283   Thumb Code     0  startup.o(RESET)
    ADC0Seq2_Handler                         0x00000283   Thumb Code     0  startup.o(RESET)
    ADC0Seq3_Handler                         0x00000283   Thumb Code     0  startup.o(RESET)
    ADC1Seq0_Handler                         0x00000283   Thumb Code     0  startup.o(RESET)
    ADC1Seq1_Handler                         0x00000283   Thumb Code     0  startup.o(RESET)
    ADC1Seq2_Handler                         0x00000283   Thumb Code     0  startup.o(RESET)
    ADC1Seq3_Handler                         0x00000283   Thumb Code     0  startup.o(RESET)
    CAN0_Handler                             0x00000283   Thumb Code     0  startup.o(RESET)
    CAN1_Handler                             0x00000283   Thumb Code     0  startup.o(RESET)
    CAN2_Handler                             0x00000283   Thumb Code     0  startup.o(RESET)
    Comp0_Handler                            0x00000283   Thumb Code     0  startup.o(RESET)
    Comp1_Handler                            0x00000283   Thumb Code     0  startup.o(RESET)
    Comp2_Handler                            0x00000283   Thumb Code     0  startup.o(RESET)
    Ethernet_Handler                         0x00000283   Thumb Code     0  startup.o(RESET)
    ExtBus_Handler                           0x00000283   Thumb Code     0  startup.o(RESET)
    FPU_Handler                              0x00000283   Thumb Code     0  startup.o(RESET)
    Fan0_Handler                             0x00000283   Thumb Code     0  startup.o(RESET)
    FlashCtl_Handler                         0x00000283   Thumb Code     0  startup.o(RESET)
    GPIOPortA_Handler                        0x00000283   Thumb Code     0  startup.o(RESET)
    GPIOPortB_Handler                        0x00000283   Thumb Code     0  startup.o(RESET)
    GPIOPortC_Handler                        0x00000283   Thumb Code     0  startup.o(RESET)
    GPIOPortD_Handler                        0x00000283   Thumb Code     0  startup.o(RESET)
    GPIOPortE_Handler                        0x00000283   Thumb Code     0  startup.o(RESET)
    GPIOPortF_Handler                        0x00000283   Thumb Code     0  startup.o(RESET)
    GPIOPortG_Handler                        0x00000283   Thumb Code     0  startup.o(RESET)
    GPIOPortH_Handler                        0x00000283   Thumb Code     0  startup.o(RESET)
    GPIOPortJ_Handler                        0x00000283   Thumb Code     0  startup.o(RESET)
    GPIOPortK_Handler                        0x00000283   Thumb Code     0  startup.o(RESET)
    GPIOPortL_Handler                        0x00000283   Thumb Code     0  startup.o(RESET)
    GPIOPortM_Handler                        0x00000283   Thumb Code     0  startup.o(RESET)
    GPIOPortN_Handler                        0x00000283   Thumb Code     0  startup.o(RESET)
    GPIOPortP1_Handler                       0x00000283   Thumb Code     0  startup.o(RESET)
    GPIOPortP2_Handler                       0x00000283   Thumb Code     0  startup.o(RESET)
    GPIOPortP3_Handler                       0x00000283   Thumb Code     0  startup.o(RESET)
    GPIOPortP4_Handler                       0x00000283   Thumb Code     0  startup.o(RESET)
    GPIOPortP5_Handler                       0x00000283   Thumb Code     0  startup.o(RESET)
    GPIOPortP6_Handler                       0x00000283   Thumb Code     0  startup.o(RESET)
    GPIOPortP7_Handler                       0x00000283   Thumb Code     0  startup.o(RESET)
    GPIOPortP_Handler                        0x00000283   Thumb Code     0  startup.o(RESET)
    GPIOPortQ1_Handler                       0x00000283   Thumb Code     0  startup.o(RESET)
    GPIOPortQ2_Handler                       0x00000283   Thumb Code     0  startup.o(RESET)
    GPIOPortQ3_Handler                       0x00000283   Thumb Code     0  startup.o(RESET)
    GPIOPortQ4_Handler                       0x00000283   Thumb Code     0  startup.o(RESET)
    GPIOPortQ5_Handler                       0x00000283   Thumb Code     0  startup.o(RESET)
    GPIOPortQ6_Handler                       0x00000283   Thumb Code     0  startup.o(RESET)
    GPIOPortQ7_Handler                       0x00000283   Thumb Code     0  startup.o(RESET)
    GPIOPortQ_Handler                        0x00000283   Thumb Code     0  startup.o(RESET)
    GPIOPortR_Handler                        0x00000283   Thumb Code     0  startup.o(RESET)
    GPIOPortS_Handler                        0x00000283   Thumb Code     0  startup.o(RESET)
    Hibernate_Handler                        0x00000283   Thumb Code     0  startup.o(RESET)
    I2C0_Handler                             0x00000283   Thumb Code     0  startup.o(RESET)
    I2C1_Handler                             0x00000283   Thumb Code     0  startup.o(RESET)
    I2C2_Handler                             0x00000283   Thumb Code     0  startup.o(RESET)
    I2C3_Handler                             0x00000283   Thumb Code     0  startup.o(RESET)
    I2C4_Handler                             0x00000283   Thumb Code     0  startup.o(RESET)
    I2C5_Handler                             0x00000283   Thumb Code     0  startup.o(RESET)
    I2S0_Handler                             0x00000283   Thumb Code     0  startup.o(RESET)
    LPC0_Handler                             0x00000283   Thumb Code     0  startup.o(RESET)
    PECI0_Handler                            0x00000283   Thumb Code     0  startup.o(RESET)
    PWM0Fault_Handler                        0x00000283   Thumb Code     0  startup.o(RESET)
    PWM0Generator0_Handler                   0x00000283   Thumb Code     0  startup.o(RESET)
    PWM0Generator1_Handler                   0x00000283   Thumb Code     0  startup.o(RESET)
    PWM0Generator2_Handler                   0x00000283   Thumb Code     0  startup.o(RESET)
    PWM0Generator3_Handler                   0x00000283   Thumb Code     0  startup.o(RESET)
    PWM1Fault_Handler                        0x00000283   Thumb Code     0  startup.o(RESET)
    PWM1Generator0_Handler                   0x00000283   Thumb Code     0  startup.o(RESET)
    PWM1Generator1_Handler                   0x00000283   Thumb Code     0  startup.o(RESET)
    PWM1Generator2_Handler                   0x00000283   Thumb Code     0  startup.o(RESET)
    PWM1Generator3_Handler                   0x00000283   Thumb Code     0  startup.o(RESET)
    Quadrature0_Handler                      0x00000283   Thumb Code     0  startup.o(RESET)
    Quadrature1_Handler                      0x00000283   Thumb Code     0  startup.o(RESET)
    Quadrature2_Handler                      0x00000283   Thumb Code     0  startup.o(RESET)
    SSI0_Handler                             0x00000283   Thumb Code     0  startup.o(RESET)
    SSI1_Handler                             0x00000283   Thumb Code     0  startup.o(RESET)
    SSI2_Handler                             0x00000283   Thumb Code     0  startup.o(RESET)
    SSI3_Handler                             0x00000283   Thumb Code     0  startup.o(RESET)
    SysCtl_Handler                           0x00000283   Thumb Code     0  startup.o(RESET)
    Timer0B_Handler                          0x00000283   Thumb Code     0  startup.o(RESET)
    Timer1B_Handler                          0x00000283   Thumb Code     0  startup.o(RESET)
    Timer2A_Handler                          0x00000283   Thumb Code     0  startup.o(RESET)
    Timer2B_Handler                          0x00000283   Thumb Code     0  startup.o(RESET)
    Timer3A_Handler                          0x00000283   Thumb Code     0  startup.o(RESET)
    Timer3B_Handler                          0x00000283   Thumb Code     0  startup.o(RESET)
    Timer4A_Handler                          0x00000283   Thumb Code     0  startup.o(RESET)
    Timer4B_Handler                          0x00000283   Thumb Code     0  startup.o(RESET)
    Timer5A_Handler                          0x00000283   Thumb Code     0  startup.o(RESET)
    Timer5B_Handler                          0x00000283   Thumb Code     0  startup.o(RESET)
    UART0_Handler                            0x00000283   Thumb Code     0  startup.o(RESET)
    UART1_Handler                            0x00000283   Thumb Code     0  startup.o(RESET)
    UART2_Handler                            0x00000283   Thumb Code     0  startup.o(RESET)
    UART3_Handler                            0x00000283   Thumb Code     0  startup.o(RESET)
    UART4_Handler                            0x00000283   Thumb Code     0  startup.o(RESET)
    UART5_Handler                            0x00000283   Thumb Code     0  startup.o(RESET)
    UART6_Handler                            0x00000283   Thumb Code     0  startup.o(RESET)
    UART7_Handler                            0x00000283   Thumb Code     0  startup.o(RESET)
    USB0_Handler                             0x00000283   Thumb Code     0  startup.o(RESET)
    WDT_Handler                              0x00000283   Thumb Code     0  startup.o(RESET)
    WideTimer0A_Handler                      0x00000283   Thumb Code     0  startup.o(RESET)
    WideTimer0B_Handler                      0x00000283   Thumb Code     0  startup.o(RESET)
    WideTimer1A_Handler                      0x00000283   Thumb Code     0  startup.o(RESET)
    WideTimer1B_Handler                      0x00000283   Thumb Code     0  startup.o(RESET)
    WideTimer2A_Handler                      0x00000283   Thumb Code     0  startup.o(RESET)
    WideTimer2B_Handler                      0x00000283   Thumb Code     0  startup.o(RESET)
    WideTimer3A_Handler                      0x00000283   Thumb Code     0  startup.o(RESET)
    WideTimer3B_Handler                      0x00000283   Thumb Code     0  startup.o(RESET)
    WideTimer4A_Handler                      0x00000283   Thumb Code     0  startup.o(RESET)
    WideTimer4B_Handler                      0x00000283   Thumb Code     0  startup.o(RESET)
    WideTimer5A_Handler                      0x00000283   Thumb Code     0  startup.o(RESET)
    WideTimer5B_Handler                      0x00000283   Thumb Code     0  startup.o(RESET)
    uDMA_Error                               0x00000283   Thumb Code     0  startup.o(RESET)
    uDMA_Handler                             0x00000283   Thumb Code     0  startup.o(RESET)
    __main                                   0x00000285   Thumb Code     8  __main.o(!!!main)
    __scatterload                            0x0000028d   Thumb Code     0  __scatter.o(!!!scatter)
    __scatterload_rt2                        0x0000028d   Thumb Code    44  __scatter.o(!!!scatter)
    __scatterload_rt2_thumb_only             0x0000028d   Thumb Code     0  __scatter.o(!!!scatter)
    __scatterload_null                       0x0000029b   Thumb Code     0  __scatter.o(!!!scatter)
    __decompress                             0x000002c1   Thumb Code   100  __dclz77c.o(!!dclz77c)
    __decompress2                            0x000002c1   Thumb Code     0  __dclz77c.o(!!dclz77c)
    __scatterload_zeroinit                   0x00000325   Thumb Code    28  __scatter_zi.o(!!handler_zi)
    __rt_lib_init                            0x00000341   Thumb Code     0  libinit.o(.ARM.Collect$$libinit$$00000000)
    __rt_lib_init_fp_1                       0x00000343   Thumb Code     0  libinit2.o(.ARM.Collect$$libinit$$00000002)
    __rt_lib_init_heap_2                     0x00000343   Thumb Code     0  libinit2.o(.ARM.Collect$$libinit$$00000005)
    __rt_lib_init_preinit_1                  0x00000343   Thumb Code     0  libinit2.o(.ARM.Collect$$libinit$$00000004)
    __rt_lib_init_alloca_1                   0x0000034b   Thumb Code     0  libinit2.o(.ARM.Collect$$libinit$$0000002E)
    __rt_lib_init_argv_1                     0x0000034b   Thumb Code     0  libinit2.o(.ARM.Collect$$libinit$$0000002C)
    __rt_lib_init_atexit_1                   0x0000034b   Thumb Code     0  libinit2.o(.ARM.Collect$$libinit$$0000001B)
    __rt_lib_init_clock_1                    0x0000034b   Thumb Code     0  libinit2.o(.ARM.Collect$$libinit$$00000021)
    __rt_lib_init_cpp_1                      0x0000034b   Thumb Code     0  libinit2.o(.ARM.Collect$$libinit$$00000032)
    __rt_lib_init_exceptions_1               0x0000034b   Thumb Code     0  libinit2.o(.ARM.Collect$$libinit$$00000030)
    __rt_lib_init_fp_trap_1                  0x0000034b   Thumb Code     0  libinit2.o(.ARM.Collect$$libinit$$0000001F)
    __rt_lib_init_getenv_1                   0x0000034b   Thumb Code     0  libinit2.o(.ARM.Collect$$libinit$$00000023)
    __rt_lib_init_heap_1                     0x0000034b   Thumb Code     0  libinit2.o(.ARM.Collect$$libinit$$0000000A)
    __rt_lib_init_lc_collate_1               0x0000034b   Thumb Code     0  libinit2.o(.ARM.Collect$$libinit$$00000011)
    __rt_lib_init_lc_ctype_1                 0x0000034b   Thumb Code     0  libinit2.o(.ARM.Collect$$libinit$$00000013)
    __rt_lib_init_lc_monetary_1              0x0000034b   Thumb Code     0  libinit2.o(.ARM.Collect$$libinit$$00000015)
    __rt_lib_init_lc_numeric_1               0x0000034b   Thumb Code     0  libinit2.o(.ARM.Collect$$libinit$$00000017)
    __rt_lib_init_lc_time_1                  0x0000034b   Thumb Code     0  libinit2.o(.ARM.Collect$$libinit$$00000019)
    __rt_lib_init_rand_1                     0x0000034b   Thumb Code     0  libinit2.o(.ARM.Collect$$libinit$$0000000E)
    __rt_lib_init_return                     0x0000034b   Thumb Code     0  libinit2.o(.ARM.Collect$$libinit$$00000033)
    __rt_lib_init_signal_1                   0x0000034b   Thumb Code     0  libinit2.o(.ARM.Collect$$libinit$$0000001D)
    __rt_lib_init_stdio_1                    0x0000034b   Thumb Code     0  libinit2.o(.ARM.Collect$$libinit$$00000025)
    __rt_lib_init_user_alloc_1               0x0000034b   Thumb Code     0  libinit2.o(.ARM.Collect$$libinit$$0000000C)
    __rt_lib_shutdown                        0x0000034d   Thumb Code     0  libshutdown.o(.ARM.Collect$$libshutdown$$00000000)
    __rt_lib_shutdown_cpp_1                  0x0000034f   Thumb Code     0  libshutdown2.o(.ARM.Collect$$libshutdown$$00000002)
    __rt_lib_shutdown_fp_trap_1              0x0000034f   Thumb Code     0  libshutdown2.o(.ARM.Collect$$libshutdown$$00000007)
    __rt_lib_shutdown_heap_1                 0x0000034f   Thumb Code     0  libshutdown2.o(.ARM.Collect$$libshutdown$$0000000F)
    __rt_lib_shutdown_return                 0x0000034f   Thumb Code     0  libshutdown2.o(.ARM.Collect$$libshutdown$$00000010)
    __rt_lib_shutdown_signal_1               0x0000034f   Thumb Code     0  libshutdown2.o(.ARM.Collect$$libshutdown$$0000000A)
    __rt_lib_shutdown_stdio_1                0x0000034f   Thumb Code     0  libshutdown2.o(.ARM.Collect$$libshutdown$$00000004)
    __rt_lib_shutdown_user_alloc_1           0x0000034f   Thumb Code     0  libshutdown2.o(.ARM.Collect$$libshutdown$$0000000C)
    __rt_entry                               0x00000351   Thumb Code     0  __rtentry.o(.ARM.Collect$$rtentry$$00000000)
    __rt_entry_presh_1                       0x00000351   Thumb Code     0  __rtentry2.o(.ARM.Collect$$rtentry$$00000002)
    __rt_entry_sh                            0x00000351   Thumb Code     0  __rtentry4.o(.ARM.Collect$$rtentry$$00000004)
    __rt_entry_li                            0x00000357   Thumb Code     0  __rtentry2.o(.ARM.Collect$$rtentry$$0000000A)
    __rt_entry_postsh_1                      0x00000357   Thumb Code     0  __rtentry2.o(.ARM.Collect$$rtentry$$00000009)
    __rt_entry_main                          0x0000035b   Thumb Code     0  __rtentry2.o(.ARM.Collect$$rtentry$$0000000D)
    __rt_entry_postli_1                      0x0000035b   Thumb Code     0  __rtentry2.o(.ARM.Collect$$rtentry$$0000000C)
    __rt_exit                                0x00000363   Thumb Code     0  rtexit.o(.ARM.Collect$$rtexit$$00000000)
    __rt_exit_ls                             0x00000365   Thumb Code     0  rtexit2.o(.ARM.Collect$$rtexit$$00000003)
    __rt_exit_prels_1                        0x00000365   Thumb Code     0  rtexit2.o(.ARM.Collect$$rtexit$$00000002)
    __rt_exit_exit                           0x00000369   Thumb Code     0  rtexit2.o(.ARM.Collect$$rtexit$$00000004)
    DisableInterrupts                        0x00000371   Thumb Code     0  startup.o(.text)
    _maybe_terminate_alloc                   0x00000371   Thumb Code     0  maybetermalloc1.o(.emb_text)
    EnableInterrupts                         0x00000375   Thumb Code     0  startup.o(.text)
    StartCritical                            0x00000379   Thumb Code     0  startup.o(.text)
    EndCritical                              0x00000381   Thumb Code     0  startup.o(.text)
    WaitForInterrupt                         0x00000387   Thumb Code     0  startup.o(.text)
    __user_initial_stackheap                 0x0000038b   Thumb Code     0  startup.o(.text)
    Random_Init                              0x000003a1   Thumb Code     0  random.o(.text)
    Random32                                 0x000003ab   Thumb Code     2  random.o(.text)
    Random                                   0x000003bd   Thumb Code     2  random.o(.text)
    writecommand                             0x000003e1   Thumb Code     0  lcd.o(.text)
    writedata                                0x00000403   Thumb Code     0  lcd.o(.text)
    malloc                                   0x00000429   Thumb Code    94  h1_alloc.o(.text)
    __aeabi_memcpy4                          0x00000487   Thumb Code     0  rt_memcpy_w.o(.text)
    __aeabi_memcpy8                          0x00000487   Thumb Code     0  rt_memcpy_w.o(.text)
    __rt_memcpy_w                            0x00000487   Thumb Code   100  rt_memcpy_w.o(.text)
    _memcpy_lastbytes_aligned                0x000004cf   Thumb Code     0  rt_memcpy_w.o(.text)
    __aeabi_memclr4                          0x000004eb   Thumb Code     0  rt_memclr_w.o(.text)
    __aeabi_memclr8                          0x000004eb   Thumb Code     0  rt_memclr_w.o(.text)
    __rt_memclr_w                            0x000004eb   Thumb Code    78  rt_memclr_w.o(.text)
    _memset_w                                0x000004ef   Thumb Code     0  rt_memclr_w.o(.text)
    __use_two_region_memory                  0x00000539   Thumb Code     2  heapauxi.o(.text)
    __rt_heap_escrow                         0x0000053b   Thumb Code     2  heapauxi.o(.text)
    __rt_heap_expand                         0x0000053d   Thumb Code     2  heapauxi.o(.text)
    __rt_heap_descriptor                     0x00000541   Thumb Code     8  rt_heap_descriptor_intlibspace.o(.text)
    __use_no_heap                            0x00000549   Thumb Code     2  hguard.o(.text)
    __heap$guard                             0x0000054b   Thumb Code     2  hguard.o(.text)
    _terminate_user_alloc                    0x0000054d   Thumb Code     2  init_alloc.o(.text)
    _init_user_alloc                         0x0000054f   Thumb Code     2  init_alloc.o(.text)
    __Heap_Full                              0x00000551   Thumb Code    34  init_alloc.o(.text)
    __Heap_Broken                            0x00000573   Thumb Code     6  init_alloc.o(.text)
    _init_alloc                              0x00000579   Thumb Code    94  init_alloc.o(.text)
    __Heap_Initialize                        0x000005d7   Thumb Code    10  h1_init.o(.text)
    __Heap_DescSize                          0x000005e1   Thumb Code     4  h1_init.o(.text)
    free                                     0x000005e5   Thumb Code    78  h1_free.o(.text)
    __user_libspace                          0x00000635   Thumb Code     8  libspace.o(.text)
    __user_perproc_libspace                  0x00000635   Thumb Code     0  libspace.o(.text)
    __user_perthread_libspace                0x00000635   Thumb Code     0  libspace.o(.text)
    __Heap_ProvideMemory                     0x0000063d   Thumb Code    52  h1_extend.o(.text)
    __rt_SIGRTMEM                            0x00000671   Thumb Code    14  defsig_rtmem_outer.o(.text)
    __I$use$semihosting                      0x0000067f   Thumb Code     0  use_no_semi.o(.text)
    __use_no_semihosting_swi                 0x0000067f   Thumb Code     2  use_no_semi.o(.text)
    __semihosting_library_function           0x00000681   Thumb Code     0  indicate_semi.o(.text)
    __user_setup_stackheap                   0x00000681   Thumb Code    74  sys_stackheap_outer.o(.text)
    exit                                     0x000006cb   Thumb Code    18  exit.o(.text)
    __sig_exit                               0x000006dd   Thumb Code    10  defsig_exit.o(.text)
    __rt_SIGRTMEM_inner                      0x000006e9   Thumb Code    22  defsig_rtmem_inner.o(.text)
    _sys_exit                                0x00000739   Thumb Code     8  sys_exit.o(.text)
    __default_signal_display                 0x00000745   Thumb Code    50  defsig_general.o(.text)
    _ttywrch                                 0x00000777   Thumb Code    14  sys_wrch.o(.text)
    ADC_In89                                 0x00000785   Thumb Code    52  adc_joystick.o(i.ADC_In89)
    ADC_Init89                               0x000007bd   Thumb Code   266  adc_joystick.o(i.ADC_Init89)
    ClearScreenGrid                          0x000008e1   Thumb Code    22  field.o(i.ClearScreenGrid)
    Delay1ms                                 0x00000901   Thumb Code    32  st7735.o(i.Delay1ms)
    DrawAllSprites                           0x00000921   Thumb Code    36  draw.o(i.DrawAllSprites)
    DrawBattleInventory                      0x00000945   Thumb Code   818  drawscreen.o(i.DrawBattleInventory)
    DrawBattleScreen                         0x00000db5   Thumb Code  1338  drawscreen.o(i.DrawBattleScreen)
    DrawBorder                               0x00001339   Thumb Code   124  draw.o(i.DrawBorder)
    DrawField                                0x000013b5   Thumb Code   558  field.o(i.DrawField)
    DrawGridSprite                           0x00001625   Thumb Code    52  draw.o(i.DrawGridSprite)
    DrawLanguageSelection                    0x00001659   Thumb Code    42  drawscreen.o(i.DrawLanguageSelection)
    DrawMoveCommands                         0x00001695   Thumb Code  1704  drawscreen.o(i.DrawMoveCommands)
    DrawSelection                            0x00001d5d   Thumb Code    82  draw.o(i.DrawSelection)
    DrawShopScreen                           0x00001db1   Thumb Code   708  shop.o(i.DrawShopScreen)
    DrawSimpleMenu                           0x00002179   Thumb Code   210  drawscreen.o(i.DrawSimpleMenu)
    DrawSpriteImg                            0x00002265   Thumb Code    30  draw.o(i.DrawSpriteImg)
    DrawSpriteSelection                      0x00002283   Thumb Code    52  draw.o(i.DrawSpriteSelection)
    DrawStatusScreen                         0x000022b9   Thumb Code   284  drawscreen.o(i.DrawStatusScreen)
    DrawTitleScreen                          0x00002411   Thumb Code   356  drawscreen.o(i.DrawTitleScreen)
    DrawWorld                                0x00002611   Thumb Code   416  drawscreen.o(i.DrawWorld)
    GetFieldGrid                             0x000027f9   Thumb Code    16  field.o(i.GetFieldGrid)
    GetGridX                                 0x0000280d   Thumb Code    18  draw.o(i.GetGridX)
    GetGridY                                 0x00002829   Thumb Code    18  draw.o(i.GetGridY)
    GetObjGrid                               0x00002845   Thumb Code    16  field.o(i.GetObjGrid)
    InitBackgroundTypes                      0x00002859   Thumb Code   120  field.o(i.InitBackgroundTypes)
    InitInventory                            0x000028dd   Thumb Code    96  player.o(i.InitInventory)
    InitMoves                                0x0000294d   Thumb Code   304  battle.o(i.InitMoves)
    InitPlayer                               0x00002a9d   Thumb Code   140  player.o(i.InitPlayer)
    InitPokemon                              0x00002b31   Thumb Code   282  drawscreen.o(i.InitPokemon)
    InitShop                                 0x00002c7d   Thumb Code   356  shop.o(i.InitShop)
    InitTeam                                 0x00002ded   Thumb Code    32  player.o(i.InitTeam)
    IsWalkable                               0x00002e11   Thumb Code    50  field.o(i.IsWalkable)
    MoveDown                                 0x00002e45   Thumb Code    92  player.o(i.MoveDown)
    MoveLeft                                 0x00002ea9   Thumb Code    96  player.o(i.MoveLeft)
    MoveRight                                0x00002f11   Thumb Code    96  player.o(i.MoveRight)
    MoveUp                                   0x00002f79   Thumb Code    92  player.o(i.MoveUp)
    Output_Init                              0x00002fdd   Thumb Code    16  st7735.o(i.Output_Init)
    PLL_Init                                 0x00002fed   Thumb Code   120  pll.o(i.PLL_Init)
    PrintWinLoseScreen                       0x00003069   Thumb Code    60  spaceinvaders.o(i.PrintWinLoseScreen)
    ST7735_DrawBitmap                        0x00003165   Thumb Code   280  st7735.o(i.ST7735_DrawBitmap)
    ST7735_DrawCharS                         0x00003285   Thumb Code   236  st7735.o(i.ST7735_DrawCharS)
    ST7735_DrawPixel                         0x0000337d   Thumb Code    64  st7735.o(i.ST7735_DrawPixel)
    ST7735_DrawString                        0x000033c5   Thumb Code    86  st7735.o(i.ST7735_DrawString)
    ST7735_FillRect                          0x0000341d   Thumb Code   164  st7735.o(i.ST7735_FillRect)
    ST7735_FillScreen                        0x000034c9   Thumb Code    28  st7735.o(i.ST7735_FillScreen)
    ST7735_InitR                             0x000034ed   Thumb Code    90  st7735.o(i.ST7735_InitR)
    ST7735_OutChar                           0x00003569   Thumb Code   174  st7735.o(i.ST7735_OutChar)
    ST7735_OutString                         0x0000363d   Thumb Code    24  st7735.o(i.ST7735_OutString)
    ST7735_SetCursor                         0x00003655   Thumb Code    22  st7735.o(i.ST7735_SetCursor)
    ST7735_SetTextColor                      0x00003675   Thumb Code     6  st7735.o(i.ST7735_SetTextColor)
    SysTick_Handler                          0x00003681   Thumb Code    16  adc_joystick.o(i.SysTick_Handler)
    SysTick_Init                             0x00003699   Thumb Code    22  adc_joystick.o(i.SysTick_Init)
    Timer0A_Handler                          0x000036b5   Thumb Code    16  timer0.o(i.Timer0A_Handler)
    Timer1A_Handler                          0x000036cd   Thumb Code    16  timer1.o(i.Timer1A_Handler)
    Timer1_Init                              0x000036e5   Thumb Code    74  timer1.o(i.Timer1_Init)
    addPokemon                               0x00003745   Thumb Code   154  player.o(i.addPokemon)
    getJoystickX                             0x000039c5   Thumb Code    34  adc_joystick.o(i.getJoystickX)
    getJoystickY                             0x000039ed   Thumb Code    34  adc_joystick.o(i.getJoystickY)
    isPE2Pressed                             0x00003a15   Thumb Code    40  adc_joystick.o(i.isPE2Pressed)
    isPE3Pressed                             0x00003a45   Thumb Code    40  adc_joystick.o(i.isPE3Pressed)
    main                                     0x00003a75   Thumb Code   142  spaceinvaders.o(i.main)
    moveShakeBack                            0x00003b09   Thumb Code   106  drawscreen.o(i.moveShakeBack)
    moveShakeLeft                            0x00003b85   Thumb Code    64  drawscreen.o(i.moveShakeLeft)
    moveShakeRight                           0x00003bd5   Thumb Code    62  drawscreen.o(i.moveShakeRight)
    dBfs                                     0x0000428e   Data         512  st7735.o(.constdata)
    GRID_LENGTH                              0x0000448e   Data           1  systeminfo.o(.constdata)
    GAME_BORDER_W                            0x0000448f   Data           1  systeminfo.o(.constdata)
    GAME_BORDER_COLOR                        0x00004490   Data           2  systeminfo.o(.constdata)
    SCREEN_COLUMNS                           0x00004492   Data           2  systeminfo.o(.constdata)
    SCREEN_ROWS                              0x00004494   Data           2  systeminfo.o(.constdata)
    SCREEN_MID_COL                           0x00004496   Data           1  systeminfo.o(.constdata)
    SCREEN_MID_ROW                           0x00004497   Data           1  systeminfo.o(.constdata)
    CAT_PHYSICAL                             0x00004498   Data           1  battle.o(.constdata)
    CAT_SPECIAL                              0x00004499   Data           1  battle.o(.constdata)
    N                                        0x00004714   Data           1  field.o(.constdata)
    G                                        0x00004715   Data           1  field.o(.constdata)
    W                                        0x00004716   Data           1  field.o(.constdata)
    E                                        0x00004717   Data           1  field.o(.constdata)
    R                                        0x00004718   Data           1  field.o(.constdata)
    T                                        0x00004719   Data           1  field.o(.constdata)
    S                                        0x0000471a   Data           1  field.o(.constdata)
    FIELD_WIDTH                              0x0000471b   Data           1  field.o(.constdata)
    FIELD_HEIGHT                             0x0000471c   Data           1  field.o(.constdata)
    Normal                                   0x00004760   Data           1  pokemontype.o(.constdata)
    Fire                                     0x00004761   Data           1  pokemontype.o(.constdata)
    Water                                    0x00004762   Data           1  pokemontype.o(.constdata)
    Electric                                 0x00004763   Data           1  pokemontype.o(.constdata)
    Grass                                    0x00004764   Data           1  pokemontype.o(.constdata)
    Ice                                      0x00004765   Data           1  pokemontype.o(.constdata)
    Fighting                                 0x00004766   Data           1  pokemontype.o(.constdata)
    Poison                                   0x00004767   Data           1  pokemontype.o(.constdata)
    Ground                                   0x00004768   Data           1  pokemontype.o(.constdata)
    Flying                                   0x00004769   Data           1  pokemontype.o(.constdata)
    Psychic                                  0x0000476a   Data           1  pokemontype.o(.constdata)
    Bug                                      0x0000476b   Data           1  pokemontype.o(.constdata)
    Rock                                     0x0000476c   Data           1  pokemontype.o(.constdata)
    Ghost                                    0x0000476d   Data           1  pokemontype.o(.constdata)
    Dragon                                   0x0000476e   Data           1  pokemontype.o(.constdata)
    Dark                                     0x0000476f   Data           1  pokemontype.o(.constdata)
    Steel                                    0x00004770   Data           1  pokemontype.o(.constdata)
    Fairy                                    0x00004771   Data           1  pokemontype.o(.constdata)
    A                                        0x00004772   Data           1  pokemontype.o(.constdata)
    B                                        0x00004773   Data           1  pokemontype.o(.constdata)
    C                                        0x00004774   Data           1  pokemontype.o(.constdata)
    D                                        0x00004775   Data           1  pokemontype.o(.constdata)
    playerFront                              0x000048c0   Data         512  imagesother.o(.constdata)
    playerBack                               0x00004ac0   Data         512  imagesother.o(.constdata)
    playerSide                               0x00004cc0   Data         512  imagesother.o(.constdata)
    playerSwimBack                           0x00004ec0   Data         512  imagesother.o(.constdata)
    playerSwimFront                          0x000050c0   Data         512  imagesother.o(.constdata)
    playerSwimSide                           0x000052c0   Data         512  imagesother.o(.constdata)
    torchic                                  0x000054c0   Data         512  imagesother.o(.constdata)
    pokeball                                 0x000056c0   Data        3200  imagesother.o(.constdata)
    healthPotion                             0x00006340   Data        3200  imagesother.o(.constdata)
    boba                                     0x00006fc0   Data        3200  imagesother.o(.constdata)
    grass                                    0x00007c40   Data         512  imagesother.o(.constdata)
    water                                    0x00007e40   Data         512  imagesother.o(.constdata)
    ground                                   0x00008040   Data         512  imagesother.o(.constdata)
    rock                                     0x00008240   Data         512  imagesother.o(.constdata)
    bush                                     0x00008440   Data         512  imagesother.o(.constdata)
    fight                                    0x00008640   Data        1024  textsprites.o(.constdata)
    pokemon                                  0x00008a40   Data        1024  textsprites.o(.constdata)
    item                                     0x00008e40   Data        1024  textsprites.o(.constdata)
    run                                      0x00009240   Data        1024  textsprites.o(.constdata)
    lucha                                    0x00009640   Data        1024  textsprites.o(.constdata)
    correr                                   0x00009a40   Data        1024  textsprites.o(.constdata)
    bulbWorldFront                           0x00009e40   Data         512  imagespokemon2.o(.constdata)
    bulbasaur                                0x0000a040   Data        3200  imagespokemon2.o(.constdata)
    bulbasaurFlipped                         0x0000acc0   Data        3200  imagespokemon2.o(.constdata)
    charmander                               0x0000b940   Data        3200  imagespokemon2.o(.constdata)
    charmanderFlipped                        0x0000c5c0   Data        3200  imagespokemon2.o(.constdata)
    squirtle                                 0x0000d240   Data        3200  imagespokemon2.o(.constdata)
    squirtleFlipped                          0x0000dec0   Data        3200  imagespokemon2.o(.constdata)
    pidgey                                   0x0000eb40   Data        3200  imagespokemon2.o(.constdata)
    pidgeyFlipped                            0x0000f7c0   Data        3200  imagespokemon2.o(.constdata)
    pikachu                                  0x00010440   Data        3200  imagespokemon2.o(.constdata)
    pikachuFlipped                           0x000110c0   Data        3200  imagespokemon2.o(.constdata)
    Region$$Table$$Base                      0x00011eb8   Number         0  anon$$obj.o(Region$$Table)
    Region$$Table$$Limit                     0x00011ed8   Number         0  anon$$obj.o(Region$$Table)
    StX                                      0x20000000   Data           4  st7735.o(.data)
    StY                                      0x20000004   Data           4  st7735.o(.data)
    StTextColor                              0x20000008   Data           2  st7735.o(.data)
    Messageindex                             0x20000010   Data           4  st7735.o(.data)
    Ymax                                     0x20000014   Data           4  st7735.o(.data)
    Ymin                                     0x20000018   Data           4  st7735.o(.data)
    X                                        0x2000001c   Data           4  st7735.o(.data)
    Yrange                                   0x20000020   Data           4  st7735.o(.data)
    lastj                                    0x20000024   Data           4  st7735.o(.data)
    PeriodicTask0                            0x20000028   Data           4  timer0.o(.data)
    PeriodicTask1                            0x2000002c   Data           4  timer1.o(.data)
    ADCStatus                                0x20000030   Data           1  spaceinvaders.o(.data)
    language                                 0x20000031   Data           1  spaceinvaders.o(.data)
    _width                                   0x20000032   Data           2  systeminfo.o(.data)
    _height                                  0x20000034   Data           2  systeminfo.o(.data)
    simpleMenuY                              0x20000036   Data           1  drawscreen.o(.data)
    simpleMenuColor                          0x20000038   Data           2  drawscreen.o(.data)
    backReturn                               0x2000003a   Data           1  drawscreen.o(.data)
    curX                                     0x2000003b   Data           1  drawscreen.o(.data)
    timerOn                                  0x2000003c   Data           1  drawscreen.o(.data)
    fieldArray                               0x2000003d   Data         900  field.o(.data)
    fieldObjArray                            0x200003c1   Data         900  field.o(.data)
    TypesArray                               0x20000745   Data         324  pokemontype.o(.data)
    playerTeam                               0x2000088c   Data           4  player.o(.data)
    pokeTeam                                 0x20000890   Data           4  player.o(.data)
    joystickData                             0x20000894   Data           8  adc_joystick.o(.data)
    PE3_Debounced                            0x2000089c   Data           1  adc_joystick.o(.data)
    PE2_Debounced                            0x2000089d   Data           1  adc_joystick.o(.data)
    NormalMoves                              0x200008a4   Data        1200  battle.o(.bss)
    SignatureMoves                           0x20000d54   Data        1200  battle.o(.bss)
    shopItems                                0x20001204   Data          96  drawscreen.o(.bss)
    itemInsts                                0x20001264   Data          36  drawscreen.o(.bss)
    BulbasaurWorld                           0x20001288   Data          12  drawscreen.o(.bss)
    BulbasaurT                               0x20001294   Data          44  drawscreen.o(.bss)
    SquirtleT                                0x200012c0   Data          44  drawscreen.o(.bss)
    CharmanderT                              0x200012ec   Data          44  drawscreen.o(.bss)
    PidgeyT                                  0x20001318   Data          44  drawscreen.o(.bss)
    PikachuT                                 0x20001344   Data          44  drawscreen.o(.bss)
    pokeShakeInst                            0x20001370   Data          12  drawscreen.o(.bss)
    background                               0x2000137c   Data          24  field.o(.bss)
    fieldObj                                 0x20001394   Data          32  field.o(.bss)
    screenGrid                               0x200013b4   Data          63  field.o(.bss)
    screenObj                                0x200013f3   Data          63  field.o(.bss)
    p1                                       0x20001434   Data          76  player.o(.bss)
    playerInventory                          0x20001480   Data          96  player.o(.bss)
    bobaItem                                 0x200014e0   Data          28  shop.o(.bss)
    potionItem                               0x200014fc   Data          28  shop.o(.bss)
    pokeballItem                             0x20001518   Data          28  shop.o(.bss)
    __libspace_start                         0x20001534   Data          96  libspace.o(.bss)
    __temporary_stack_top$libspace           0x20001594   Data           0  libspace.o(.bss)



==============================================================================

Memory Map of the image

  Image Entry point : 0x0000026d

  Load Region LR_1 (Base: 0x00000000, Size: 0x0001277c, Max: 0xffffffff, ABSOLUTE, COMPRESSED[0x00012130])

    Execution Region ER_RO (Exec base: 0x00000000, Load base: 0x00000000, Size: 0x00011ed8, Max: 0xffffffff, ABSOLUTE)

    Exec Addr    Load Addr    Size         Type   Attr      Idx    E Section Name        Object

    0x00000000   0x00000000   0x00000284   Code   RO            3  * RESET               startup.o
    0x00000284   0x00000284   0x00000008   Code   RO         1128  * !!!main             c_w.l(__main.o)
    0x0000028c   0x0000028c   0x00000034   Code   RO         1337    !!!scatter          c_w.l(__scatter.o)
    0x000002c0   0x000002c0   0x00000064   Code   RO         1335    !!dclz77c           c_w.l(__dclz77c.o)
    0x00000324   0x00000324   0x0000001c   Code   RO         1339    !!handler_zi        c_w.l(__scatter_zi.o)
    0x00000340   0x00000340   0x00000002   Code   RO         1274    .ARM.Collect$$libinit$$00000000  c_w.l(libinit.o)
    0x00000342   0x00000342   0x00000000   Code   RO         1167    .ARM.Collect$$libinit$$00000002  c_w.l(libinit2.o)
    0x00000342   0x00000342   0x00000000   Code   RO         1169    .ARM.Collect$$libinit$$00000004  c_w.l(libinit2.o)
    0x00000342   0x00000342   0x00000008   Code   RO         1170    .ARM.Collect$$libinit$$00000005  c_w.l(libinit2.o)
    0x0000034a   0x0000034a   0x00000000   Code   RO         1172    .ARM.Collect$$libinit$$0000000A  c_w.l(libinit2.o)
    0x0000034a   0x0000034a   0x00000000   Code   RO         1174    .ARM.Collect$$libinit$$0000000C  c_w.l(libinit2.o)
    0x0000034a   0x0000034a   0x00000000   Code   RO         1176    .ARM.Collect$$libinit$$0000000E  c_w.l(libinit2.o)
    0x0000034a   0x0000034a   0x00000000   Code   RO         1179    .ARM.Collect$$libinit$$00000011  c_w.l(libinit2.o)
    0x0000034a   0x0000034a   0x00000000   Code   RO         1181    .ARM.Collect$$libinit$$00000013  c_w.l(libinit2.o)
    0x0000034a   0x0000034a   0x00000000   Code   RO         1183    .ARM.Collect$$libinit$$00000015  c_w.l(libinit2.o)
    0x0000034a   0x0000034a   0x00000000   Code   RO         1185    .ARM.Collect$$libinit$$00000017  c_w.l(libinit2.o)
    0x0000034a   0x0000034a   0x00000000   Code   RO         1187    .ARM.Collect$$libinit$$00000019  c_w.l(libinit2.o)
    0x0000034a   0x0000034a   0x00000000   Code   RO         1189    .ARM.Collect$$libinit$$0000001B  c_w.l(libinit2.o)
    0x0000034a   0x0000034a   0x00000000   Code   RO         1191    .ARM.Collect$$libinit$$0000001D  c_w.l(libinit2.o)
    0x0000034a   0x0000034a   0x00000000   Code   RO         1193    .ARM.Collect$$libinit$$0000001F  c_w.l(libinit2.o)
    0x0000034a   0x0000034a   0x00000000   Code   RO         1195    .ARM.Collect$$libinit$$00000021  c_w.l(libinit2.o)
    0x0000034a   0x0000034a   0x00000000   Code   RO         1197    .ARM.Collect$$libinit$$00000023  c_w.l(libinit2.o)
    0x0000034a   0x0000034a   0x00000000   Code   RO         1199    .ARM.Collect$$libinit$$00000025  c_w.l(libinit2.o)
    0x0000034a   0x0000034a   0x00000000   Code   RO         1203    .ARM.Collect$$libinit$$0000002C  c_w.l(libinit2.o)
    0x0000034a   0x0000034a   0x00000000   Code   RO         1205    .ARM.Collect$$libinit$$0000002E  c_w.l(libinit2.o)
    0x0000034a   0x0000034a   0x00000000   Code   RO         1207    .ARM.Collect$$libinit$$00000030  c_w.l(libinit2.o)
    0x0000034a   0x0000034a   0x00000000   Code   RO         1209    .ARM.Collect$$libinit$$00000032  c_w.l(libinit2.o)
    0x0000034a   0x0000034a   0x00000002   Code   RO         1210    .ARM.Collect$$libinit$$00000033  c_w.l(libinit2.o)
    0x0000034c   0x0000034c   0x00000002   Code   RO         1332    .ARM.Collect$$libshutdown$$00000000  c_w.l(libshutdown.o)
    0x0000034e   0x0000034e   0x00000000   Code   RO         1288    .ARM.Collect$$libshutdown$$00000002  c_w.l(libshutdown2.o)
    0x0000034e   0x0000034e   0x00000000   Code   RO         1290    .ARM.Collect$$libshutdown$$00000004  c_w.l(libshutdown2.o)
    0x0000034e   0x0000034e   0x00000000   Code   RO         1293    .ARM.Collect$$libshutdown$$00000007  c_w.l(libshutdown2.o)
    0x0000034e   0x0000034e   0x00000000   Code   RO         1296    .ARM.Collect$$libshutdown$$0000000A  c_w.l(libshutdown2.o)
    0x0000034e   0x0000034e   0x00000000   Code   RO         1298    .ARM.Collect$$libshutdown$$0000000C  c_w.l(libshutdown2.o)
    0x0000034e   0x0000034e   0x00000000   Code   RO         1301    .ARM.Collect$$libshutdown$$0000000F  c_w.l(libshutdown2.o)
    0x0000034e   0x0000034e   0x00000002   Code   RO         1302    .ARM.Collect$$libshutdown$$00000010  c_w.l(libshutdown2.o)
    0x00000350   0x00000350   0x00000000   Code   RO         1132    .ARM.Collect$$rtentry$$00000000  c_w.l(__rtentry.o)
    0x00000350   0x00000350   0x00000000   Code   RO         1217    .ARM.Collect$$rtentry$$00000002  c_w.l(__rtentry2.o)
    0x00000350   0x00000350   0x00000006   Code   RO         1229    .ARM.Collect$$rtentry$$00000004  c_w.l(__rtentry4.o)
    0x00000356   0x00000356   0x00000000   Code   RO         1219    .ARM.Collect$$rtentry$$00000009  c_w.l(__rtentry2.o)
    0x00000356   0x00000356   0x00000004   Code   RO         1220    .ARM.Collect$$rtentry$$0000000A  c_w.l(__rtentry2.o)
    0x0000035a   0x0000035a   0x00000000   Code   RO         1222    .ARM.Collect$$rtentry$$0000000C  c_w.l(__rtentry2.o)
    0x0000035a   0x0000035a   0x00000008   Code   RO         1223    .ARM.Collect$$rtentry$$0000000D  c_w.l(__rtentry2.o)
    0x00000362   0x00000362   0x00000002   Code   RO         1277    .ARM.Collect$$rtexit$$00000000  c_w.l(rtexit.o)
    0x00000364   0x00000364   0x00000000   Code   RO         1306    .ARM.Collect$$rtexit$$00000002  c_w.l(rtexit2.o)
    0x00000364   0x00000364   0x00000004   Code   RO         1307    .ARM.Collect$$rtexit$$00000003  c_w.l(rtexit2.o)
    0x00000368   0x00000368   0x00000006   Code   RO         1308    .ARM.Collect$$rtexit$$00000004  c_w.l(rtexit2.o)
    0x0000036e   0x0000036e   0x00000002   PAD
    0x00000370   0x00000370   0x00000000   Code   RO         1233    .emb_text           c_w.l(maybetermalloc1.o)
    0x00000370   0x00000370   0x00000030   Code   RO            4    .text               startup.o
    0x000003a0   0x000003a0   0x00000040   Code   RO           13    .text               random.o
    0x000003e0   0x000003e0   0x00000048   Code   RO          465    .text               lcd.o
    0x00000428   0x00000428   0x0000005e   Code   RO         1068    .text               c_w.l(h1_alloc.o)
    0x00000486   0x00000486   0x00000064   Code   RO         1122    .text               c_w.l(rt_memcpy_w.o)
    0x000004ea   0x000004ea   0x0000004e   Code   RO         1124    .text               c_w.l(rt_memclr_w.o)
    0x00000538   0x00000538   0x00000006   Code   RO         1126    .text               c_w.l(heapauxi.o)
    0x0000053e   0x0000053e   0x00000002   PAD
    0x00000540   0x00000540   0x00000008   Code   RO         1136    .text               c_w.l(rt_heap_descriptor_intlibspace.o)
    0x00000548   0x00000548   0x00000004   Code   RO         1138    .text               c_w.l(hguard.o)
    0x0000054c   0x0000054c   0x0000008a   Code   RO         1140    .text               c_w.l(init_alloc.o)
    0x000005d6   0x000005d6   0x0000000e   Code   RO         1146    .text               c_w.l(h1_init.o)
    0x000005e4   0x000005e4   0x0000004e   Code   RO         1148    .text               c_w.l(h1_free.o)
    0x00000632   0x00000632   0x00000002   PAD
    0x00000634   0x00000634   0x00000008   Code   RO         1213    .text               c_w.l(libspace.o)
    0x0000063c   0x0000063c   0x00000034   Code   RO         1235    .text               c_w.l(h1_extend.o)
    0x00000670   0x00000670   0x0000000e   Code   RO         1239    .text               c_w.l(defsig_rtmem_outer.o)
    0x0000067e   0x0000067e   0x00000002   Code   RO         1250    .text               c_w.l(use_no_semi.o)
    0x00000680   0x00000680   0x00000000   Code   RO         1252    .text               c_w.l(indicate_semi.o)
    0x00000680   0x00000680   0x0000004a   Code   RO         1253    .text               c_w.l(sys_stackheap_outer.o)
    0x000006ca   0x000006ca   0x00000012   Code   RO         1259    .text               c_w.l(exit.o)
    0x000006dc   0x000006dc   0x0000000a   Code   RO         1261    .text               c_w.l(defsig_exit.o)
    0x000006e6   0x000006e6   0x00000002   PAD
    0x000006e8   0x000006e8   0x00000050   Code   RO         1263    .text               c_w.l(defsig_rtmem_inner.o)
    0x00000738   0x00000738   0x0000000c   Code   RO         1275    .text               c_w.l(sys_exit.o)
    0x00000744   0x00000744   0x00000032   Code   RO         1285    .text               c_w.l(defsig_general.o)
    0x00000776   0x00000776   0x0000000e   Code   RO         1303    .text               c_w.l(sys_wrch.o)
    0x00000784   0x00000784   0x00000038   Code   RO          982    i.ADC_In89          adc_joystick.o
    0x000007bc   0x000007bc   0x00000124   Code   RO          983    i.ADC_Init89        adc_joystick.o
    0x000008e0   0x000008e0   0x00000020   Code   RO          790    i.ClearScreenGrid   field.o
    0x00000900   0x00000900   0x00000020   Code   RO           16    i.Delay1ms          st7735.o
    0x00000920   0x00000920   0x00000024   Code   RO          598    i.DrawAllSprites    draw.o
    0x00000944   0x00000944   0x00000470   Code   RO          677    i.DrawBattleInventory  drawscreen.o
    0x00000db4   0x00000db4   0x00000584   Code   RO          678    i.DrawBattleScreen  drawscreen.o
    0x00001338   0x00001338   0x0000007c   Code   RO          599    i.DrawBorder        draw.o
    0x000013b4   0x000013b4   0x00000270   Code   RO          791    i.DrawField         field.o
    0x00001624   0x00001624   0x00000034   Code   RO          601    i.DrawGridSprite    draw.o
    0x00001658   0x00001658   0x0000003c   Code   RO          679    i.DrawLanguageSelection  drawscreen.o
    0x00001694   0x00001694   0x000006c8   Code   RO          680    i.DrawMoveCommands  drawscreen.o
    0x00001d5c   0x00001d5c   0x00000052   Code   RO          602    i.DrawSelection     draw.o
    0x00001dae   0x00001dae   0x00000002   PAD
    0x00001db0   0x00001db0   0x000003c8   Code   RO          952    i.DrawShopScreen    shop.o
    0x00002178   0x00002178   0x000000ec   Code   RO          681    i.DrawSimpleMenu    drawscreen.o
    0x00002264   0x00002264   0x0000001e   Code   RO          603    i.DrawSpriteImg     draw.o
    0x00002282   0x00002282   0x00000034   Code   RO          605    i.DrawSpriteSelection  draw.o
    0x000022b6   0x000022b6   0x00000002   PAD
    0x000022b8   0x000022b8   0x00000158   Code   RO          682    i.DrawStatusScreen  drawscreen.o
    0x00002410   0x00002410   0x00000200   Code   RO          683    i.DrawTitleScreen   drawscreen.o
    0x00002610   0x00002610   0x000001e8   Code   RO          684    i.DrawWorld         drawscreen.o
    0x000027f8   0x000027f8   0x00000014   Code   RO          792    i.GetFieldGrid      field.o
    0x0000280c   0x0000280c   0x0000001c   Code   RO          606    i.GetGridX          draw.o
    0x00002828   0x00002828   0x0000001c   Code   RO          607    i.GetGridY          draw.o
    0x00002844   0x00002844   0x00000014   Code   RO          793    i.GetObjGrid        field.o
    0x00002858   0x00002858   0x00000084   Code   RO          794    i.InitBackgroundTypes  field.o
    0x000028dc   0x000028dc   0x00000070   Code   RO          872    i.InitInventory     player.o
    0x0000294c   0x0000294c   0x00000150   Code   RO          573    i.InitMoves         battle.o
    0x00002a9c   0x00002a9c   0x00000094   Code   RO          873    i.InitPlayer        player.o
    0x00002b30   0x00002b30   0x0000014c   Code   RO          685    i.InitPokemon       drawscreen.o
    0x00002c7c   0x00002c7c   0x00000170   Code   RO          953    i.InitShop          shop.o
    0x00002dec   0x00002dec   0x00000024   Code   RO          874    i.InitTeam          player.o
    0x00002e10   0x00002e10   0x00000032   Code   RO          795    i.IsWalkable        field.o
    0x00002e42   0x00002e42   0x00000002   PAD
    0x00002e44   0x00002e44   0x00000064   Code   RO          876    i.MoveDown          player.o
    0x00002ea8   0x00002ea8   0x00000068   Code   RO          877    i.MoveLeft          player.o
    0x00002f10   0x00002f10   0x00000068   Code   RO          878    i.MoveRight         player.o
    0x00002f78   0x00002f78   0x00000064   Code   RO          879    i.MoveUp            player.o
    0x00002fdc   0x00002fdc   0x00000010   Code   RO           19    i.Output_Init       st7735.o
    0x00002fec   0x00002fec   0x0000007c   Code   RO          293    i.PLL_Init          pll.o
    0x00003068   0x00003068   0x000000fc   Code   RO          471    i.PrintWinLoseScreen  spaceinvaders.o
    0x00003164   0x00003164   0x00000120   Code   RO           23    i.ST7735_DrawBitmap  st7735.o
    0x00003284   0x00003284   0x000000f8   Code   RO           25    i.ST7735_DrawCharS  st7735.o
    0x0000337c   0x0000337c   0x00000048   Code   RO           28    i.ST7735_DrawPixel  st7735.o
    0x000033c4   0x000033c4   0x00000056   Code   RO           29    i.ST7735_DrawString  st7735.o
    0x0000341a   0x0000341a   0x00000002   PAD
    0x0000341c   0x0000341c   0x000000ac   Code   RO           30    i.ST7735_FillRect   st7735.o
    0x000034c8   0x000034c8   0x00000024   Code   RO           31    i.ST7735_FillScreen  st7735.o
    0x000034ec   0x000034ec   0x0000007c   Code   RO           33    i.ST7735_InitR      st7735.o
    0x00003568   0x00003568   0x000000d4   Code   RO           35    i.ST7735_OutChar    st7735.o
    0x0000363c   0x0000363c   0x00000018   Code   RO           36    i.ST7735_OutString  st7735.o
    0x00003654   0x00003654   0x00000020   Code   RO           46    i.ST7735_SetCursor  st7735.o
    0x00003674   0x00003674   0x0000000c   Code   RO           48    i.ST7735_SetTextColor  st7735.o
    0x00003680   0x00003680   0x00000018   Code   RO          984    i.SysTick_Handler   adc_joystick.o
    0x00003698   0x00003698   0x0000001c   Code   RO          985    i.SysTick_Init      adc_joystick.o
    0x000036b4   0x000036b4   0x00000018   Code   RO          344    i.Timer0A_Handler   timer0.o
    0x000036cc   0x000036cc   0x00000018   Code   RO          365    i.Timer1A_Handler   timer1.o
    0x000036e4   0x000036e4   0x00000060   Code   RO          366    i.Timer1_Init       timer1.o
    0x00003744   0x00003744   0x000000a0   Code   RO          880    i.addPokemon        player.o
    0x000037e4   0x000037e4   0x00000056   Code   RO           50    i.commandList       st7735.o
    0x0000383a   0x0000383a   0x00000002   PAD
    0x0000383c   0x0000383c   0x00000188   Code   RO           51    i.commonInit        st7735.o
    0x000039c4   0x000039c4   0x00000028   Code   RO          986    i.getJoystickX      adc_joystick.o
    0x000039ec   0x000039ec   0x00000028   Code   RO          987    i.getJoystickY      adc_joystick.o
    0x00003a14   0x00003a14   0x00000030   Code   RO          988    i.isPE2Pressed      adc_joystick.o
    0x00003a44   0x00003a44   0x00000030   Code   RO          989    i.isPE3Pressed      adc_joystick.o
    0x00003a74   0x00003a74   0x00000094   Code   RO          472    i.main              spaceinvaders.o
    0x00003b08   0x00003b08   0x0000007c   Code   RO          687    i.moveShakeBack     drawscreen.o
    0x00003b84   0x00003b84   0x00000050   Code   RO          688    i.moveShakeLeft     drawscreen.o
    0x00003bd4   0x00003bd4   0x00000050   Code   RO          689    i.moveShakeRight    drawscreen.o
    0x00003c24   0x00003c24   0x00000012   Code   RO           56    i.pushColor         st7735.o
    0x00003c36   0x00003c36   0x00000002   PAD
    0x00003c38   0x00003c38   0x00000074   Code   RO           57    i.setAddrWindow     st7735.o
    0x00003cac   0x00003cac   0x000007e2   Data   RO           59    .constdata          st7735.o
    0x0000448e   0x0000448e   0x0000000a   Data   RO          560    .constdata          systeminfo.o
    0x00004498   0x00004498   0x0000007c   Data   RO          575    .constdata          battle.o
    0x00004514   0x00004514   0x00000200   Data   RO          691    .constdata          drawscreen.o
    0x00004714   0x00004714   0x0000004c   Data   RO          798    .constdata          field.o
    0x00004760   0x00004760   0x00000016   Data   RO          858    .constdata          pokemontype.o
    0x00004776   0x00004776   0x00000002   PAD
    0x00004778   0x00004778   0x0000007c   Data   RO          882    .constdata          player.o
    0x000047f4   0x000047f4   0x000000cc   Data   RO          955    .constdata          shop.o
    0x000048c0   0x000048c0   0x00003d80   Data   RO         1043    .constdata          imagesother.o
    0x00008640   0x00008640   0x00001800   Data   RO         1050    .constdata          textsprites.o
    0x00009e40   0x00009e40   0x00007f00   Data   RO         1057    .constdata          imagespokemon2.o
    0x00011d40   0x00011d40   0x000000f1   Data   RO          576    .conststring        battle.o
    0x00011e31   0x00011e31   0x00000003   PAD
    0x00011e34   0x00011e34   0x00000033   Data   RO          692    .conststring        drawscreen.o
    0x00011e67   0x00011e67   0x00000001   PAD
    0x00011e68   0x00011e68   0x0000004e   Data   RO          956    .conststring        shop.o
    0x00011eb6   0x00011eb6   0x00000002   PAD
    0x00011eb8   0x00011eb8   0x00000020   Data   RO         1333    Region$$Table       anon$$obj.o


    Execution Region ER_RW (Exec base: 0x20000000, Load base: 0x00011ed8, Size: 0x000008a4, Max: 0xffffffff, ABSOLUTE, COMPRESSED[0x00000258])

    Exec Addr    Load Addr    Size         Type   Attr      Idx    E Section Name        Object

    0x20000000   COMPRESSED   0x00000028   Data   RW           60    .data               st7735.o
    0x20000028   COMPRESSED   0x00000004   Data   RW          346    .data               timer0.o
    0x2000002c   COMPRESSED   0x00000004   Data   RW          367    .data               timer1.o
    0x20000030   COMPRESSED   0x00000002   Data   RW          474    .data               spaceinvaders.o
    0x20000032   COMPRESSED   0x00000004   Data   RW          561    .data               systeminfo.o
    0x20000036   COMPRESSED   0x00000007   Data   RW          693    .data               drawscreen.o
    0x2000003d   COMPRESSED   0x00000708   Data   RW          799    .data               field.o
    0x20000745   COMPRESSED   0x00000144   Data   RW          859    .data               pokemontype.o
    0x20000889   COMPRESSED   0x00000003   PAD
    0x2000088c   COMPRESSED   0x00000008   Data   RW          883    .data               player.o
    0x20000894   COMPRESSED   0x0000000a   Data   RW          990    .data               adc_joystick.o
    0x2000089e   COMPRESSED   0x00000002   PAD
    0x200008a0   COMPRESSED   0x00000004   Data   RW           12    DATA                random.o


    Execution Region ER_ZI (Exec base: 0x200008a4, Load base: 0x00012130, Size: 0x000010f4, Max: 0xffffffff, ABSOLUTE)

    Exec Addr    Load Addr    Size         Type   Attr      Idx    E Section Name        Object

    0x200008a4        -       0x00000960   Zero   RW          574    .bss                battle.o
    0x20001204        -       0x00000178   Zero   RW          690    .bss                drawscreen.o
    0x2000137c        -       0x000000b6   Zero   RW          797    .bss                field.o
    0x20001432   0x00012130   0x00000002   PAD
    0x20001434        -       0x000000ac   Zero   RW          881    .bss                player.o
    0x200014e0        -       0x00000054   Zero   RW          954    .bss                shop.o
    0x20001534        -       0x00000060   Zero   RW         1214    .bss                c_w.l(libspace.o)
    0x20001594   0x00012130   0x00000004   PAD
    0x20001598        -       0x00000000   Zero   RW            2    HEAP                startup.o
    0x20001598        -       0x00000400   Zero   RW            1    STACK               startup.o


==============================================================================

Image component sizes


      Code (inc. data)   RO Data    RW Data    ZI Data      Debug   Object Name

       576         72          0         10          0       4320   adc_joystick.o
       336         32        365          0       2400       3042   battle.o
       432         20          0          0          0       6611   draw.o
      6540       1166        563          7        376      15498   drawscreen.o
       878         96         76       1800        182       6560   field.o
         0          0      15744          0          0       1022   imagesother.o
         0          0      32512          0          0        914   imagespokemon2.o
        72         12          0          0          0        228   lcd.o
       864         66        124          8        172       6677   player.o
       124          4          0          0          0        439   pll.o
         0          0         22        324          0       1131   pokemontype.o
        64         14          0          4          0        232   random.o
      1336        272        282          0         84       4643   shop.o
       400        198          0          2          0       3381   spaceinvaders.o
      1966        192       2018         40          0      18494   st7735.o
       692        632          0          0       1024        964   startup.o
         0          0         10          4          0        866   systeminfo.o
         0          0       6144          0          0        566   textsprites.o
        24          8          0          4          0        902   timer0.o
       120         30          0          4          0       1392   timer1.o

    ----------------------------------------------------------------------
     14436       2814      57900       2212       4240      77882   Object Totals
         0          0         32          0          0          0   (incl. Generated)
        12          0          8          5          2          0   (incl. Padding)

    ----------------------------------------------------------------------

      Code (inc. data)   RO Data    RW Data    ZI Data      Debug   Library Member Name

       100          0          0          0          0          0   __dclz77c.o
         8          0          0          0          0         68   __main.o
         0          0          0          0          0          0   __rtentry.o
        12          0          0          0          0          0   __rtentry2.o
         6          0          0          0          0          0   __rtentry4.o
        52          8          0          0          0          0   __scatter.o
        28          0          0          0          0          0   __scatter_zi.o
        10          0          0          0          0         68   defsig_exit.o
        50          0          0          0          0         88   defsig_general.o
        80         58          0          0          0         76   defsig_rtmem_inner.o
        14          0          0          0          0         80   defsig_rtmem_outer.o
        18          0          0          0          0         80   exit.o
        94          0          0          0          0         80   h1_alloc.o
        52          0          0          0          0         68   h1_extend.o
        78          0          0          0          0         80   h1_free.o
        14          0          0          0          0         84   h1_init.o
         6          0          0          0          0        152   heapauxi.o
         4          0          0          0          0        136   hguard.o
         0          0          0          0          0          0   indicate_semi.o
       138          0          0          0          0        168   init_alloc.o
         2          0          0          0          0          0   libinit.o
        10          0          0          0          0          0   libinit2.o
         2          0          0          0          0          0   libshutdown.o
         2          0          0          0          0          0   libshutdown2.o
         8          4          0          0         96         68   libspace.o
         0          0          0          0          0          0   maybetermalloc1.o
         8          4          0          0          0         68   rt_heap_descriptor_intlibspace.o
        78          0          0          0          0         80   rt_memclr_w.o
       100          0          0          0          0         80   rt_memcpy_w.o
         2          0          0          0          0          0   rtexit.o
        10          0          0          0          0          0   rtexit2.o
        12          4          0          0          0         68   sys_exit.o
        74          0          0          0          0         80   sys_stackheap_outer.o
        14          0          0          0          0         76   sys_wrch.o
         2          0          0          0          0         68   use_no_semi.o

    ----------------------------------------------------------------------
      1096         78          0          0        100       1816   Library Totals
         8          0          0          0          4          0   (incl. Padding)

    ----------------------------------------------------------------------

      Code (inc. data)   RO Data    RW Data    ZI Data      Debug   Library Name

      1088         78          0          0         96       1816   c_w.l

    ----------------------------------------------------------------------
      1096         78          0          0        100       1816   Library Totals

    ----------------------------------------------------------------------

==============================================================================


      Code (inc. data)   RO Data    RW Data    ZI Data      Debug   

     15532       2892      57900       2212       4340      75430   Grand Totals
     15532       2892      57900        600       4340      75430   ELF Image Totals (compressed)
     15532       2892      57900        600          0          0   ROM Totals

==============================================================================

    Total RO  Size (Code + RO Data)                73432 (  71.71kB)
    Total RW  Size (RW Data + ZI Data)              6552 (   6.40kB)
    Total ROM Size (Code + RO Data + RW Data)      74032 (  72.30kB)

==============================================================================

