Component: ARM Compiler 5.06 update 6 (build 750) Tool: armlink [4d35ed]

==============================================================================

Section Cross References

    startup.o(STACK) refers (Special) to heapauxi.o(.text) for __use_two_region_memory
    startup.o(HEAP) refers (Special) to heapauxi.o(.text) for __use_two_region_memory
    startup.o(RESET) refers (Special) to heapauxi.o(.text) for __use_two_region_memory
    startup.o(RESET) refers to startup.o(STACK) for StackMem
    startup.o(RESET) refers to adc_joystick.o(i.SysTick_Handler) for SysTick_Handler
    startup.o(RESET) refers to timer0.o(i.Timer0A_Handler) for Timer0A_Handler
    startup.o(RESET) refers to timer1.o(i.Timer1A_Handler) for Timer1A_Handler
    startup.o(RESET) refers to __main.o(!!!main) for __main
    startup.o(.text) refers (Special) to heapauxi.o(.text) for __use_two_region_memory
    startup.o(.text) refers to startup.o(HEAP) for HeapMem
    startup.o(.text) refers to startup.o(STACK) for StackMem
    random.o(.text) refers to random.o(DATA) for M
    st7735.o(i.Output_Clear) refers to st7735.o(i.ST7735_FillScreen) for ST7735_FillScreen
    st7735.o(i.Output_Color) refers to st7735.o(i.ST7735_SetTextColor) for ST7735_SetTextColor
    st7735.o(i.Output_Init) refers to st7735.o(i.ST7735_InitR) for ST7735_InitR
    st7735.o(i.Output_Init) refers to st7735.o(i.ST7735_FillScreen) for ST7735_FillScreen
    st7735.o(i.Output_Off) refers to st7735.o(i.Output_Clear) for Output_Clear
    st7735.o(i.Output_On) refers to st7735.o(i.Output_Init) for Output_Init
    st7735.o(i.ST7735_DrawBitmap) refers to st7735.o(i.setAddrWindow) for setAddrWindow
    st7735.o(i.ST7735_DrawBitmap) refers to lcd.o(.text) for writedata
    st7735.o(i.ST7735_DrawBitmap) refers to systeminfo.o(.data) for _width
    st7735.o(i.ST7735_DrawChar) refers to st7735.o(i.setAddrWindow) for setAddrWindow
    st7735.o(i.ST7735_DrawChar) refers to st7735.o(i.pushColor) for pushColor
    st7735.o(i.ST7735_DrawChar) refers to systeminfo.o(.data) for _width
    st7735.o(i.ST7735_DrawChar) refers to st7735.o(.constdata) for Font
    st7735.o(i.ST7735_DrawCharS) refers to st7735.o(i.ST7735_DrawPixel) for ST7735_DrawPixel
    st7735.o(i.ST7735_DrawCharS) refers to st7735.o(i.ST7735_FillRect) for ST7735_FillRect
    st7735.o(i.ST7735_DrawCharS) refers to systeminfo.o(.data) for _width
    st7735.o(i.ST7735_DrawCharS) refers to st7735.o(.constdata) for Font
    st7735.o(i.ST7735_DrawFastHLine) refers to st7735.o(i.setAddrWindow) for setAddrWindow
    st7735.o(i.ST7735_DrawFastHLine) refers to lcd.o(.text) for writedata
    st7735.o(i.ST7735_DrawFastHLine) refers to systeminfo.o(.data) for _width
    st7735.o(i.ST7735_DrawFastVLine) refers to st7735.o(i.setAddrWindow) for setAddrWindow
    st7735.o(i.ST7735_DrawFastVLine) refers to lcd.o(.text) for writedata
    st7735.o(i.ST7735_DrawFastVLine) refers to systeminfo.o(.data) for _width
    st7735.o(i.ST7735_DrawPixel) refers to st7735.o(i.setAddrWindow) for setAddrWindow
    st7735.o(i.ST7735_DrawPixel) refers to st7735.o(i.pushColor) for pushColor
    st7735.o(i.ST7735_DrawPixel) refers to systeminfo.o(.data) for _width
    st7735.o(i.ST7735_DrawString) refers to st7735.o(i.ST7735_DrawCharS) for ST7735_DrawCharS
    st7735.o(i.ST7735_FillRect) refers to st7735.o(i.setAddrWindow) for setAddrWindow
    st7735.o(i.ST7735_FillRect) refers to lcd.o(.text) for writedata
    st7735.o(i.ST7735_FillRect) refers to systeminfo.o(.data) for _width
    st7735.o(i.ST7735_FillScreen) refers to st7735.o(i.ST7735_FillRect) for ST7735_FillRect
    st7735.o(i.ST7735_FillScreen) refers to systeminfo.o(.data) for _height
    st7735.o(i.ST7735_InitB) refers to st7735.o(i.commonInit) for commonInit
    st7735.o(i.ST7735_InitB) refers to st7735.o(i.ST7735_SetCursor) for ST7735_SetCursor
    st7735.o(i.ST7735_InitB) refers to st7735.o(i.ST7735_FillScreen) for ST7735_FillScreen
    st7735.o(i.ST7735_InitB) refers to st7735.o(.constdata) for Bcmd
    st7735.o(i.ST7735_InitB) refers to st7735.o(.data) for StTextColor
    st7735.o(i.ST7735_InitR) refers to st7735.o(i.commonInit) for commonInit
    st7735.o(i.ST7735_InitR) refers to st7735.o(i.commandList) for commandList
    st7735.o(i.ST7735_InitR) refers to lcd.o(.text) for writecommand
    st7735.o(i.ST7735_InitR) refers to st7735.o(i.ST7735_SetCursor) for ST7735_SetCursor
    st7735.o(i.ST7735_InitR) refers to st7735.o(i.ST7735_FillScreen) for ST7735_FillScreen
    st7735.o(i.ST7735_InitR) refers to st7735.o(.constdata) for Rcmd1
    st7735.o(i.ST7735_InitR) refers to st7735.o(.data) for ColStart
    st7735.o(i.ST7735_InvertDisplay) refers to lcd.o(.text) for writecommand
    st7735.o(i.ST7735_OutChar) refers to st7735.o(i.ST7735_DrawString) for ST7735_DrawString
    st7735.o(i.ST7735_OutChar) refers to st7735.o(i.ST7735_DrawCharS) for ST7735_DrawCharS
    st7735.o(i.ST7735_OutChar) refers to st7735.o(.data) for StY
[...]
    ../clib/signal.c                         0x00000000   Number         0  defsig_exit.o ABSOLUTE
    ../clib/signal.c                         0x00000000   Number         0  defsig_segv_inner.o ABSOLUTE

    ../clib/armsys.c                         0x00000000   Number         0  _get_argv_nomalloc.o ABSOLUTE
    ../clib/armsys.c                         0x00000000   Number         0  argv_veneer.o ABSOLUTE
    ../clib/armsys.c                         0x00000000   Number         0  _get_argv.o ABSOLUTE
    ../clib/armsys.c                         0x00000000   Number         0  no_argv.o ABSOLUTE
    ../clib/heap1.c                          0x00000000   Number         0  h1_alloc.o ABSOLUTE
    ../clib/heap1.c                          0x00000000   Number         0  h1_free.o ABSOLUTE
    ../clib/heap1.c                          0x00000000   Number         0  h1_alloc_mt.o ABSOLUTE
    ../clib/heap1.c                          0x00000000   Number         0  h1_free_mt.o ABSOLUTE
    ../clib/heap1.c                          0x00000000   Number         0  h1_final_mt.o ABSOLUTE
    ../clib/heap1.c                          0x00000000   Number         0  h1_final.o ABSOLUTE
    ../clib/heap1.c                          0x00000000   Number         0  h1_extend_mt.o ABSOLUTE
    ../clib/heap1.c                          0x00000000   Number         0  h1_extend.o ABSOLUTE
    ../clib/heap1.c                          0x00000000   Number         0  h1_init_mt.o ABSOLUTE
    ../clib/heap1.c                          0x00000000   Number         0  h1_init.o ABSOLUTE
    ../clib/heap2.c                          0x00000000   Number         0  heap2mt.o ABSOLUTE
    ../clib/heap2.c                          0x00000000   Number         0  heap2.o ABSOLUTE
    ../clib/heap2.c                          0x00000000   Number         0  fdtree.o ABSOLUTE
    ../clib/heapalloc.c                      0x00000000   Number         0  hguard.o ABSOLUTE
    ../clib/heapalloc.c                      0x00000000   Number         0  init_alloc.o ABSOLUTE
    ../clib/heapalloc.c                      0x00000000   Number         0  free.o ABSOLUTE
    ../clib/heapalloc.c                      0x00000000   Number         0  heapstubs.o ABSOLUTE
    ../clib/heapalloc.c                      0x00000000   Number         0  maybetermalloc2.o ABSOLUTE
    ../clib/heapalloc.c                      0x00000000   Number         0  maybetermalloc1.o ABSOLUTE
    ../clib/heapalloc.c                      0x00000000   Number         0  maybetermalloc1.o ABSOLUTE
    ../clib/heapalloc.c                      0x00000000   Number         0  hrguard.o ABSOLUTE
    ../clib/heapalloc.c                      0x00000000   Number         0  maybetermalloc2.o ABSOLUTE
    ../clib/heapalloc.c                      0x00000000   Number         0  term_alloc.o ABSOLUTE
    ../clib/heapalloc.c                      0x00000000   Number         0  malloc.o ABSOLUTE
    ../clib/heapaux.c                        0x00000000   Number         0  heapauxi.o ABSOLUTE
    ../clib/heapaux.c                        0x00000000   Number         0  heapauxa.o ABSOLUTE
    ../clib/libinit.s                        0x00000000   Number         0  libshutdown.o ABSOLUTE
    ../clib/libinit.s                        0x00000000   Number         0  libshutdown2.o ABSOLUTE
    ../clib/libinit.s                        0x00000000   Number         0  libinit.o ABSOLUTE
    ../clib/libinit.s                        0x00000000   Number         0  libinit2.o ABSOLUTE
    ../clib/memcpset.s                       0x00000000   Number         0  rt_memcpy_w.o ABSOLUTE
    ../clib/signal.c                         0x00000000   Number         0  __raise.o ABSOLUTE
    ../clib/signal.c                         0x00000000   Number         0  defsig_other.o ABSOLUTE
    ../clib/signal.c                         0x00000000   Number         0  defsig_rtmem_inner.o ABSOLUTE
    ../clib/signal.c                         0x00000000   Number         0  defsig_exit.o ABSOLUTE
    ../clib/signal.c                         0x00000000   Number         0  defsig_segv_inner.o ABSOLUTE
    ../clib/signal.c                         0x00000000   Number         0  defsig_general.o ABSOLUTE
    ../clib/signal.c                         0x00000000   Number         0  defsig_cppl_inner.o ABSOLUTE
    ../clib/signal.c                         0x00000000   Number         0  defsig_rtmem_formal.o ABSOLUTE
    ../clib/signal.c                         0x00000000   Number         0  defsig_rtmem_outer.o ABSOLUTE
    ../clib/signal.c                         0x00000000   Number         0  defsig_pvfn_inner.o ABSOLUTE
    ../clib/signal.c                         0x00000000   Number         0  defsig_stak_inner.o ABSOLUTE
    ../clib/signal.c                         0x00000000   Number         0  defsig_rtred_inner.o ABSOLUTE
    ../clib/signal.c                         0x00000000   Number         0  defsig_fpe_inner.o ABSOLUTE
    ../clib/signal.c                         0x00000000   Number         0  defsig_abrt_inner.o ABSOLUTE

    ../clib/signal.c                         0x00000000   Number         0  defsig_rtmem_outer.o ABSOLUTE

    ../clib/signal.c                         0x00000000   Number         0  defsig_cppl_inner.o ABSOLUTE
    ../clib/signal.c                         0x00000000   Number         0  defsig_segv_inner.o ABSOLUTE
    ../clib/signal.c                         0x00000000   Number         0  defsig_other.o ABSOLUTE
    ../clib/signal.c                         0x00000000   Number         0  defsig_general.o ABSOLUTE

    ../clib/signal.s                         0x00000000   Number         0  defsig.o ABSOLUTE
    ../clib/stdlib.c                         0x00000000   Number         0  exit.o ABSOLUTE
    ../fplib/fpinit.s                        0x00000000   Number         0  fpinit.o ABSOLUTE
    ADC.c                                    0x00000000   Number         0  adc.o ABSOLUTE
    ADC_Joystick.c                           0x00000000   Number         0  adc_joystick.o ABSOLUTE
    Battle.c                                 0x00000000   Number         0  battle.o ABSOLUTE
    DAC.c                                    0x00000000   Number         0  dac.o ABSOLUTE
    Draw.c                                   0x00000000   Number         0  draw.o ABSOLUTE
    DrawScreen.c                             0x00000000   Number         0  drawscreen.o ABSOLUTE
    Field.c                                  0x00000000   Number         0  field.o ABSOLUTE
    LCD.s                                    0x00000000   Number         0  lcd.o ABSOLUTE
    PLL.c                                    0x00000000   Number         0  pll.o ABSOLUTE
    Player.c                                 0x00000000   Number         0  player.o ABSOLUTE
    PokemonType.c                            0x00000000   Number         0  pokemontype.o ABSOLUTE
    Print.s                                  0x00000000   Number         0  print.o ABSOLUTE
    ST7735.c                                 0x00000000   Number         0  st7735.o ABSOLUTE
    Shop.c                                   0x00000000   Number         0  shop.o ABSOLUTE
    Sound.c                                  0x00000000   Number         0  sound.o ABSOLUTE
    SpaceInvaders.c                          0x00000000   Number         0  spaceinvaders.o ABSOLUTE
    SystemInfo.c                             0x00000000   Number         0  systeminfo.o ABSOLUTE
    Timer0.c                                 0x00000000   Number         0  timer0.o ABSOLUTE
    Timer1.c                                 0x00000000   Number         0  timer1.o ABSOLUTE
    dc.s                                     0x00000000   Number         0  dc.o ABSOLUTE
    random.s                                 0x00000000   Number         0  random.o ABSOLUTE
    startup.s                                0x00000000   Number         0  startup.o ABSOLUTE
    !!!main                                  0x00000284   Section        8  __main.o(!!!main)
    !!!scatter                               0x0000028c   Section       52  __scatter.o(!!!scatter)
    !!handler_copy                           0x000002c0   Section       26  __scatter_copy.o(!!handler_copy)
    !!handler_zi                             0x000002dc   Section       28  __scatter_zi.o(!!handler_zi)
    .ARM.Collect$$libinit$$00000000          0x000002f8   Section        2  libinit.o(.ARM.Collect$$libinit$$00000000)
    .ARM.Collect$$libinit$$00000002          0x000002fa   Section        0  libinit2.o(.ARM.Collect$$libinit$$00000002)
    .ARM.Collect$$libinit$$00000004          0x000002fa   Section        0  libinit2.o(.ARM.Collect$$libinit$$00000004)
    .ARM.Collect$$libinit$$0000000A          0x000002fa   Section        0  libinit2.o(.ARM.Collect$$libinit$$0000000A)
    .ARM.Collect$$libinit$$0000000C          0x000002fa   Section        0  libinit2.o(.ARM.Collect$$libinit$$0000000C)
    .ARM.Collect$$libinit$$0000000E          0x000002fa   Section        0  libinit2.o(.ARM.Collect$$libinit$$0000000E)
    .ARM.Collect$$libinit$$00000011          0x000002fa   Section        0  libinit2.o(.ARM.Collect$$libinit$$00000011)
    .ARM.Collect$$libinit$$00000013          0x000002fa   Section        0  libinit2.o(.ARM.Collect$$libinit$$00000013)
    .ARM.Collect$$libinit$$00000015          0x000002fa   Section        0  libinit2.o(.ARM.Collect$$libinit$$00000015)
    .ARM.Collect$$libinit$$00000017          0x000002fa   Section        0  libinit2.o(.ARM.Collect$$libinit$$00000017)
    .ARM.Collect$$libinit$$00000019          0x000002fa   Section        0  libinit2.o(.ARM.Collect$$libinit$$00000019)
    .ARM.Collect$$libinit$$0000001B          0x000002fa   Section        0  libinit2.o(.ARM.Collect$$libinit$$0000001B)
    .ARM.Collect$$libinit$$0000001D          0x000002fa   Section        0  libinit2.o(.ARM.Collect$$libinit$$0000001D)
    .ARM.Collect$$libinit$$0000001F          0x000002fa   Section        0  libinit2.o(.ARM.Collect$$libinit$$0000001F)
    .ARM.Collect$$libinit$$00000021          0x000002fa   Section        0  libinit2.o(.ARM.Collect$$libinit$$00000021)
    .ARM.Collect$$libinit$$00000023          0x000002fa   Section        0  libinit2.o(.ARM.Collect$$libinit$$00000023)
    .ARM.Collect$$libinit$$00000025          0x000002fa   Section        0  libinit2.o(.ARM.Collect$$libinit$$00000025)
    .ARM.Collect$$libinit$$0000002C          0x000002fa   Section        0  libinit2.o(.ARM.Collect$$libinit$$0000002C)
    .ARM.Collect$$libinit$$0000002E          0x000002fa   Section        0  libinit2.o(.ARM.Collect$$libinit$$0000002E)
    .ARM.Collect$$libinit$$00000030          0x000002fa   Section        0  libinit2.o(.ARM.Collect$$libinit$$00000030)
    .ARM.Collect$$libinit$$00000032          0x000002fa   Section        0  libinit2.o(.ARM.Collect$$libinit$$00000032)
    .ARM.Collect$$libinit$$00000033          0x000002fa   Section        2  libinit2.o(.ARM.Collect$$libinit$$00000033)
    .ARM.Collect$$libshutdown$$00000000      0x000002fc   Section        2  libshutdown.o(.ARM.Collect$$libshutdown$$00000000)
    .ARM.Collect$$libshutdown$$00000002      0x000002fe   Section        0  libshutdown2.o(.ARM.Collect$$libshutdown$$00000002)
    .ARM.Collect$$libshutdown$$00000004      0x000002fe   Section        0  libshutdown2.o(.ARM.Collect$$libshutdown$$00000004)
    .ARM.Collect$$libshutdown$$00000007      0x000002fe   Section        0  libshutdown2.o(.ARM.Collect$$libshutdown$$00000007)
    .ARM.Collect$$libshutdown$$0000000A      0x000002fe   Section        0  libshutdown2.o(.ARM.Collect$$libshutdown$$0000000A)
    .ARM.Collect$$libshutdown$$0000000C      0x000002fe   Section        0  libshutdown2.o(.ARM.Collect$$libshutdown$$0000000C)
    .ARM.Collect$$libshutdown$$0000000F      0x000002fe   Section        0  libshutdown2.o(.ARM.Collect$$libshutdown$$0000000F)
    .ARM.Collect$$libshutdown$$00000010      0x000002fe   Section        2  libshutdown2.o(.ARM.Collect$$libshutdown$$00000010)
    .ARM.Collect$$rtentry$$00000000          0x00000300   Section        0  __rtentry.o(.ARM.Collect$$rtentry$$00000000)
    .ARM.Collect$$rtentry$$00000002          0x00000300   Section        0  __rtentry2.o(.ARM.Collect$$rtentry$$00000002)
    .ARM.Collect$$rtentry$$00000004          0x00000300   Section        6  __rtentry4.o(.ARM.Collect$$rtentry$$00000004)
    .ARM.Collect$$rtentry$$00000009          0x00000306   Section        0  __rtentry2.o(.ARM.Collect$$rtentry$$00000009)
    .ARM.Collect$$rtentry$$0000000A          0x00000306   Section        4  __rtentry2.o(.ARM.Collect$$rtentry$$0000000A)
    .ARM.Collect$$rtentry$$0000000C          0x0000030a   Section        0  __rtentry2.o(.ARM.Collect$$rtentry$$0000000C)
    .ARM.Collect$$rtentry$$0000000D          0x0000030a   Section        8  __rtentry2.o(.ARM.Collect$$rtentry$$0000000D)
    .ARM.Collect$$rtexit$$00000000           0x00000312   Section        2  rtexit.o(.ARM.Collect$$rtexit$$00000000)
    .ARM.Collect$$rtexit$$00000002           0x00000314   Section        0  rtexit2.o(.ARM.Collect$$rtexit$$00000002)
    .ARM.Collect$$rtexit$$00000003           0x00000314   Section        4  rtexit2.o(.ARM.Collect$$rtexit$$00000003)
    .ARM.Collect$$rtexit$$00000004           0x00000318   Section        6  rtexit2.o(.ARM.Collect$$rtexit$$00000004)
    .text                                    0x00000320   Section       48  startup.o(.text)
    .text                                    0x00000350   Section       64  random.o(.text)
    .text                                    0x00000390   Section       72  lcd.o(.text)
    .text                                    0x000003d8   Section      100  rt_memcpy_w.o(.text)

    .text                                    0x0000043c   Section        0  heapauxi.o(.text)
    .text                                    0x00000442   Section       74  sys_stackheap_outer.o(.text)
    .text                                    0x0000048c   Section        0  exit.o(.text)
    .text                                    0x000004a0   Section        8  libspace.o(.text)
    .text                                    0x000004a8   Section        0  sys_exit.o(.text)
    .text                                    0x000004b4   Section        2  use_no_semi.o(.text)
    .text                                    0x000004b6   Section        0  indicate_semi.o(.text)
    i.ADC_In89                               0x000004b8   Section        0  adc_joystick.o(i.ADC_In89)
    i.ADC_Init89                             0x000004f0   Section        0  adc_joystick.o(i.ADC_Init89)
    i.Delay100ms                             0x00000600   Section        0  draw.o(i.Delay100ms)
    i.Delay1ms                               0x00000624   Section        0  st7735.o(i.Delay1ms)
    i.DrawAllSprites                         0x00000644   Section        0  draw.o(i.DrawAllSprites)
    i.DrawBattleScreen                       0x00000668   Section        0  drawscreen.o(i.DrawBattleScreen)
    i.DrawSpriteImg                          0x000007ec   Section        0  draw.o(i.DrawSpriteImg)
    i.Output_Init                            0x0000080a   Section        0  st7735.o(i.Output_Init)
    i.PLL_Init                               0x0000081c   Section        0  pll.o(i.PLL_Init)
    i.ST7735_DrawBitmap                      0x00000898   Section        0  st7735.o(i.ST7735_DrawBitmap)
    i.ST7735_FillRect                        0x000009b8   Section        0  st7735.o(i.ST7735_FillRect)
    i.ST7735_FillScreen                      0x00000a64   Section        0  st7735.o(i.ST7735_FillScreen)
    i.ST7735_InitR                           0x00000a88   Section        0  st7735.o(i.ST7735_InitR)
    i.ST7735_SetCursor                       0x00000b04   Section        0  st7735.o(i.ST7735_SetCursor)
    i.SysTick_Handler                        0x00000b24   Section        0  adc_joystick.o(i.SysTick_Handler)
    i.SysTick_Init                           0x00000b3c   Section        0  adc_joystick.o(i.SysTick_Init)
    i.Timer0A_Handler                        0x00000b54   Section        0  timer0.o(i.Timer0A_Handler)
    i.Timer1A_Handler                        0x00000b6c   Section        0  timer1.o(i.Timer1A_Handler)
    i.commandList                            0x00000b84   Section        0  st7735.o(i.commandList)
    commandList                              0x00000b85   Thumb Code    86  st7735.o(i.commandList)
    i.commonInit                             0x00000bdc   Section        0  st7735.o(i.commonInit)
    commonInit                               0x00000bdd   Thumb Code   342  st7735.o(i.commonInit)
    i.main                                   0x00000d64   Section        0  spaceinvaders.o(i.main)
    i.setAddrWindow                          0x00000f64   Section        0  st7735.o(i.setAddrWindow)
    setAddrWindow                            0x00000f65   Thumb Code   106  st7735.o(i.setAddrWindow)
    .constdata                               0x00000fd8   Section     2018  st7735.o(.constdata)
    Font                                     0x00000fd8   Data        1275  st7735.o(.constdata)
    Bcmd                                     0x000014d3   Data         103  st7735.o(.constdata)
    Rcmd1                                    0x0000153a   Data          59  st7735.o(.constdata)
    Rcmd2green                               0x00001575   Data          13  st7735.o(.constdata)
    Rcmd2red                                 0x00001582   Data          13  st7735.o(.constdata)
    Rcmd3                                    0x0000158f   Data          43  st7735.o(.constdata)
    .constdata                               0x000017bc   Section    19496  spaceinvaders.o(.constdata)
    .constdata                               0x000063e4   Section     2563  field.o(.constdata)
    .constdata                               0x00006de7   Section       22  pokemontype.o(.constdata)
    .constdata                               0x00006e00   Section     4208  drawscreen.o(.constdata)
    .conststring                             0x00007e70   Section       34  spaceinvaders.o(.conststring)
    .text                                    0x0000043c   Section        0  heapauxi.o(.text)
    .text                                    0x00000444   Section        8  libspace.o(.text)
    .text                                    0x0000044c   Section        2  use_no_semi.o(.text)
    .text                                    0x0000044e   Section        0  indicate_semi.o(.text)
    .text                                    0x0000044e   Section       74  sys_stackheap_outer.o(.text)
    .text                                    0x00000498   Section        0  exit.o(.text)
    .text                                    0x000004ac   Section        0  sys_exit.o(.text)
    i.ADC_In89                               0x000004b8   Section        0  adc_joystick.o(i.ADC_In89)
    i.ADC_Init89                             0x000004f0   Section        0  adc_joystick.o(i.ADC_Init89)
    i.Delay100ms                             0x00000608   Section        0  draw.o(i.Delay100ms)
    i.Delay1ms                               0x0000062c   Section        0  st7735.o(i.Delay1ms)
    i.DrawAllSprites                         0x0000064c   Section        0  draw.o(i.DrawAllSprites)
    i.DrawBorder                             0x00000670   Section        0  draw.o(i.DrawBorder)
    i.DrawSelection                          0x000006ec   Section        0  draw.o(i.DrawSelection)
    i.DrawSpriteImg                          0x0000073e   Section        0  draw.o(i.DrawSpriteImg)
    i.DrawSpriteSelection                    0x0000075c   Section        0  draw.o(i.DrawSpriteSelection)
    i.DrawTitleScreen                        0x00000790   Section        0  spaceinvaders.o(i.DrawTitleScreen)
    i.Output_Init                            0x0000088c   Section        0  st7735.o(i.Output_Init)
    i.PLL_Init                               0x0000089c   Section        0  pll.o(i.PLL_Init)
    i.ST7735_DrawBitmap                      0x00000918   Section        0  st7735.o(i.ST7735_DrawBitmap)
    i.ST7735_DrawCharS                       0x00000a38   Section        0  st7735.o(i.ST7735_DrawCharS)
    i.ST7735_DrawPixel                       0x00000b30   Section        0  st7735.o(i.ST7735_DrawPixel)
    i.ST7735_DrawString                      0x00000b78   Section        0  st7735.o(i.ST7735_DrawString)
    i.ST7735_FillRect                        0x00000bd0   Section        0  st7735.o(i.ST7735_FillRect)
    i.ST7735_FillScreen                      0x00000c7c   Section        0  st7735.o(i.ST7735_FillScreen)
    i.ST7735_InitR                           0x00000ca0   Section        0  st7735.o(i.ST7735_InitR)
    i.ST7735_OutChar                         0x00000d1c   Section        0  st7735.o(i.ST7735_OutChar)
    i.ST7735_OutString                       0x00000df0   Section        0  st7735.o(i.ST7735_OutString)
    i.ST7735_SetCursor                       0x00000e08   Section        0  st7735.o(i.ST7735_SetCursor)
    i.ST7735_SetTextColor                    0x00000e28   Section        0  st7735.o(i.ST7735_SetTextColor)
    i.SysTick_Handler                        0x00000e34   Section        0  adc_joystick.o(i.SysTick_Handler)
    i.SysTick_Init                           0x00000e4c   Section        0  adc_joystick.o(i.SysTick_Init)
    i.Timer0A_Handler                        0x00000e64   Section        0  timer0.o(i.Timer0A_Handler)
    i.Timer1A_Handler                        0x00000e7c   Section        0  timer1.o(i.Timer1A_Handler)
    i.commandList                            0x00000e94   Section        0  st7735.o(i.commandList)
    commandList                              0x00000e95   Thumb Code    86  st7735.o(i.commandList)
    i.commonInit                             0x00000eec   Section        0  st7735.o(i.commonInit)
    commonInit                               0x00000eed   Thumb Code   342  st7735.o(i.commonInit)
    i.getJoystickX                           0x00001074   Section        0  adc_joystick.o(i.getJoystickX)
    i.getJoystickY                           0x0000109c   Section        0  adc_joystick.o(i.getJoystickY)
    i.main                                   0x000010c4   Section        0  spaceinvaders.o(i.main)
    i.pushColor                              0x00001284   Section        0  st7735.o(i.pushColor)
    pushColor                                0x00001285   Thumb Code    18  st7735.o(i.pushColor)
    i.setAddrWindow                          0x00001298   Section        0  st7735.o(i.setAddrWindow)
    setAddrWindow                            0x00001299   Thumb Code   106  st7735.o(i.setAddrWindow)
    .constdata                               0x0000130c   Section     2018  st7735.o(.constdata)
    Font                                     0x0000130c   Data        1275  st7735.o(.constdata)
    Bcmd                                     0x00001807   Data         103  st7735.o(.constdata)
    Rcmd1                                    0x0000186e   Data          59  st7735.o(.constdata)
    Rcmd2green                               0x000018a9   Data          13  st7735.o(.constdata)
    Rcmd2red                                 0x000018b6   Data          13  st7735.o(.constdata)
    Rcmd3                                    0x000018c3   Data          43  st7735.o(.constdata)
    .constdata                               0x00001af0   Section    19496  spaceinvaders.o(.constdata)
    .constdata                               0x00006718   Section     2563  field.o(.constdata)
    .constdata                               0x0000711b   Section       22  pokemontype.o(.constdata)
    .conststring                             0x00007134   Section       34  spaceinvaders.o(.conststring)

    .data                                    0x20000000   Section       40  st7735.o(.data)
    ColStart                                 0x2000000a   Data           1  st7735.o(.data)
    RowStart                                 0x2000000b   Data           1  st7735.o(.data)
    Rotation                                 0x2000000c   Data           1  st7735.o(.data)
    TabColor                                 0x2000000d   Data           1  st7735.o(.data)
    .data                                    0x20000028   Section        4  timer0.o(.data)
    .data                                    0x2000002c   Section        4  timer1.o(.data)
    .data                                    0x20000030   Section       20  spaceinvaders.o(.data)
    mainField                                0x20000034   Data          12  spaceinvaders.o(.data)
    .data                                    0x20000044   Section        4  systeminfo.o(.data)
    .data                                    0x20000048   Section        8  adc_joystick.o(.data)
    DATA                                     0x20000050   Section        4  random.o(DATA)
    M                                        0x20000050   Data           4  random.o(DATA)
    .bss                                     0x20000054   Section      160  spaceinvaders.o(.bss)
    p1                                       0x20000054   Data          40  spaceinvaders.o(.bss)
    BulbasaurT                               0x2000007c   Data          40  spaceinvaders.o(.bss)
    SquirtleT                                0x200000a4   Data          40  spaceinvaders.o(.bss)
    CharmanderT                              0x200000cc   Data          40  spaceinvaders.o(.bss)
    .bss                                     0x200000f4   Section       96  libspace.o(.bss)
    HEAP                                     0x20000158   Section        0  startup.o(HEAP)
    STACK                                    0x20000158   Section     1024  startup.o(STACK)
    HeapMem                                  0x20000158   Data           0  startup.o(HEAP)
    StackMem                                 0x20000158   Data           0  startup.o(STACK)

    Global Symbols

    Symbol Name                              Value     Ov Type        Size  Object(Section)

    BuildAttributes$$THM_ISAv4$E$P$D$K$B$S$7EM$PE$A:L22UL41UL21$X:L11$S22US41US21$IEEE1$IW$USESV6$~STKCKD$USESV7$~SHL$OSPACE$ROPI$EBA8$UX$STANDARDLIB$REQ8$PRES8$EABIv2 0x00000000   Number         0  anon$$obj.o ABSOLUTE
    __ARM_use_no_argv                        0x00000000   Number         0  spaceinvaders.o ABSOLUTE
    __Vectors                                0x00000000   Data           0  startup.o(RESET)
    __ARM_exceptions_init                     - Undefined Weak Reference
    __alloca_initialize                       - Undefined Weak Reference
    __arm_preinit_                            - Undefined Weak Reference
    __cpp_initialize__aeabi_                  - Undefined Weak Reference
    __cxa_finalize                            - Undefined Weak Reference
    __rt_locale                               - Undefined Weak Reference
    __sigvec_lookup                           - Undefined Weak Reference
    _atexit_init                              - Undefined Weak Reference
    _call_atexit_fns                          - Undefined Weak Reference
    _clock_init                               - Undefined Weak Reference
    _fp_trap_init                             - Undefined Weak Reference
    _fp_trap_shutdown                         - Undefined Weak Reference
    _get_lc_collate                           - Undefined Weak Reference
    _get_lc_ctype                             - Undefined Weak Reference
    _get_lc_monetary                          - Undefined Weak Reference
    _get_lc_numeric                           - Undefined Weak Reference
    _get_lc_time                              - Undefined Weak Reference
    _getenv_init                              - Undefined Weak Reference
    _handle_redirection                       - Undefined Weak Reference
    _init_alloc                               - Undefined Weak Reference
    _init_user_alloc                          - Undefined Weak Reference
    _initio                                   - Undefined Weak Reference
    _rand_init                                - Undefined Weak Reference
    _signal_finish                            - Undefined Weak Reference
    _signal_init                              - Undefined Weak Reference
    _terminate_alloc                          - Undefined Weak Reference
    _terminate_user_alloc                     - Undefined Weak Reference
    _terminateio                              - Undefined Weak Reference
    Reset_Handler                            0x0000026d   Thumb Code     0  startup.o(RESET)
    NMI_Handler                              0x00000271   Thumb Code     2  startup.o(RESET)
    HardFault_Handler                        0x00000273   Thumb Code     2  startup.o(RESET)
    MemManage_Handler                        0x00000275   Thumb Code     2  startup.o(RESET)
    BusFault_Handler                         0x00000277   Thumb Code     2  startup.o(RESET)
    UsageFault_Handler                       0x00000279   Thumb Code     2  startup.o(RESET)
    SVC_Handler                              0x0000027b   Thumb Code     2  startup.o(RESET)
    DebugMon_Handler                         0x0000027d   Thumb Code     2  startup.o(RESET)
    PendSV_Handler                           0x0000027f   Thumb Code     2  startup.o(RESET)
    ADC0Seq0_Handler                         0x00000283   Thumb Code     0  startup.o(RESET)
    ADC0Seq1_Handler                         0x00000283   Thumb Code     0  startup.o(RESET)
    ADC0Seq2_Handler                         0x00000283   Thumb Code     0  startup.o(RESET)
    ADC0Seq3_Handler                         0x00000283   Thumb Code     0  startup.o(RESET)
    ADC1Seq0_Handler                         0x00000283   Thumb Code     0  startup.o(RESET)
    ADC1Seq1_Handler                         0x00000283   Thumb Code     0  startup.o(RESET)
    ADC1Seq2_Handler                         0x00000283   Thumb Code     0  startup.o(RESET)
    ADC1Seq3_Handler                         0x00000283   Thumb Code     0  startup.o(RESET)
    CAN0_Handler                             0x00000283   Thumb Code     0  startup.o(RESET)
    CAN1_Handler                             0x00000283   Thumb Code     0  startup.o(RESET)
    CAN2_Handler                             0x00000283   Thumb Code     0  startup.o(RESET)
    Comp0_Handler                            0x00000283   Thumb Code     0  startup.o(RESET)
    Comp1_Handler                            0x00000283   Thumb Code     0  startup.o(RESET)
    Comp2_Handler                            0x00000283   Thumb Code     0  startup.o(RESET)
    Ethernet_Handler                         0x00000283   Thumb Code     0  startup.o(RESET)
    ExtBus_Handler                           0x00000283   Thumb Code     0  startup.o(RESET)
    FPU_Handler                              0x00000283   Thumb Code     0  startup.o(RESET)
    Fan0_Handler                             0x00000283   Thumb Code     0  startup.o(RESET)
    FlashCtl_Handler                         0x00000283   Thumb Code     0  startup.o(RESET)
    GPIOPortA_Handler                        0x00000283   Thumb Code     0  startup.o(RESET)
    GPIOPortB_Handler                        0x00000283   Thumb Code     0  startup.o(RESET)
    GPIOPortC_Handler                        0x00000283   Thumb Code     0  startup.o(RESET)
    GPIOPortD_Handler                        0x00000283   Thumb Code     0  startup.o(RESET)
    GPIOPortE_Handler                        0x00000283   Thumb Code     0  startup.o(RESET)
    GPIOPortF_Handler                        0x00000283   Thumb Code     0  startup.o(RESET)
    GPIOPortG_Handler                        0x00000283   Thumb Code     0  startup.o(RESET)
    GPIOPortH_Handler                        0x00000283   Thumb Code     0  startup.o(RESET)
    GPIOPortJ_Handler                        0x00000283   Thumb Code     0  startup.o(RESET)
    GPIOPortK_Handler                        0x00000283   Thumb Code     0  startup.o(RESET)
    GPIOPortL_Handler                        0x00000283   Thumb Code     0  startup.o(RESET)
    GPIOPortM_Handler                        0x00000283   Thumb Code     0  startup.o(RESET)
    GPIOPortN_Handler                        0x00000283   Thumb Code     0  startup.o(RESET)
    GPIOPortP1_Handler                       0x00000283   Thumb Code     0  startup.o(RESET)
    GPIOPortP2_Handler                       0x00000283   Thumb Code     0  startup.o(RESET)
    GPIOPortP3_Handler                       0x00000283   Thumb Code     0  startup.o(RESET)
    GPIOPortP4_Handler                       0x00000283   Thumb Code     0  startup.o(RESET)
    GPIOPortP5_Handler                       0x00000283   Thumb Code     0  startup.o(RESET)
    GPIOPortP6_Handler                       0x00000283   Thumb Code     0  startup.o(RESET)
    GPIOPortP7_Handler                       0x00000283   Thumb Code     0  startup.o(RESET)
    GPIOPortP_Handler                        0x00000283   Thumb Code     0  startup.o(RESET)
    GPIOPortQ1_Handler                       0x00000283   Thumb Code     0  startup.o(RESET)
    GPIOPortQ2_Handler                       0x00000283   Thumb Code     0  startup.o(RESET)
    GPIOPortQ3_Handler                       0x00000283   Thumb Code     0  startup.o(RESET)
    GPIOPortQ4_Handler                       0x00000283   Thumb Code     0  startup.o(RESET)
    GPIOPortQ5_Handler                       0x00000283   Thumb Code     0  startup.o(RESET)
    GPIOPortQ6_Handler                       0x00000283   Thumb Code     0  startup.o(RESET)
    GPIOPortQ7_Handler                       0x00000283   Thumb Code     0  startup.o(RESET)
    GPIOPortQ_Handler                        0x00000283   Thumb Code     0  startup.o(RESET)
    GPIOPortR_Handler                        0x00000283   Thumb Code     0  startup.o(RESET)
    GPIOPortS_Handler                        0x00000283   Thumb Code     0  startup.o(RESET)
    Hibernate_Handler                        0x00000283   Thumb Code     0  startup.o(RESET)
    I2C0_Handler                             0x00000283   Thumb Code     0  startup.o(RESET)
    I2C1_Handler                             0x00000283   Thumb Code     0  startup.o(RESET)
    I2C2_Handler                             0x00000283   Thumb Code     0  startup.o(RESET)
    I2C3_Handler                             0x00000283   Thumb Code     0  startup.o(RESET)
    I2C4_Handler                             0x00000283   Thumb Code     0  startup.o(RESET)
    I2C5_Handler                             0x00000283   Thumb Code     0  startup.o(RESET)
    I2S0_Handler                             0x00000283   Thumb Code     0  startup.o(RESET)
    LPC0_Handler                             0x00000283   Thumb Code     0  startup.o(RESET)
    PECI0_Handler                            0x00000283   Thumb Code     0  startup.o(RESET)
    PWM0Fault_Handler                        0x00000283   Thumb Code     0  startup.o(RESET)
    PWM0Generator0_Handler                   0x00000283   Thumb Code     0  startup.o(RESET)
    PWM0Generator1_Handler                   0x00000283   Thumb Code     0  startup.o(RESET)
    PWM0Generator2_Handler                   0x00000283   Thumb Code     0  startup.o(RESET)
    PWM0Generator3_Handler                   0x00000283   Thumb Code     0  startup.o(RESET)
    PWM1Fault_Handler                        0x00000283   Thumb Code     0  startup.o(RESET)
    PWM1Generator0_Handler                   0x00000283   Thumb Code     0  startup.o(RESET)
    PWM1Generator1_Handler                   0x00000283   Thumb Code     0  startup.o(RESET)
    PWM1Generator2_Handler                   0x00000283   Thumb Code     0  startup.o(RESET)
    PWM1Generator3_Handler                   0x00000283   Thumb Code     0  startup.o(RESET)
    Quadrature0_Handler                      0x00000283   Thumb Code     0  startup.o(RESET)
    Quadrature1_Handler                      0x00000283   Thumb Code     0  startup.o(RESET)
    Quadrature2_Handler                      0x00000283   Thumb Code     0  startup.o(RESET)
    SSI0_Handler                             0x00000283   Thumb Code     0  startup.o(RESET)
    SSI1_Handler                             0x00000283   Thumb Code     0  startup.o(RESET)
    SSI2_Handler                             0x00000283   Thumb Code     0  startup.o(RESET)
    SSI3_Handler                             0x00000283   Thumb Code     0  startup.o(RESET)
    SysCtl_Handler                           0x00000283   Thumb Code     0  startup.o(RESET)
    Timer0B_Handler                          0x00000283   Thumb Code     0  startup.o(RESET)
    Timer1B_Handler                          0x00000283   Thumb Code     0  startup.o(RESET)
    Timer2A_Handler                          0x00000283   Thumb Code     0  startup.o(RESET)
    Timer2B_Handler                          0x00000283   Thumb Code     0  startup.o(RESET)
    Timer3A_Handler                          0x00000283   Thumb Code     0  startup.o(RESET)
    Timer3B_Handler                          0x00000283   Thumb Code     0  startup.o(RESET)
    Timer4A_Handler                          0x00000283   Thumb Code     0  startup.o(RESET)
    Timer4B_Handler                          0x00000283   Thumb Code     0  startup.o(RESET)
    Timer5A_Handler                          0x00000283   Thumb Code     0  startup.o(RESET)
    Timer5B_Handler                          0x00000283   Thumb Code     0  startup.o(RESET)
    UART0_Handler                            0x00000283   Thumb Code     0  startup.o(RESET)
    UART1_Handler                            0x00000283   Thumb Code     0  startup.o(RESET)
    UART2_Handler                            0x00000283   Thumb Code     0  startup.o(RESET)
    UART3_Handler                            0x00000283   Thumb Code     0  startup.o(RESET)
    UART4_Handler                            0x00000283   Thumb Code     0  startup.o(RESET)
    UART5_Handler                            0x00000283   Thumb Code     0  startup.o(RESET)
    UART6_Handler                            0x00000283   Thumb Code     0  startup.o(RESET)
    UART7_Handler                            0x00000283   Thumb Code     0  startup.o(RESET)
    USB0_Handler                             0x00000283   Thumb Code     0  startup.o(RESET)
    WDT_Handler                              0x00000283   Thumb Code     0  startup.o(RESET)
    WideTimer0A_Handler                      0x00000283   Thumb Code     0  startup.o(RESET)
    WideTimer0B_Handler                      0x00000283   Thumb Code     0  startup.o(RESET)
    WideTimer1A_Handler                      0x00000283   Thumb Code     0  startup.o(RESET)
    WideTimer1B_Handler                      0x00000283   Thumb Code     0  startup.o(RESET)
    WideTimer2A_Handler                      0x00000283   Thumb Code     0  startup.o(RESET)
    WideTimer2B_Handler                      0x00000283   Thumb Code     0  startup.o(RESET)
    WideTimer3A_Handler                      0x00000283   Thumb Code     0  startup.o(RESET)
    WideTimer3B_Handler                      0x00000283   Thumb Code     0  startup.o(RESET)
    WideTimer4A_Handler                      0x00000283   Thumb Code     0  startup.o(RESET)
    WideTimer4B_Handler                      0x00000283   Thumb Code     0  startup.o(RESET)
    WideTimer5A_Handler                      0x00000283   Thumb Code     0  startup.o(RESET)
    WideTimer5B_Handler                      0x00000283   Thumb Code     0  startup.o(RESET)
    uDMA_Error                               0x00000283   Thumb Code     0  startup.o(RESET)
    uDMA_Handler                             0x00000283   Thumb Code     0  startup.o(RESET)
    __main                                   0x00000285   Thumb Code     8  __main.o(!!!main)
    __scatterload                            0x0000028d   Thumb Code     0  __scatter.o(!!!scatter)
    __scatterload_rt2                        0x0000028d   Thumb Code    44  __scatter.o(!!!scatter)
    __scatterload_rt2_thumb_only             0x0000028d   Thumb Code     0  __scatter.o(!!!scatter)
    __scatterload_null                       0x0000029b   Thumb Code     0  __scatter.o(!!!scatter)
    __scatterload_copy                       0x000002c1   Thumb Code    26  __scatter_copy.o(!!handler_copy)
    __scatterload_zeroinit                   0x000002dd   Thumb Code    28  __scatter_zi.o(!!handler_zi)
    __rt_lib_init                            0x000002f9   Thumb Code     0  libinit.o(.ARM.Collect$$libinit$$00000000)
    __rt_lib_init_alloca_1                   0x000002fb   Thumb Code     0  libinit2.o(.ARM.Collect$$libinit$$0000002E)
    __rt_lib_init_argv_1                     0x000002fb   Thumb Code     0  libinit2.o(.ARM.Collect$$libinit$$0000002C)
    __rt_lib_init_atexit_1                   0x000002fb   Thumb Code     0  libinit2.o(.ARM.Collect$$libinit$$0000001B)
    __rt_lib_init_clock_1                    0x000002fb   Thumb Code     0  libinit2.o(.ARM.Collect$$libinit$$00000021)
    __rt_lib_init_cpp_1                      0x000002fb   Thumb Code     0  libinit2.o(.ARM.Collect$$libinit$$00000032)
    __rt_lib_init_exceptions_1               0x000002fb   Thumb Code     0  libinit2.o(.ARM.Collect$$libinit$$00000030)
    __rt_lib_init_fp_1                       0x000002fb   Thumb Code     0  libinit2.o(.ARM.Collect$$libinit$$00000002)
    __rt_lib_init_fp_trap_1                  0x000002fb   Thumb Code     0  libinit2.o(.ARM.Collect$$libinit$$0000001F)
    __rt_lib_init_getenv_1                   0x000002fb   Thumb Code     0  libinit2.o(.ARM.Collect$$libinit$$00000023)
    __rt_lib_init_heap_1                     0x000002fb   Thumb Code     0  libinit2.o(.ARM.Collect$$libinit$$0000000A)
    __rt_lib_init_lc_collate_1               0x000002fb   Thumb Code     0  libinit2.o(.ARM.Collect$$libinit$$00000011)
    __rt_lib_init_lc_ctype_1                 0x000002fb   Thumb Code     0  libinit2.o(.ARM.Collect$$libinit$$00000013)
    __rt_lib_init_lc_monetary_1              0x000002fb   Thumb Code     0  libinit2.o(.ARM.Collect$$libinit$$00000015)
    __rt_lib_init_lc_numeric_1               0x000002fb   Thumb Code     0  libinit2.o(.ARM.Collect$$libinit$$00000017)
    __rt_lib_init_lc_time_1                  0x000002fb   Thumb Code     0  libinit2.o(.ARM.Collect$$libinit$$00000019)
    __rt_lib_init_preinit_1                  0x000002fb   Thumb Code     0  libinit2.o(.ARM.Collect$$libinit$$00000004)
    __rt_lib_init_rand_1                     0x000002fb   Thumb Code     0  libinit2.o(.ARM.Collect$$libinit$$0000000E)
    __rt_lib_init_return                     0x000002fb   Thumb Code     0  libinit2.o(.ARM.Collect$$libinit$$00000033)
    __rt_lib_init_signal_1                   0x000002fb   Thumb Code     0  libinit2.o(.ARM.Collect$$libinit$$0000001D)
    __rt_lib_init_stdio_1                    0x000002fb   Thumb Code     0  libinit2.o(.ARM.Collect$$libinit$$00000025)
    __rt_lib_init_user_alloc_1               0x000002fb   Thumb Code     0  libinit2.o(.ARM.Collect$$libinit$$0000000C)
    __rt_lib_shutdown                        0x000002fd   Thumb Code     0  libshutdown.o(.ARM.Collect$$libshutdown$$00000000)
    __rt_lib_shutdown_cpp_1                  0x000002ff   Thumb Code     0  libshutdown2.o(.ARM.Collect$$libshutdown$$00000002)
    __rt_lib_shutdown_fp_trap_1              0x000002ff   Thumb Code     0  libshutdown2.o(.ARM.Collect$$libshutdown$$00000007)
    __rt_lib_shutdown_heap_1                 0x000002ff   Thumb Code     0  libshutdown2.o(.ARM.Collect$$libshutdown$$0000000F)
    __rt_lib_shutdown_return                 0x000002ff   Thumb Code     0  libshutdown2.o(.ARM.Collect$$libshutdown$$00000010)
    __rt_lib_shutdown_signal_1               0x000002ff   Thumb Code     0  libshutdown2.o(.ARM.Collect$$libshutdown$$0000000A)
    __rt_lib_shutdown_stdio_1                0x000002ff   Thumb Code     0  libshutdown2.o(.ARM.Collect$$libshutdown$$00000004)
    __rt_lib_shutdown_user_alloc_1           0x000002ff   Thumb Code     0  libshutdown2.o(.ARM.Collect$$libshutdown$$0000000C)
    __rt_entry                               0x00000301   Thumb Code     0  __rtentry.o(.ARM.Collect$$rtentry$$00000000)
    __rt_entry_presh_1                       0x00000301   Thumb Code     0  __rtentry2.o(.ARM.Collect$$rtentry$$00000002)
    __rt_entry_sh                            0x00000301   Thumb Code     0  __rtentry4.o(.ARM.Collect$$rtentry$$00000004)
    __rt_entry_li                            0x00000307   Thumb Code     0  __rtentry2.o(.ARM.Collect$$rtentry$$0000000A)
    __rt_entry_postsh_1                      0x00000307   Thumb Code     0  __rtentry2.o(.ARM.Collect$$rtentry$$00000009)
    __rt_entry_main                          0x0000030b   Thumb Code     0  __rtentry2.o(.ARM.Collect$$rtentry$$0000000D)
    __rt_entry_postli_1                      0x0000030b   Thumb Code     0  __rtentry2.o(.ARM.Collect$$rtentry$$0000000C)
    __rt_exit                                0x00000313   Thumb Code     0  rtexit.o(.ARM.Collect$$rtexit$$00000000)
    __rt_exit_ls                             0x00000315   Thumb Code     0  rtexit2.o(.ARM.Collect$$rtexit$$00000003)
    __rt_exit_prels_1                        0x00000315   Thumb Code     0  rtexit2.o(.ARM.Collect$$rtexit$$00000002)
    __rt_exit_exit                           0x00000319   Thumb Code     0  rtexit2.o(.ARM.Collect$$rtexit$$00000004)
    DisableInterrupts                        0x00000321   Thumb Code     0  startup.o(.text)
    EnableInterrupts                         0x00000325   Thumb Code     0  startup.o(.text)
    StartCritical                            0x00000329   Thumb Code     0  startup.o(.text)
    EndCritical                              0x00000331   Thumb Code     0  startup.o(.text)
    WaitForInterrupt                         0x00000337   Thumb Code     0  startup.o(.text)
    __user_initial_stackheap                 0x0000033b   Thumb Code     0  startup.o(.text)
    Random_Init                              0x00000351   Thumb Code     0  random.o(.text)
    Random32                                 0x0000035b   Thumb Code     2  random.o(.text)
    Random                                   0x0000036d   Thumb Code     2  random.o(.text)
    writecommand                             0x00000391   Thumb Code     0  lcd.o(.text)
    writedata                                0x000003b3   Thumb Code     0  lcd.o(.text)
    __aeabi_memcpy4                          0x000003d9   Thumb Code     0  rt_memcpy_w.o(.text)
    __aeabi_memcpy8                          0x000003d9   Thumb Code     0  rt_memcpy_w.o(.text)
    __rt_memcpy_w                            0x000003d9   Thumb Code   100  rt_memcpy_w.o(.text)
    _memcpy_lastbytes_aligned                0x00000421   Thumb Code     0  rt_memcpy_w.o(.text)

    __use_two_region_memory                  0x0000043d   Thumb Code     2  heapauxi.o(.text)
    __rt_heap_escrow$2region                 0x0000043f   Thumb Code     2  heapauxi.o(.text)
    __rt_heap_expand$2region                 0x00000441   Thumb Code     2  heapauxi.o(.text)
    __user_setup_stackheap                   0x00000443   Thumb Code    74  sys_stackheap_outer.o(.text)
    exit                                     0x0000048d   Thumb Code    18  exit.o(.text)
    __user_libspace                          0x000004a1   Thumb Code     8  libspace.o(.text)
    __user_perproc_libspace                  0x000004a1   Thumb Code     0  libspace.o(.text)
    __user_perthread_libspace                0x000004a1   Thumb Code     0  libspace.o(.text)
    _sys_exit                                0x000004a9   Thumb Code     8  sys_exit.o(.text)
    __I$use$semihosting                      0x000004b5   Thumb Code     0  use_no_semi.o(.text)
    __use_no_semihosting_swi                 0x000004b5   Thumb Code     2  use_no_semi.o(.text)
    __semihosting_library_function           0x000004b7   Thumb Code     0  indicate_semi.o(.text)
    ADC_In89                                 0x000004b9   Thumb Code    52  adc_joystick.o(i.ADC_In89)
    ADC_Init89                               0x000004f1   Thumb Code   250  adc_joystick.o(i.ADC_Init89)
    Delay100ms                               0x00000601   Thumb Code    30  draw.o(i.Delay100ms)
    Delay1ms                                 0x00000625   Thumb Code    32  st7735.o(i.Delay1ms)
    DrawAllSprites                           0x00000645   Thumb Code    36  draw.o(i.DrawAllSprites)
    DrawBattleScreen                         0x00000669   Thumb Code   382  drawscreen.o(i.DrawBattleScreen)
    DrawSpriteImg                            0x000007ed   Thumb Code    30  draw.o(i.DrawSpriteImg)
    Output_Init                              0x0000080b   Thumb Code    16  st7735.o(i.Output_Init)
    PLL_Init                                 0x0000081d   Thumb Code   120  pll.o(i.PLL_Init)
    ST7735_DrawBitmap                        0x00000899   Thumb Code   280  st7735.o(i.ST7735_DrawBitmap)
    ST7735_FillRect                          0x000009b9   Thumb Code   164  st7735.o(i.ST7735_FillRect)
    ST7735_FillScreen                        0x00000a65   Thumb Code    28  st7735.o(i.ST7735_FillScreen)
    ST7735_InitR                             0x00000a89   Thumb Code    90  st7735.o(i.ST7735_InitR)
    ST7735_SetCursor                         0x00000b05   Thumb Code    22  st7735.o(i.ST7735_SetCursor)
    SysTick_Handler                          0x00000b25   Thumb Code    16  adc_joystick.o(i.SysTick_Handler)
    SysTick_Init                             0x00000b3d   Thumb Code    24  adc_joystick.o(i.SysTick_Init)
    Timer0A_Handler                          0x00000b55   Thumb Code    16  timer0.o(i.Timer0A_Handler)
    Timer1A_Handler                          0x00000b6d   Thumb Code    16  timer1.o(i.Timer1A_Handler)
    main                                     0x00000d65   Thumb Code   480  spaceinvaders.o(i.main)
    dBfs                                     0x000015ba   Data         512  st7735.o(.constdata)
    bulbasaur                                0x000017bc   Data        3200  spaceinvaders.o(.constdata)
    bulbasaurFlipped                         0x0000243c   Data        3200  spaceinvaders.o(.constdata)
    charmander                               0x000030bc   Data        3200  spaceinvaders.o(.constdata)
    charmanderFlipped                        0x00003d3c   Data        3200  spaceinvaders.o(.constdata)
    squirtle                                 0x000049bc   Data        3200  spaceinvaders.o(.constdata)
    squirtleFlipped                          0x0000563c   Data        3200  spaceinvaders.o(.constdata)
    N                                        0x000063e4   Data           1  field.o(.constdata)
    G                                        0x000063e5   Data           1  field.o(.constdata)
    W                                        0x000063e6   Data           1  field.o(.constdata)
    fieldArray                               0x000063e7   Data        2560  field.o(.constdata)
    Normal                                   0x00006de7   Data           1  pokemontype.o(.constdata)
    Fire                                     0x00006de8   Data           1  pokemontype.o(.constdata)
    Water                                    0x00006de9   Data           1  pokemontype.o(.constdata)
    Electric                                 0x00006dea   Data           1  pokemontype.o(.constdata)
    Grass                                    0x00006deb   Data           1  pokemontype.o(.constdata)
    Ice                                      0x00006dec   Data           1  pokemontype.o(.constdata)
    Fighting                                 0x00006ded   Data           1  pokemontype.o(.constdata)
    Poison                                   0x00006dee   Data           1  pokemontype.o(.constdata)
    Ground                                   0x00006def   Data           1  pokemontype.o(.constdata)
    Flying                                   0x00006df0   Data           1  pokemontype.o(.constdata)
    Psychic                                  0x00006df1   Data           1  pokemontype.o(.constdata)
    Bug                                      0x00006df2   Data           1  pokemontype.o(.constdata)
    Rock                                     0x00006df3   Data           1  pokemontype.o(.constdata)
    Ghost                                    0x00006df4   Data           1  pokemontype.o(.constdata)
    Dragon                                   0x00006df5   Data           1  pokemontype.o(.constdata)
    Dark                                     0x00006df6   Data           1  pokemontype.o(.constdata)
    Steel                                    0x00006df7   Data           1  pokemontype.o(.constdata)
    Fairy                                    0x00006df8   Data           1  pokemontype.o(.constdata)
    A                                        0x00006df9   Data           1  pokemontype.o(.constdata)
    B                                        0x00006dfa   Data           1  pokemontype.o(.constdata)
    C                                        0x00006dfb   Data           1  pokemontype.o(.constdata)
    D                                        0x00006dfc   Data           1  pokemontype.o(.constdata)
    fight                                    0x00006e00   Data        1024  drawscreen.o(.constdata)
    pokemon                                  0x00007200   Data        1024  drawscreen.o(.constdata)
    item                                     0x00007600   Data        1024  drawscreen.o(.constdata)
    run                                      0x00007a00   Data        1024  drawscreen.o(.constdata)
    Region$$Table$$Base                      0x00007e94   Number         0  anon$$obj.o(Region$$Table)
    Region$$Table$$Limit                     0x00007eb4   Number         0  anon$$obj.o(Region$$Table)

    __use_two_region_memory                  0x0000043d   Thumb Code     2  heapauxi.o(.text)
    __rt_heap_escrow                         0x0000043f   Thumb Code     2  heapauxi.o(.text)
    __rt_heap_expand                         0x00000441   Thumb Code     2  heapauxi.o(.text)
    __user_libspace                          0x00000445   Thumb Code     8  libspace.o(.text)
    __user_perproc_libspace                  0x00000445   Thumb Code     0  libspace.o(.text)
    __user_perthread_libspace                0x00000445   Thumb Code     0  libspace.o(.text)
    __I$use$semihosting                      0x0000044d   Thumb Code     0  use_no_semi.o(.text)
    __use_no_semihosting_swi                 0x0000044d   Thumb Code     2  use_no_semi.o(.text)
    __semihosting_library_function           0x0000044f   Thumb Code     0  indicate_semi.o(.text)
    __user_setup_stackheap                   0x0000044f   Thumb Code    74  sys_stackheap_outer.o(.text)
    exit                                     0x00000499   Thumb Code    18  exit.o(.text)
    _sys_exit                                0x000004ad   Thumb Code     8  sys_exit.o(.text)
    ADC_In89                                 0x000004b9   Thumb Code    52  adc_joystick.o(i.ADC_In89)
    ADC_Init89                               0x000004f1   Thumb Code   256  adc_joystick.o(i.ADC_Init89)
    Delay100ms                               0x00000609   Thumb Code    30  draw.o(i.Delay100ms)
    Delay1ms                                 0x0000062d   Thumb Code    32  st7735.o(i.Delay1ms)
    DrawAllSprites                           0x0000064d   Thumb Code    36  draw.o(i.DrawAllSprites)
    DrawBorder                               0x00000671   Thumb Code   124  draw.o(i.DrawBorder)
    DrawSelection                            0x000006ed   Thumb Code    82  draw.o(i.DrawSelection)
    DrawSpriteImg                            0x0000073f   Thumb Code    30  draw.o(i.DrawSpriteImg)
    DrawSpriteSelection                      0x0000075d   Thumb Code    52  draw.o(i.DrawSpriteSelection)
    DrawTitleScreen                          0x00000791   Thumb Code   176  spaceinvaders.o(i.DrawTitleScreen)
    Output_Init                              0x0000088d   Thumb Code    16  st7735.o(i.Output_Init)
    PLL_Init                                 0x0000089d   Thumb Code   120  pll.o(i.PLL_Init)
    ST7735_DrawBitmap                        0x00000919   Thumb Code   280  st7735.o(i.ST7735_DrawBitmap)
    ST7735_DrawCharS                         0x00000a39   Thumb Code   236  st7735.o(i.ST7735_DrawCharS)
    ST7735_DrawPixel                         0x00000b31   Thumb Code    64  st7735.o(i.ST7735_DrawPixel)
    ST7735_DrawString                        0x00000b79   Thumb Code    86  st7735.o(i.ST7735_DrawString)
    ST7735_FillRect                          0x00000bd1   Thumb Code   164  st7735.o(i.ST7735_FillRect)
    ST7735_FillScreen                        0x00000c7d   Thumb Code    28  st7735.o(i.ST7735_FillScreen)
    ST7735_InitR                             0x00000ca1   Thumb Code    90  st7735.o(i.ST7735_InitR)
    ST7735_OutChar                           0x00000d1d   Thumb Code   174  st7735.o(i.ST7735_OutChar)
    ST7735_OutString                         0x00000df1   Thumb Code    24  st7735.o(i.ST7735_OutString)
    ST7735_SetCursor                         0x00000e09   Thumb Code    22  st7735.o(i.ST7735_SetCursor)
    ST7735_SetTextColor                      0x00000e29   Thumb Code     6  st7735.o(i.ST7735_SetTextColor)
    SysTick_Handler                          0x00000e35   Thumb Code    16  adc_joystick.o(i.SysTick_Handler)
    SysTick_Init                             0x00000e4d   Thumb Code    24  adc_joystick.o(i.SysTick_Init)
    Timer0A_Handler                          0x00000e65   Thumb Code    16  timer0.o(i.Timer0A_Handler)
    Timer1A_Handler                          0x00000e7d   Thumb Code    16  timer1.o(i.Timer1A_Handler)
    getJoystickX                             0x00001075   Thumb Code    34  adc_joystick.o(i.getJoystickX)
    getJoystickY                             0x0000109d   Thumb Code    34  adc_joystick.o(i.getJoystickY)
    main                                     0x000010c5   Thumb Code   416  spaceinvaders.o(i.main)
    dBfs                                     0x000018ee   Data         512  st7735.o(.constdata)
    bulbasaur                                0x00001af0   Data        3200  spaceinvaders.o(.constdata)
    bulbasaurFlipped                         0x00002770   Data        3200  spaceinvaders.o(.constdata)
    charmander                               0x000033f0   Data        3200  spaceinvaders.o(.constdata)
    charmanderFlipped                        0x00004070   Data        3200  spaceinvaders.o(.constdata)
    squirtle                                 0x00004cf0   Data        3200  spaceinvaders.o(.constdata)
    squirtleFlipped                          0x00005970   Data        3200  spaceinvaders.o(.constdata)
    N                                        0x00006718   Data           1  field.o(.constdata)
    G                                        0x00006719   Data           1  field.o(.constdata)
    W                                        0x0000671a   Data           1  field.o(.constdata)
    fieldArray                               0x0000671b   Data        2560  field.o(.constdata)
    Normal                                   0x0000711b   Data           1  pokemontype.o(.constdata)
    Fire                                     0x0000711c   Data           1  pokemontype.o(.constdata)
    Water                                    0x0000711d   Data           1  pokemontype.o(.constdata)
    Electric                                 0x0000711e   Data           1  pokemontype.o(.constdata)
    Grass                                    0x0000711f   Data           1  pokemontype.o(.constdata)
    Ice                                      0x00007120   Data           1  pokemontype.o(.constdata)
    Fighting                                 0x00007121   Data           1  pokemontype.o(.constdata)
    Poison                                   0x00007122   Data           1  pokemontype.o(.constdata)
    Ground                                   0x00007123   Data           1  pokemontype.o(.constdata)
    Flying                                   0x00007124   Data           1  pokemontype.o(.constdata)
    Psychic                                  0x00007125   Data           1  pokemontype.o(.constdata)
    Bug                                      0x00007126   Data           1  pokemontype.o(.constdata)
    Rock                                     0x00007127   Data           1  pokemontype.o(.constdata)
    Ghost                                    0x00007128   Data           1  pokemontype.o(.constdata)
    Dragon                                   0x00007129   Data           1  pokemontype.o(.constdata)
    Dark                                     0x0000712a   Data           1  pokemontype.o(.constdata)
    Steel                                    0x0000712b   Data           1  pokemontype.o(.constdata)
    Fairy                                    0x0000712c   Data           1  pokemontype.o(.constdata)
    A                                        0x0000712d   Data           1  pokemontype.o(.constdata)
    B                                        0x0000712e   Data           1  pokemontype.o(.constdata)
    C                                        0x0000712f   Data           1  pokemontype.o(.constdata)
    D                                        0x00007130   Data           1  pokemontype.o(.constdata)
    Region$$Table$$Base                      0x00007158   Number         0  anon$$obj.o(Region$$Table)
    Region$$Table$$Limit                     0x00007178   Number         0  anon$$obj.o(Region$$Table)

    StX                                      0x20000000   Data           4  st7735.o(.data)
    StY                                      0x20000004   Data           4  st7735.o(.data)
    StTextColor                              0x20000008   Data           2  st7735.o(.data)
    Messageindex                             0x20000010   Data           4  st7735.o(.data)
    Ymax                                     0x20000014   Data           4  st7735.o(.data)
    Ymin                                     0x20000018   Data           4  st7735.o(.data)
    X                                        0x2000001c   Data           4  st7735.o(.data)
    Yrange                                   0x20000020   Data           4  st7735.o(.data)
    lastj                                    0x20000024   Data           4  st7735.o(.data)
    PeriodicTask0                            0x20000028   Data           4  timer0.o(.data)
    PeriodicTask1                            0x2000002c   Data           4  timer1.o(.data)
    _width                                   0x20000030   Data           2  systeminfo.o(.data)
    _height                                  0x20000032   Data           2  systeminfo.o(.data)
    ADCStatus                                0x20000034   Data           1  spaceinvaders.o(.data)
    joystickData                             0x20000044   Data           8  adc_joystick.o(.data)
    __libspace_start                         0x20000138   Data          96  libspace.o(.bss)
    __temporary_stack_top$libspace           0x20000198   Data           0  libspace.o(.bss)



==============================================================================

Memory Map of the image

  Image Entry point : 0x0000026d


  Load Region LR_1 (Base: 0x00000000, Size: 0x00007f04, Max: 0xffffffff, ABSOLUTE)

    Execution Region ER_RO (Exec base: 0x00000000, Load base: 0x00000000, Size: 0x00007eb4, Max: 0xffffffff, ABSOLUTE)

  Load Region LR_1 (Base: 0x00000000, Size: 0x000071cc, Max: 0xffffffff, ABSOLUTE)

    Execution Region ER_RO (Exec base: 0x00000000, Load base: 0x00000000, Size: 0x00007178, Max: 0xffffffff, ABSOLUTE)


    Exec Addr    Load Addr    Size         Type   Attr      Idx    E Section Name        Object

    0x00000000   0x00000000   0x00000284   Code   RO            3  * RESET               startup.o

    0x00000284   0x00000284   0x00000008   Code   RO          786  * !!!main             c_w.l(__main.o)
    0x0000028c   0x0000028c   0x00000034   Code   RO          943    !!!scatter          c_w.l(__scatter.o)
    0x000002c0   0x000002c0   0x0000001a   Code   RO          945    !!handler_copy      c_w.l(__scatter_copy.o)

    0x00000284   0x00000284   0x00000008   Code   RO          836  * !!!main             c_w.l(__main.o)
    0x0000028c   0x0000028c   0x00000034   Code   RO         1037    !!!scatter          c_w.l(__scatter.o)
    0x000002c0   0x000002c0   0x0000001a   Code   RO         1039    !!handler_copy      c_w.l(__scatter_copy.o)

    0x000002da   0x000002da   0x00000002   PAD
    0x000002dc   0x000002dc   0x0000001c   Code   RO          947    !!handler_zi        c_w.l(__scatter_zi.o)
    0x000002f8   0x000002f8   0x00000002   Code   RO          813    .ARM.Collect$$libinit$$00000000  c_w.l(libinit.o)
    0x000002fa   0x000002fa   0x00000000   Code   RO          820    .ARM.Collect$$libinit$$00000002  c_w.l(libinit2.o)
    0x000002fa   0x000002fa   0x00000000   Code   RO          822    .ARM.Collect$$libinit$$00000004  c_w.l(libinit2.o)
    0x000002fa   0x000002fa   0x00000000   Code   RO          825    .ARM.Collect$$libinit$$0000000A  c_w.l(libinit2.o)
    0x000002fa   0x000002fa   0x00000000   Code   RO          827    .ARM.Collect$$libinit$$0000000C  c_w.l(libinit2.o)
    0x000002fa   0x000002fa   0x00000000   Code   RO          829    .ARM.Collect$$libinit$$0000000E  c_w.l(libinit2.o)
    0x000002fa   0x000002fa   0x00000000   Code   RO          832    .ARM.Collect$$libinit$$00000011  c_w.l(libinit2.o)
    0x000002fa   0x000002fa   0x00000000   Code   RO          834    .ARM.Collect$$libinit$$00000013  c_w.l(libinit2.o)
    0x000002fa   0x000002fa   0x00000000   Code   RO          836    .ARM.Collect$$libinit$$00000015  c_w.l(libinit2.o)
    0x000002fa   0x000002fa   0x00000000   Code   RO          838    .ARM.Collect$$libinit$$00000017  c_w.l(libinit2.o)
    0x000002fa   0x000002fa   0x00000000   Code   RO          840    .ARM.Collect$$libinit$$00000019  c_w.l(libinit2.o)
    0x000002fa   0x000002fa   0x00000000   Code   RO          842    .ARM.Collect$$libinit$$0000001B  c_w.l(libinit2.o)
    0x000002fa   0x000002fa   0x00000000   Code   RO          844    .ARM.Collect$$libinit$$0000001D  c_w.l(libinit2.o)
    0x000002fa   0x000002fa   0x00000000   Code   RO          846    .ARM.Collect$$libinit$$0000001F  c_w.l(libinit2.o)
    0x000002fa   0x000002fa   0x00000000   Code   RO          848    .ARM.Collect$$libinit$$00000021  c_w.l(libinit2.o)
    0x000002fa   0x000002fa   0x00000000   Code   RO          850    .ARM.Collect$$libinit$$00000023  c_w.l(libinit2.o)
    0x000002fa   0x000002fa   0x00000000   Code   RO          852    .ARM.Collect$$libinit$$00000025  c_w.l(libinit2.o)
    0x000002fa   0x000002fa   0x00000000   Code   RO          856    .ARM.Collect$$libinit$$0000002C  c_w.l(libinit2.o)
    0x000002fa   0x000002fa   0x00000000   Code   RO          858    .ARM.Collect$$libinit$$0000002E  c_w.l(libinit2.o)
    0x000002fa   0x000002fa   0x00000000   Code   RO          860    .ARM.Collect$$libinit$$00000030  c_w.l(libinit2.o)
    0x000002fa   0x000002fa   0x00000000   Code   RO          862    .ARM.Collect$$libinit$$00000032  c_w.l(libinit2.o)
    0x000002fa   0x000002fa   0x00000002   Code   RO          863    .ARM.Collect$$libinit$$00000033  c_w.l(libinit2.o)
    0x000002fc   0x000002fc   0x00000002   Code   RO          883    .ARM.Collect$$libshutdown$$00000000  c_w.l(libshutdown.o)
    0x000002fe   0x000002fe   0x00000000   Code   RO          896    .ARM.Collect$$libshutdown$$00000002  c_w.l(libshutdown2.o)
    0x000002fe   0x000002fe   0x00000000   Code   RO          898    .ARM.Collect$$libshutdown$$00000004  c_w.l(libshutdown2.o)
    0x000002fe   0x000002fe   0x00000000   Code   RO          901    .ARM.Collect$$libshutdown$$00000007  c_w.l(libshutdown2.o)
    0x000002fe   0x000002fe   0x00000000   Code   RO          904    .ARM.Collect$$libshutdown$$0000000A  c_w.l(libshutdown2.o)
    0x000002fe   0x000002fe   0x00000000   Code   RO          906    .ARM.Collect$$libshutdown$$0000000C  c_w.l(libshutdown2.o)
    0x000002fe   0x000002fe   0x00000000   Code   RO          909    .ARM.Collect$$libshutdown$$0000000F  c_w.l(libshutdown2.o)
    0x000002fe   0x000002fe   0x00000002   Code   RO          910    .ARM.Collect$$libshutdown$$00000010  c_w.l(libshutdown2.o)
    0x00000300   0x00000300   0x00000000   Code   RO          788    .ARM.Collect$$rtentry$$00000000  c_w.l(__rtentry.o)
    0x00000300   0x00000300   0x00000000   Code   RO          790    .ARM.Collect$$rtentry$$00000002  c_w.l(__rtentry2.o)
    0x00000300   0x00000300   0x00000006   Code   RO          802    .ARM.Collect$$rtentry$$00000004  c_w.l(__rtentry4.o)
    0x00000306   0x00000306   0x00000000   Code   RO          792    .ARM.Collect$$rtentry$$00000009  c_w.l(__rtentry2.o)
    0x00000306   0x00000306   0x00000004   Code   RO          793    .ARM.Collect$$rtentry$$0000000A  c_w.l(__rtentry2.o)
    0x0000030a   0x0000030a   0x00000000   Code   RO          795    .ARM.Collect$$rtentry$$0000000C  c_w.l(__rtentry2.o)
    0x0000030a   0x0000030a   0x00000008   Code   RO          796    .ARM.Collect$$rtentry$$0000000D  c_w.l(__rtentry2.o)
    0x00000312   0x00000312   0x00000002   Code   RO          817    .ARM.Collect$$rtexit$$00000000  c_w.l(rtexit.o)
    0x00000314   0x00000314   0x00000000   Code   RO          865    .ARM.Collect$$rtexit$$00000002  c_w.l(rtexit2.o)
    0x00000314   0x00000314   0x00000004   Code   RO          866    .ARM.Collect$$rtexit$$00000003  c_w.l(rtexit2.o)
    0x00000318   0x00000318   0x00000006   Code   RO          867    .ARM.Collect$$rtexit$$00000004  c_w.l(rtexit2.o)
    0x0000031e   0x0000031e   0x00000002   PAD
    0x00000320   0x00000320   0x00000030   Code   RO            4    .text               startup.o
    0x00000350   0x00000350   0x00000040   Code   RO           13    .text               random.o
    0x00000390   0x00000390   0x00000048   Code   RO          465    .text               lcd.o
    0x000003d8   0x000003d8   0x00000064   Code   RO          782    .text               c_w.l(rt_memcpy_w.o)
    0x0000043c   0x0000043c   0x00000006   Code   RO          784    .text               c_w.l(heapauxi.o)
    0x00000442   0x00000442   0x0000004a   Code   RO          804    .text               c_w.l(sys_stackheap_outer.o)
    0x0000048c   0x0000048c   0x00000012   Code   RO          806    .text               c_w.l(exit.o)
    0x0000049e   0x0000049e   0x00000002   PAD
    0x000004a0   0x000004a0   0x00000008   Code   RO          814    .text               c_w.l(libspace.o)
    0x000004a8   0x000004a8   0x0000000c   Code   RO          875    .text               c_w.l(sys_exit.o)
    0x000004b4   0x000004b4   0x00000002   Code   RO          886    .text               c_w.l(use_no_semi.o)
    0x000004b6   0x000004b6   0x00000000   Code   RO          888    .text               c_w.l(indicate_semi.o)
    0x000004b6   0x000004b6   0x00000002   PAD
    0x000004b8   0x000004b8   0x00000038   Code   RO          693    i.ADC_In89          adc_joystick.o
    0x000004f0   0x000004f0   0x00000110   Code   RO          694    i.ADC_Init89        adc_joystick.o
    0x00000600   0x00000600   0x00000024   Code   RO          535    i.Delay100ms        draw.o
    0x00000624   0x00000624   0x00000020   Code   RO           16    i.Delay1ms          st7735.o
    0x00000644   0x00000644   0x00000024   Code   RO          537    i.DrawAllSprites    draw.o
    0x00000668   0x00000668   0x00000184   Code   RO          742    i.DrawBattleScreen  drawscreen.o
    0x000007ec   0x000007ec   0x0000001e   Code   RO          542    i.DrawSpriteImg     draw.o
    0x0000080a   0x0000080a   0x00000010   Code   RO           19    i.Output_Init       st7735.o
    0x0000081a   0x0000081a   0x00000002   PAD
    0x0000081c   0x0000081c   0x0000007c   Code   RO          293    i.PLL_Init          pll.o
    0x00000898   0x00000898   0x00000120   Code   RO           23    i.ST7735_DrawBitmap  st7735.o
    0x000009b8   0x000009b8   0x000000ac   Code   RO           30    i.ST7735_FillRect   st7735.o
    0x00000a64   0x00000a64   0x00000024   Code   RO           31    i.ST7735_FillScreen  st7735.o
    0x00000a88   0x00000a88   0x0000007c   Code   RO           33    i.ST7735_InitR      st7735.o
    0x00000b04   0x00000b04   0x00000020   Code   RO           46    i.ST7735_SetCursor  st7735.o
    0x00000b24   0x00000b24   0x00000018   Code   RO          695    i.SysTick_Handler   adc_joystick.o
    0x00000b3c   0x00000b3c   0x00000018   Code   RO          696    i.SysTick_Init      adc_joystick.o
    0x00000b54   0x00000b54   0x00000018   Code   RO          344    i.Timer0A_Handler   timer0.o
    0x00000b6c   0x00000b6c   0x00000018   Code   RO          365    i.Timer1A_Handler   timer1.o
    0x00000b84   0x00000b84   0x00000056   Code   RO           50    i.commandList       st7735.o
    0x00000bda   0x00000bda   0x00000002   PAD
    0x00000bdc   0x00000bdc   0x00000188   Code   RO           51    i.commonInit        st7735.o
    0x00000d64   0x00000d64   0x00000200   Code   RO          484    i.main              spaceinvaders.o
    0x00000f64   0x00000f64   0x00000074   Code   RO           57    i.setAddrWindow     st7735.o
    0x00000fd8   0x00000fd8   0x000007e2   Data   RO           59    .constdata          st7735.o
    0x000017ba   0x000017ba   0x00000002   PAD
    0x000017bc   0x000017bc   0x00004c28   Data   RO          486    .constdata          spaceinvaders.o
    0x000063e4   0x000063e4   0x00000a03   Data   RO          617    .constdata          field.o
    0x00006de7   0x00006de7   0x00000016   Data   RO          637    .constdata          pokemontype.o
    0x00006dfd   0x00006dfd   0x00000003   PAD
    0x00006e00   0x00006e00   0x00001070   Data   RO          745    .constdata          drawscreen.o
    0x00007e70   0x00007e70   0x00000022   Data   RO          487    .conststring        spaceinvaders.o
    0x00007e92   0x00007e92   0x00000002   PAD
    0x00007e94   0x00007e94   0x00000020   Data   RO          941    Region$$Table       anon$$obj.o


    Execution Region ER_RW (Exec base: 0x20000000, Load base: 0x00007eb4, Size: 0x00000050, Max: 0xffffffff, ABSOLUTE)

    Exec Addr    Load Addr    Size         Type   Attr      Idx    E Section Name        Object

    0x20000000   0x00007eb4   0x00000028   Data   RW           60    .data               st7735.o
    0x20000028   0x00007edc   0x00000004   Data   RW          346    .data               timer0.o
    0x2000002c   0x00007ee0   0x00000004   Data   RW          367    .data               timer1.o
    0x20000030   0x00007ee4   0x00000004   Data   RW          472    .data               systeminfo.o
    0x20000034   0x00007ee8   0x00000010   Data   RW          488    .data               spaceinvaders.o
    0x20000044   0x00007ef8   0x00000008   Data   RW          699    .data               adc_joystick.o
    0x2000004c   0x00007f00   0x00000004   Data   RW           12    DATA                random.o


    Execution Region ER_ZI (Exec base: 0x20000050, Load base: 0x00007f04, Size: 0x00000548, Max: 0xffffffff, ABSOLUTE)

    Exec Addr    Load Addr    Size         Type   Attr      Idx    E Section Name        Object

    0x20000054        -       0x00000098   Zero   RW          479    .bss                spaceinvaders.o
    0x200000ec        -       0x00000060   Zero   RW          916    .bss                c_w.l(libspace.o)
    0x2000014c   0x00007658   0x00000004   PAD
    0x20000150        -       0x00000000   Zero   RW            2    HEAP                startup.o
    0x20000150        -       0x00000400   Zero   RW            1    STACK               startup.o

    0x00000284   0x00000284   0x00000008   Code   RO          860  * !!!main             c_w.l(__main.o)
    0x0000028c   0x0000028c   0x00000034   Code   RO         1061    !!!scatter          c_w.l(__scatter.o)
    0x000002c0   0x000002c0   0x0000001a   Code   RO         1063    !!handler_copy      c_w.l(__scatter_copy.o)
    0x000002da   0x000002da   0x00000002   PAD
    0x000002dc   0x000002dc   0x0000001c   Code   RO         1065    !!handler_zi        c_w.l(__scatter_zi.o)
    0x000002f8   0x000002f8   0x00000002   Code   RO         1000    .ARM.Collect$$libinit$$00000000  c_w.l(libinit.o)
    0x000002fa   0x000002fa   0x00000000   Code   RO          893    .ARM.Collect$$libinit$$00000002  c_w.l(libinit2.o)
    0x000002fa   0x000002fa   0x00000000   Code   RO          895    .ARM.Collect$$libinit$$00000004  c_w.l(libinit2.o)
    0x000002fa   0x000002fa   0x00000000   Code   RO          898    .ARM.Collect$$libinit$$0000000A  c_w.l(libinit2.o)
    0x000002fa   0x000002fa   0x00000000   Code   RO          900    .ARM.Collect$$libinit$$0000000C  c_w.l(libinit2.o)
    0x000002fa   0x000002fa   0x00000000   Code   RO          902    .ARM.Collect$$libinit$$0000000E  c_w.l(libinit2.o)
    0x000002fa   0x000002fa   0x00000000   Code   RO          905    .ARM.Collect$$libinit$$00000011  c_w.l(libinit2.o)
    0x000002fa   0x000002fa   0x00000000   Code   RO          907    .ARM.Collect$$libinit$$00000013  c_w.l(libinit2.o)
    0x000002fa   0x000002fa   0x00000000   Code   RO          909    .ARM.Collect$$libinit$$00000015  c_w.l(libinit2.o)
    0x000002fa   0x000002fa   0x00000000   Code   RO          911    .ARM.Collect$$libinit$$00000017  c_w.l(libinit2.o)
    0x000002fa   0x000002fa   0x00000000   Code   RO          913    .ARM.Collect$$libinit$$00000019  c_w.l(libinit2.o)
    0x000002fa   0x000002fa   0x00000000   Code   RO          915    .ARM.Collect$$libinit$$0000001B  c_w.l(libinit2.o)
    0x000002fa   0x000002fa   0x00000000   Code   RO          917    .ARM.Collect$$libinit$$0000001D  c_w.l(libinit2.o)
    0x000002fa   0x000002fa   0x00000000   Code   RO          919    .ARM.Collect$$libinit$$0000001F  c_w.l(libinit2.o)
    0x000002fa   0x000002fa   0x00000000   Code   RO          921    .ARM.Collect$$libinit$$00000021  c_w.l(libinit2.o)
    0x000002fa   0x000002fa   0x00000000   Code   RO          923    .ARM.Collect$$libinit$$00000023  c_w.l(libinit2.o)
    0x000002fa   0x000002fa   0x00000000   Code   RO          925    .ARM.Collect$$libinit$$00000025  c_w.l(libinit2.o)
    0x000002fa   0x000002fa   0x00000000   Code   RO          929    .ARM.Collect$$libinit$$0000002C  c_w.l(libinit2.o)
    0x000002fa   0x000002fa   0x00000000   Code   RO          931    .ARM.Collect$$libinit$$0000002E  c_w.l(libinit2.o)
    0x000002fa   0x000002fa   0x00000000   Code   RO          933    .ARM.Collect$$libinit$$00000030  c_w.l(libinit2.o)
    0x000002fa   0x000002fa   0x00000000   Code   RO          935    .ARM.Collect$$libinit$$00000032  c_w.l(libinit2.o)
    0x000002fa   0x000002fa   0x00000002   Code   RO          936    .ARM.Collect$$libinit$$00000033  c_w.l(libinit2.o)
    0x000002fc   0x000002fc   0x00000002   Code   RO         1058    .ARM.Collect$$libshutdown$$00000000  c_w.l(libshutdown.o)
    0x000002fe   0x000002fe   0x00000000   Code   RO         1014    .ARM.Collect$$libshutdown$$00000002  c_w.l(libshutdown2.o)
    0x000002fe   0x000002fe   0x00000000   Code   RO         1016    .ARM.Collect$$libshutdown$$00000004  c_w.l(libshutdown2.o)
    0x000002fe   0x000002fe   0x00000000   Code   RO         1019    .ARM.Collect$$libshutdown$$00000007  c_w.l(libshutdown2.o)
    0x000002fe   0x000002fe   0x00000000   Code   RO         1022    .ARM.Collect$$libshutdown$$0000000A  c_w.l(libshutdown2.o)
    0x000002fe   0x000002fe   0x00000000   Code   RO         1024    .ARM.Collect$$libshutdown$$0000000C  c_w.l(libshutdown2.o)
    0x000002fe   0x000002fe   0x00000000   Code   RO         1027    .ARM.Collect$$libshutdown$$0000000F  c_w.l(libshutdown2.o)
    0x000002fe   0x000002fe   0x00000002   Code   RO         1028    .ARM.Collect$$libshutdown$$00000010  c_w.l(libshutdown2.o)
    0x00000300   0x00000300   0x00000000   Code   RO          864    .ARM.Collect$$rtentry$$00000000  c_w.l(__rtentry.o)
    0x00000300   0x00000300   0x00000000   Code   RO          943    .ARM.Collect$$rtentry$$00000002  c_w.l(__rtentry2.o)
    0x00000300   0x00000300   0x00000006   Code   RO          955    .ARM.Collect$$rtentry$$00000004  c_w.l(__rtentry4.o)
    0x00000306   0x00000306   0x00000000   Code   RO          945    .ARM.Collect$$rtentry$$00000009  c_w.l(__rtentry2.o)
    0x00000306   0x00000306   0x00000004   Code   RO          946    .ARM.Collect$$rtentry$$0000000A  c_w.l(__rtentry2.o)
    0x0000030a   0x0000030a   0x00000000   Code   RO          948    .ARM.Collect$$rtentry$$0000000C  c_w.l(__rtentry2.o)
    0x0000030a   0x0000030a   0x00000008   Code   RO          949    .ARM.Collect$$rtentry$$0000000D  c_w.l(__rtentry2.o)
    0x00000312   0x00000312   0x00000002   Code   RO         1003    .ARM.Collect$$rtexit$$00000000  c_w.l(rtexit.o)
    0x00000314   0x00000314   0x00000000   Code   RO         1032    .ARM.Collect$$rtexit$$00000002  c_w.l(rtexit2.o)
    0x00000314   0x00000314   0x00000004   Code   RO         1033    .ARM.Collect$$rtexit$$00000003  c_w.l(rtexit2.o)
    0x00000318   0x00000318   0x00000006   Code   RO         1034    .ARM.Collect$$rtexit$$00000004  c_w.l(rtexit2.o)
    0x0000031e   0x0000031e   0x00000002   PAD
    0x00000320   0x00000320   0x00000030   Code   RO            4    .text               startup.o
    0x00000350   0x00000350   0x00000040   Code   RO           13    .text               random.o
    0x00000390   0x00000390   0x00000048   Code   RO          465    .text               lcd.o
    0x000003d8   0x000003d8   0x00000064   Code   RO          856    .text               c_w.l(rt_memcpy_w.o)
    0x0000043c   0x0000043c   0x00000006   Code   RO          858    .text               c_w.l(heapauxi.o)
    0x00000442   0x00000442   0x00000002   PAD
    0x00000444   0x00000444   0x00000008   Code   RO          939    .text               c_w.l(libspace.o)
    0x0000044c   0x0000044c   0x00000002   Code   RO          976    .text               c_w.l(use_no_semi.o)
    0x0000044e   0x0000044e   0x00000000   Code   RO          978    .text               c_w.l(indicate_semi.o)
    0x0000044e   0x0000044e   0x0000004a   Code   RO          979    .text               c_w.l(sys_stackheap_outer.o)
    0x00000498   0x00000498   0x00000012   Code   RO          985    .text               c_w.l(exit.o)
    0x000004aa   0x000004aa   0x00000002   PAD
    0x000004ac   0x000004ac   0x0000000c   Code   RO         1001    .text               c_w.l(sys_exit.o)
    0x000004b8   0x000004b8   0x00000038   Code   RO          743    i.ADC_In89          adc_joystick.o
    0x000004f0   0x000004f0   0x00000118   Code   RO          744    i.ADC_Init89        adc_joystick.o
    0x00000608   0x00000608   0x00000024   Code   RO          556    i.Delay100ms        draw.o
    0x0000062c   0x0000062c   0x00000020   Code   RO           16    i.Delay1ms          st7735.o
    0x0000064c   0x0000064c   0x00000024   Code   RO          558    i.DrawAllSprites    draw.o
    0x00000670   0x00000670   0x0000007c   Code   RO          559    i.DrawBorder        draw.o
    0x000006ec   0x000006ec   0x00000052   Code   RO          562    i.DrawSelection     draw.o
    0x0000073e   0x0000073e   0x0000001e   Code   RO          563    i.DrawSpriteImg     draw.o
    0x0000075c   0x0000075c   0x00000034   Code   RO          565    i.DrawSpriteSelection  draw.o
    0x00000790   0x00000790   0x000000fc   Code   RO          471    i.DrawTitleScreen   spaceinvaders.o
    0x0000088c   0x0000088c   0x00000010   Code   RO           19    i.Output_Init       st7735.o
    0x0000089c   0x0000089c   0x0000007c   Code   RO          293    i.PLL_Init          pll.o
    0x00000918   0x00000918   0x00000120   Code   RO           23    i.ST7735_DrawBitmap  st7735.o
    0x00000a38   0x00000a38   0x000000f8   Code   RO           25    i.ST7735_DrawCharS  st7735.o
    0x00000b30   0x00000b30   0x00000048   Code   RO           28    i.ST7735_DrawPixel  st7735.o
    0x00000b78   0x00000b78   0x00000056   Code   RO           29    i.ST7735_DrawString  st7735.o
    0x00000bce   0x00000bce   0x00000002   PAD
    0x00000bd0   0x00000bd0   0x000000ac   Code   RO           30    i.ST7735_FillRect   st7735.o
    0x00000c7c   0x00000c7c   0x00000024   Code   RO           31    i.ST7735_FillScreen  st7735.o
    0x00000ca0   0x00000ca0   0x0000007c   Code   RO           33    i.ST7735_InitR      st7735.o
    0x00000d1c   0x00000d1c   0x000000d4   Code   RO           35    i.ST7735_OutChar    st7735.o
    0x00000df0   0x00000df0   0x00000018   Code   RO           36    i.ST7735_OutString  st7735.o
    0x00000e08   0x00000e08   0x00000020   Code   RO           46    i.ST7735_SetCursor  st7735.o
    0x00000e28   0x00000e28   0x0000000c   Code   RO           48    i.ST7735_SetTextColor  st7735.o
    0x00000e34   0x00000e34   0x00000018   Code   RO          745    i.SysTick_Handler   adc_joystick.o
    0x00000e4c   0x00000e4c   0x00000018   Code   RO          746    i.SysTick_Init      adc_joystick.o
    0x00000e64   0x00000e64   0x00000018   Code   RO          344    i.Timer0A_Handler   timer0.o
    0x00000e7c   0x00000e7c   0x00000018   Code   RO          365    i.Timer1A_Handler   timer1.o
    0x00000e94   0x00000e94   0x00000056   Code   RO           50    i.commandList       st7735.o
    0x00000eea   0x00000eea   0x00000002   PAD
    0x00000eec   0x00000eec   0x00000188   Code   RO           51    i.commonInit        st7735.o
    0x00001074   0x00001074   0x00000028   Code   RO          747    i.getJoystickX      adc_joystick.o
    0x0000109c   0x0000109c   0x00000028   Code   RO          748    i.getJoystickY      adc_joystick.o
    0x000010c4   0x000010c4   0x000001c0   Code   RO          474    i.main              spaceinvaders.o
    0x00001284   0x00001284   0x00000012   Code   RO           56    i.pushColor         st7735.o
    0x00001296   0x00001296   0x00000002   PAD
    0x00001298   0x00001298   0x00000074   Code   RO           57    i.setAddrWindow     st7735.o
    0x0000130c   0x0000130c   0x000007e2   Data   RO           59    .constdata          st7735.o
    0x00001aee   0x00001aee   0x00000002   PAD
    0x00001af0   0x00001af0   0x00004c28   Data   RO          476    .constdata          spaceinvaders.o
    0x00006718   0x00006718   0x00000a03   Data   RO          648    .constdata          field.o
    0x0000711b   0x0000711b   0x00000016   Data   RO          671    .constdata          pokemontype.o
    0x00007131   0x00007131   0x00000003   PAD
    0x00007134   0x00007134   0x00000022   Data   RO          477    .conststring        spaceinvaders.o
    0x00007156   0x00007156   0x00000002   PAD
    0x00007158   0x00007158   0x00000020   Data   RO         1059    Region$$Table       anon$$obj.o


    Execution Region ER_RW (Exec base: 0x20000000, Load base: 0x00007178, Size: 0x00000054, Max: 0xffffffff, ABSOLUTE)

    Exec Addr    Load Addr    Size         Type   Attr      Idx    E Section Name        Object

    0x20000000   0x00007178   0x00000028   Data   RW           60    .data               st7735.o
    0x20000028   0x000071a0   0x00000004   Data   RW          346    .data               timer0.o
    0x2000002c   0x000071a4   0x00000004   Data   RW          367    .data               timer1.o
    0x20000030   0x000071a8   0x00000014   Data   RW          478    .data               spaceinvaders.o
    0x20000044   0x000071bc   0x00000004   Data   RW          544    .data               systeminfo.o
    0x20000048   0x000071c0   0x00000008   Data   RW          749    .data               adc_joystick.o
    0x20000050   0x000071c8   0x00000004   Data   RW           12    DATA                random.o


    Execution Region ER_ZI (Exec base: 0x20000054, Load base: 0x000071cc, Size: 0x00000504, Max: 0xffffffff, ABSOLUTE)

    Exec Addr    Load Addr    Size         Type   Attr      Idx    E Section Name        Object

    0x20000054        -       0x000000a0   Zero   RW          475    .bss                spaceinvaders.o
    0x200000f4        -       0x00000060   Zero   RW          940    .bss                c_w.l(libspace.o)
    0x20000154   0x000071cc   0x00000004   PAD
    0x20000158        -       0x00000000   Zero   RW            2    HEAP                startup.o
    0x20000158        -       0x00000400   Zero   RW            1    STACK               startup.o



==============================================================================

Image component sizes


      Code (inc. data)   RO Data    RW Data    ZI Data      Debug   Object Name


       376         34          0          8          0       2336   adc_joystick.o
       102          6          0          0          0       2274   draw.o
       388          6       4208          0          0       2543   drawscreen.o

        80         12          0          8          0       1424   adc_joystick.o
        66          6          0          0          0       1793   draw.o

         0          0       2563          0          0        603   field.o
        72         12          0          0          0        228   lcd.o
       124          4          0          0          0        439   pll.o
         0          0         22          0          0       1733   pokemontype.o
        64         14          0          4          0        232   random.o

       512         32      19530         16        232       4947   spaceinvaders.o

      1060         46      21602         20        152       6447   spaceinvaders.o
r
      1294        128       2018         40          0      14398   st7735.o

       700        108      19530         20        160       6110   spaceinvaders.o
      1966        192       2018         40          0      18494   st7735.o

       692        632          0          0       1024        964   startup.o
         0          0          0          4          0        866   systeminfo.o
        24          8          0          4          0        902   timer0.o
        24          8          0          4          0        902   timer1.o

    ----------------------------------------------------------------------

      3676        884      28380         80       1256      33367   Object Totals
         0          0         32          0          0          0   (incl. Generated)
         4          0          7          0          0          0   (incl. Padding)

      3504        870      26252         84       1176      30931   Object Totals
         0          0         32          0          0          0   (incl. Generated)
         4          0          5          0          0          0   (incl. Padding)


    ----------------------------------------------------------------------

      Code (inc. data)   RO Data    RW Data    ZI Data      Debug   Library Member Name

         8          0          0          0          0         68   __main.o
         0          0          0          0          0          0   __rtentry.o
        12          0          0          0          0          0   __rtentry2.o
         6          0          0          0          0          0   __rtentry4.o
        52          8          0          0          0          0   __scatter.o
        26          0          0          0          0          0   __scatter_copy.o
        28          0          0          0          0          0   __scatter_zi.o
        18          0          0          0          0         80   exit.o
         6          0          0          0          0        152   heapauxi.o
         0          0          0          0          0          0   indicate_semi.o
         2          0          0          0          0          0   libinit.o
         2          0          0          0          0          0   libinit2.o
         2          0          0          0          0          0   libshutdown.o
         2          0          0          0          0          0   libshutdown2.o
         8          4          0          0         96         68   libspace.o
       100          0          0          0          0         80   rt_memcpy_w.o
         2          0          0          0          0          0   rtexit.o
        10          0          0          0          0          0   rtexit2.o
        12          4          0          0          0         68   sys_exit.o
        74          0          0          0          0         80   sys_stackheap_outer.o
         2          0          0          0          0         68   use_no_semi.o

    ----------------------------------------------------------------------
       380         16          0          0         96        664   Library Totals
         8          0          0          0          0          0   (incl. Padding)

    ----------------------------------------------------------------------

      Code (inc. data)   RO Data    RW Data    ZI Data      Debug   Library Name

       372         16          0          0         96        664   c_w.l

    ----------------------------------------------------------------------
       380         16          0          0         96        664   Library Totals

    ----------------------------------------------------------------------

==============================================================================


      Code (inc. data)   RO Data    RW Data    ZI Data      Debug   


      4056        900      28380         80       1352      32883   Grand Totals
      4056        900      28380         80       1352      32883   ELF Image Totals
      4056        900      28380         80          0          0   ROM Totals

==============================================================================

    Total RO  Size (Code + RO Data)                32436 (  31.68kB)
    Total RW  Size (RW Data + ZI Data)              1432 (   1.40kB)
    Total ROM Size (Code + RO Data + RW Data)      32516 (  31.75kB)

==============================================================================



    Total RO  Size (Code + RO Data)                30212 (  29.50kB)
    Total RW  Size (RW Data + ZI Data)              1360 (   1.33kB)
    Total ROM Size (Code + RO Data + RW Data)      30296 (  29.59kB)

      4876       1048      24172         84       1284      37968   Grand Totals
      4876       1048      24172         84       1284      37968   ELF Image Totals
      4876       1048      24172         84          0          0   ROM Totals

==============================================================================

    Total RO  Size (Code + RO Data)                29048 (  28.37kB)
    Total RW  Size (RW Data + ZI Data)              1368 (   1.34kB)
    Total ROM Size (Code + RO Data + RW Data)      29132 (  28.45kB)

==============================================================================

