Component: ARM Compiler 5.06 update 6 (build 750) Tool: armlink [4d35ed]

==============================================================================

Section Cross References

    startup.o(STACK) refers (Special) to heapauxi.o(.text) for __use_two_region_memory
    startup.o(HEAP) refers (Special) to heapauxi.o(.text) for __use_two_region_memory
    startup.o(RESET) refers (Special) to heapauxi.o(.text) for __use_two_region_memory
    startup.o(RESET) refers to startup.o(STACK) for StackMem
    startup.o(RESET) refers to adc_joystick.o(i.SysTick_Handler) for SysTick_Handler
    startup.o(RESET) refers to timer0.o(i.Timer0A_Handler) for Timer0A_Handler
    startup.o(RESET) refers to timer1.o(i.Timer1A_Handler) for Timer1A_Handler
    startup.o(RESET) refers to __main.o(!!!main) for __main
    startup.o(.text) refers (Special) to heapauxi.o(.text) for __use_two_region_memory
    startup.o(.text) refers to startup.o(HEAP) for HeapMem
    startup.o(.text) refers to startup.o(STACK) for StackMem
    random.o(.text) refers to random.o(DATA) for M
    st7735.o(i.Output_Clear) refers to st7735.o(i.ST7735_FillScreen) for ST7735_FillScreen
    st7735.o(i.Output_Color) refers to st7735.o(i.ST7735_SetTextColor) for ST7735_SetTextColor
    st7735.o(i.Output_Init) refers to st7735.o(i.ST7735_InitR) for ST7735_InitR
    st7735.o(i.Output_Init) refers to st7735.o(i.ST7735_FillScreen) for ST7735_FillScreen
    st7735.o(i.Output_Off) refers to st7735.o(i.Output_Clear) for Output_Clear
    st7735.o(i.Output_On) refers to st7735.o(i.Output_Init) for Output_Init
    st7735.o(i.ST7735_DrawBitmap) refers to st7735.o(i.setAddrWindow) for setAddrWindow
    st7735.o(i.ST7735_DrawBitmap) refers to lcd.o(.text) for writedata
    st7735.o(i.ST7735_DrawBitmap) refers to systeminfo.o(.data) for _width
    st7735.o(i.ST7735_DrawChar) refers to st7735.o(i.setAddrWindow) for setAddrWindow
    st7735.o(i.ST7735_DrawChar) refers to st7735.o(i.pushColor) for pushColor
    st7735.o(i.ST7735_DrawChar) refers to systeminfo.o(.data) for _width
    st7735.o(i.ST7735_DrawChar) refers to st7735.o(.constdata) for Font
    st7735.o(i.ST7735_DrawCharS) refers to st7735.o(i.ST7735_DrawPixel) for ST7735_DrawPixel
    st7735.o(i.ST7735_DrawCharS) refers to st7735.o(i.ST7735_FillRect) for ST7735_FillRect
    st7735.o(i.ST7735_DrawCharS) refers to systeminfo.o(.data) for _width
    st7735.o(i.ST7735_DrawCharS) refers to st7735.o(.constdata) for Font
    st7735.o(i.ST7735_DrawFastHLine) refers to st7735.o(i.setAddrWindow) for setAddrWindow
    st7735.o(i.ST7735_DrawFastHLine) refers to lcd.o(.text) for writedata
    st7735.o(i.ST7735_DrawFastHLine) refers to systeminfo.o(.data) for _width
    st7735.o(i.ST7735_DrawFastVLine) refers to st7735.o(i.setAddrWindow) for setAddrWindow
    st7735.o(i.ST7735_DrawFastVLine) refers to lcd.o(.text) for writedata
    st7735.o(i.ST7735_DrawFastVLine) refers to systeminfo.o(.data) for _width
    st7735.o(i.ST7735_DrawPixel) refers to st7735.o(i.setAddrWindow) for setAddrWindow
    st7735.o(i.ST7735_DrawPixel) refers to st7735.o(i.pushColor) for pushColor
    st7735.o(i.ST7735_DrawPixel) refers to systeminfo.o(.data) for _width
    st7735.o(i.ST7735_DrawString) refers to st7735.o(i.ST7735_DrawCharS) for ST7735_DrawCharS
    st7735.o(i.ST7735_FillRect) refers to st7735.o(i.setAddrWindow) for setAddrWindow
    st7735.o(i.ST7735_FillRect) refers to lcd.o(.text) for writedata
    st7735.o(i.ST7735_FillRect) refers to systeminfo.o(.data) for _width
    st7735.o(i.ST7735_FillScreen) refers to st7735.o(i.ST7735_FillRect) for ST7735_FillRect
    st7735.o(i.ST7735_FillScreen) refers to systeminfo.o(.data) for _height
    st7735.o(i.ST7735_InitB) refers to st7735.o(i.commonInit) for commonInit
    st7735.o(i.ST7735_InitB) refers to st7735.o(i.ST7735_SetCursor) for ST7735_SetCursor
    st7735.o(i.ST7735_InitB) refers to st7735.o(i.ST7735_FillScreen) for ST7735_FillScreen
    st7735.o(i.ST7735_InitB) refers to st7735.o(.constdata) for Bcmd
    st7735.o(i.ST7735_InitB) refers to st7735.o(.data) for StTextColor
    st7735.o(i.ST7735_InitR) refers to st7735.o(i.commonInit) for commonInit
    st7735.o(i.ST7735_InitR) refers to st7735.o(i.commandList) for commandList
    st7735.o(i.ST7735_InitR) refers to lcd.o(.text) for writecommand
    st7735.o(i.ST7735_InitR) refers to st7735.o(i.ST7735_SetCursor) for ST7735_SetCursor
    st7735.o(i.ST7735_InitR) refers to st7735.o(i.ST7735_FillScreen) for ST7735_FillScreen
    st7735.o(i.ST7735_InitR) refers to st7735.o(.constdata) for Rcmd1
    st7735.o(i.ST7735_InitR) refers to st7735.o(.data) for ColStart
    st7735.o(i.ST7735_InvertDisplay) refers to lcd.o(.text) for writecommand
    st7735.o(i.ST7735_OutChar) refers to st7735.o(i.ST7735_DrawString) for ST7735_DrawString
    st7735.o(i.ST7735_OutChar) refers to st7735.o(i.ST7735_DrawCharS) for ST7735_DrawCharS
    st7735.o(i.ST7735_OutChar) refers to st7735.o(.data) for StY
[...]
    .ARM.Collect$$rtentry$$00000000          0x00000348   Section        0  __rtentry.o(.ARM.Collect$$rtentry$$00000000)
    .ARM.Collect$$rtentry$$00000002          0x00000348   Section        0  __rtentry2.o(.ARM.Collect$$rtentry$$00000002)
    .ARM.Collect$$rtentry$$00000004          0x00000348   Section        6  __rtentry4.o(.ARM.Collect$$rtentry$$00000004)
    .ARM.Collect$$rtentry$$00000009          0x0000034e   Section        0  __rtentry2.o(.ARM.Collect$$rtentry$$00000009)
    .ARM.Collect$$rtentry$$0000000A          0x0000034e   Section        4  __rtentry2.o(.ARM.Collect$$rtentry$$0000000A)
    .ARM.Collect$$rtentry$$0000000C          0x00000352   Section        0  __rtentry2.o(.ARM.Collect$$rtentry$$0000000C)
    .ARM.Collect$$rtentry$$0000000D          0x00000352   Section        8  __rtentry2.o(.ARM.Collect$$rtentry$$0000000D)
    .ARM.Collect$$rtexit$$00000000           0x0000035a   Section        2  rtexit.o(.ARM.Collect$$rtexit$$00000000)
    .ARM.Collect$$rtexit$$00000002           0x0000035c   Section        0  rtexit2.o(.ARM.Collect$$rtexit$$00000002)
    .ARM.Collect$$rtexit$$00000003           0x0000035c   Section        4  rtexit2.o(.ARM.Collect$$rtexit$$00000003)
    .ARM.Collect$$rtexit$$00000004           0x00000360   Section        6  rtexit2.o(.ARM.Collect$$rtexit$$00000004)
    .text                                    0x00000368   Section       48  startup.o(.text)
    .text                                    0x00000398   Section       60  random.o(.text)
    .text                                    0x000003d4   Section       72  lcd.o(.text)
    .text                                    0x0000041c   Section      384  print.o(.text)
    .text                                    0x0000059c   Section      100  rt_memcpy_w.o(.text)
    .text                                    0x00000600   Section       78  rt_memclr_w.o(.text)
    .text                                    0x0000064e   Section        0  heapauxi.o(.text)
    .text                                    0x00000654   Section       74  sys_stackheap_outer.o(.text)
    .text                                    0x0000069e   Section        0  exit.o(.text)
    .text                                    0x000006b0   Section        8  libspace.o(.text)
    .text                                    0x000006b8   Section        0  sys_exit.o(.text)
    .text                                    0x000006c4   Section        2  use_no_semi.o(.text)
    .text                                    0x000006c6   Section        0  indicate_semi.o(.text)
    i.ADC_In89                               0x000006c8   Section        0  adc_joystick.o(i.ADC_In89)
    i.ADC_Init89                             0x00000700   Section        0  adc_joystick.o(i.ADC_Init89)
    i.BumpedIntoWorldPokemon                 0x00000824   Section        0  field.o(i.BumpedIntoWorldPokemon)
    i.ClearScreenGrid                        0x00000868   Section        0  field.o(i.ClearScreenGrid)
    i.DAC_Init                               0x00000888   Section        0  dac.o(i.DAC_Init)
    i.DAC_Out                                0x000008d0   Section        0  dac.o(i.DAC_Out)
    i.Delay1ms                               0x000008dc   Section        0  st7735.o(i.Delay1ms)
    i.DrawAllSprites                         0x000008fc   Section        0  draw.o(i.DrawAllSprites)
    i.DrawBattleInventory                    0x00000920   Section        0  drawscreen.o(i.DrawBattleInventory)
    i.DrawBattleScreen                       0x00000d34   Section        0  drawscreen.o(i.DrawBattleScreen)
    i.DrawBorder                             0x00001278   Section        0  draw.o(i.DrawBorder)
    i.DrawField                              0x000012f4   Section        0  field.o(i.DrawField)
    i.DrawGridSprite                         0x00001590   Section        0  draw.o(i.DrawGridSprite)
    i.DrawHPBars                             0x000015c4   Section        0  drawscreen.o(i.DrawHPBars)
    i.DrawLanguageSelection                  0x00001670   Section        0  drawscreen.o(i.DrawLanguageSelection)
    i.DrawMoveCommands                       0x000016cc   Section        0  drawscreen.o(i.DrawMoveCommands)
    i.DrawPokemonInventory                   0x00001dbc   Section        0  drawscreen.o(i.DrawPokemonInventory)
    i.DrawSelection                          0x00001f94   Section        0  draw.o(i.DrawSelection)
    i.DrawShopScreen                         0x00001fe8   Section        0  shop.o(i.DrawShopScreen)
    i.DrawSimpleMenu                         0x000023e4   Section        0  drawscreen.o(i.DrawSimpleMenu)
    i.DrawSpriteImg                          0x000024d0   Section        0  draw.o(i.DrawSpriteImg)
    i.DrawSpriteSelection                    0x000024ee   Section        0  draw.o(i.DrawSpriteSelection)
    i.DrawStatusScreen                       0x00002524   Section        0  drawscreen.o(i.DrawStatusScreen)
    i.DrawSwapPokemon                        0x0000267c   Section        0  drawscreen.o(i.DrawSwapPokemon)
    i.DrawTitleScreen                        0x000027e4   Section        0  drawscreen.o(i.DrawTitleScreen)
    i.DrawWorld                              0x000029b4   Section        0  drawscreen.o(i.DrawWorld)
    i.GenerateRandomPokemon                  0x00002b58   Section        0  drawscreen.o(i.GenerateRandomPokemon)
    i.GenerateRandomPokemonInit              0x00002c20   Section        0  drawscreen.o(i.GenerateRandomPokemonInit)
    i.GetFieldGrid                           0x00002cec   Section        0  field.o(i.GetFieldGrid)
    i.GetGridX                               0x00002d00   Section        0  draw.o(i.GetGridX)
    i.GetGridY                               0x00002d1c   Section        0  draw.o(i.GetGridY)
    i.GetObjGrid                             0x00002d38   Section        0  field.o(i.GetObjGrid)
    i.GetPokemonGrid                         0x00002d4c   Section        0  drawscreen.o(i.GetPokemonGrid)
    i.IncSeed                                0x00002e04   Section        0  drawscreen.o(i.IncSeed)
    i.InitBackgroundTypes                    0x00002e38   Section        0  field.o(i.InitBackgroundTypes)
    i.InitGridCoordinates                    0x00002f38   Section        0  field.o(i.InitGridCoordinates)
    i.InitInventory                          0x00002fc8   Section        0  player.o(i.InitInventory)
    i.InitMoves                              0x00003038   Section        0  battle.o(i.InitMoves)
    i.InitPlayer                             0x0000334c   Section        0  player.o(i.InitPlayer)
    i.InitPokemon                            0x000033e0   Section        0  drawscreen.o(i.InitPokemon)
    i.InitShop                               0x00003860   Section        0  shop.o(i.InitShop)
    i.InitTeam                               0x000039d0   Section        0  player.o(i.InitTeam)
    i.IsGridObject                           0x000039e4   Section        0  field.o(i.IsGridObject)
    i.IsPokemonPosOnEdge                     0x00003a18   Section        0  drawscreen.o(i.IsPokemonPosOnEdge)
    i.IsPokemonWalkable                      0x00003a48   Section        0  field.o(i.IsPokemonWalkable)
    i.IsWalkable                             0x00003b14   Section        0  field.o(i.IsWalkable)
    i.IsWorldPokemon                         0x00003b48   Section        0  field.o(i.IsWorldPokemon)
    i.MoveDown                               0x00003b84   Section        0  player.o(i.MoveDown)
    i.MoveLeft                               0x00003be8   Section        0  player.o(i.MoveLeft)
    i.MoveRight                              0x00003c50   Section        0  player.o(i.MoveRight)
    i.MoveUp                                 0x00003cb8   Section        0  player.o(i.MoveUp)
    i.MoveWorldPokemon                       0x00003d1c   Section        0  drawscreen.o(i.MoveWorldPokemon)
    i.Output_Init                            0x00003f40   Section        0  st7735.o(i.Output_Init)
    i.PLL_Init                               0x00003f50   Section        0  pll.o(i.PLL_Init)
    i.PokemonAllDead                         0x00003fcc   Section        0  drawscreen.o(i.PokemonAllDead)
    i.PokemonLocationTaken                   0x00003ff4   Section        0  drawscreen.o(i.PokemonLocationTaken)
    i.PrintWinLoseScreen                     0x00004028   Section        0  spaceinvaders.o(i.PrintWinLoseScreen)
    i.RestoreDeadPokemon                     0x00004128   Section        0  drawscreen.o(i.RestoreDeadPokemon)
    i.ST7735_DrawBitmap                      0x00004154   Section        0  st7735.o(i.ST7735_DrawBitmap)
    i.ST7735_DrawCharS                       0x00004274   Section        0  st7735.o(i.ST7735_DrawCharS)
    i.ST7735_DrawPixel                       0x0000436c   Section        0  st7735.o(i.ST7735_DrawPixel)
    i.ST7735_DrawString                      0x000043b4   Section        0  st7735.o(i.ST7735_DrawString)
    i.ST7735_FillRect                        0x0000440c   Section        0  st7735.o(i.ST7735_FillRect)
    i.ST7735_FillScreen                      0x000044b8   Section        0  st7735.o(i.ST7735_FillScreen)
    i.ST7735_InitR                           0x000044dc   Section        0  st7735.o(i.ST7735_InitR)
    i.ST7735_OutChar                         0x00004558   Section        0  st7735.o(i.ST7735_OutChar)
    i.ST7735_OutString                       0x0000462c   Section        0  st7735.o(i.ST7735_OutString)
    i.ST7735_SetCursor                       0x00004644   Section        0  st7735.o(i.ST7735_SetCursor)
    i.ST7735_SetTextColor                    0x00004664   Section        0  st7735.o(i.ST7735_SetTextColor)
    i.Sound_Attack1                          0x00004670   Section        0  sound.o(i.Sound_Attack1)
    i.Sound_Attack2                          0x00004684   Section        0  sound.o(i.Sound_Attack2)
    i.Sound_Heal                             0x00004698   Section        0  sound.o(i.Sound_Heal)
    i.Sound_Init                             0x000046ac   Section        0  sound.o(i.Sound_Init)
    i.Sound_Play                             0x000046d8   Section        0  sound.o(i.Sound_Play)
    i.Sound_Task                             0x000046f8   Section        0  sound.o(i.Sound_Task)
    i.StartTeam                              0x00004740   Section        0  player.o(i.StartTeam)
    i.SysTick_Handler                        0x0000484c   Section        0  adc_joystick.o(i.SysTick_Handler)
    i.SysTick_Init                           0x00004864   Section        0  adc_joystick.o(i.SysTick_Init)
    i.Timer0A_Handler                        0x00004880   Section        0  timer0.o(i.Timer0A_Handler)
    i.Timer0_Init                            0x00004898   Section        0  timer0.o(i.Timer0_Init)
    i.Timer1A_Handler                        0x000048f8   Section        0  timer1.o(i.Timer1A_Handler)
    i.Timer1_Init                            0x00004910   Section        0  timer1.o(i.Timer1_Init)
    i.addPokemon                             0x00004970   Section        0  player.o(i.addPokemon)
    i.commandList                            0x000049d0   Section        0  st7735.o(i.commandList)
    commandList                              0x000049d1   Thumb Code    86  st7735.o(i.commandList)
    i.commonInit                             0x00004a28   Section        0  st7735.o(i.commonInit)
    commonInit                               0x00004a29   Thumb Code   342  st7735.o(i.commonInit)
    i.getJoystickX                           0x00004bb0   Section        0  adc_joystick.o(i.getJoystickX)
    i.getJoystickY                           0x00004bd8   Section        0  adc_joystick.o(i.getJoystickY)
    i.isPE2Pressed                           0x00004c00   Section        0  adc_joystick.o(i.isPE2Pressed)
    i.isPE3Pressed                           0x00004c30   Section        0  adc_joystick.o(i.isPE3Pressed)
    i.main                                   0x00004c60   Section        0  spaceinvaders.o(i.main)
    i.moveShakeBack                          0x00004d0c   Section        0  drawscreen.o(i.moveShakeBack)
    i.moveShakeLeft                          0x00004dd0   Section        0  drawscreen.o(i.moveShakeLeft)
    i.moveShakeRight                         0x00004e44   Section        0  drawscreen.o(i.moveShakeRight)
    i.pushColor                              0x00004eb8   Section        0  st7735.o(i.pushColor)
    pushColor                                0x00004eb9   Thumb Code    18  st7735.o(i.pushColor)
    i.setAddrWindow                          0x00004ecc   Section        0  st7735.o(i.setAddrWindow)
    setAddrWindow                            0x00004ecd   Thumb Code   106  st7735.o(i.setAddrWindow)
    .constdata                               0x00004f40   Section     2018  st7735.o(.constdata)
    Font                                     0x00004f40   Data        1275  st7735.o(.constdata)
    Bcmd                                     0x0000543b   Data         103  st7735.o(.constdata)
    Rcmd1                                    0x000054a2   Data          59  st7735.o(.constdata)
    Rcmd2green                               0x000054dd   Data          13  st7735.o(.constdata)
    Rcmd2red                                 0x000054ea   Data          13  st7735.o(.constdata)
    Rcmd3                                    0x000054f7   Data          43  st7735.o(.constdata)
    .constdata                               0x00005722   Section    48770  sound.o(.constdata)
    .constdata                               0x000115a4   Section       10  systeminfo.o(.constdata)
    .constdata                               0x000115b0   Section      292  battle.o(.constdata)
    .constdata                               0x000116d4   Section     1024  drawscreen.o(.constdata)
    .constdata                               0x00011ad4   Section      140  field.o(.constdata)
    .constdata                               0x00011b60   Section       22  pokemontype.o(.constdata)
    .constdata                               0x00011b78   Section      124  player.o(.constdata)
    .constdata                               0x00011bf4   Section      204  shop.o(.constdata)
    .constdata                               0x00011cc0   Section    46976  imagesother.o(.constdata)
    .constdata                               0x0001d440   Section     6144  textsprites.o(.constdata)
    .constdata                               0x0001ec40   Section    38912  imagespokemon2.o(.constdata)
    .constdata                               0x00028440   Section     5632  imagespokemonworld.o(.constdata)
    .conststring                             0x00029a40   Section      573  battle.o(.conststring)
    .conststring                             0x00029c80   Section      267  drawscreen.o(.conststring)
    .conststring                             0x00029d8c   Section       66  shop.o(.conststring)
    .data                                    0x20000000   Section       40  st7735.o(.data)
    ColStart                                 0x2000000a   Data           1  st7735.o(.data)
    RowStart                                 0x2000000b   Data           1  st7735.o(.data)
    Rotation                                 0x2000000c   Data           1  st7735.o(.data)
    TabColor                                 0x2000000d   Data           1  st7735.o(.data)
    .data                                    0x20000028   Section        4  timer0.o(.data)
    .data                                    0x2000002c   Section        4  timer1.o(.data)
    .data                                    0x20000030   Section       12  sound.o(.data)
    .data                                    0x2000003c   Section        2  spaceinvaders.o(.data)
    .data                                    0x2000003e   Section        4  systeminfo.o(.data)
    .data                                    0x20000044   Section       21  drawscreen.o(.data)
    .data                                    0x2000005c   Section     1812  field.o(.data)
    .data                                    0x20000770   Section      324  pokemontype.o(.data)
    .data                                    0x200008b4   Section       10  adc_joystick.o(.data)
    DATA                                     0x200008c0   Section        4  random.o(DATA)
    M                                        0x200008c0   Data           4  random.o(DATA)
    .bss                                     0x200008c4   Section     2400  battle.o(.bss)
    .bss                                     0x20001224   Section     1392  drawscreen.o(.bss)
    .bss                                     0x20001794   Section     5118  field.o(.bss)
    .bss                                     0x20002b94   Section      560  player.o(.bss)
    .bss                                     0x20002dc4   Section       84  shop.o(.bss)
    .bss                                     0x20002e18   Section       96  libspace.o(.bss)
    HEAP                                     0x20002e78   Section        0  startup.o(HEAP)
    STACK                                    0x20002e78   Section     1024  startup.o(STACK)
    HeapMem                                  0x20002e78   Data           0  startup.o(HEAP)
    StackMem                                 0x20002e78   Data           0  startup.o(STACK)

    Global Symbols

    Symbol Name                              Value     Ov Type        Size  Object(Section)

    BuildAttributes$$THM_ISAv4$E$P$D$K$B$S$7EM$PE$A:L22UL41UL21$X:L11$S22US41US21$IEEE1$IW$USESV6$~STKCKD$USESV7$~SHL$OSPACE$ROPI$EBA8$UX$STANDARDLIB$REQ8$PRES8$EABIv2 0x00000000   Number         0  anon$$obj.o ABSOLUTE
    __ARM_use_no_argv                        0x00000000   Number         0  spaceinvaders.o ABSOLUTE
    __Vectors                                0x00000000   Data           0  startup.o(RESET)
    __ARM_exceptions_init                     - Undefined Weak Reference
    __alloca_initialize                       - Undefined Weak Reference
    __arm_preinit_                            - Undefined Weak Reference
    __cpp_initialize__aeabi_                  - Undefined Weak Reference
    __cxa_finalize                            - Undefined Weak Reference
    __rt_locale                               - Undefined Weak Reference
    __sigvec_lookup                           - Undefined Weak Reference
    _atexit_init                              - Undefined Weak Reference
    _call_atexit_fns                          - Undefined Weak Reference
    _clock_init                               - Undefined Weak Reference
    _fp_trap_init                             - Undefined Weak Reference
    _fp_trap_shutdown                         - Undefined Weak Reference
    _get_lc_collate                           - Undefined Weak Reference
    _get_lc_ctype                             - Undefined Weak Reference
    _get_lc_monetary                          - Undefined Weak Reference
    _get_lc_numeric                           - Undefined Weak Reference
    _get_lc_time                              - Undefined Weak Reference
    _getenv_init                              - Undefined Weak Reference
    _handle_redirection                       - Undefined Weak Reference
    _init_alloc                               - Undefined Weak Reference
    _init_user_alloc                          - Undefined Weak Reference
    _initio                                   - Undefined Weak Reference
    _rand_init                                - Undefined Weak Reference
    _signal_finish                            - Undefined Weak Reference
    _signal_init                              - Undefined Weak Reference
    _terminate_alloc                          - Undefined Weak Reference
    _terminate_user_alloc                     - Undefined Weak Reference
    _terminateio                              - Undefined Weak Reference
    Reset_Handler                            0x0000026d   Thumb Code     0  startup.o(RESET)
    NMI_Handler                              0x00000271   Thumb Code     2  startup.o(RESET)
    HardFault_Handler                        0x00000273   Thumb Code     2  startup.o(RESET)
    MemManage_Handler                        0x00000275   Thumb Code     2  startup.o(RESET)
    BusFault_Handler                         0x00000277   Thumb Code     2  startup.o(RESET)
    UsageFault_Handler                       0x00000279   Thumb Code     2  startup.o(RESET)
    SVC_Handler                              0x0000027b   Thumb Code     2  startup.o(RESET)
    DebugMon_Handler                         0x0000027d   Thumb Code     2  startup.o(RESET)
    PendSV_Handler                           0x0000027f   Thumb Code     2  startup.o(RESET)
    ADC0Seq0_Handler                         0x00000283   Thumb Code     0  startup.o(RESET)
    ADC0Seq1_Handler                         0x00000283   Thumb Code     0  startup.o(RESET)
    ADC0Seq2_Handler                         0x00000283   Thumb Code     0  startup.o(RESET)
    ADC0Seq3_Handler                         0x00000283   Thumb Code     0  startup.o(RESET)
    ADC1Seq0_Handler                         0x00000283   Thumb Code     0  startup.o(RESET)
    ADC1Seq1_Handler                         0x00000283   Thumb Code     0  startup.o(RESET)
    ADC1Seq2_Handler                         0x00000283   Thumb Code     0  startup.o(RESET)
    ADC1Seq3_Handler                         0x00000283   Thumb Code     0  startup.o(RESET)
    CAN0_Handler                             0x00000283   Thumb Code     0  startup.o(RESET)
    CAN1_Handler                             0x00000283   Thumb Code     0  startup.o(RESET)
    CAN2_Handler                             0x00000283   Thumb Code     0  startup.o(RESET)
    Comp0_Handler                            0x00000283   Thumb Code     0  startup.o(RESET)
    Comp1_Handler                            0x00000283   Thumb Code     0  startup.o(RESET)
    Comp2_Handler                            0x00000283   Thumb Code     0  startup.o(RESET)
    Ethernet_Handler                         0x00000283   Thumb Code     0  startup.o(RESET)
    ExtBus_Handler                           0x00000283   Thumb Code     0  startup.o(RESET)
    FPU_Handler                              0x00000283   Thumb Code     0  startup.o(RESET)
    Fan0_Handler                             0x00000283   Thumb Code     0  startup.o(RESET)
    FlashCtl_Handler                         0x00000283   Thumb Code     0  startup.o(RESET)
    GPIOPortA_Handler                        0x00000283   Thumb Code     0  startup.o(RESET)
    GPIOPortB_Handler                        0x00000283   Thumb Code     0  startup.o(RESET)
    GPIOPortC_Handler                        0x00000283   Thumb Code     0  startup.o(RESET)
    GPIOPortD_Handler                        0x00000283   Thumb Code     0  startup.o(RESET)
    GPIOPortE_Handler                        0x00000283   Thumb Code     0  startup.o(RESET)
    GPIOPortF_Handler                        0x00000283   Thumb Code     0  startup.o(RESET)
    GPIOPortG_Handler                        0x00000283   Thumb Code     0  startup.o(RESET)
    GPIOPortH_Handler                        0x00000283   Thumb Code     0  startup.o(RESET)
    GPIOPortJ_Handler                        0x00000283   Thumb Code     0  startup.o(RESET)
    GPIOPortK_Handler                        0x00000283   Thumb Code     0  startup.o(RESET)
    GPIOPortL_Handler                        0x00000283   Thumb Code     0  startup.o(RESET)
    GPIOPortM_Handler                        0x00000283   Thumb Code     0  startup.o(RESET)
    GPIOPortN_Handler                        0x00000283   Thumb Code     0  startup.o(RESET)
    GPIOPortP1_Handler                       0x00000283   Thumb Code     0  startup.o(RESET)
    GPIOPortP2_Handler                       0x00000283   Thumb Code     0  startup.o(RESET)
    GPIOPortP3_Handler                       0x00000283   Thumb Code     0  startup.o(RESET)
    GPIOPortP4_Handler                       0x00000283   Thumb Code     0  startup.o(RESET)
    GPIOPortP5_Handler                       0x00000283   Thumb Code     0  startup.o(RESET)
    GPIOPortP6_Handler                       0x00000283   Thumb Code     0  startup.o(RESET)
    GPIOPortP7_Handler                       0x00000283   Thumb Code     0  startup.o(RESET)
    GPIOPortP_Handler                        0x00000283   Thumb Code     0  startup.o(RESET)
    GPIOPortQ1_Handler                       0x00000283   Thumb Code     0  startup.o(RESET)
    GPIOPortQ2_Handler                       0x00000283   Thumb Code     0  startup.o(RESET)
    GPIOPortQ3_Handler                       0x00000283   Thumb Code     0  startup.o(RESET)
    GPIOPortQ4_Handler                       0x00000283   Thumb Code     0  startup.o(RESET)
    GPIOPortQ5_Handler                       0x00000283   Thumb Code     0  startup.o(RESET)
    GPIOPortQ6_Handler                       0x00000283   Thumb Code     0  startup.o(RESET)
    GPIOPortQ7_Handler                       0x00000283   Thumb Code     0  startup.o(RESET)
    GPIOPortQ_Handler                        0x00000283   Thumb Code     0  startup.o(RESET)
    GPIOPortR_Handler                        0x00000283   Thumb Code     0  startup.o(RESET)
    GPIOPortS_Handler                        0x00000283   Thumb Code     0  startup.o(RESET)
    Hibernate_Handler                        0x00000283   Thumb Code     0  startup.o(RESET)
    I2C0_Handler                             0x00000283   Thumb Code     0  startup.o(RESET)
    I2C1_Handler                             0x00000283   Thumb Code     0  startup.o(RESET)
    I2C2_Handler                             0x00000283   Thumb Code     0  startup.o(RESET)
    I2C3_Handler                             0x00000283   Thumb Code     0  startup.o(RESET)
    I2C4_Handler                             0x00000283   Thumb Code     0  startup.o(RESET)
    I2C5_Handler                             0x00000283   Thumb Code     0  startup.o(RESET)
    I2S0_Handler                             0x00000283   Thumb Code     0  startup.o(RESET)
    LPC0_Handler                             0x00000283   Thumb Code     0  startup.o(RESET)
    PECI0_Handler                            0x00000283   Thumb Code     0  startup.o(RESET)
    PWM0Fault_Handler                        0x00000283   Thumb Code     0  startup.o(RESET)
    PWM0Generator0_Handler                   0x00000283   Thumb Code     0  startup.o(RESET)
    PWM0Generator1_Handler                   0x00000283   Thumb Code     0  startup.o(RESET)
    PWM0Generator2_Handler                   0x00000283   Thumb Code     0  startup.o(RESET)
    PWM0Generator3_Handler                   0x00000283   Thumb Code     0  startup.o(RESET)
    PWM1Fault_Handler                        0x00000283   Thumb Code     0  startup.o(RESET)
    PWM1Generator0_Handler                   0x00000283   Thumb Code     0  startup.o(RESET)
    PWM1Generator1_Handler                   0x00000283   Thumb Code     0  startup.o(RESET)
    PWM1Generator2_Handler                   0x00000283   Thumb Code     0  startup.o(RESET)
    PWM1Generator3_Handler                   0x00000283   Thumb Code     0  startup.o(RESET)
    Quadrature0_Handler                      0x00000283   Thumb Code     0  startup.o(RESET)
    Quadrature1_Handler                      0x00000283   Thumb Code     0  startup.o(RESET)
    Quadrature2_Handler                      0x00000283   Thumb Code     0  startup.o(RESET)
    SSI0_Handler                             0x00000283   Thumb Code     0  startup.o(RESET)
    SSI1_Handler                             0x00000283   Thumb Code     0  startup.o(RESET)
    SSI2_Handler                             0x00000283   Thumb Code     0  startup.o(RESET)
    SSI3_Handler                             0x00000283   Thumb Code     0  startup.o(RESET)
    SysCtl_Handler                           0x00000283   Thumb Code     0  startup.o(RESET)
    Timer0B_Handler                          0x00000283   Thumb Code     0  startup.o(RESET)
    Timer1B_Handler                          0x00000283   Thumb Code     0  startup.o(RESET)
    Timer2A_Handler                          0x00000283   Thumb Code     0  startup.o(RESET)
    Timer2B_Handler                          0x00000283   Thumb Code     0  startup.o(RESET)
    Timer3A_Handler                          0x00000283   Thumb Code     0  startup.o(RESET)
    Timer3B_Handler                          0x00000283   Thumb Code     0  startup.o(RESET)
    Timer4A_Handler                          0x00000283   Thumb Code     0  startup.o(RESET)
    Timer4B_Handler                          0x00000283   Thumb Code     0  startup.o(RESET)
    Timer5A_Handler                          0x00000283   Thumb Code     0  startup.o(RESET)
    Timer5B_Handler                          0x00000283   Thumb Code     0  startup.o(RESET)
    UART0_Handler                            0x00000283   Thumb Code     0  startup.o(RESET)
    UART1_Handler                            0x00000283   Thumb Code     0  startup.o(RESET)
    UART2_Handler                            0x00000283   Thumb Code     0  startup.o(RESET)
    UART3_Handler                            0x00000283   Thumb Code     0  startup.o(RESET)
    UART4_Handler                            0x00000283   Thumb Code     0  startup.o(RESET)
    UART5_Handler                            0x00000283   Thumb Code     0  startup.o(RESET)
    UART6_Handler                            0x00000283   Thumb Code     0  startup.o(RESET)
    UART7_Handler                            0x00000283   Thumb Code     0  startup.o(RESET)
    USB0_Handler                             0x00000283   Thumb Code     0  startup.o(RESET)
    WDT_Handler                              0x00000283   Thumb Code     0  startup.o(RESET)
    WideTimer0A_Handler                      0x00000283   Thumb Code     0  startup.o(RESET)
    WideTimer0B_Handler                      0x00000283   Thumb Code     0  startup.o(RESET)
    WideTimer1A_Handler                      0x00000283   Thumb Code     0  startup.o(RESET)
    WideTimer1B_Handler                      0x00000283   Thumb Code     0  startup.o(RESET)
    WideTimer2A_Handler                      0x00000283   Thumb Code     0  startup.o(RESET)
    WideTimer2B_Handler                      0x00000283   Thumb Code     0  startup.o(RESET)
    WideTimer3A_Handler                      0x00000283   Thumb Code     0  startup.o(RESET)
    WideTimer3B_Handler                      0x00000283   Thumb Code     0  startup.o(RESET)
    WideTimer4A_Handler                      0x00000283   Thumb Code     0  startup.o(RESET)
    WideTimer4B_Handler                      0x00000283   Thumb Code     0  startup.o(RESET)
    WideTimer5A_Handler                      0x00000283   Thumb Code     0  startup.o(RESET)
    WideTimer5B_Handler                      0x00000283   Thumb Code     0  startup.o(RESET)
    uDMA_Error                               0x00000283   Thumb Code     0  startup.o(RESET)
    uDMA_Handler                             0x00000283   Thumb Code     0  startup.o(RESET)
    __main                                   0x00000285   Thumb Code     8  __main.o(!!!main)
    __scatterload                            0x0000028d   Thumb Code     0  __scatter.o(!!!scatter)
    __scatterload_rt2                        0x0000028d   Thumb Code    44  __scatter.o(!!!scatter)
    __scatterload_rt2_thumb_only             0x0000028d   Thumb Code     0  __scatter.o(!!!scatter)
    __scatterload_null                       0x0000029b   Thumb Code     0  __scatter.o(!!!scatter)
    __decompress                             0x000002c1   Thumb Code   100  __dclz77c.o(!!dclz77c)
    __decompress2                            0x000002c1   Thumb Code     0  __dclz77c.o(!!dclz77c)
    __scatterload_zeroinit                   0x00000325   Thumb Code    28  __scatter_zi.o(!!handler_zi)
    __rt_lib_init                            0x00000341   Thumb Code     0  libinit.o(.ARM.Collect$$libinit$$00000000)
    __rt_lib_init_alloca_1                   0x00000343   Thumb Code     0  libinit2.o(.ARM.Collect$$libinit$$0000002E)
    __rt_lib_init_argv_1                     0x00000343   Thumb Code     0  libinit2.o(.ARM.Collect$$libinit$$0000002C)
    __rt_lib_init_atexit_1                   0x00000343   Thumb Code     0  libinit2.o(.ARM.Collect$$libinit$$0000001B)
    __rt_lib_init_clock_1                    0x00000343   Thumb Code     0  libinit2.o(.ARM.Collect$$libinit$$00000021)
    __rt_lib_init_cpp_1                      0x00000343   Thumb Code     0  libinit2.o(.ARM.Collect$$libinit$$00000032)
    __rt_lib_init_exceptions_1               0x00000343   Thumb Code     0  libinit2.o(.ARM.Collect$$libinit$$00000030)
    __rt_lib_init_fp_1                       0x00000343   Thumb Code     0  libinit2.o(.ARM.Collect$$libinit$$00000002)
    __rt_lib_init_fp_trap_1                  0x00000343   Thumb Code     0  libinit2.o(.ARM.Collect$$libinit$$0000001F)
    __rt_lib_init_getenv_1                   0x00000343   Thumb Code     0  libinit2.o(.ARM.Collect$$libinit$$00000023)
    __rt_lib_init_heap_1                     0x00000343   Thumb Code     0  libinit2.o(.ARM.Collect$$libinit$$0000000A)
    __rt_lib_init_lc_collate_1               0x00000343   Thumb Code     0  libinit2.o(.ARM.Collect$$libinit$$00000011)
    __rt_lib_init_lc_ctype_1                 0x00000343   Thumb Code     0  libinit2.o(.ARM.Collect$$libinit$$00000013)
    __rt_lib_init_lc_monetary_1              0x00000343   Thumb Code     0  libinit2.o(.ARM.Collect$$libinit$$00000015)
    __rt_lib_init_lc_numeric_1               0x00000343   Thumb Code     0  libinit2.o(.ARM.Collect$$libinit$$00000017)
    __rt_lib_init_lc_time_1                  0x00000343   Thumb Code     0  libinit2.o(.ARM.Collect$$libinit$$00000019)
    __rt_lib_init_preinit_1                  0x00000343   Thumb Code     0  libinit2.o(.ARM.Collect$$libinit$$00000004)
    __rt_lib_init_rand_1                     0x00000343   Thumb Code     0  libinit2.o(.ARM.Collect$$libinit$$0000000E)
    __rt_lib_init_return                     0x00000343   Thumb Code     0  libinit2.o(.ARM.Collect$$libinit$$00000033)
    __rt_lib_init_signal_1                   0x00000343   Thumb Code     0  libinit2.o(.ARM.Collect$$libinit$$0000001D)
    __rt_lib_init_stdio_1                    0x00000343   Thumb Code     0  libinit2.o(.ARM.Collect$$libinit$$00000025)
    __rt_lib_init_user_alloc_1               0x00000343   Thumb Code     0  libinit2.o(.ARM.Collect$$libinit$$0000000C)
    __rt_lib_shutdown                        0x00000345   Thumb Code     0  libshutdown.o(.ARM.Collect$$libshutdown$$00000000)
    __rt_lib_shutdown_cpp_1                  0x00000347   Thumb Code     0  libshutdown2.o(.ARM.Collect$$libshutdown$$00000002)
    __rt_lib_shutdown_fp_trap_1              0x00000347   Thumb Code     0  libshutdown2.o(.ARM.Collect$$libshutdown$$00000007)
    __rt_lib_shutdown_heap_1                 0x00000347   Thumb Code     0  libshutdown2.o(.ARM.Collect$$libshutdown$$0000000F)
    __rt_lib_shutdown_return                 0x00000347   Thumb Code     0  libshutdown2.o(.ARM.Collect$$libshutdown$$00000010)
    __rt_lib_shutdown_signal_1               0x00000347   Thumb Code     0  libshutdown2.o(.ARM.Collect$$libshutdown$$0000000A)
    __rt_lib_shutdown_stdio_1                0x00000347   Thumb Code     0  libshutdown2.o(.ARM.Collect$$libshutdown$$00000004)
    __rt_lib_shutdown_user_alloc_1           0x00000347   Thumb Code     0  libshutdown2.o(.ARM.Collect$$libshutdown$$0000000C)
    __rt_entry                               0x00000349   Thumb Code     0  __rtentry.o(.ARM.Collect$$rtentry$$00000000)
    __rt_entry_presh_1                       0x00000349   Thumb Code     0  __rtentry2.o(.ARM.Collect$$rtentry$$00000002)
    __rt_entry_sh                            0x00000349   Thumb Code     0  __rtentry4.o(.ARM.Collect$$rtentry$$00000004)
    __rt_entry_li                            0x0000034f   Thumb Code     0  __rtentry2.o(.ARM.Collect$$rtentry$$0000000A)
    __rt_entry_postsh_1                      0x0000034f   Thumb Code     0  __rtentry2.o(.ARM.Collect$$rtentry$$00000009)
    __rt_entry_main                          0x00000353   Thumb Code     0  __rtentry2.o(.ARM.Collect$$rtentry$$0000000D)
    __rt_entry_postli_1                      0x00000353   Thumb Code     0  __rtentry2.o(.ARM.Collect$$rtentry$$0000000C)
    __rt_exit                                0x0000035b   Thumb Code     0  rtexit.o(.ARM.Collect$$rtexit$$00000000)
    __rt_exit_ls                             0x0000035d   Thumb Code     0  rtexit2.o(.ARM.Collect$$rtexit$$00000003)
    __rt_exit_prels_1                        0x0000035d   Thumb Code     0  rtexit2.o(.ARM.Collect$$rtexit$$00000002)
    __rt_exit_exit                           0x00000361   Thumb Code     0  rtexit2.o(.ARM.Collect$$rtexit$$00000004)
    DisableInterrupts                        0x00000369   Thumb Code     0  startup.o(.text)
    EnableInterrupts                         0x0000036d   Thumb Code     0  startup.o(.text)
    StartCritical                            0x00000371   Thumb Code     0  startup.o(.text)
    EndCritical                              0x00000379   Thumb Code     0  startup.o(.text)
    WaitForInterrupt                         0x0000037f   Thumb Code     0  startup.o(.text)
    __user_initial_stackheap                 0x00000383   Thumb Code     0  startup.o(.text)
    Random_Init                              0x00000399   Thumb Code     0  random.o(.text)
    Random32                                 0x0000039f   Thumb Code     2  random.o(.text)
    Random                                   0x000003b1   Thumb Code     2  random.o(.text)
    writecommand                             0x000003d5   Thumb Code     0  lcd.o(.text)
    writedata                                0x000003f7   Thumb Code     0  lcd.o(.text)
    LCD_OutDec                               0x0000041d   Thumb Code     0  print.o(.text)
    LCD_OutFix                               0x00000505   Thumb Code     0  print.o(.text)
    __aeabi_memcpy4                          0x0000059d   Thumb Code     0  rt_memcpy_w.o(.text)
    __aeabi_memcpy8                          0x0000059d   Thumb Code     0  rt_memcpy_w.o(.text)
    __rt_memcpy_w                            0x0000059d   Thumb Code   100  rt_memcpy_w.o(.text)
    _memcpy_lastbytes_aligned                0x000005e5   Thumb Code     0  rt_memcpy_w.o(.text)
    __aeabi_memclr4                          0x00000601   Thumb Code     0  rt_memclr_w.o(.text)
    __aeabi_memclr8                          0x00000601   Thumb Code     0  rt_memclr_w.o(.text)
    __rt_memclr_w                            0x00000601   Thumb Code    78  rt_memclr_w.o(.text)
    _memset_w                                0x00000605   Thumb Code     0  rt_memclr_w.o(.text)
    __use_two_region_memory                  0x0000064f   Thumb Code     2  heapauxi.o(.text)
    __rt_heap_escrow$2region                 0x00000651   Thumb Code     2  heapauxi.o(.text)
    __rt_heap_expand$2region                 0x00000653   Thumb Code     2  heapauxi.o(.text)
    __user_setup_stackheap                   0x00000655   Thumb Code    74  sys_stackheap_outer.o(.text)
    exit                                     0x0000069f   Thumb Code    18  exit.o(.text)
    __user_libspace                          0x000006b1   Thumb Code     8  libspace.o(.text)
    __user_perproc_libspace                  0x000006b1   Thumb Code     0  libspace.o(.text)
    __user_perthread_libspace                0x000006b1   Thumb Code     0  libspace.o(.text)
    _sys_exit                                0x000006b9   Thumb Code     8  sys_exit.o(.text)
    __I$use$semihosting                      0x000006c5   Thumb Code     0  use_no_semi.o(.text)
    __use_no_semihosting_swi                 0x000006c5   Thumb Code     2  use_no_semi.o(.text)
    __semihosting_library_function           0x000006c7   Thumb Code     0  indicate_semi.o(.text)
    ADC_In89                                 0x000006c9   Thumb Code    52  adc_joystick.o(i.ADC_In89)
    ADC_Init89                               0x00000701   Thumb Code   266  adc_joystick.o(i.ADC_Init89)
    BumpedIntoWorldPokemon                   0x00000825   Thumb Code    56  field.o(i.BumpedIntoWorldPokemon)
    ClearScreenGrid                          0x00000869   Thumb Code    22  field.o(i.ClearScreenGrid)
    DAC_Init                                 0x00000889   Thumb Code    54  dac.o(i.DAC_Init)
    DAC_Out                                  0x000008d1   Thumb Code     6  dac.o(i.DAC_Out)
    Delay1ms                                 0x000008dd   Thumb Code    32  st7735.o(i.Delay1ms)
    DrawAllSprites                           0x000008fd   Thumb Code    36  draw.o(i.DrawAllSprites)
    DrawBattleInventory                      0x00000921   Thumb Code   804  drawscreen.o(i.DrawBattleInventory)
    DrawBattleScreen                         0x00000d35   Thumb Code  1304  drawscreen.o(i.DrawBattleScreen)
    DrawBorder                               0x00001279   Thumb Code   124  draw.o(i.DrawBorder)
    DrawField                                0x000012f5   Thumb Code   600  field.o(i.DrawField)
    DrawGridSprite                           0x00001591   Thumb Code    52  draw.o(i.DrawGridSprite)
    DrawHPBars                               0x000015c5   Thumb Code   164  drawscreen.o(i.DrawHPBars)
    DrawLanguageSelection                    0x00001671   Thumb Code    64  drawscreen.o(i.DrawLanguageSelection)
    DrawMoveCommands                         0x000016cd   Thumb Code  1738  drawscreen.o(i.DrawMoveCommands)
    DrawPokemonInventory                     0x00001dbd   Thumb Code   414  drawscreen.o(i.DrawPokemonInventory)
    DrawSelection                            0x00001f95   Thumb Code    82  draw.o(i.DrawSelection)
    DrawShopScreen                           0x00001fe9   Thumb Code   690  shop.o(i.DrawShopScreen)
    DrawSimpleMenu                           0x000023e5   Thumb Code   210  drawscreen.o(i.DrawSimpleMenu)
    DrawSpriteImg                            0x000024d1   Thumb Code    30  draw.o(i.DrawSpriteImg)
    DrawSpriteSelection                      0x000024ef   Thumb Code    52  draw.o(i.DrawSpriteSelection)
    DrawStatusScreen                         0x00002525   Thumb Code   246  drawscreen.o(i.DrawStatusScreen)
    DrawSwapPokemon                          0x0000267d   Thumb Code   302  drawscreen.o(i.DrawSwapPokemon)
    DrawTitleScreen                          0x000027e5   Thumb Code   386  drawscreen.o(i.DrawTitleScreen)
    DrawWorld                                0x000029b5   Thumb Code   356  drawscreen.o(i.DrawWorld)
    GenerateRandomPokemon                    0x00002b59   Thumb Code   190  drawscreen.o(i.GenerateRandomPokemon)
    GenerateRandomPokemonInit                0x00002c21   Thumb Code   188  drawscreen.o(i.GenerateRandomPokemonInit)
    GetFieldGrid                             0x00002ced   Thumb Code    16  field.o(i.GetFieldGrid)
    GetGridX                                 0x00002d01   Thumb Code    18  draw.o(i.GetGridX)
    GetGridY                                 0x00002d1d   Thumb Code    18  draw.o(i.GetGridY)
    GetObjGrid                               0x00002d39   Thumb Code    16  field.o(i.GetObjGrid)
    GetPokemonGrid                           0x00002d4d   Thumb Code   160  drawscreen.o(i.GetPokemonGrid)
    IncSeed                                  0x00002e05   Thumb Code    40  drawscreen.o(i.IncSeed)
    InitBackgroundTypes                      0x00002e39   Thumb Code   242  field.o(i.InitBackgroundTypes)
    InitGridCoordinates                      0x00002f39   Thumb Code   128  field.o(i.InitGridCoordinates)
    InitInventory                            0x00002fc9   Thumb Code    96  player.o(i.InitInventory)
    InitMoves                                0x00003039   Thumb Code   734  battle.o(i.InitMoves)
    InitPlayer                               0x0000334d   Thumb Code   140  player.o(i.InitPlayer)
    InitPokemon                              0x000033e1   Thumb Code  1152  drawscreen.o(i.InitPokemon)
    InitShop                                 0x00003861   Thumb Code   356  shop.o(i.InitShop)
    InitTeam                                 0x000039d1   Thumb Code    14  player.o(i.InitTeam)
    IsGridObject                             0x000039e5   Thumb Code    38  field.o(i.IsGridObject)
    IsPokemonPosOnEdge                       0x00003a19   Thumb Code    38  drawscreen.o(i.IsPokemonPosOnEdge)
    IsPokemonWalkable                        0x00003a49   Thumb Code   194  field.o(i.IsPokemonWalkable)
    IsWalkable                               0x00003b15   Thumb Code    50  field.o(i.IsWalkable)
    IsWorldPokemon                           0x00003b49   Thumb Code    52  field.o(i.IsWorldPokemon)
    MoveDown                                 0x00003b85   Thumb Code    92  player.o(i.MoveDown)
    MoveLeft                                 0x00003be9   Thumb Code    96  player.o(i.MoveLeft)
    MoveRight                                0x00003c51   Thumb Code    96  player.o(i.MoveRight)
    MoveUp                                   0x00003cb9   Thumb Code    92  player.o(i.MoveUp)
    MoveWorldPokemon                         0x00003d1d   Thumb Code   538  drawscreen.o(i.MoveWorldPokemon)
    Output_Init                              0x00003f41   Thumb Code    16  st7735.o(i.Output_Init)
    PLL_Init                                 0x00003f51   Thumb Code   120  pll.o(i.PLL_Init)
    PokemonAllDead                           0x00003fcd   Thumb Code    34  drawscreen.o(i.PokemonAllDead)
    PokemonLocationTaken                     0x00003ff5   Thumb Code    48  drawscreen.o(i.PokemonLocationTaken)
    PrintWinLoseScreen                       0x00004029   Thumb Code    60  spaceinvaders.o(i.PrintWinLoseScreen)
    RestoreDeadPokemon                       0x00004129   Thumb Code    38  drawscreen.o(i.RestoreDeadPokemon)
    ST7735_DrawBitmap                        0x00004155   Thumb Code   280  st7735.o(i.ST7735_DrawBitmap)
    ST7735_DrawCharS                         0x00004275   Thumb Code   236  st7735.o(i.ST7735_DrawCharS)
    ST7735_DrawPixel                         0x0000436d   Thumb Code    64  st7735.o(i.ST7735_DrawPixel)
    ST7735_DrawString                        0x000043b5   Thumb Code    86  st7735.o(i.ST7735_DrawString)
    ST7735_FillRect                          0x0000440d   Thumb Code   164  st7735.o(i.ST7735_FillRect)
    ST7735_FillScreen                        0x000044b9   Thumb Code    28  st7735.o(i.ST7735_FillScreen)
    ST7735_InitR                             0x000044dd   Thumb Code    90  st7735.o(i.ST7735_InitR)
    ST7735_OutChar                           0x00004559   Thumb Code   174  st7735.o(i.ST7735_OutChar)
    ST7735_OutString                         0x0000462d   Thumb Code    24  st7735.o(i.ST7735_OutString)
    ST7735_SetCursor                         0x00004645   Thumb Code    22  st7735.o(i.ST7735_SetCursor)
    ST7735_SetTextColor                      0x00004665   Thumb Code     6  st7735.o(i.ST7735_SetTextColor)
    Sound_Attack1                            0x00004671   Thumb Code    14  sound.o(i.Sound_Attack1)
    Sound_Attack2                            0x00004685   Thumb Code    14  sound.o(i.Sound_Attack2)
    Sound_Heal                               0x00004699   Thumb Code    14  sound.o(i.Sound_Heal)
    Sound_Init                               0x000046ad   Thumb Code    30  sound.o(i.Sound_Init)
    Sound_Play                               0x000046d9   Thumb Code    18  sound.o(i.Sound_Play)
    Sound_Task                               0x000046f9   Thumb Code    54  sound.o(i.Sound_Task)
    StartTeam                                0x00004741   Thumb Code   250  player.o(i.StartTeam)
    SysTick_Handler                          0x0000484d   Thumb Code    16  adc_joystick.o(i.SysTick_Handler)
    SysTick_Init                             0x00004865   Thumb Code    22  adc_joystick.o(i.SysTick_Init)
    Timer0A_Handler                          0x00004881   Thumb Code    16  timer0.o(i.Timer0A_Handler)
    Timer0_Init                              0x00004899   Thumb Code    74  timer0.o(i.Timer0_Init)
    Timer1A_Handler                          0x000048f9   Thumb Code    16  timer1.o(i.Timer1A_Handler)
    Timer1_Init                              0x00004911   Thumb Code    74  timer1.o(i.Timer1_Init)
    addPokemon                               0x00004971   Thumb Code    92  player.o(i.addPokemon)
    getJoystickX                             0x00004bb1   Thumb Code    34  adc_joystick.o(i.getJoystickX)
    getJoystickY                             0x00004bd9   Thumb Code    34  adc_joystick.o(i.getJoystickY)
    isPE2Pressed                             0x00004c01   Thumb Code    40  adc_joystick.o(i.isPE2Pressed)
    isPE3Pressed                             0x00004c31   Thumb Code    40  adc_joystick.o(i.isPE3Pressed)
    main                                     0x00004c61   Thumb Code   164  spaceinvaders.o(i.main)
    moveShakeBack                            0x00004d0d   Thumb Code   178  drawscreen.o(i.moveShakeBack)
    moveShakeLeft                            0x00004dd1   Thumb Code   100  drawscreen.o(i.moveShakeLeft)
    moveShakeRight                           0x00004e45   Thumb Code    98  drawscreen.o(i.moveShakeRight)
    dBfs                                     0x00005522   Data         512  st7735.o(.constdata)
    highpitch                                0x00005722   Data        1802  sound.o(.constdata)
    Attack_Heal_Drain                        0x00005e2c   Data       11467  sound.o(.constdata)
    Mega_Punch                               0x00008af7   Data       16758  sound.o(.constdata)
    Secret_Sword                             0x0000cc6d   Data       18743  sound.o(.constdata)
    GRID_LENGTH                              0x000115a4   Data           1  systeminfo.o(.constdata)
    GAME_BORDER_W                            0x000115a5   Data           1  systeminfo.o(.constdata)
    GAME_BORDER_COLOR                        0x000115a6   Data           2  systeminfo.o(.constdata)
    SCREEN_COLUMNS                           0x000115a8   Data           2  systeminfo.o(.constdata)
    SCREEN_ROWS                              0x000115aa   Data           2  systeminfo.o(.constdata)
    SCREEN_MID_COL                           0x000115ac   Data           1  systeminfo.o(.constdata)
    SCREEN_MID_ROW                           0x000115ad   Data           1  systeminfo.o(.constdata)
    CAT_PHYSICAL                             0x000115b0   Data           1  battle.o(.constdata)
    CAT_SPECIAL                              0x000115b1   Data           1  battle.o(.constdata)
    N                                        0x00011ad4   Data           1  field.o(.constdata)
    G                                        0x00011ad5   Data           1  field.o(.constdata)
    W                                        0x00011ad6   Data           1  field.o(.constdata)
    E                                        0x00011ad7   Data           1  field.o(.constdata)
    R                                        0x00011ad8   Data           1  field.o(.constdata)
    T                                        0x00011ad9   Data           1  field.o(.constdata)
    S                                        0x00011ada   Data           1  field.o(.constdata)
    SS                                       0x00011adb   Data           1  field.o(.constdata)
    ST                                       0x00011adc   Data           1  field.o(.constdata)
    SO                                       0x00011add   Data           1  field.o(.constdata)
    SR                                       0x00011ade   Data           1  field.o(.constdata)
    SE                                       0x00011adf   Data           1  field.o(.constdata)
    SA                                       0x00011ae0   Data           1  field.o(.constdata)
    grassTile                                0x00011ae1   Data           1  field.o(.constdata)
    waterTile                                0x00011ae2   Data           1  field.o(.constdata)
    bothTile                                 0x00011ae3   Data           1  field.o(.constdata)
    FIELD_WIDTH                              0x00011ae4   Data           1  field.o(.constdata)
    FIELD_HEIGHT                             0x00011ae5   Data           1  field.o(.constdata)
    Normal                                   0x00011b60   Data           1  pokemontype.o(.constdata)
    Fire                                     0x00011b61   Data           1  pokemontype.o(.constdata)
    Water                                    0x00011b62   Data           1  pokemontype.o(.constdata)
    Electric                                 0x00011b63   Data           1  pokemontype.o(.constdata)
    Grass                                    0x00011b64   Data           1  pokemontype.o(.constdata)
    Ice                                      0x00011b65   Data           1  pokemontype.o(.constdata)
    Fighting                                 0x00011b66   Data           1  pokemontype.o(.constdata)
    Poison                                   0x00011b67   Data           1  pokemontype.o(.constdata)
    Ground                                   0x00011b68   Data           1  pokemontype.o(.constdata)
    Flying                                   0x00011b69   Data           1  pokemontype.o(.constdata)
    Psychic                                  0x00011b6a   Data           1  pokemontype.o(.constdata)
    Bug                                      0x00011b6b   Data           1  pokemontype.o(.constdata)
    Rock                                     0x00011b6c   Data           1  pokemontype.o(.constdata)
    Ghost                                    0x00011b6d   Data           1  pokemontype.o(.constdata)
    Dragon                                   0x00011b6e   Data           1  pokemontype.o(.constdata)
    Dark                                     0x00011b6f   Data           1  pokemontype.o(.constdata)
    Steel                                    0x00011b70   Data           1  pokemontype.o(.constdata)
    Fairy                                    0x00011b71   Data           1  pokemontype.o(.constdata)
    A                                        0x00011b72   Data           1  pokemontype.o(.constdata)
    B                                        0x00011b73   Data           1  pokemontype.o(.constdata)
    C                                        0x00011b74   Data           1  pokemontype.o(.constdata)
    D                                        0x00011b75   Data           1  pokemontype.o(.constdata)
    playerFront                              0x00011cc0   Data         512  imagesother.o(.constdata)
    shopnpc                                  0x00011ec0   Data         512  imagesother.o(.constdata)
    playerBack                               0x000120c0   Data         512  imagesother.o(.constdata)
    playerSide                               0x000122c0   Data         512  imagesother.o(.constdata)
    playerSwimBack                           0x000124c0   Data         512  imagesother.o(.constdata)
    playerSwimFront                          0x000126c0   Data         512  imagesother.o(.constdata)
    playerSwimSide                           0x000128c0   Data         512  imagesother.o(.constdata)
    torchic                                  0x00012ac0   Data         512  imagesother.o(.constdata)
    pokeball                                 0x00012cc0   Data        3200  imagesother.o(.constdata)
    healthPotion                             0x00013940   Data        3200  imagesother.o(.constdata)
    boba                                     0x000145c0   Data        3200  imagesother.o(.constdata)
    grass                                    0x00015240   Data         512  imagesother.o(.constdata)
    water                                    0x00015440   Data         512  imagesother.o(.constdata)
    ground                                   0x00015640   Data         512  imagesother.o(.constdata)
    rock                                     0x00015840   Data         512  imagesother.o(.constdata)
    bush                                     0x00015a40   Data         512  imagesother.o(.constdata)
    storeS                                   0x00015c40   Data         512  imagesother.o(.constdata)
    storeT                                   0x00015e40   Data         512  imagesother.o(.constdata)
    storeO                                   0x00016040   Data         512  imagesother.o(.constdata)
    storeR                                   0x00016240   Data         512  imagesother.o(.constdata)
    storeE                                   0x00016440   Data         512  imagesother.o(.constdata)
    storeArrow                               0x00016640   Data         512  imagesother.o(.constdata)
    pokemonname                              0x00016840   Data       13824  imagesother.o(.constdata)
    pokemonnameSpanish                       0x00019e40   Data       13824  imagesother.o(.constdata)
    fight                                    0x0001d440   Data        1024  textsprites.o(.constdata)
    pokemon                                  0x0001d840   Data        1024  textsprites.o(.constdata)
    item                                     0x0001dc40   Data        1024  textsprites.o(.constdata)
    run                                      0x0001e040   Data        1024  textsprites.o(.constdata)
    lucha                                    0x0001e440   Data        1024  textsprites.o(.constdata)
    correr                                   0x0001e840   Data        1024  textsprites.o(.constdata)
    bulbWorldFront                           0x0001ec40   Data         512  imagespokemon2.o(.constdata)
    bulbasaur                                0x0001ee40   Data        3200  imagespokemon2.o(.constdata)
    charmander                               0x0001fac0   Data        3200  imagespokemon2.o(.constdata)
    squirtle                                 0x00020740   Data        3200  imagespokemon2.o(.constdata)
    pidgey                                   0x000213c0   Data        3200  imagespokemon2.o(.constdata)
    pikachu                                  0x00022040   Data        3200  imagespokemon2.o(.constdata)
    eevee                                    0x00022cc0   Data        3200  imagespokemon2.o(.constdata)
    psyduck                                  0x00023940   Data        3200  imagespokemon2.o(.constdata)
    vulpix                                   0x000245c0   Data        3200  imagespokemon2.o(.constdata)
    dratini                                  0x00025240   Data        3200  imagespokemon2.o(.constdata)
    jigglypuff                               0x00025ec0   Data        3200  imagespokemon2.o(.constdata)
    ponyta                                   0x00026b40   Data        3200  imagespokemon2.o(.constdata)
    horsea                                   0x000277c0   Data        3200  imagespokemon2.o(.constdata)
    jigglypuffWorldFront                     0x00028440   Data         512  imagespokemonworld.o(.constdata)
    vulpixWorldFront                         0x00028640   Data         512  imagespokemonworld.o(.constdata)
    squirtleWorldFront                       0x00028840   Data         512  imagespokemonworld.o(.constdata)
    psyduckWorldFront                        0x00028a40   Data         512  imagespokemonworld.o(.constdata)
    ponytaWorldFront                         0x00028c40   Data         512  imagespokemonworld.o(.constdata)
    pikachuWorldFront                        0x00028e40   Data         512  imagespokemonworld.o(.constdata)
    pidgeyWorldFront                         0x00029040   Data         512  imagespokemonworld.o(.constdata)
    eeveeWorldFront                          0x00029240   Data         512  imagespokemonworld.o(.constdata)
    dratiniWorldFront                        0x00029440   Data         512  imagespokemonworld.o(.constdata)
    charmanderWorldFront                     0x00029640   Data         512  imagespokemonworld.o(.constdata)
    bulbasaurWorldFront                      0x00029840   Data         512  imagespokemonworld.o(.constdata)
    Region$$Table$$Base                      0x00029dd0   Number         0  anon$$obj.o(Region$$Table)
    Region$$Table$$Limit                     0x00029df0   Number         0  anon$$obj.o(Region$$Table)
    StX                                      0x20000000   Data           4  st7735.o(.data)
    StY                                      0x20000004   Data           4  st7735.o(.data)
    StTextColor                              0x20000008   Data           2  st7735.o(.data)
    Messageindex                             0x20000010   Data           4  st7735.o(.data)
    Ymax                                     0x20000014   Data           4  st7735.o(.data)
    Ymin                                     0x20000018   Data           4  st7735.o(.data)
    X                                        0x2000001c   Data           4  st7735.o(.data)
    Yrange                                   0x20000020   Data           4  st7735.o(.data)
    lastj                                    0x20000024   Data           4  st7735.o(.data)
    PeriodicTask0                            0x20000028   Data           4  timer0.o(.data)
    PeriodicTask1                            0x2000002c   Data           4  timer1.o(.data)
    soundPt                                  0x20000030   Data           4  sound.o(.data)
    len                                      0x20000034   Data           4  sound.o(.data)
    soundStatus                              0x20000038   Data           4  sound.o(.data)
    ADCStatus                                0x2000003c   Data           1  spaceinvaders.o(.data)
    language                                 0x2000003d   Data           1  spaceinvaders.o(.data)
    _width                                   0x2000003e   Data           2  systeminfo.o(.data)
    _height                                  0x20000040   Data           2  systeminfo.o(.data)
    simpleMenuY                              0x20000044   Data           1  drawscreen.o(.data)
    simpleMenuColor                          0x20000046   Data           2  drawscreen.o(.data)
    numPokemonSpecies                        0x20000048   Data           4  drawscreen.o(.data)
    backReturn                               0x2000004c   Data           1  drawscreen.o(.data)
    seedTimer                                0x2000004d   Data           1  drawscreen.o(.data)
    randomSeed                               0x20000050   Data           4  drawscreen.o(.data)
    pokeBattleLeftX                          0x20000054   Data           1  drawscreen.o(.data)
    pokeBattleRightX                         0x20000055   Data           1  drawscreen.o(.data)
    pokeBattleY                              0x20000056   Data           1  drawscreen.o(.data)
    curX                                     0x20000057   Data           1  drawscreen.o(.data)
    timerOn                                  0x20000058   Data           1  drawscreen.o(.data)
    numWorldPokemon                          0x2000005c   Data           1  field.o(.data)
    numWorldInstantiated                     0x2000005d   Data           1  field.o(.data)
    grassGridsLength                         0x20000060   Data           4  field.o(.data)
    waterGridsLength                         0x20000064   Data           4  field.o(.data)
    fieldArray                               0x20000068   Data         900  field.o(.data)
    fieldObjArray                            0x200003ec   Data         900  field.o(.data)
    TypesArray                               0x20000770   Data         324  pokemontype.o(.data)
    joystickData                             0x200008b4   Data           8  adc_joystick.o(.data)
    PE3_Debounced                            0x200008bc   Data           1  adc_joystick.o(.data)
    PE2_Debounced                            0x200008bd   Data           1  adc_joystick.o(.data)
    NormalMoves                              0x200008c4   Data        1200  battle.o(.bss)
    SignatureMoves                           0x20000d74   Data        1200  battle.o(.bss)
    shopItems                                0x20001224   Data          96  drawscreen.o(.bss)
    itemInsts                                0x20001284   Data          36  drawscreen.o(.bss)
    BulbasaurT                               0x200012a8   Data          52  drawscreen.o(.bss)
    SquirtleT                                0x200012dc   Data          52  drawscreen.o(.bss)
    CharmanderT                              0x20001310   Data          52  drawscreen.o(.bss)
    PidgeyT                                  0x20001344   Data          52  drawscreen.o(.bss)
    PikachuT                                 0x20001378   Data          52  drawscreen.o(.bss)
    PsyduckT                                 0x200013ac   Data          52  drawscreen.o(.bss)
    PonytaT                                  0x200013e0   Data          52  drawscreen.o(.bss)
    DratiniT                                 0x20001414   Data          52  drawscreen.o(.bss)
    EeveeT                                   0x20001448   Data          52  drawscreen.o(.bss)
    JigglypuffT                              0x2000147c   Data          52  drawscreen.o(.bss)
    VulpixT                                  0x200014b0   Data          52  drawscreen.o(.bss)
    HorseaT                                  0x200014e4   Data          52  drawscreen.o(.bss)
    allPokemon                               0x20001518   Data         624  drawscreen.o(.bss)
    pokeShakeInst                            0x20001788   Data          12  drawscreen.o(.bss)
    WorldPokemons                            0x20001794   Data        1280  field.o(.bss)
    grassGrids                               0x20001c94   Data        1800  field.o(.bss)
    waterGrids                               0x2000239c   Data        1800  field.o(.bss)
    background                               0x20002aa4   Data          24  field.o(.bss)
    fieldObj                                 0x20002abc   Data          88  field.o(.bss)
    screenGrid                               0x20002b14   Data          63  field.o(.bss)
    screenObj                                0x20002b53   Data          63  field.o(.bss)
    p1                                       0x20002b94   Data          76  player.o(.bss)
    playerInventory                          0x20002be0   Data          96  player.o(.bss)
    pokeTeam                                 0x20002c40   Data         388  player.o(.bss)
    bobaItem                                 0x20002dc4   Data          28  shop.o(.bss)
    potionItem                               0x20002de0   Data          28  shop.o(.bss)
    pokeballItem                             0x20002dfc   Data          28  shop.o(.bss)
    __libspace_start                         0x20002e18   Data          96  libspace.o(.bss)
    __temporary_stack_top$libspace           0x20002e78   Data           0  libspace.o(.bss)



==============================================================================

Memory Map of the image

  Image Entry point : 0x0000026d

  Load Region LR_1 (Base: 0x00000000, Size: 0x0002a6b4, Max: 0xffffffff, ABSOLUTE, COMPRESSED[0x0002a078])

    Execution Region ER_RO (Exec base: 0x00000000, Load base: 0x00000000, Size: 0x00029df0, Max: 0xffffffff, ABSOLUTE)

    Exec Addr    Load Addr    Size         Type   Attr      Idx    E Section Name        Object

    0x00000000   0x00000000   0x00000284   Code   RO            3  * RESET               startup.o
    0x00000284   0x00000284   0x00000008   Code   RO         1183  * !!!main             c_w.l(__main.o)
    0x0000028c   0x0000028c   0x00000034   Code   RO         1342    !!!scatter          c_w.l(__scatter.o)
    0x000002c0   0x000002c0   0x00000064   Code   RO         1340    !!dclz77c           c_w.l(__dclz77c.o)
    0x00000324   0x00000324   0x0000001c   Code   RO         1344    !!handler_zi        c_w.l(__scatter_zi.o)
    0x00000340   0x00000340   0x00000002   Code   RO         1210    .ARM.Collect$$libinit$$00000000  c_w.l(libinit.o)
    0x00000342   0x00000342   0x00000000   Code   RO         1217    .ARM.Collect$$libinit$$00000002  c_w.l(libinit2.o)
    0x00000342   0x00000342   0x00000000   Code   RO         1219    .ARM.Collect$$libinit$$00000004  c_w.l(libinit2.o)
    0x00000342   0x00000342   0x00000000   Code   RO         1222    .ARM.Collect$$libinit$$0000000A  c_w.l(libinit2.o)
    0x00000342   0x00000342   0x00000000   Code   RO         1224    .ARM.Collect$$libinit$$0000000C  c_w.l(libinit2.o)
    0x00000342   0x00000342   0x00000000   Code   RO         1226    .ARM.Collect$$libinit$$0000000E  c_w.l(libinit2.o)
    0x00000342   0x00000342   0x00000000   Code   RO         1229    .ARM.Collect$$libinit$$00000011  c_w.l(libinit2.o)
    0x00000342   0x00000342   0x00000000   Code   RO         1231    .ARM.Collect$$libinit$$00000013  c_w.l(libinit2.o)
    0x00000342   0x00000342   0x00000000   Code   RO         1233    .ARM.Collect$$libinit$$00000015  c_w.l(libinit2.o)
    0x00000342   0x00000342   0x00000000   Code   RO         1235    .ARM.Collect$$libinit$$00000017  c_w.l(libinit2.o)
    0x00000342   0x00000342   0x00000000   Code   RO         1237    .ARM.Collect$$libinit$$00000019  c_w.l(libinit2.o)
    0x00000342   0x00000342   0x00000000   Code   RO         1239    .ARM.Collect$$libinit$$0000001B  c_w.l(libinit2.o)
    0x00000342   0x00000342   0x00000000   Code   RO         1241    .ARM.Collect$$libinit$$0000001D  c_w.l(libinit2.o)
    0x00000342   0x00000342   0x00000000   Code   RO         1243    .ARM.Collect$$libinit$$0000001F  c_w.l(libinit2.o)
    0x00000342   0x00000342   0x00000000   Code   RO         1245    .ARM.Collect$$libinit$$00000021  c_w.l(libinit2.o)
    0x00000342   0x00000342   0x00000000   Code   RO         1247    .ARM.Collect$$libinit$$00000023  c_w.l(libinit2.o)
    0x00000342   0x00000342   0x00000000   Code   RO         1249    .ARM.Collect$$libinit$$00000025  c_w.l(libinit2.o)
    0x00000342   0x00000342   0x00000000   Code   RO         1253    .ARM.Collect$$libinit$$0000002C  c_w.l(libinit2.o)
    0x00000342   0x00000342   0x00000000   Code   RO         1255    .ARM.Collect$$libinit$$0000002E  c_w.l(libinit2.o)
    0x00000342   0x00000342   0x00000000   Code   RO         1257    .ARM.Collect$$libinit$$00000030  c_w.l(libinit2.o)
    0x00000342   0x00000342   0x00000000   Code   RO         1259    .ARM.Collect$$libinit$$00000032  c_w.l(libinit2.o)
    0x00000342   0x00000342   0x00000002   Code   RO         1260    .ARM.Collect$$libinit$$00000033  c_w.l(libinit2.o)
    0x00000344   0x00000344   0x00000002   Code   RO         1280    .ARM.Collect$$libshutdown$$00000000  c_w.l(libshutdown.o)
    0x00000346   0x00000346   0x00000000   Code   RO         1293    .ARM.Collect$$libshutdown$$00000002  c_w.l(libshutdown2.o)
    0x00000346   0x00000346   0x00000000   Code   RO         1295    .ARM.Collect$$libshutdown$$00000004  c_w.l(libshutdown2.o)
    0x00000346   0x00000346   0x00000000   Code   RO         1298    .ARM.Collect$$libshutdown$$00000007  c_w.l(libshutdown2.o)
    0x00000346   0x00000346   0x00000000   Code   RO         1301    .ARM.Collect$$libshutdown$$0000000A  c_w.l(libshutdown2.o)
    0x00000346   0x00000346   0x00000000   Code   RO         1303    .ARM.Collect$$libshutdown$$0000000C  c_w.l(libshutdown2.o)
    0x00000346   0x00000346   0x00000000   Code   RO         1306    .ARM.Collect$$libshutdown$$0000000F  c_w.l(libshutdown2.o)
    0x00000346   0x00000346   0x00000002   Code   RO         1307    .ARM.Collect$$libshutdown$$00000010  c_w.l(libshutdown2.o)
    0x00000348   0x00000348   0x00000000   Code   RO         1185    .ARM.Collect$$rtentry$$00000000  c_w.l(__rtentry.o)
    0x00000348   0x00000348   0x00000000   Code   RO         1187    .ARM.Collect$$rtentry$$00000002  c_w.l(__rtentry2.o)
    0x00000348   0x00000348   0x00000006   Code   RO         1199    .ARM.Collect$$rtentry$$00000004  c_w.l(__rtentry4.o)
    0x0000034e   0x0000034e   0x00000000   Code   RO         1189    .ARM.Collect$$rtentry$$00000009  c_w.l(__rtentry2.o)
    0x0000034e   0x0000034e   0x00000004   Code   RO         1190    .ARM.Collect$$rtentry$$0000000A  c_w.l(__rtentry2.o)
    0x00000352   0x00000352   0x00000000   Code   RO         1192    .ARM.Collect$$rtentry$$0000000C  c_w.l(__rtentry2.o)
    0x00000352   0x00000352   0x00000008   Code   RO         1193    .ARM.Collect$$rtentry$$0000000D  c_w.l(__rtentry2.o)
    0x0000035a   0x0000035a   0x00000002   Code   RO         1214    .ARM.Collect$$rtexit$$00000000  c_w.l(rtexit.o)
    0x0000035c   0x0000035c   0x00000000   Code   RO         1262    .ARM.Collect$$rtexit$$00000002  c_w.l(rtexit2.o)
    0x0000035c   0x0000035c   0x00000004   Code   RO         1263    .ARM.Collect$$rtexit$$00000003  c_w.l(rtexit2.o)
    0x00000360   0x00000360   0x00000006   Code   RO         1264    .ARM.Collect$$rtexit$$00000004  c_w.l(rtexit2.o)
    0x00000366   0x00000366   0x00000002   PAD
    0x00000368   0x00000368   0x00000030   Code   RO            4    .text               startup.o
    0x00000398   0x00000398   0x0000003c   Code   RO           13    .text               random.o
    0x000003d4   0x000003d4   0x00000048   Code   RO          447    .text               lcd.o
    0x0000041c   0x0000041c   0x00000180   Code   RO          450    .text               print.o
    0x0000059c   0x0000059c   0x00000064   Code   RO         1177    .text               c_w.l(rt_memcpy_w.o)
    0x00000600   0x00000600   0x0000004e   Code   RO         1179    .text               c_w.l(rt_memclr_w.o)
    0x0000064e   0x0000064e   0x00000006   Code   RO         1181    .text               c_w.l(heapauxi.o)
    0x00000654   0x00000654   0x0000004a   Code   RO         1201    .text               c_w.l(sys_stackheap_outer.o)
    0x0000069e   0x0000069e   0x00000012   Code   RO         1203    .text               c_w.l(exit.o)
    0x000006b0   0x000006b0   0x00000008   Code   RO         1211    .text               c_w.l(libspace.o)
    0x000006b8   0x000006b8   0x0000000c   Code   RO         1272    .text               c_w.l(sys_exit.o)
    0x000006c4   0x000006c4   0x00000002   Code   RO         1283    .text               c_w.l(use_no_semi.o)
    0x000006c6   0x000006c6   0x00000000   Code   RO         1285    .text               c_w.l(indicate_semi.o)
    0x000006c6   0x000006c6   0x00000002   PAD
    0x000006c8   0x000006c8   0x00000038   Code   RO         1086    i.ADC_In89          adc_joystick.o
    0x00000700   0x00000700   0x00000124   Code   RO         1087    i.ADC_Init89        adc_joystick.o
    0x00000824   0x00000824   0x00000044   Code   RO          849    i.BumpedIntoWorldPokemon  field.o
    0x00000868   0x00000868   0x00000020   Code   RO          851    i.ClearScreenGrid   field.o
    0x00000888   0x00000888   0x00000048   Code   RO          308    i.DAC_Init          dac.o
    0x000008d0   0x000008d0   0x0000000c   Code   RO          309    i.DAC_Out           dac.o
    0x000008dc   0x000008dc   0x00000020   Code   RO           16    i.Delay1ms          st7735.o
    0x000008fc   0x000008fc   0x00000024   Code   RO          579    i.DrawAllSprites    draw.o
    0x00000920   0x00000920   0x00000414   Code   RO          658    i.DrawBattleInventory  drawscreen.o
    0x00000d34   0x00000d34   0x00000544   Code   RO          659    i.DrawBattleScreen  drawscreen.o
    0x00001278   0x00001278   0x0000007c   Code   RO          580    i.DrawBorder        draw.o
    0x000012f4   0x000012f4   0x0000029c   Code   RO          852    i.DrawField         field.o
    0x00001590   0x00001590   0x00000034   Code   RO          582    i.DrawGridSprite    draw.o
    0x000015c4   0x000015c4   0x000000ac   Code   RO          660    i.DrawHPBars        drawscreen.o
    0x00001670   0x00001670   0x0000005c   Code   RO          661    i.DrawLanguageSelection  drawscreen.o
    0x000016cc   0x000016cc   0x000006f0   Code   RO          662    i.DrawMoveCommands  drawscreen.o
    0x00001dbc   0x00001dbc   0x000001d8   Code   RO          663    i.DrawPokemonInventory  drawscreen.o
    0x00001f94   0x00001f94   0x00000052   Code   RO          583    i.DrawSelection     draw.o
    0x00001fe6   0x00001fe6   0x00000002   PAD
    0x00001fe8   0x00001fe8   0x000003fc   Code   RO         1056    i.DrawShopScreen    shop.o
    0x000023e4   0x000023e4   0x000000ec   Code   RO          664    i.DrawSimpleMenu    drawscreen.o
    0x000024d0   0x000024d0   0x0000001e   Code   RO          584    i.DrawSpriteImg     draw.o
    0x000024ee   0x000024ee   0x00000034   Code   RO          586    i.DrawSpriteSelection  draw.o
    0x00002522   0x00002522   0x00000002   PAD
    0x00002524   0x00002524   0x00000158   Code   RO          665    i.DrawStatusScreen  drawscreen.o
    0x0000267c   0x0000267c   0x00000168   Code   RO          666    i.DrawSwapPokemon   drawscreen.o
    0x000027e4   0x000027e4   0x000001d0   Code   RO          667    i.DrawTitleScreen   drawscreen.o
    0x000029b4   0x000029b4   0x000001a4   Code   RO          668    i.DrawWorld         drawscreen.o
    0x00002b58   0x00002b58   0x000000c8   Code   RO          669    i.GenerateRandomPokemon  drawscreen.o
    0x00002c20   0x00002c20   0x000000cc   Code   RO          670    i.GenerateRandomPokemonInit  drawscreen.o
    0x00002cec   0x00002cec   0x00000014   Code   RO          853    i.GetFieldGrid      field.o
    0x00002d00   0x00002d00   0x0000001c   Code   RO          587    i.GetGridX          draw.o
    0x00002d1c   0x00002d1c   0x0000001c   Code   RO          588    i.GetGridY          draw.o
    0x00002d38   0x00002d38   0x00000014   Code   RO          854    i.GetObjGrid        field.o
    0x00002d4c   0x00002d4c   0x000000b8   Code   RO          671    i.GetPokemonGrid    drawscreen.o
    0x00002e04   0x00002e04   0x00000034   Code   RO          672    i.IncSeed           drawscreen.o
    0x00002e38   0x00002e38   0x00000100   Code   RO          855    i.InitBackgroundTypes  field.o
    0x00002f38   0x00002f38   0x00000090   Code   RO          856    i.InitGridCoordinates  field.o
    0x00002fc8   0x00002fc8   0x00000070   Code   RO          962    i.InitInventory     player.o
    0x00003038   0x00003038   0x00000314   Code   RO          554    i.InitMoves         battle.o
    0x0000334c   0x0000334c   0x00000094   Code   RO          963    i.InitPlayer        player.o
    0x000033e0   0x000033e0   0x00000480   Code   RO          673    i.InitPokemon       drawscreen.o
    0x00003860   0x00003860   0x00000170   Code   RO         1057    i.InitShop          shop.o
    0x000039d0   0x000039d0   0x00000014   Code   RO          964    i.InitTeam          player.o
    0x000039e4   0x000039e4   0x00000034   Code   RO          857    i.IsGridObject      field.o
    0x00003a18   0x00003a18   0x00000030   Code   RO          674    i.IsPokemonPosOnEdge  drawscreen.o
    0x00003a48   0x00003a48   0x000000cc   Code   RO          858    i.IsPokemonWalkable  field.o
    0x00003b14   0x00003b14   0x00000032   Code   RO          859    i.IsWalkable        field.o
    0x00003b46   0x00003b46   0x00000002   PAD
    0x00003b48   0x00003b48   0x0000003c   Code   RO          860    i.IsWorldPokemon    field.o
    0x00003b84   0x00003b84   0x00000064   Code   RO          966    i.MoveDown          player.o
    0x00003be8   0x00003be8   0x00000068   Code   RO          967    i.MoveLeft          player.o
    0x00003c50   0x00003c50   0x00000068   Code   RO          968    i.MoveRight         player.o
    0x00003cb8   0x00003cb8   0x00000064   Code   RO          969    i.MoveUp            player.o
    0x00003d1c   0x00003d1c   0x00000224   Code   RO          675    i.MoveWorldPokemon  drawscreen.o
    0x00003f40   0x00003f40   0x00000010   Code   RO           19    i.Output_Init       st7735.o
    0x00003f50   0x00003f50   0x0000007c   Code   RO          293    i.PLL_Init          pll.o
    0x00003fcc   0x00003fcc   0x00000028   Code   RO          676    i.PokemonAllDead    drawscreen.o
    0x00003ff4   0x00003ff4   0x00000034   Code   RO          677    i.PokemonLocationTaken  drawscreen.o
    0x00004028   0x00004028   0x00000100   Code   RO          453    i.PrintWinLoseScreen  spaceinvaders.o
    0x00004128   0x00004128   0x0000002c   Code   RO          678    i.RestoreDeadPokemon  drawscreen.o
    0x00004154   0x00004154   0x00000120   Code   RO           23    i.ST7735_DrawBitmap  st7735.o
    0x00004274   0x00004274   0x000000f8   Code   RO           25    i.ST7735_DrawCharS  st7735.o
    0x0000436c   0x0000436c   0x00000048   Code   RO           28    i.ST7735_DrawPixel  st7735.o
    0x000043b4   0x000043b4   0x00000056   Code   RO           29    i.ST7735_DrawString  st7735.o
    0x0000440a   0x0000440a   0x00000002   PAD
    0x0000440c   0x0000440c   0x000000ac   Code   RO           30    i.ST7735_FillRect   st7735.o
    0x000044b8   0x000044b8   0x00000024   Code   RO           31    i.ST7735_FillScreen  st7735.o
    0x000044dc   0x000044dc   0x0000007c   Code   RO           33    i.ST7735_InitR      st7735.o
    0x00004558   0x00004558   0x000000d4   Code   RO           35    i.ST7735_OutChar    st7735.o
    0x0000462c   0x0000462c   0x00000018   Code   RO           36    i.ST7735_OutString  st7735.o
    0x00004644   0x00004644   0x00000020   Code   RO           46    i.ST7735_SetCursor  st7735.o
    0x00004664   0x00004664   0x0000000c   Code   RO           48    i.ST7735_SetTextColor  st7735.o
    0x00004670   0x00004670   0x00000014   Code   RO          386    i.Sound_Attack1     sound.o
    0x00004684   0x00004684   0x00000014   Code   RO          387    i.Sound_Attack2     sound.o
    0x00004698   0x00004698   0x00000014   Code   RO          388    i.Sound_Heal        sound.o
    0x000046ac   0x000046ac   0x0000002c   Code   RO          389    i.Sound_Init        sound.o
    0x000046d8   0x000046d8   0x00000020   Code   RO          390    i.Sound_Play        sound.o
    0x000046f8   0x000046f8   0x00000048   Code   RO          391    i.Sound_Task        sound.o
    0x00004740   0x00004740   0x0000010c   Code   RO          970    i.StartTeam         player.o
    0x0000484c   0x0000484c   0x00000018   Code   RO         1088    i.SysTick_Handler   adc_joystick.o
    0x00004864   0x00004864   0x0000001c   Code   RO         1089    i.SysTick_Init      adc_joystick.o
    0x00004880   0x00004880   0x00000018   Code   RO          344    i.Timer0A_Handler   timer0.o
    0x00004898   0x00004898   0x00000060   Code   RO          345    i.Timer0_Init       timer0.o
    0x000048f8   0x000048f8   0x00000018   Code   RO          365    i.Timer1A_Handler   timer1.o
    0x00004910   0x00004910   0x00000060   Code   RO          366    i.Timer1_Init       timer1.o
    0x00004970   0x00004970   0x00000060   Code   RO          971    i.addPokemon        player.o
    0x000049d0   0x000049d0   0x00000056   Code   RO           50    i.commandList       st7735.o
    0x00004a26   0x00004a26   0x00000002   PAD
    0x00004a28   0x00004a28   0x00000188   Code   RO           51    i.commonInit        st7735.o
    0x00004bb0   0x00004bb0   0x00000028   Code   RO         1090    i.getJoystickX      adc_joystick.o
    0x00004bd8   0x00004bd8   0x00000028   Code   RO         1091    i.getJoystickY      adc_joystick.o
    0x00004c00   0x00004c00   0x00000030   Code   RO         1092    i.isPE2Pressed      adc_joystick.o
    0x00004c30   0x00004c30   0x00000030   Code   RO         1093    i.isPE3Pressed      adc_joystick.o
    0x00004c60   0x00004c60   0x000000ac   Code   RO          454    i.main              spaceinvaders.o
    0x00004d0c   0x00004d0c   0x000000c4   Code   RO          679    i.moveShakeBack     drawscreen.o
    0x00004dd0   0x00004dd0   0x00000074   Code   RO          680    i.moveShakeLeft     drawscreen.o
    0x00004e44   0x00004e44   0x00000074   Code   RO          681    i.moveShakeRight    drawscreen.o
    0x00004eb8   0x00004eb8   0x00000012   Code   RO           56    i.pushColor         st7735.o
    0x00004eca   0x00004eca   0x00000002   PAD
    0x00004ecc   0x00004ecc   0x00000074   Code   RO           57    i.setAddrWindow     st7735.o
    0x00004f40   0x00004f40   0x000007e2   Data   RO           59    .constdata          st7735.o
    0x00005722   0x00005722   0x0000be82   Data   RO          393    .constdata          sound.o
    0x000115a4   0x000115a4   0x0000000a   Data   RO          541    .constdata          systeminfo.o
    0x000115ae   0x000115ae   0x00000002   PAD
    0x000115b0   0x000115b0   0x00000124   Data   RO          556    .constdata          battle.o
    0x000116d4   0x000116d4   0x00000400   Data   RO          683    .constdata          drawscreen.o
    0x00011ad4   0x00011ad4   0x0000008c   Data   RO          863    .constdata          field.o
    0x00011b60   0x00011b60   0x00000016   Data   RO          948    .constdata          pokemontype.o
    0x00011b76   0x00011b76   0x00000002   PAD
    0x00011b78   0x00011b78   0x0000007c   Data   RO          973    .constdata          player.o
    0x00011bf4   0x00011bf4   0x000000cc   Data   RO         1059    .constdata          shop.o
    0x00011cc0   0x00011cc0   0x0000b780   Data   RO         1147    .constdata          imagesother.o
    0x0001d440   0x0001d440   0x00001800   Data   RO         1154    .constdata          textsprites.o
    0x0001ec40   0x0001ec40   0x00009800   Data   RO         1161    .constdata          imagespokemon2.o
    0x00028440   0x00028440   0x00001600   Data   RO         1168    .constdata          imagespokemonworld.o
    0x00029a40   0x00029a40   0x0000023d   Data   RO          557    .conststring        battle.o
    0x00029c7d   0x00029c7d   0x00000003   PAD
    0x00029c80   0x00029c80   0x0000010b   Data   RO          684    .conststring        drawscreen.o
    0x00029d8b   0x00029d8b   0x00000001   PAD
    0x00029d8c   0x00029d8c   0x00000042   Data   RO         1060    .conststring        shop.o
    0x00029dce   0x00029dce   0x00000002   PAD
    0x00029dd0   0x00029dd0   0x00000020   Data   RO         1338    Region$$Table       anon$$obj.o


    Execution Region ER_RW (Exec base: 0x20000000, Load base: 0x00029df0, Size: 0x000008c4, Max: 0xffffffff, ABSOLUTE, COMPRESSED[0x00000288])

    Exec Addr    Load Addr    Size         Type   Attr      Idx    E Section Name        Object

    0x20000000   COMPRESSED   0x00000028   Data   RW           60    .data               st7735.o
    0x20000028   COMPRESSED   0x00000004   Data   RW          346    .data               timer0.o
    0x2000002c   COMPRESSED   0x00000004   Data   RW          367    .data               timer1.o
    0x20000030   COMPRESSED   0x0000000c   Data   RW          394    .data               sound.o
    0x2000003c   COMPRESSED   0x00000002   Data   RW          455    .data               spaceinvaders.o
    0x2000003e   COMPRESSED   0x00000004   Data   RW          542    .data               systeminfo.o
    0x20000042   COMPRESSED   0x00000002   PAD
    0x20000044   COMPRESSED   0x00000015   Data   RW          685    .data               drawscreen.o
    0x20000059   COMPRESSED   0x00000003   PAD
    0x2000005c   COMPRESSED   0x00000714   Data   RW          864    .data               field.o
    0x20000770   COMPRESSED   0x00000144   Data   RW          949    .data               pokemontype.o
    0x200008b4   COMPRESSED   0x0000000a   Data   RW         1094    .data               adc_joystick.o
    0x200008be   COMPRESSED   0x00000002   PAD
    0x200008c0   COMPRESSED   0x00000004   Data   RW           12    DATA                random.o


    Execution Region ER_ZI (Exec base: 0x200008c4, Load base: 0x0002a078, Size: 0x000029b4, Max: 0xffffffff, ABSOLUTE)

    Exec Addr    Load Addr    Size         Type   Attr      Idx    E Section Name        Object

    0x200008c4        -       0x00000960   Zero   RW          555    .bss                battle.o
    0x20001224        -       0x00000570   Zero   RW          682    .bss                drawscreen.o
    0x20001794        -       0x000013fe   Zero   RW          862    .bss                field.o
    0x20002b92   0x0002a078   0x00000002   PAD
    0x20002b94        -       0x00000230   Zero   RW          972    .bss                player.o
    0x20002dc4        -       0x00000054   Zero   RW         1058    .bss                shop.o
    0x20002e18        -       0x00000060   Zero   RW         1212    .bss                c_w.l(libspace.o)
    0x20002e78        -       0x00000000   Zero   RW            2    HEAP                startup.o
    0x20002e78        -       0x00000400   Zero   RW            1    STACK               startup.o


==============================================================================

Image component sizes


      Code (inc. data)   RO Data    RW Data    ZI Data      Debug   Object Name

       576         72          0         10          0       4320   adc_joystick.o
       788         54        865          0       2400       3306   battle.o
        84         24          0          0          0        773   dac.o
       432         20          0          0          0       6755   draw.o
      9680       1390       1291         21       1392      25401   drawscreen.o
      1574        160        140       1812       5118      10717   field.o
         0          0      46976          0          0       1439   imagesother.o
         0          0      38912          0          0        916   imagespokemon2.o
         0          0       5632          0          0       1044   imagespokemonworld.o
        72         12          0          0          0        228   lcd.o
      1052         84        124          0        560       7441   player.o
       124          4          0          0          0        439   pll.o
         0          0         22        324          0       1131   pokemontype.o
       384         20          0          0          0        328   print.o
        60         14          0          4          0        232   random.o
      1388        342        270          0         84       4815   shop.o
       208         64      48770         12          0       3282   sound.o
       428        204          0          2          0       3573   spaceinvaders.o
      1966        192       2018         40          0      18494   st7735.o
       692        632          0          0       1024        964   startup.o
         0          0         10          4          0        866   systeminfo.o
         0          0       6144          0          0        566   textsprites.o
       120         30          0          4          0       1392   timer0.o
       120         30          0          4          0       1392   timer1.o

    ----------------------------------------------------------------------
     19760       3348     151216       2244      10580      99814   Object Totals
         0          0         32          0          0          0   (incl. Generated)
        12          0         10          7          2          0   (incl. Padding)

    ----------------------------------------------------------------------

      Code (inc. data)   RO Data    RW Data    ZI Data      Debug   Library Member Name

       100          0          0          0          0          0   __dclz77c.o
         8          0          0          0          0         68   __main.o
         0          0          0          0          0          0   __rtentry.o
        12          0          0          0          0          0   __rtentry2.o
         6          0          0          0          0          0   __rtentry4.o
        52          8          0          0          0          0   __scatter.o
        28          0          0          0          0          0   __scatter_zi.o
        18          0          0          0          0         80   exit.o
         6          0          0          0          0        152   heapauxi.o
         0          0          0          0          0          0   indicate_semi.o
         2          0          0          0          0          0   libinit.o
         2          0          0          0          0          0   libinit2.o
         2          0          0          0          0          0   libshutdown.o
         2          0          0          0          0          0   libshutdown2.o
         8          4          0          0         96         68   libspace.o
        78          0          0          0          0         80   rt_memclr_w.o
       100          0          0          0          0         80   rt_memcpy_w.o
         2          0          0          0          0          0   rtexit.o
        10          0          0          0          0          0   rtexit2.o
        12          4          0          0          0         68   sys_exit.o
        74          0          0          0          0         80   sys_stackheap_outer.o
         2          0          0          0          0         68   use_no_semi.o

    ----------------------------------------------------------------------
       528         16          0          0         96        744   Library Totals
         4          0          0          0          0          0   (incl. Padding)

    ----------------------------------------------------------------------

      Code (inc. data)   RO Data    RW Data    ZI Data      Debug   Library Name

       524         16          0          0         96        744   c_w.l

    ----------------------------------------------------------------------
       528         16          0          0         96        744   Library Totals

    ----------------------------------------------------------------------

==============================================================================


      Code (inc. data)   RO Data    RW Data    ZI Data      Debug   

     20288       3364     151216       2244      10676      95562   Grand Totals
     20288       3364     151216        648      10676      95562   ELF Image Totals (compressed)
     20288       3364     151216        648          0          0   ROM Totals

==============================================================================

    Total RO  Size (Code + RO Data)               171504 ( 167.48kB)
    Total RW  Size (RW Data + ZI Data)             12920 (  12.62kB)
    Total ROM Size (Code + RO Data + RW Data)     172152 ( 168.12kB)

==============================================================================

