Component: ARM Compiler 5.06 update 6 (build 750) Tool: armlink [4d35ed]

==============================================================================

Section Cross References

    startup.o(STACK) refers (Special) to heapauxi.o(.text) for __use_two_region_memory
    startup.o(HEAP) refers (Special) to heapauxi.o(.text) for __use_two_region_memory
    startup.o(RESET) refers (Special) to heapauxi.o(.text) for __use_two_region_memory
    startup.o(RESET) refers to startup.o(STACK) for StackMem
    startup.o(RESET) refers to adc_joystick.o(i.SysTick_Handler) for SysTick_Handler
    startup.o(RESET) refers to timer0.o(i.Timer0A_Handler) for Timer0A_Handler
    startup.o(RESET) refers to timer1.o(i.Timer1A_Handler) for Timer1A_Handler
    startup.o(RESET) refers to __main.o(!!!main) for __main
    startup.o(.text) refers (Special) to heapauxi.o(.text) for __use_two_region_memory
    startup.o(.text) refers to startup.o(HEAP) for HeapMem
    startup.o(.text) refers to startup.o(STACK) for StackMem
    random.o(.text) refers to random.o(DATA) for M
    st7735.o(i.Output_Clear) refers to st7735.o(i.ST7735_FillScreen) for ST7735_FillScreen
    st7735.o(i.Output_Color) refers to st7735.o(i.ST7735_SetTextColor) for ST7735_SetTextColor
    st7735.o(i.Output_Init) refers to st7735.o(i.ST7735_InitR) for ST7735_InitR
    st7735.o(i.Output_Init) refers to st7735.o(i.ST7735_FillScreen) for ST7735_FillScreen
    st7735.o(i.Output_Off) refers to st7735.o(i.Output_Clear) for Output_Clear
    st7735.o(i.Output_On) refers to st7735.o(i.Output_Init) for Output_Init
    st7735.o(i.ST7735_DrawBitmap) refers to st7735.o(i.setAddrWindow) for setAddrWindow
    st7735.o(i.ST7735_DrawBitmap) refers to lcd.o(.text) for writedata
    st7735.o(i.ST7735_DrawBitmap) refers to systeminfo.o(.data) for _width
    st7735.o(i.ST7735_DrawChar) refers to st7735.o(i.setAddrWindow) for setAddrWindow
    st7735.o(i.ST7735_DrawChar) refers to st7735.o(i.pushColor) for pushColor
    st7735.o(i.ST7735_DrawChar) refers to systeminfo.o(.data) for _width
    st7735.o(i.ST7735_DrawChar) refers to st7735.o(.constdata) for Font
    st7735.o(i.ST7735_DrawCharS) refers to st7735.o(i.ST7735_DrawPixel) for ST7735_DrawPixel
    st7735.o(i.ST7735_DrawCharS) refers to st7735.o(i.ST7735_FillRect) for ST7735_FillRect
    st7735.o(i.ST7735_DrawCharS) refers to systeminfo.o(.data) for _width
    st7735.o(i.ST7735_DrawCharS) refers to st7735.o(.constdata) for Font
    st7735.o(i.ST7735_DrawFastHLine) refers to st7735.o(i.setAddrWindow) for setAddrWindow
    st7735.o(i.ST7735_DrawFastHLine) refers to lcd.o(.text) for writedata
    st7735.o(i.ST7735_DrawFastHLine) refers to systeminfo.o(.data) for _width
    st7735.o(i.ST7735_DrawFastVLine) refers to st7735.o(i.setAddrWindow) for setAddrWindow
    st7735.o(i.ST7735_DrawFastVLine) refers to lcd.o(.text) for writedata
    st7735.o(i.ST7735_DrawFastVLine) refers to systeminfo.o(.data) for _width
    st7735.o(i.ST7735_DrawPixel) refers to st7735.o(i.setAddrWindow) for setAddrWindow
    st7735.o(i.ST7735_DrawPixel) refers to st7735.o(i.pushColor) for pushColor
    st7735.o(i.ST7735_DrawPixel) refers to systeminfo.o(.data) for _width
    st7735.o(i.ST7735_DrawString) refers to st7735.o(i.ST7735_DrawCharS) for ST7735_DrawCharS
    st7735.o(i.ST7735_FillRect) refers to st7735.o(i.setAddrWindow) for setAddrWindow
    st7735.o(i.ST7735_FillRect) refers to lcd.o(.text) for writedata
    st7735.o(i.ST7735_FillRect) refers to systeminfo.o(.data) for _width
    st7735.o(i.ST7735_FillScreen) refers to st7735.o(i.ST7735_FillRect) for ST7735_FillRect
    st7735.o(i.ST7735_FillScreen) refers to systeminfo.o(.data) for _height
    st7735.o(i.ST7735_InitB) refers to st7735.o(i.commonInit) for commonInit
    st7735.o(i.ST7735_InitB) refers to st7735.o(i.ST7735_SetCursor) for ST7735_SetCursor
    st7735.o(i.ST7735_InitB) refers to st7735.o(i.ST7735_FillScreen) for ST7735_FillScreen
    st7735.o(i.ST7735_InitB) refers to st7735.o(.constdata) for Bcmd
    st7735.o(i.ST7735_InitB) refers to st7735.o(.data) for StTextColor
    st7735.o(i.ST7735_InitR) refers to st7735.o(i.commonInit) for commonInit
    st7735.o(i.ST7735_InitR) refers to st7735.o(i.commandList) for commandList
    st7735.o(i.ST7735_InitR) refers to lcd.o(.text) for writecommand
    st7735.o(i.ST7735_InitR) refers to st7735.o(i.ST7735_SetCursor) for ST7735_SetCursor
    st7735.o(i.ST7735_InitR) refers to st7735.o(i.ST7735_FillScreen) for ST7735_FillScreen
    st7735.o(i.ST7735_InitR) refers to st7735.o(.constdata) for Rcmd1
    st7735.o(i.ST7735_InitR) refers to st7735.o(.data) for ColStart
    st7735.o(i.ST7735_InvertDisplay) refers to lcd.o(.text) for writecommand
    st7735.o(i.ST7735_OutChar) refers to st7735.o(i.ST7735_DrawString) for ST7735_DrawString
    st7735.o(i.ST7735_OutChar) refers to st7735.o(i.ST7735_DrawCharS) for ST7735_DrawCharS
    st7735.o(i.ST7735_OutChar) refers to st7735.o(.data) for StY
[...]
    .ARM.Collect$$libinit$$00000011          0x00000342   Section        0  libinit2.o(.ARM.Collect$$libinit$$00000011)
    .ARM.Collect$$libinit$$00000013          0x00000342   Section        0  libinit2.o(.ARM.Collect$$libinit$$00000013)
    .ARM.Collect$$libinit$$00000015          0x00000342   Section        0  libinit2.o(.ARM.Collect$$libinit$$00000015)
    .ARM.Collect$$libinit$$00000017          0x00000342   Section        0  libinit2.o(.ARM.Collect$$libinit$$00000017)
    .ARM.Collect$$libinit$$00000019          0x00000342   Section        0  libinit2.o(.ARM.Collect$$libinit$$00000019)
    .ARM.Collect$$libinit$$0000001B          0x00000342   Section        0  libinit2.o(.ARM.Collect$$libinit$$0000001B)
    .ARM.Collect$$libinit$$0000001D          0x00000342   Section        0  libinit2.o(.ARM.Collect$$libinit$$0000001D)
    .ARM.Collect$$libinit$$0000001F          0x00000342   Section        0  libinit2.o(.ARM.Collect$$libinit$$0000001F)
    .ARM.Collect$$libinit$$00000021          0x00000342   Section        0  libinit2.o(.ARM.Collect$$libinit$$00000021)
    .ARM.Collect$$libinit$$00000023          0x00000342   Section        0  libinit2.o(.ARM.Collect$$libinit$$00000023)
    .ARM.Collect$$libinit$$00000025          0x00000342   Section        0  libinit2.o(.ARM.Collect$$libinit$$00000025)
    .ARM.Collect$$libinit$$0000002C          0x00000342   Section        0  libinit2.o(.ARM.Collect$$libinit$$0000002C)
    .ARM.Collect$$libinit$$0000002E          0x00000342   Section        0  libinit2.o(.ARM.Collect$$libinit$$0000002E)
    .ARM.Collect$$libinit$$00000030          0x00000342   Section        0  libinit2.o(.ARM.Collect$$libinit$$00000030)
    .ARM.Collect$$libinit$$00000032          0x00000342   Section        0  libinit2.o(.ARM.Collect$$libinit$$00000032)
    .ARM.Collect$$libinit$$00000033          0x00000342   Section        2  libinit2.o(.ARM.Collect$$libinit$$00000033)
    .ARM.Collect$$libshutdown$$00000000      0x00000344   Section        2  libshutdown.o(.ARM.Collect$$libshutdown$$00000000)
    .ARM.Collect$$libshutdown$$00000002      0x00000346   Section        0  libshutdown2.o(.ARM.Collect$$libshutdown$$00000002)
    .ARM.Collect$$libshutdown$$00000004      0x00000346   Section        0  libshutdown2.o(.ARM.Collect$$libshutdown$$00000004)
    .ARM.Collect$$libshutdown$$00000007      0x00000346   Section        0  libshutdown2.o(.ARM.Collect$$libshutdown$$00000007)
    .ARM.Collect$$libshutdown$$0000000A      0x00000346   Section        0  libshutdown2.o(.ARM.Collect$$libshutdown$$0000000A)
    .ARM.Collect$$libshutdown$$0000000C      0x00000346   Section        0  libshutdown2.o(.ARM.Collect$$libshutdown$$0000000C)
    .ARM.Collect$$libshutdown$$0000000F      0x00000346   Section        0  libshutdown2.o(.ARM.Collect$$libshutdown$$0000000F)
    .ARM.Collect$$libshutdown$$00000010      0x00000346   Section        2  libshutdown2.o(.ARM.Collect$$libshutdown$$00000010)
    .ARM.Collect$$rtentry$$00000000          0x00000348   Section        0  __rtentry.o(.ARM.Collect$$rtentry$$00000000)
    .ARM.Collect$$rtentry$$00000002          0x00000348   Section        0  __rtentry2.o(.ARM.Collect$$rtentry$$00000002)
    .ARM.Collect$$rtentry$$00000004          0x00000348   Section        6  __rtentry4.o(.ARM.Collect$$rtentry$$00000004)
    .ARM.Collect$$rtentry$$00000009          0x0000034e   Section        0  __rtentry2.o(.ARM.Collect$$rtentry$$00000009)
    .ARM.Collect$$rtentry$$0000000A          0x0000034e   Section        4  __rtentry2.o(.ARM.Collect$$rtentry$$0000000A)
    .ARM.Collect$$rtentry$$0000000C          0x00000352   Section        0  __rtentry2.o(.ARM.Collect$$rtentry$$0000000C)
    .ARM.Collect$$rtentry$$0000000D          0x00000352   Section        8  __rtentry2.o(.ARM.Collect$$rtentry$$0000000D)
    .ARM.Collect$$rtexit$$00000000           0x0000035a   Section        2  rtexit.o(.ARM.Collect$$rtexit$$00000000)
    .ARM.Collect$$rtexit$$00000002           0x0000035c   Section        0  rtexit2.o(.ARM.Collect$$rtexit$$00000002)
    .ARM.Collect$$rtexit$$00000003           0x0000035c   Section        4  rtexit2.o(.ARM.Collect$$rtexit$$00000003)
    .ARM.Collect$$rtexit$$00000004           0x00000360   Section        6  rtexit2.o(.ARM.Collect$$rtexit$$00000004)
    .text                                    0x00000368   Section       48  startup.o(.text)
    .text                                    0x00000398   Section       60  random.o(.text)
    .text                                    0x000003d4   Section       72  lcd.o(.text)
    .text                                    0x0000041c   Section      100  rt_memcpy_w.o(.text)
    .text                                    0x00000480   Section       78  rt_memclr_w.o(.text)
    .text                                    0x000004ce   Section        0  heapauxi.o(.text)
    .text                                    0x000004d4   Section       74  sys_stackheap_outer.o(.text)
    .text                                    0x0000051e   Section        0  exit.o(.text)
    .text                                    0x00000530   Section        8  libspace.o(.text)
    .text                                    0x00000538   Section        0  sys_exit.o(.text)
    .text                                    0x00000544   Section        2  use_no_semi.o(.text)
    .text                                    0x00000546   Section        0  indicate_semi.o(.text)
    i.ADC_In89                               0x00000548   Section        0  adc_joystick.o(i.ADC_In89)
    i.ADC_Init89                             0x00000580   Section        0  adc_joystick.o(i.ADC_Init89)
    i.BumpedIntoWorldPokemon                 0x000006a4   Section        0  field.o(i.BumpedIntoWorldPokemon)
    i.ClearScreenGrid                        0x000006e8   Section        0  field.o(i.ClearScreenGrid)
    i.DAC_Init                               0x00000708   Section        0  dac.o(i.DAC_Init)
    i.DAC_Out                                0x00000750   Section        0  dac.o(i.DAC_Out)
    i.Delay1ms                               0x0000075c   Section        0  st7735.o(i.Delay1ms)
    i.DrawAllSprites                         0x0000077c   Section        0  draw.o(i.DrawAllSprites)
    i.DrawBattleInventory                    0x000007a0   Section        0  drawscreen.o(i.DrawBattleInventory)
    i.DrawBattleScreen                       0x00000c30   Section        0  drawscreen.o(i.DrawBattleScreen)
    i.DrawBorder                             0x0000119c   Section        0  draw.o(i.DrawBorder)
    i.DrawField                              0x00001218   Section        0  field.o(i.DrawField)
    i.DrawGridSprite                         0x000014b4   Section        0  draw.o(i.DrawGridSprite)
    i.DrawHPBars                             0x000014e8   Section        0  drawscreen.o(i.DrawHPBars)
    i.DrawLanguageSelection                  0x00001560   Section        0  drawscreen.o(i.DrawLanguageSelection)
    i.DrawMoveCommands                       0x000015bc   Section        0  drawscreen.o(i.DrawMoveCommands)
    i.DrawPokemonInventory                   0x00001cf8   Section        0  drawscreen.o(i.DrawPokemonInventory)
    i.DrawSelection                          0x00001ed0   Section        0  draw.o(i.DrawSelection)
    i.DrawShopScreen                         0x00001f24   Section        0  shop.o(i.DrawShopScreen)
    i.DrawSimpleMenu                         0x000022ec   Section        0  drawscreen.o(i.DrawSimpleMenu)
    i.DrawSpriteImg                          0x000023d8   Section        0  draw.o(i.DrawSpriteImg)
    i.DrawSpriteSelection                    0x000023f6   Section        0  draw.o(i.DrawSpriteSelection)
    i.DrawStatusScreen                       0x0000242c   Section        0  drawscreen.o(i.DrawStatusScreen)
    i.DrawSwapPokemon                        0x00002584   Section        0  drawscreen.o(i.DrawSwapPokemon)
    i.DrawTitleScreen                        0x000026ec   Section        0  drawscreen.o(i.DrawTitleScreen)
    i.DrawWorld                              0x000028ec   Section        0  drawscreen.o(i.DrawWorld)
    i.GenerateRandomPokemon                  0x00002a98   Section        0  drawscreen.o(i.GenerateRandomPokemon)
    i.GenerateRandomPokemonInit              0x00002b58   Section        0  drawscreen.o(i.GenerateRandomPokemonInit)
    i.GetFieldGrid                           0x00002c24   Section        0  field.o(i.GetFieldGrid)
    i.GetGridX                               0x00002c38   Section        0  draw.o(i.GetGridX)
    i.GetGridY                               0x00002c54   Section        0  draw.o(i.GetGridY)
    i.GetObjGrid                             0x00002c70   Section        0  field.o(i.GetObjGrid)
    i.IncSeed                                0x00002c84   Section        0  drawscreen.o(i.IncSeed)
    i.InitBackgroundTypes                    0x00002cb8   Section        0  field.o(i.InitBackgroundTypes)
    i.InitInventory                          0x00002db8   Section        0  player.o(i.InitInventory)
    i.InitMoves                              0x00002e28   Section        0  battle.o(i.InitMoves)
    i.InitPlayer                             0x000030f0   Section        0  player.o(i.InitPlayer)
    i.InitPokemon                            0x00003184   Section        0  drawscreen.o(i.InitPokemon)
    i.InitShop                               0x00003544   Section        0  shop.o(i.InitShop)
    i.InitTeam                               0x000036b4   Section        0  player.o(i.InitTeam)
    i.IsGridObject                           0x000036c8   Section        0  field.o(i.IsGridObject)
    i.IsPokemonWalkable                      0x000036fc   Section        0  field.o(i.IsPokemonWalkable)
    i.IsWalkable                             0x00003754   Section        0  field.o(i.IsWalkable)
    i.IsWorldPokemon                         0x00003788   Section        0  field.o(i.IsWorldPokemon)
    i.MoveDown                               0x000037c4   Section        0  player.o(i.MoveDown)
    i.MoveLeft                               0x00003828   Section        0  player.o(i.MoveLeft)
    i.MoveRight                              0x00003890   Section        0  player.o(i.MoveRight)
    i.MoveUp                                 0x000038f8   Section        0  player.o(i.MoveUp)
    i.MoveWorldPokemon                       0x0000395c   Section        0  drawscreen.o(i.MoveWorldPokemon)
    i.Output_Init                            0x00003a84   Section        0  st7735.o(i.Output_Init)
    i.PLL_Init                               0x00003a94   Section        0  pll.o(i.PLL_Init)
    i.PokemonAllDead                         0x00003b10   Section        0  drawscreen.o(i.PokemonAllDead)
    i.PokemonLocationTaken                   0x00003b38   Section        0  drawscreen.o(i.PokemonLocationTaken)
    i.PrintWinLoseScreen                     0x00003b6c   Section        0  spaceinvaders.o(i.PrintWinLoseScreen)
    i.RestoreDeadPokemon                     0x00003c6c   Section        0  drawscreen.o(i.RestoreDeadPokemon)
    i.ST7735_DrawBitmap                      0x00003c98   Section        0  st7735.o(i.ST7735_DrawBitmap)
    i.ST7735_DrawCharS                       0x00003db8   Section        0  st7735.o(i.ST7735_DrawCharS)
    i.ST7735_DrawPixel                       0x00003eb0   Section        0  st7735.o(i.ST7735_DrawPixel)
    i.ST7735_DrawString                      0x00003ef8   Section        0  st7735.o(i.ST7735_DrawString)
    i.ST7735_FillRect                        0x00003f50   Section        0  st7735.o(i.ST7735_FillRect)
    i.ST7735_FillScreen                      0x00003ffc   Section        0  st7735.o(i.ST7735_FillScreen)
    i.ST7735_InitR                           0x00004020   Section        0  st7735.o(i.ST7735_InitR)
    i.ST7735_OutChar                         0x0000409c   Section        0  st7735.o(i.ST7735_OutChar)
    i.ST7735_OutString                       0x00004170   Section        0  st7735.o(i.ST7735_OutString)
    i.ST7735_SetCursor                       0x00004188   Section        0  st7735.o(i.ST7735_SetCursor)
    i.ST7735_SetTextColor                    0x000041a8   Section        0  st7735.o(i.ST7735_SetTextColor)
    i.Sound_Alarm                            0x000041b4   Section        0  sound.o(i.Sound_Alarm)
    i.Sound_Buzz                             0x000041c8   Section        0  sound.o(i.Sound_Buzz)
    i.Sound_Init                             0x000041dc   Section        0  sound.o(i.Sound_Init)
    i.Sound_Play                             0x00004208   Section        0  sound.o(i.Sound_Play)
    i.Sound_Task                             0x00004228   Section        0  sound.o(i.Sound_Task)
    i.StartTeam                              0x00004270   Section        0  player.o(i.StartTeam)
    i.SysTick_Handler                        0x0000437c   Section        0  adc_joystick.o(i.SysTick_Handler)
    i.SysTick_Init                           0x00004394   Section        0  adc_joystick.o(i.SysTick_Init)
    i.Timer0A_Handler                        0x000043b0   Section        0  timer0.o(i.Timer0A_Handler)
    i.Timer0_Init                            0x000043c8   Section        0  timer0.o(i.Timer0_Init)
    i.Timer1A_Handler                        0x00004428   Section        0  timer1.o(i.Timer1A_Handler)
    i.Timer1_Init                            0x00004440   Section        0  timer1.o(i.Timer1_Init)
    i.addPokemon                             0x000044a0   Section        0  player.o(i.addPokemon)
    i.commandList                            0x000044f4   Section        0  st7735.o(i.commandList)
    commandList                              0x000044f5   Thumb Code    86  st7735.o(i.commandList)
    i.commonInit                             0x0000454c   Section        0  st7735.o(i.commonInit)
    commonInit                               0x0000454d   Thumb Code   342  st7735.o(i.commonInit)
    i.getJoystickX                           0x000046d4   Section        0  adc_joystick.o(i.getJoystickX)
    i.getJoystickY                           0x000046fc   Section        0  adc_joystick.o(i.getJoystickY)
    i.isPE2Pressed                           0x00004724   Section        0  adc_joystick.o(i.isPE2Pressed)
    i.isPE3Pressed                           0x00004754   Section        0  adc_joystick.o(i.isPE3Pressed)
    i.main                                   0x00004784   Section        0  spaceinvaders.o(i.main)
    i.moveShakeBack                          0x0000482c   Section        0  drawscreen.o(i.moveShakeBack)
    i.moveShakeLeft                          0x000048a8   Section        0  drawscreen.o(i.moveShakeLeft)
    i.moveShakeRight                         0x000048f8   Section        0  drawscreen.o(i.moveShakeRight)
    i.pushColor                              0x00004948   Section        0  st7735.o(i.pushColor)
    pushColor                                0x00004949   Thumb Code    18  st7735.o(i.pushColor)
    i.setAddrWindow                          0x0000495c   Section        0  st7735.o(i.setAddrWindow)
    setAddrWindow                            0x0000495d   Thumb Code   106  st7735.o(i.setAddrWindow)
    .constdata                               0x000049d0   Section     2018  st7735.o(.constdata)
    Font                                     0x000049d0   Data        1275  st7735.o(.constdata)
    Bcmd                                     0x00004ecb   Data         103  st7735.o(.constdata)
    Rcmd1                                    0x00004f32   Data          59  st7735.o(.constdata)
    Rcmd2green                               0x00004f6d   Data          13  st7735.o(.constdata)
    Rcmd2red                                 0x00004f7a   Data          13  st7735.o(.constdata)
    Rcmd3                                    0x00004f87   Data          43  st7735.o(.constdata)
    .constdata                               0x000051b2   Section    45811  sound.o(.constdata)
    .constdata                               0x000104a6   Section       10  systeminfo.o(.constdata)
    .constdata                               0x000104b0   Section      268  battle.o(.constdata)
    .constdata                               0x000105bc   Section      940  drawscreen.o(.constdata)
    .constdata                               0x00010968   Section      136  field.o(.constdata)
    .constdata                               0x000109f0   Section       22  pokemontype.o(.constdata)
    .constdata                               0x00010a08   Section      124  player.o(.constdata)
    .constdata                               0x00010a84   Section      204  shop.o(.constdata)
    .constdata                               0x00010b50   Section    19328  imagesother.o(.constdata)
    .constdata                               0x000156d0   Section     6144  textsprites.o(.constdata)
    .constdata                               0x00016ed0   Section    35712  imagespokemon2.o(.constdata)
    .constdata                               0x0001fa50   Section     5632  imagespokemonworld.o(.constdata)
    .conststring                             0x00021050   Section      525  battle.o(.conststring)
    .conststring                             0x00021260   Section      259  drawscreen.o(.conststring)
    .conststring                             0x00021364   Section       66  shop.o(.conststring)
    .data                                    0x20000000   Section       40  st7735.o(.data)
    ColStart                                 0x2000000a   Data           1  st7735.o(.data)
    RowStart                                 0x2000000b   Data           1  st7735.o(.data)
    Rotation                                 0x2000000c   Data           1  st7735.o(.data)
    TabColor                                 0x2000000d   Data           1  st7735.o(.data)
    .data                                    0x20000028   Section        4  timer0.o(.data)
    .data                                    0x2000002c   Section        4  timer1.o(.data)
    .data                                    0x20000030   Section       12  sound.o(.data)
    .data                                    0x2000003c   Section        2  spaceinvaders.o(.data)
    .data                                    0x2000003e   Section        4  systeminfo.o(.data)
    .data                                    0x20000044   Section       18  drawscreen.o(.data)
    .data                                    0x20000056   Section     1802  field.o(.data)
    .data                                    0x20000760   Section      324  pokemontype.o(.data)
    .data                                    0x200008a4   Section       10  adc_joystick.o(.data)
    DATA                                     0x200008b0   Section        4  random.o(DATA)
    M                                        0x200008b0   Data           4  random.o(DATA)
    .bss                                     0x200008b4   Section     2400  battle.o(.bss)
    .bss                                     0x20001214   Section     1288  drawscreen.o(.bss)
    .bss                                     0x2000171c   Section     2798  field.o(.bss)
    .bss                                     0x2000220c   Section      560  player.o(.bss)
    .bss                                     0x2000243c   Section       84  shop.o(.bss)
    .bss                                     0x20002490   Section       96  libspace.o(.bss)
    HEAP                                     0x200024f0   Section        0  startup.o(HEAP)
    STACK                                    0x200024f0   Section     1024  startup.o(STACK)
    HeapMem                                  0x200024f0   Data           0  startup.o(HEAP)
    StackMem                                 0x200024f0   Data           0  startup.o(STACK)

    Global Symbols

    Symbol Name                              Value     Ov Type        Size  Object(Section)

    BuildAttributes$$THM_ISAv4$E$P$D$K$B$S$7EM$PE$A:L22UL41UL21$X:L11$S22US41US21$IEEE1$IW$USESV6$~STKCKD$USESV7$~SHL$OSPACE$ROPI$EBA8$UX$STANDARDLIB$REQ8$PRES8$EABIv2 0x00000000   Number         0  anon$$obj.o ABSOLUTE
    __ARM_use_no_argv                        0x00000000   Number         0  spaceinvaders.o ABSOLUTE
    __Vectors                                0x00000000   Data           0  startup.o(RESET)
    __ARM_exceptions_init                     - Undefined Weak Reference
    __alloca_initialize                       - Undefined Weak Reference
    __arm_preinit_                            - Undefined Weak Reference
    __cpp_initialize__aeabi_                  - Undefined Weak Reference
    __cxa_finalize                            - Undefined Weak Reference
    __rt_locale                               - Undefined Weak Reference
    __sigvec_lookup                           - Undefined Weak Reference
    _atexit_init                              - Undefined Weak Reference
    _call_atexit_fns                          - Undefined Weak Reference
    _clock_init                               - Undefined Weak Reference
    _fp_trap_init                             - Undefined Weak Reference
    _fp_trap_shutdown                         - Undefined Weak Reference
    _get_lc_collate                           - Undefined Weak Reference
    _get_lc_ctype                             - Undefined Weak Reference
    _get_lc_monetary                          - Undefined Weak Reference
    _get_lc_numeric                           - Undefined Weak Reference
    _get_lc_time                              - Undefined Weak Reference
    _getenv_init                              - Undefined Weak Reference
    _handle_redirection                       - Undefined Weak Reference
    _init_alloc                               - Undefined Weak Reference
    _init_user_alloc                          - Undefined Weak Reference
    _initio                                   - Undefined Weak Reference
    _rand_init                                - Undefined Weak Reference
    _signal_finish                            - Undefined Weak Reference
    _signal_init                              - Undefined Weak Reference
    _terminate_alloc                          - Undefined Weak Reference
    _terminate_user_alloc                     - Undefined Weak Reference
    _terminateio                              - Undefined Weak Reference
    Reset_Handler                            0x0000026d   Thumb Code     0  startup.o(RESET)
    NMI_Handler                              0x00000271   Thumb Code     2  startup.o(RESET)
    HardFault_Handler                        0x00000273   Thumb Code     2  startup.o(RESET)
    MemManage_Handler                        0x00000275   Thumb Code     2  startup.o(RESET)
    BusFault_Handler                         0x00000277   Thumb Code     2  startup.o(RESET)
    UsageFault_Handler                       0x00000279   Thumb Code     2  startup.o(RESET)
    SVC_Handler                              0x0000027b   Thumb Code     2  startup.o(RESET)
    DebugMon_Handler                         0x0000027d   Thumb Code     2  startup.o(RESET)
    PendSV_Handler                           0x0000027f   Thumb Code     2  startup.o(RESET)
    ADC0Seq0_Handler                         0x00000283   Thumb Code     0  startup.o(RESET)
    ADC0Seq1_Handler                         0x00000283   Thumb Code     0  startup.o(RESET)
    ADC0Seq2_Handler                         0x00000283   Thumb Code     0  startup.o(RESET)
    ADC0Seq3_Handler                         0x00000283   Thumb Code     0  startup.o(RESET)
    ADC1Seq0_Handler                         0x00000283   Thumb Code     0  startup.o(RESET)
    ADC1Seq1_Handler                         0x00000283   Thumb Code     0  startup.o(RESET)
    ADC1Seq2_Handler                         0x00000283   Thumb Code     0  startup.o(RESET)
    ADC1Seq3_Handler                         0x00000283   Thumb Code     0  startup.o(RESET)
    CAN0_Handler                             0x00000283   Thumb Code     0  startup.o(RESET)
    CAN1_Handler                             0x00000283   Thumb Code     0  startup.o(RESET)
    CAN2_Handler                             0x00000283   Thumb Code     0  startup.o(RESET)
    Comp0_Handler                            0x00000283   Thumb Code     0  startup.o(RESET)
    Comp1_Handler                            0x00000283   Thumb Code     0  startup.o(RESET)
    Comp2_Handler                            0x00000283   Thumb Code     0  startup.o(RESET)
    Ethernet_Handler                         0x00000283   Thumb Code     0  startup.o(RESET)
    ExtBus_Handler                           0x00000283   Thumb Code     0  startup.o(RESET)
    FPU_Handler                              0x00000283   Thumb Code     0  startup.o(RESET)
    Fan0_Handler                             0x00000283   Thumb Code     0  startup.o(RESET)
    FlashCtl_Handler                         0x00000283   Thumb Code     0  startup.o(RESET)
    GPIOPortA_Handler                        0x00000283   Thumb Code     0  startup.o(RESET)
    GPIOPortB_Handler                        0x00000283   Thumb Code     0  startup.o(RESET)
    GPIOPortC_Handler                        0x00000283   Thumb Code     0  startup.o(RESET)
    GPIOPortD_Handler                        0x00000283   Thumb Code     0  startup.o(RESET)
    GPIOPortE_Handler                        0x00000283   Thumb Code     0  startup.o(RESET)
    GPIOPortF_Handler                        0x00000283   Thumb Code     0  startup.o(RESET)
    GPIOPortG_Handler                        0x00000283   Thumb Code     0  startup.o(RESET)
    GPIOPortH_Handler                        0x00000283   Thumb Code     0  startup.o(RESET)
    GPIOPortJ_Handler                        0x00000283   Thumb Code     0  startup.o(RESET)
    GPIOPortK_Handler                        0x00000283   Thumb Code     0  startup.o(RESET)
    GPIOPortL_Handler                        0x00000283   Thumb Code     0  startup.o(RESET)
    GPIOPortM_Handler                        0x00000283   Thumb Code     0  startup.o(RESET)
    GPIOPortN_Handler                        0x00000283   Thumb Code     0  startup.o(RESET)
    GPIOPortP1_Handler                       0x00000283   Thumb Code     0  startup.o(RESET)
    GPIOPortP2_Handler                       0x00000283   Thumb Code     0  startup.o(RESET)
    GPIOPortP3_Handler                       0x00000283   Thumb Code     0  startup.o(RESET)
    GPIOPortP4_Handler                       0x00000283   Thumb Code     0  startup.o(RESET)
    GPIOPortP5_Handler                       0x00000283   Thumb Code     0  startup.o(RESET)
    GPIOPortP6_Handler                       0x00000283   Thumb Code     0  startup.o(RESET)
    GPIOPortP7_Handler                       0x00000283   Thumb Code     0  startup.o(RESET)
    GPIOPortP_Handler                        0x00000283   Thumb Code     0  startup.o(RESET)
    GPIOPortQ1_Handler                       0x00000283   Thumb Code     0  startup.o(RESET)
    GPIOPortQ2_Handler                       0x00000283   Thumb Code     0  startup.o(RESET)
    GPIOPortQ3_Handler                       0x00000283   Thumb Code     0  startup.o(RESET)
    GPIOPortQ4_Handler                       0x00000283   Thumb Code     0  startup.o(RESET)
    GPIOPortQ5_Handler                       0x00000283   Thumb Code     0  startup.o(RESET)
    GPIOPortQ6_Handler                       0x00000283   Thumb Code     0  startup.o(RESET)
    GPIOPortQ7_Handler                       0x00000283   Thumb Code     0  startup.o(RESET)
    GPIOPortQ_Handler                        0x00000283   Thumb Code     0  startup.o(RESET)
    GPIOPortR_Handler                        0x00000283   Thumb Code     0  startup.o(RESET)
    GPIOPortS_Handler                        0x00000283   Thumb Code     0  startup.o(RESET)
    Hibernate_Handler                        0x00000283   Thumb Code     0  startup.o(RESET)
    I2C0_Handler                             0x00000283   Thumb Code     0  startup.o(RESET)
    I2C1_Handler                             0x00000283   Thumb Code     0  startup.o(RESET)
    I2C2_Handler                             0x00000283   Thumb Code     0  startup.o(RESET)
    I2C3_Handler                             0x00000283   Thumb Code     0  startup.o(RESET)
    I2C4_Handler                             0x00000283   Thumb Code     0  startup.o(RESET)
    I2C5_Handler                             0x00000283   Thumb Code     0  startup.o(RESET)
    I2S0_Handler                             0x00000283   Thumb Code     0  startup.o(RESET)
    LPC0_Handler                             0x00000283   Thumb Code     0  startup.o(RESET)
    PECI0_Handler                            0x00000283   Thumb Code     0  startup.o(RESET)
    PWM0Fault_Handler                        0x00000283   Thumb Code     0  startup.o(RESET)
    PWM0Generator0_Handler                   0x00000283   Thumb Code     0  startup.o(RESET)
    PWM0Generator1_Handler                   0x00000283   Thumb Code     0  startup.o(RESET)
    PWM0Generator2_Handler                   0x00000283   Thumb Code     0  startup.o(RESET)
    PWM0Generator3_Handler                   0x00000283   Thumb Code     0  startup.o(RESET)
    PWM1Fault_Handler                        0x00000283   Thumb Code     0  startup.o(RESET)
    PWM1Generator0_Handler                   0x00000283   Thumb Code     0  startup.o(RESET)
    PWM1Generator1_Handler                   0x00000283   Thumb Code     0  startup.o(RESET)
    PWM1Generator2_Handler                   0x00000283   Thumb Code     0  startup.o(RESET)
    PWM1Generator3_Handler                   0x00000283   Thumb Code     0  startup.o(RESET)
    Quadrature0_Handler                      0x00000283   Thumb Code     0  startup.o(RESET)
    Quadrature1_Handler                      0x00000283   Thumb Code     0  startup.o(RESET)
    Quadrature2_Handler                      0x00000283   Thumb Code     0  startup.o(RESET)
    SSI0_Handler                             0x00000283   Thumb Code     0  startup.o(RESET)
    SSI1_Handler                             0x00000283   Thumb Code     0  startup.o(RESET)
    SSI2_Handler                             0x00000283   Thumb Code     0  startup.o(RESET)
    SSI3_Handler                             0x00000283   Thumb Code     0  startup.o(RESET)
    SysCtl_Handler                           0x00000283   Thumb Code     0  startup.o(RESET)
    Timer0B_Handler                          0x00000283   Thumb Code     0  startup.o(RESET)
    Timer1B_Handler                          0x00000283   Thumb Code     0  startup.o(RESET)
    Timer2A_Handler                          0x00000283   Thumb Code     0  startup.o(RESET)
    Timer2B_Handler                          0x00000283   Thumb Code     0  startup.o(RESET)
    Timer3A_Handler                          0x00000283   Thumb Code     0  startup.o(RESET)
    Timer3B_Handler                          0x00000283   Thumb Code     0  startup.o(RESET)
    Timer4A_Handler                          0x00000283   Thumb Code     0  startup.o(RESET)
    Timer4B_Handler                          0x00000283   Thumb Code     0  startup.o(RESET)
    Timer5A_Handler                          0x00000283   Thumb Code     0  startup.o(RESET)
    Timer5B_Handler                          0x00000283   Thumb Code     0  startup.o(RESET)
    UART0_Handler                            0x00000283   Thumb Code     0  startup.o(RESET)
    UART1_Handler                            0x00000283   Thumb Code     0  startup.o(RESET)
    UART2_Handler                            0x00000283   Thumb Code     0  startup.o(RESET)
    UART3_Handler                            0x00000283   Thumb Code     0  startup.o(RESET)
    UART4_Handler                            0x00000283   Thumb Code     0  startup.o(RESET)
    UART5_Handler                            0x00000283   Thumb Code     0  startup.o(RESET)
    UART6_Handler                            0x00000283   Thumb Code     0  startup.o(RESET)
    UART7_Handler                            0x00000283   Thumb Code     0  startup.o(RESET)
    USB0_Handler                             0x00000283   Thumb Code     0  startup.o(RESET)
    WDT_Handler                              0x00000283   Thumb Code     0  startup.o(RESET)
    WideTimer0A_Handler                      0x00000283   Thumb Code     0  startup.o(RESET)
    WideTimer0B_Handler                      0x00000283   Thumb Code     0  startup.o(RESET)
    WideTimer1A_Handler                      0x00000283   Thumb Code     0  startup.o(RESET)
    WideTimer1B_Handler                      0x00000283   Thumb Code     0  startup.o(RESET)
    WideTimer2A_Handler                      0x00000283   Thumb Code     0  startup.o(RESET)
    WideTimer2B_Handler                      0x00000283   Thumb Code     0  startup.o(RESET)
    WideTimer3A_Handler                      0x00000283   Thumb Code     0  startup.o(RESET)
    WideTimer3B_Handler                      0x00000283   Thumb Code     0  startup.o(RESET)
    WideTimer4A_Handler                      0x00000283   Thumb Code     0  startup.o(RESET)
    WideTimer4B_Handler                      0x00000283   Thumb Code     0  startup.o(RESET)
    WideTimer5A_Handler                      0x00000283   Thumb Code     0  startup.o(RESET)
    WideTimer5B_Handler                      0x00000283   Thumb Code     0  startup.o(RESET)
    uDMA_Error                               0x00000283   Thumb Code     0  startup.o(RESET)
    uDMA_Handler                             0x00000283   Thumb Code     0  startup.o(RESET)
    __main                                   0x00000285   Thumb Code     8  __main.o(!!!main)
    __scatterload                            0x0000028d   Thumb Code     0  __scatter.o(!!!scatter)
    __scatterload_rt2                        0x0000028d   Thumb Code    44  __scatter.o(!!!scatter)
    __scatterload_rt2_thumb_only             0x0000028d   Thumb Code     0  __scatter.o(!!!scatter)
    __scatterload_null                       0x0000029b   Thumb Code     0  __scatter.o(!!!scatter)
    __decompress                             0x000002c1   Thumb Code   100  __dclz77c.o(!!dclz77c)
    __decompress2                            0x000002c1   Thumb Code     0  __dclz77c.o(!!dclz77c)
    __scatterload_zeroinit                   0x00000325   Thumb Code    28  __scatter_zi.o(!!handler_zi)
    __rt_lib_init                            0x00000341   Thumb Code     0  libinit.o(.ARM.Collect$$libinit$$00000000)
    __rt_lib_init_alloca_1                   0x00000343   Thumb Code     0  libinit2.o(.ARM.Collect$$libinit$$0000002E)
    __rt_lib_init_argv_1                     0x00000343   Thumb Code     0  libinit2.o(.ARM.Collect$$libinit$$0000002C)
    __rt_lib_init_atexit_1                   0x00000343   Thumb Code     0  libinit2.o(.ARM.Collect$$libinit$$0000001B)
    __rt_lib_init_clock_1                    0x00000343   Thumb Code     0  libinit2.o(.ARM.Collect$$libinit$$00000021)
    __rt_lib_init_cpp_1                      0x00000343   Thumb Code     0  libinit2.o(.ARM.Collect$$libinit$$00000032)
    __rt_lib_init_exceptions_1               0x00000343   Thumb Code     0  libinit2.o(.ARM.Collect$$libinit$$00000030)
    __rt_lib_init_fp_1                       0x00000343   Thumb Code     0  libinit2.o(.ARM.Collect$$libinit$$00000002)
    __rt_lib_init_fp_trap_1                  0x00000343   Thumb Code     0  libinit2.o(.ARM.Collect$$libinit$$0000001F)
    __rt_lib_init_getenv_1                   0x00000343   Thumb Code     0  libinit2.o(.ARM.Collect$$libinit$$00000023)
    __rt_lib_init_heap_1                     0x00000343   Thumb Code     0  libinit2.o(.ARM.Collect$$libinit$$0000000A)
    __rt_lib_init_lc_collate_1               0x00000343   Thumb Code     0  libinit2.o(.ARM.Collect$$libinit$$00000011)
    __rt_lib_init_lc_ctype_1                 0x00000343   Thumb Code     0  libinit2.o(.ARM.Collect$$libinit$$00000013)
    __rt_lib_init_lc_monetary_1              0x00000343   Thumb Code     0  libinit2.o(.ARM.Collect$$libinit$$00000015)
    __rt_lib_init_lc_numeric_1               0x00000343   Thumb Code     0  libinit2.o(.ARM.Collect$$libinit$$00000017)
    __rt_lib_init_lc_time_1                  0x00000343   Thumb Code     0  libinit2.o(.ARM.Collect$$libinit$$00000019)
    __rt_lib_init_preinit_1                  0x00000343   Thumb Code     0  libinit2.o(.ARM.Collect$$libinit$$00000004)
    __rt_lib_init_rand_1                     0x00000343   Thumb Code     0  libinit2.o(.ARM.Collect$$libinit$$0000000E)
    __rt_lib_init_return                     0x00000343   Thumb Code     0  libinit2.o(.ARM.Collect$$libinit$$00000033)
    __rt_lib_init_signal_1                   0x00000343   Thumb Code     0  libinit2.o(.ARM.Collect$$libinit$$0000001D)
    __rt_lib_init_stdio_1                    0x00000343   Thumb Code     0  libinit2.o(.ARM.Collect$$libinit$$00000025)
    __rt_lib_init_user_alloc_1               0x00000343   Thumb Code     0  libinit2.o(.ARM.Collect$$libinit$$0000000C)
    __rt_lib_shutdown                        0x00000345   Thumb Code     0  libshutdown.o(.ARM.Collect$$libshutdown$$00000000)
    __rt_lib_shutdown_cpp_1                  0x00000347   Thumb Code     0  libshutdown2.o(.ARM.Collect$$libshutdown$$00000002)
    __rt_lib_shutdown_fp_trap_1              0x00000347   Thumb Code     0  libshutdown2.o(.ARM.Collect$$libshutdown$$00000007)
    __rt_lib_shutdown_heap_1                 0x00000347   Thumb Code     0  libshutdown2.o(.ARM.Collect$$libshutdown$$0000000F)
    __rt_lib_shutdown_return                 0x00000347   Thumb Code     0  libshutdown2.o(.ARM.Collect$$libshutdown$$00000010)
    __rt_lib_shutdown_signal_1               0x00000347   Thumb Code     0  libshutdown2.o(.ARM.Collect$$libshutdown$$0000000A)
    __rt_lib_shutdown_stdio_1                0x00000347   Thumb Code     0  libshutdown2.o(.ARM.Collect$$libshutdown$$00000004)
    __rt_lib_shutdown_user_alloc_1           0x00000347   Thumb Code     0  libshutdown2.o(.ARM.Collect$$libshutdown$$0000000C)
    __rt_entry                               0x00000349   Thumb Code     0  __rtentry.o(.ARM.Collect$$rtentry$$00000000)
    __rt_entry_presh_1                       0x00000349   Thumb Code     0  __rtentry2.o(.ARM.Collect$$rtentry$$00000002)
    __rt_entry_sh                            0x00000349   Thumb Code     0  __rtentry4.o(.ARM.Collect$$rtentry$$00000004)
    __rt_entry_li                            0x0000034f   Thumb Code     0  __rtentry2.o(.ARM.Collect$$rtentry$$0000000A)
    __rt_entry_postsh_1                      0x0000034f   Thumb Code     0  __rtentry2.o(.ARM.Collect$$rtentry$$00000009)
    __rt_entry_main                          0x00000353   Thumb Code     0  __rtentry2.o(.ARM.Collect$$rtentry$$0000000D)
    __rt_entry_postli_1                      0x00000353   Thumb Code     0  __rtentry2.o(.ARM.Collect$$rtentry$$0000000C)
    __rt_exit                                0x0000035b   Thumb Code     0  rtexit.o(.ARM.Collect$$rtexit$$00000000)
    __rt_exit_ls                             0x0000035d   Thumb Code     0  rtexit2.o(.ARM.Collect$$rtexit$$00000003)
    __rt_exit_prels_1                        0x0000035d   Thumb Code     0  rtexit2.o(.ARM.Collect$$rtexit$$00000002)
    __rt_exit_exit                           0x00000361   Thumb Code     0  rtexit2.o(.ARM.Collect$$rtexit$$00000004)
    DisableInterrupts                        0x00000369   Thumb Code     0  startup.o(.text)
    EnableInterrupts                         0x0000036d   Thumb Code     0  startup.o(.text)
    StartCritical                            0x00000371   Thumb Code     0  startup.o(.text)
    EndCritical                              0x00000379   Thumb Code     0  startup.o(.text)
    WaitForInterrupt                         0x0000037f   Thumb Code     0  startup.o(.text)
    __user_initial_stackheap                 0x00000383   Thumb Code     0  startup.o(.text)
    Random_Init                              0x00000399   Thumb Code     0  random.o(.text)
    Random32                                 0x0000039f   Thumb Code     2  random.o(.text)
    Random                                   0x000003b1   Thumb Code     2  random.o(.text)
    writecommand                             0x000003d5   Thumb Code     0  lcd.o(.text)
    writedata                                0x000003f7   Thumb Code     0  lcd.o(.text)
    __aeabi_memcpy4                          0x0000041d   Thumb Code     0  rt_memcpy_w.o(.text)
    __aeabi_memcpy8                          0x0000041d   Thumb Code     0  rt_memcpy_w.o(.text)
    __rt_memcpy_w                            0x0000041d   Thumb Code   100  rt_memcpy_w.o(.text)
    _memcpy_lastbytes_aligned                0x00000465   Thumb Code     0  rt_memcpy_w.o(.text)
    __aeabi_memclr4                          0x00000481   Thumb Code     0  rt_memclr_w.o(.text)
    __aeabi_memclr8                          0x00000481   Thumb Code     0  rt_memclr_w.o(.text)
    __rt_memclr_w                            0x00000481   Thumb Code    78  rt_memclr_w.o(.text)
    _memset_w                                0x00000485   Thumb Code     0  rt_memclr_w.o(.text)
    __use_two_region_memory                  0x000004cf   Thumb Code     2  heapauxi.o(.text)
    __rt_heap_escrow$2region                 0x000004d1   Thumb Code     2  heapauxi.o(.text)
    __rt_heap_expand$2region                 0x000004d3   Thumb Code     2  heapauxi.o(.text)
    __user_setup_stackheap                   0x000004d5   Thumb Code    74  sys_stackheap_outer.o(.text)
    exit                                     0x0000051f   Thumb Code    18  exit.o(.text)
    __user_libspace                          0x00000531   Thumb Code     8  libspace.o(.text)
    __user_perproc_libspace                  0x00000531   Thumb Code     0  libspace.o(.text)
    __user_perthread_libspace                0x00000531   Thumb Code     0  libspace.o(.text)
    _sys_exit                                0x00000539   Thumb Code     8  sys_exit.o(.text)
    __I$use$semihosting                      0x00000545   Thumb Code     0  use_no_semi.o(.text)
    __use_no_semihosting_swi                 0x00000545   Thumb Code     2  use_no_semi.o(.text)
    __semihosting_library_function           0x00000547   Thumb Code     0  indicate_semi.o(.text)
    ADC_In89                                 0x00000549   Thumb Code    52  adc_joystick.o(i.ADC_In89)
    ADC_Init89                               0x00000581   Thumb Code   266  adc_joystick.o(i.ADC_Init89)
    BumpedIntoWorldPokemon                   0x000006a5   Thumb Code    56  field.o(i.BumpedIntoWorldPokemon)
    ClearScreenGrid                          0x000006e9   Thumb Code    22  field.o(i.ClearScreenGrid)
    DAC_Init                                 0x00000709   Thumb Code    54  dac.o(i.DAC_Init)
    DAC_Out                                  0x00000751   Thumb Code     6  dac.o(i.DAC_Out)
    Delay1ms                                 0x0000075d   Thumb Code    32  st7735.o(i.Delay1ms)
    DrawAllSprites                           0x0000077d   Thumb Code    36  draw.o(i.DrawAllSprites)
    DrawBattleInventory                      0x000007a1   Thumb Code   858  drawscreen.o(i.DrawBattleInventory)
    DrawBattleScreen                         0x00000c31   Thumb Code  1314  drawscreen.o(i.DrawBattleScreen)
    DrawBorder                               0x0000119d   Thumb Code   124  draw.o(i.DrawBorder)
    DrawField                                0x00001219   Thumb Code   600  field.o(i.DrawField)
    DrawGridSprite                           0x000014b5   Thumb Code    52  draw.o(i.DrawGridSprite)
    DrawHPBars                               0x000014e9   Thumb Code   120  drawscreen.o(i.DrawHPBars)
    DrawLanguageSelection                    0x00001561   Thumb Code    64  drawscreen.o(i.DrawLanguageSelection)
    DrawMoveCommands                         0x000015bd   Thumb Code  1810  drawscreen.o(i.DrawMoveCommands)
    DrawPokemonInventory                     0x00001cf9   Thumb Code   414  drawscreen.o(i.DrawPokemonInventory)
    DrawSelection                            0x00001ed1   Thumb Code    82  draw.o(i.DrawSelection)
    DrawShopScreen                           0x00001f25   Thumb Code   708  shop.o(i.DrawShopScreen)
    DrawSimpleMenu                           0x000022ed   Thumb Code   210  drawscreen.o(i.DrawSimpleMenu)
    DrawSpriteImg                            0x000023d9   Thumb Code    30  draw.o(i.DrawSpriteImg)
    DrawSpriteSelection                      0x000023f7   Thumb Code    52  draw.o(i.DrawSpriteSelection)
    DrawStatusScreen                         0x0000242d   Thumb Code   284  drawscreen.o(i.DrawStatusScreen)
    DrawSwapPokemon                          0x00002585   Thumb Code   302  drawscreen.o(i.DrawSwapPokemon)
    DrawTitleScreen                          0x000026ed   Thumb Code   356  drawscreen.o(i.DrawTitleScreen)
    DrawWorld                                0x000028ed   Thumb Code   362  drawscreen.o(i.DrawWorld)
    GenerateRandomPokemon                    0x00002a99   Thumb Code   176  drawscreen.o(i.GenerateRandomPokemon)
    GenerateRandomPokemonInit                0x00002b59   Thumb Code   188  drawscreen.o(i.GenerateRandomPokemonInit)
    GetFieldGrid                             0x00002c25   Thumb Code    16  field.o(i.GetFieldGrid)
    GetGridX                                 0x00002c39   Thumb Code    18  draw.o(i.GetGridX)
    GetGridY                                 0x00002c55   Thumb Code    18  draw.o(i.GetGridY)
    GetObjGrid                               0x00002c71   Thumb Code    16  field.o(i.GetObjGrid)
    IncSeed                                  0x00002c85   Thumb Code    40  drawscreen.o(i.IncSeed)
    InitBackgroundTypes                      0x00002cb9   Thumb Code   242  field.o(i.InitBackgroundTypes)
    InitInventory                            0x00002db9   Thumb Code    96  player.o(i.InitInventory)
    InitMoves                                0x00002e29   Thumb Code   664  battle.o(i.InitMoves)
    InitPlayer                               0x000030f1   Thumb Code   140  player.o(i.InitPlayer)
    InitPokemon                              0x00003185   Thumb Code   858  drawscreen.o(i.InitPokemon)
    InitShop                                 0x00003545   Thumb Code   356  shop.o(i.InitShop)
    InitTeam                                 0x000036b5   Thumb Code    14  player.o(i.InitTeam)
    IsGridObject                             0x000036c9   Thumb Code    38  field.o(i.IsGridObject)
    IsPokemonWalkable                        0x000036fd   Thumb Code    78  field.o(i.IsPokemonWalkable)
    IsWalkable                               0x00003755   Thumb Code    50  field.o(i.IsWalkable)
    IsWorldPokemon                           0x00003789   Thumb Code    52  field.o(i.IsWorldPokemon)
    MoveDown                                 0x000037c5   Thumb Code    92  player.o(i.MoveDown)
    MoveLeft                                 0x00003829   Thumb Code    96  player.o(i.MoveLeft)
    MoveRight                                0x00003891   Thumb Code    96  player.o(i.MoveRight)
    MoveUp                                   0x000038f9   Thumb Code    92  player.o(i.MoveUp)
    MoveWorldPokemon                         0x0000395d   Thumb Code   286  drawscreen.o(i.MoveWorldPokemon)
    Output_Init                              0x00003a85   Thumb Code    16  st7735.o(i.Output_Init)
    PLL_Init                                 0x00003a95   Thumb Code   120  pll.o(i.PLL_Init)
    PokemonAllDead                           0x00003b11   Thumb Code    34  drawscreen.o(i.PokemonAllDead)
    PokemonLocationTaken                     0x00003b39   Thumb Code    48  drawscreen.o(i.PokemonLocationTaken)
    PrintWinLoseScreen                       0x00003b6d   Thumb Code    60  spaceinvaders.o(i.PrintWinLoseScreen)
    RestoreDeadPokemon                       0x00003c6d   Thumb Code    38  drawscreen.o(i.RestoreDeadPokemon)
    ST7735_DrawBitmap                        0x00003c99   Thumb Code   280  st7735.o(i.ST7735_DrawBitmap)
    ST7735_DrawCharS                         0x00003db9   Thumb Code   236  st7735.o(i.ST7735_DrawCharS)
    ST7735_DrawPixel                         0x00003eb1   Thumb Code    64  st7735.o(i.ST7735_DrawPixel)
    ST7735_DrawString                        0x00003ef9   Thumb Code    86  st7735.o(i.ST7735_DrawString)
    ST7735_FillRect                          0x00003f51   Thumb Code   164  st7735.o(i.ST7735_FillRect)
    ST7735_FillScreen                        0x00003ffd   Thumb Code    28  st7735.o(i.ST7735_FillScreen)
    ST7735_InitR                             0x00004021   Thumb Code    90  st7735.o(i.ST7735_InitR)
    ST7735_OutChar                           0x0000409d   Thumb Code   174  st7735.o(i.ST7735_OutChar)
    ST7735_OutString                         0x00004171   Thumb Code    24  st7735.o(i.ST7735_OutString)
    ST7735_SetCursor                         0x00004189   Thumb Code    22  st7735.o(i.ST7735_SetCursor)
    ST7735_SetTextColor                      0x000041a9   Thumb Code     6  st7735.o(i.ST7735_SetTextColor)
    Sound_Alarm                              0x000041b5   Thumb Code    14  sound.o(i.Sound_Alarm)
    Sound_Buzz                               0x000041c9   Thumb Code    14  sound.o(i.Sound_Buzz)
    Sound_Init                               0x000041dd   Thumb Code    30  sound.o(i.Sound_Init)
    Sound_Play                               0x00004209   Thumb Code    18  sound.o(i.Sound_Play)
    Sound_Task                               0x00004229   Thumb Code    54  sound.o(i.Sound_Task)
    StartTeam                                0x00004271   Thumb Code   250  player.o(i.StartTeam)
    SysTick_Handler                          0x0000437d   Thumb Code    16  adc_joystick.o(i.SysTick_Handler)
    SysTick_Init                             0x00004395   Thumb Code    22  adc_joystick.o(i.SysTick_Init)
    Timer0A_Handler                          0x000043b1   Thumb Code    16  timer0.o(i.Timer0A_Handler)
    Timer0_Init                              0x000043c9   Thumb Code    74  timer0.o(i.Timer0_Init)
    Timer1A_Handler                          0x00004429   Thumb Code    16  timer1.o(i.Timer1A_Handler)
    Timer1_Init                              0x00004441   Thumb Code    74  timer1.o(i.Timer1_Init)
    addPokemon                               0x000044a1   Thumb Code    80  player.o(i.addPokemon)
    getJoystickX                             0x000046d5   Thumb Code    34  adc_joystick.o(i.getJoystickX)
    getJoystickY                             0x000046fd   Thumb Code    34  adc_joystick.o(i.getJoystickY)
    isPE2Pressed                             0x00004725   Thumb Code    40  adc_joystick.o(i.isPE2Pressed)
    isPE3Pressed                             0x00004755   Thumb Code    40  adc_joystick.o(i.isPE3Pressed)
    main                                     0x00004785   Thumb Code   160  spaceinvaders.o(i.main)
    moveShakeBack                            0x0000482d   Thumb Code   106  drawscreen.o(i.moveShakeBack)
    moveShakeLeft                            0x000048a9   Thumb Code    64  drawscreen.o(i.moveShakeLeft)
    moveShakeRight                           0x000048f9   Thumb Code    62  drawscreen.o(i.moveShakeRight)
    dBfs                                     0x00004fb2   Data         512  st7735.o(.constdata)
    highpitch                                0x000051b2   Data        1802  sound.o(.constdata)
    alarm                                    0x000058bc   Data        9041  sound.o(.constdata)
    buzz                                     0x00007c0d   Data        8279  sound.o(.constdata)
    laser                                    0x00009c64   Data        2927  sound.o(.constdata)
    rumble                                   0x0000a7d3   Data       13747  sound.o(.constdata)
    stomp                                    0x0000dd86   Data       10015  sound.o(.constdata)
    GRID_LENGTH                              0x000104a6   Data           1  systeminfo.o(.constdata)
    GAME_BORDER_W                            0x000104a7   Data           1  systeminfo.o(.constdata)
    GAME_BORDER_COLOR                        0x000104a8   Data           2  systeminfo.o(.constdata)
    SCREEN_COLUMNS                           0x000104aa   Data           2  systeminfo.o(.constdata)
    SCREEN_ROWS                              0x000104ac   Data           2  systeminfo.o(.constdata)
    SCREEN_MID_COL                           0x000104ae   Data           1  systeminfo.o(.constdata)
    SCREEN_MID_ROW                           0x000104af   Data           1  systeminfo.o(.constdata)
    CAT_PHYSICAL                             0x000104b0   Data           1  battle.o(.constdata)
    CAT_SPECIAL                              0x000104b1   Data           1  battle.o(.constdata)
    N                                        0x00010968   Data           1  field.o(.constdata)
    G                                        0x00010969   Data           1  field.o(.constdata)
    W                                        0x0001096a   Data           1  field.o(.constdata)
    E                                        0x0001096b   Data           1  field.o(.constdata)
    R                                        0x0001096c   Data           1  field.o(.constdata)
    T                                        0x0001096d   Data           1  field.o(.constdata)
    S                                        0x0001096e   Data           1  field.o(.constdata)
    SS                                       0x0001096f   Data           1  field.o(.constdata)
    ST                                       0x00010970   Data           1  field.o(.constdata)
    SO                                       0x00010971   Data           1  field.o(.constdata)
    SR                                       0x00010972   Data           1  field.o(.constdata)
    SE                                       0x00010973   Data           1  field.o(.constdata)
    SA                                       0x00010974   Data           1  field.o(.constdata)
    FIELD_WIDTH                              0x00010975   Data           1  field.o(.constdata)
    FIELD_HEIGHT                             0x00010976   Data           1  field.o(.constdata)
    Normal                                   0x000109f0   Data           1  pokemontype.o(.constdata)
    Fire                                     0x000109f1   Data           1  pokemontype.o(.constdata)
    Water                                    0x000109f2   Data           1  pokemontype.o(.constdata)
    Electric                                 0x000109f3   Data           1  pokemontype.o(.constdata)
    Grass                                    0x000109f4   Data           1  pokemontype.o(.constdata)
    Ice                                      0x000109f5   Data           1  pokemontype.o(.constdata)
    Fighting                                 0x000109f6   Data           1  pokemontype.o(.constdata)
    Poison                                   0x000109f7   Data           1  pokemontype.o(.constdata)
    Ground                                   0x000109f8   Data           1  pokemontype.o(.constdata)
    Flying                                   0x000109f9   Data           1  pokemontype.o(.constdata)
    Psychic                                  0x000109fa   Data           1  pokemontype.o(.constdata)
    Bug                                      0x000109fb   Data           1  pokemontype.o(.constdata)
    Rock                                     0x000109fc   Data           1  pokemontype.o(.constdata)
    Ghost                                    0x000109fd   Data           1  pokemontype.o(.constdata)
    Dragon                                   0x000109fe   Data           1  pokemontype.o(.constdata)
    Dark                                     0x000109ff   Data           1  pokemontype.o(.constdata)
    Steel                                    0x00010a00   Data           1  pokemontype.o(.constdata)
    Fairy                                    0x00010a01   Data           1  pokemontype.o(.constdata)
    A                                        0x00010a02   Data           1  pokemontype.o(.constdata)
    B                                        0x00010a03   Data           1  pokemontype.o(.constdata)
    C                                        0x00010a04   Data           1  pokemontype.o(.constdata)
    D                                        0x00010a05   Data           1  pokemontype.o(.constdata)
    playerFront                              0x00010b50   Data         512  imagesother.o(.constdata)
    shopnpc                                  0x00010d50   Data         512  imagesother.o(.constdata)
    playerBack                               0x00010f50   Data         512  imagesother.o(.constdata)
    playerSide                               0x00011150   Data         512  imagesother.o(.constdata)
    playerSwimBack                           0x00011350   Data         512  imagesother.o(.constdata)
    playerSwimFront                          0x00011550   Data         512  imagesother.o(.constdata)
    playerSwimSide                           0x00011750   Data         512  imagesother.o(.constdata)
    torchic                                  0x00011950   Data         512  imagesother.o(.constdata)
    pokeball                                 0x00011b50   Data        3200  imagesother.o(.constdata)
    healthPotion                             0x000127d0   Data        3200  imagesother.o(.constdata)
    boba                                     0x00013450   Data        3200  imagesother.o(.constdata)
    grass                                    0x000140d0   Data         512  imagesother.o(.constdata)
    water                                    0x000142d0   Data         512  imagesother.o(.constdata)
    ground                                   0x000144d0   Data         512  imagesother.o(.constdata)
    rock                                     0x000146d0   Data         512  imagesother.o(.constdata)
    bush                                     0x000148d0   Data         512  imagesother.o(.constdata)
    storeS                                   0x00014ad0   Data         512  imagesother.o(.constdata)
    storeT                                   0x00014cd0   Data         512  imagesother.o(.constdata)
    storeO                                   0x00014ed0   Data         512  imagesother.o(.constdata)
    storeR                                   0x000150d0   Data         512  imagesother.o(.constdata)
    storeE                                   0x000152d0   Data         512  imagesother.o(.constdata)
    storeArrow                               0x000154d0   Data         512  imagesother.o(.constdata)
    fight                                    0x000156d0   Data        1024  textsprites.o(.constdata)
    pokemon                                  0x00015ad0   Data        1024  textsprites.o(.constdata)
    item                                     0x00015ed0   Data        1024  textsprites.o(.constdata)
    run                                      0x000162d0   Data        1024  textsprites.o(.constdata)
    lucha                                    0x000166d0   Data        1024  textsprites.o(.constdata)
    correr                                   0x00016ad0   Data        1024  textsprites.o(.constdata)
    bulbWorldFront                           0x00016ed0   Data         512  imagespokemon2.o(.constdata)
    bulbasaur                                0x000170d0   Data        3200  imagespokemon2.o(.constdata)
    charmander                               0x00017d50   Data        3200  imagespokemon2.o(.constdata)
    squirtle                                 0x000189d0   Data        3200  imagespokemon2.o(.constdata)
    pidgey                                   0x00019650   Data        3200  imagespokemon2.o(.constdata)
    pikachu                                  0x0001a2d0   Data        3200  imagespokemon2.o(.constdata)
    eevee                                    0x0001af50   Data        3200  imagespokemon2.o(.constdata)
    psyduck                                  0x0001bbd0   Data        3200  imagespokemon2.o(.constdata)
    vulpix                                   0x0001c850   Data        3200  imagespokemon2.o(.constdata)
    dratini                                  0x0001d4d0   Data        3200  imagespokemon2.o(.constdata)
    jigglypuff                               0x0001e150   Data        3200  imagespokemon2.o(.constdata)
    ponyta                                   0x0001edd0   Data        3200  imagespokemon2.o(.constdata)
    jigglypuffWorldFront                     0x0001fa50   Data         512  imagespokemonworld.o(.constdata)
    vulpixWorldFront                         0x0001fc50   Data         512  imagespokemonworld.o(.constdata)
    squirtleWorldFront                       0x0001fe50   Data         512  imagespokemonworld.o(.constdata)
    psyduckWorldFront                        0x00020050   Data         512  imagespokemonworld.o(.constdata)
    ponytaWorldFront                         0x00020250   Data         512  imagespokemonworld.o(.constdata)
    pikachuWorldFront                        0x00020450   Data         512  imagespokemonworld.o(.constdata)
    pidgeyWorldFront                         0x00020650   Data         512  imagespokemonworld.o(.constdata)
    eeveeWorldFront                          0x00020850   Data         512  imagespokemonworld.o(.constdata)
    dratiniWorldFront                        0x00020a50   Data         512  imagespokemonworld.o(.constdata)
    charmanderWorldFront                     0x00020c50   Data         512  imagespokemonworld.o(.constdata)
    bulbasaurWorldFront                      0x00020e50   Data         512  imagespokemonworld.o(.constdata)
    Region$$Table$$Base                      0x000213a8   Number         0  anon$$obj.o(Region$$Table)
    Region$$Table$$Limit                     0x000213c8   Number         0  anon$$obj.o(Region$$Table)
    StX                                      0x20000000   Data           4  st7735.o(.data)
    StY                                      0x20000004   Data           4  st7735.o(.data)
    StTextColor                              0x20000008   Data           2  st7735.o(.data)
    Messageindex                             0x20000010   Data           4  st7735.o(.data)
    Ymax                                     0x20000014   Data           4  st7735.o(.data)
    Ymin                                     0x20000018   Data           4  st7735.o(.data)
    X                                        0x2000001c   Data           4  st7735.o(.data)
    Yrange                                   0x20000020   Data           4  st7735.o(.data)
    lastj                                    0x20000024   Data           4  st7735.o(.data)
    PeriodicTask0                            0x20000028   Data           4  timer0.o(.data)
    PeriodicTask1                            0x2000002c   Data           4  timer1.o(.data)
    soundPt                                  0x20000030   Data           4  sound.o(.data)
    len                                      0x20000034   Data           4  sound.o(.data)
    soundStatus                              0x20000038   Data           4  sound.o(.data)
    ADCStatus                                0x2000003c   Data           1  spaceinvaders.o(.data)
    language                                 0x2000003d   Data           1  spaceinvaders.o(.data)
    _width                                   0x2000003e   Data           2  systeminfo.o(.data)
    _height                                  0x20000040   Data           2  systeminfo.o(.data)
    simpleMenuY                              0x20000044   Data           1  drawscreen.o(.data)
    simpleMenuColor                          0x20000046   Data           2  drawscreen.o(.data)
    numPokemon                               0x20000048   Data           4  drawscreen.o(.data)
    backReturn                               0x2000004c   Data           1  drawscreen.o(.data)
    seedTimer                                0x2000004d   Data           1  drawscreen.o(.data)
    randomSeed                               0x20000050   Data           4  drawscreen.o(.data)
    curX                                     0x20000054   Data           1  drawscreen.o(.data)
    timerOn                                  0x20000055   Data           1  drawscreen.o(.data)
    numWorldPokemon                          0x20000056   Data           1  field.o(.data)
    numWorldInstantiated                     0x20000057   Data           1  field.o(.data)
    fieldArray                               0x20000058   Data         900  field.o(.data)
    fieldObjArray                            0x200003dc   Data         900  field.o(.data)
    TypesArray                               0x20000760   Data         324  pokemontype.o(.data)
    joystickData                             0x200008a4   Data           8  adc_joystick.o(.data)
    PE3_Debounced                            0x200008ac   Data           1  adc_joystick.o(.data)
    PE2_Debounced                            0x200008ad   Data           1  adc_joystick.o(.data)
    NormalMoves                              0x200008b4   Data        1200  battle.o(.bss)
    SignatureMoves                           0x20000d64   Data        1200  battle.o(.bss)
    shopItems                                0x20001214   Data          96  drawscreen.o(.bss)
    itemInsts                                0x20001274   Data          36  drawscreen.o(.bss)
    BulbasaurT                               0x20001298   Data          52  drawscreen.o(.bss)
    SquirtleT                                0x200012cc   Data          52  drawscreen.o(.bss)
    CharmanderT                              0x20001300   Data          52  drawscreen.o(.bss)
    PidgeyT                                  0x20001334   Data          52  drawscreen.o(.bss)
    PikachuT                                 0x20001368   Data          52  drawscreen.o(.bss)
    PsyduckT                                 0x2000139c   Data          52  drawscreen.o(.bss)
    PonytaT                                  0x200013d0   Data          52  drawscreen.o(.bss)
    DratiniT                                 0x20001404   Data          52  drawscreen.o(.bss)
    EeveeT                                   0x20001438   Data          52  drawscreen.o(.bss)
    JigglypuffT                              0x2000146c   Data          52  drawscreen.o(.bss)
    VulpixT                                  0x200014a0   Data          52  drawscreen.o(.bss)
    allPokemon                               0x200014d4   Data         572  drawscreen.o(.bss)
    pokeShakeInst                            0x20001710   Data          12  drawscreen.o(.bss)
    WorldPokemons                            0x2000171c   Data        2560  field.o(.bss)
    background                               0x2000211c   Data          24  field.o(.bss)
    fieldObj                                 0x20002134   Data          88  field.o(.bss)
    screenGrid                               0x2000218c   Data          63  field.o(.bss)
    screenObj                                0x200021cb   Data          63  field.o(.bss)
    p1                                       0x2000220c   Data          76  player.o(.bss)
    playerInventory                          0x20002258   Data          96  player.o(.bss)
    pokeTeam                                 0x200022b8   Data         388  player.o(.bss)
    bobaItem                                 0x2000243c   Data          28  shop.o(.bss)
    potionItem                               0x20002458   Data          28  shop.o(.bss)
    pokeballItem                             0x20002474   Data          28  shop.o(.bss)
    __libspace_start                         0x20002490   Data          96  libspace.o(.bss)
    __temporary_stack_top$libspace           0x200024f0   Data           0  libspace.o(.bss)



==============================================================================

Memory Map of the image

  Image Entry point : 0x0000026d

  Load Region LR_1 (Base: 0x00000000, Size: 0x00021c7c, Max: 0xffffffff, ABSOLUTE, COMPRESSED[0x00021654])

    Execution Region ER_RO (Exec base: 0x00000000, Load base: 0x00000000, Size: 0x000213c8, Max: 0xffffffff, ABSOLUTE)

    Exec Addr    Load Addr    Size         Type   Attr      Idx    E Section Name        Object

    0x00000000   0x00000000   0x00000284   Code   RO            3  * RESET               startup.o
    0x00000284   0x00000284   0x00000008   Code   RO         1189  * !!!main             c_w.l(__main.o)
    0x0000028c   0x0000028c   0x00000034   Code   RO         1348    !!!scatter          c_w.l(__scatter.o)
    0x000002c0   0x000002c0   0x00000064   Code   RO         1346    !!dclz77c           c_w.l(__dclz77c.o)
    0x00000324   0x00000324   0x0000001c   Code   RO         1350    !!handler_zi        c_w.l(__scatter_zi.o)
    0x00000340   0x00000340   0x00000002   Code   RO         1216    .ARM.Collect$$libinit$$00000000  c_w.l(libinit.o)
    0x00000342   0x00000342   0x00000000   Code   RO         1223    .ARM.Collect$$libinit$$00000002  c_w.l(libinit2.o)
    0x00000342   0x00000342   0x00000000   Code   RO         1225    .ARM.Collect$$libinit$$00000004  c_w.l(libinit2.o)
    0x00000342   0x00000342   0x00000000   Code   RO         1228    .ARM.Collect$$libinit$$0000000A  c_w.l(libinit2.o)
    0x00000342   0x00000342   0x00000000   Code   RO         1230    .ARM.Collect$$libinit$$0000000C  c_w.l(libinit2.o)
    0x00000342   0x00000342   0x00000000   Code   RO         1232    .ARM.Collect$$libinit$$0000000E  c_w.l(libinit2.o)
    0x00000342   0x00000342   0x00000000   Code   RO         1235    .ARM.Collect$$libinit$$00000011  c_w.l(libinit2.o)
    0x00000342   0x00000342   0x00000000   Code   RO         1237    .ARM.Collect$$libinit$$00000013  c_w.l(libinit2.o)
    0x00000342   0x00000342   0x00000000   Code   RO         1239    .ARM.Collect$$libinit$$00000015  c_w.l(libinit2.o)
    0x00000342   0x00000342   0x00000000   Code   RO         1241    .ARM.Collect$$libinit$$00000017  c_w.l(libinit2.o)
    0x00000342   0x00000342   0x00000000   Code   RO         1243    .ARM.Collect$$libinit$$00000019  c_w.l(libinit2.o)
    0x00000342   0x00000342   0x00000000   Code   RO         1245    .ARM.Collect$$libinit$$0000001B  c_w.l(libinit2.o)
    0x00000342   0x00000342   0x00000000   Code   RO         1247    .ARM.Collect$$libinit$$0000001D  c_w.l(libinit2.o)
    0x00000342   0x00000342   0x00000000   Code   RO         1249    .ARM.Collect$$libinit$$0000001F  c_w.l(libinit2.o)
    0x00000342   0x00000342   0x00000000   Code   RO         1251    .ARM.Collect$$libinit$$00000021  c_w.l(libinit2.o)
    0x00000342   0x00000342   0x00000000   Code   RO         1253    .ARM.Collect$$libinit$$00000023  c_w.l(libinit2.o)
    0x00000342   0x00000342   0x00000000   Code   RO         1255    .ARM.Collect$$libinit$$00000025  c_w.l(libinit2.o)
    0x00000342   0x00000342   0x00000000   Code   RO         1259    .ARM.Collect$$libinit$$0000002C  c_w.l(libinit2.o)
    0x00000342   0x00000342   0x00000000   Code   RO         1261    .ARM.Collect$$libinit$$0000002E  c_w.l(libinit2.o)
    0x00000342   0x00000342   0x00000000   Code   RO         1263    .ARM.Collect$$libinit$$00000030  c_w.l(libinit2.o)
    0x00000342   0x00000342   0x00000000   Code   RO         1265    .ARM.Collect$$libinit$$00000032  c_w.l(libinit2.o)
    0x00000342   0x00000342   0x00000002   Code   RO         1266    .ARM.Collect$$libinit$$00000033  c_w.l(libinit2.o)
    0x00000344   0x00000344   0x00000002   Code   RO         1286    .ARM.Collect$$libshutdown$$00000000  c_w.l(libshutdown.o)
    0x00000346   0x00000346   0x00000000   Code   RO         1299    .ARM.Collect$$libshutdown$$00000002  c_w.l(libshutdown2.o)
    0x00000346   0x00000346   0x00000000   Code   RO         1301    .ARM.Collect$$libshutdown$$00000004  c_w.l(libshutdown2.o)
    0x00000346   0x00000346   0x00000000   Code   RO         1304    .ARM.Collect$$libshutdown$$00000007  c_w.l(libshutdown2.o)
    0x00000346   0x00000346   0x00000000   Code   RO         1307    .ARM.Collect$$libshutdown$$0000000A  c_w.l(libshutdown2.o)
    0x00000346   0x00000346   0x00000000   Code   RO         1309    .ARM.Collect$$libshutdown$$0000000C  c_w.l(libshutdown2.o)
    0x00000346   0x00000346   0x00000000   Code   RO         1312    .ARM.Collect$$libshutdown$$0000000F  c_w.l(libshutdown2.o)
    0x00000346   0x00000346   0x00000002   Code   RO         1313    .ARM.Collect$$libshutdown$$00000010  c_w.l(libshutdown2.o)
    0x00000348   0x00000348   0x00000000   Code   RO         1191    .ARM.Collect$$rtentry$$00000000  c_w.l(__rtentry.o)
    0x00000348   0x00000348   0x00000000   Code   RO         1193    .ARM.Collect$$rtentry$$00000002  c_w.l(__rtentry2.o)
    0x00000348   0x00000348   0x00000006   Code   RO         1205    .ARM.Collect$$rtentry$$00000004  c_w.l(__rtentry4.o)
    0x0000034e   0x0000034e   0x00000000   Code   RO         1195    .ARM.Collect$$rtentry$$00000009  c_w.l(__rtentry2.o)
    0x0000034e   0x0000034e   0x00000004   Code   RO         1196    .ARM.Collect$$rtentry$$0000000A  c_w.l(__rtentry2.o)
    0x00000352   0x00000352   0x00000000   Code   RO         1198    .ARM.Collect$$rtentry$$0000000C  c_w.l(__rtentry2.o)
    0x00000352   0x00000352   0x00000008   Code   RO         1199    .ARM.Collect$$rtentry$$0000000D  c_w.l(__rtentry2.o)
    0x0000035a   0x0000035a   0x00000002   Code   RO         1220    .ARM.Collect$$rtexit$$00000000  c_w.l(rtexit.o)
    0x0000035c   0x0000035c   0x00000000   Code   RO         1268    .ARM.Collect$$rtexit$$00000002  c_w.l(rtexit2.o)
    0x0000035c   0x0000035c   0x00000004   Code   RO         1269    .ARM.Collect$$rtexit$$00000003  c_w.l(rtexit2.o)
    0x00000360   0x00000360   0x00000006   Code   RO         1270    .ARM.Collect$$rtexit$$00000004  c_w.l(rtexit2.o)
    0x00000366   0x00000366   0x00000002   PAD
    0x00000368   0x00000368   0x00000030   Code   RO            4    .text               startup.o
    0x00000398   0x00000398   0x0000003c   Code   RO           13    .text               random.o
    0x000003d4   0x000003d4   0x00000048   Code   RO          465    .text               lcd.o
    0x0000041c   0x0000041c   0x00000064   Code   RO         1183    .text               c_w.l(rt_memcpy_w.o)
    0x00000480   0x00000480   0x0000004e   Code   RO         1185    .text               c_w.l(rt_memclr_w.o)
    0x000004ce   0x000004ce   0x00000006   Code   RO         1187    .text               c_w.l(heapauxi.o)
    0x000004d4   0x000004d4   0x0000004a   Code   RO         1207    .text               c_w.l(sys_stackheap_outer.o)
    0x0000051e   0x0000051e   0x00000012   Code   RO         1209    .text               c_w.l(exit.o)
    0x00000530   0x00000530   0x00000008   Code   RO         1217    .text               c_w.l(libspace.o)
    0x00000538   0x00000538   0x0000000c   Code   RO         1278    .text               c_w.l(sys_exit.o)
    0x00000544   0x00000544   0x00000002   Code   RO         1289    .text               c_w.l(use_no_semi.o)
    0x00000546   0x00000546   0x00000000   Code   RO         1291    .text               c_w.l(indicate_semi.o)
    0x00000546   0x00000546   0x00000002   PAD
    0x00000548   0x00000548   0x00000038   Code   RO         1092    i.ADC_In89          adc_joystick.o
    0x00000580   0x00000580   0x00000124   Code   RO         1093    i.ADC_Init89        adc_joystick.o
    0x000006a4   0x000006a4   0x00000044   Code   RO          857    i.BumpedIntoWorldPokemon  field.o
    0x000006e8   0x000006e8   0x00000020   Code   RO          859    i.ClearScreenGrid   field.o
    0x00000708   0x00000708   0x00000048   Code   RO          308    i.DAC_Init          dac.o
    0x00000750   0x00000750   0x0000000c   Code   RO          309    i.DAC_Out           dac.o
    0x0000075c   0x0000075c   0x00000020   Code   RO           16    i.Delay1ms          st7735.o
    0x0000077c   0x0000077c   0x00000024   Code   RO          603    i.DrawAllSprites    draw.o
    0x000007a0   0x000007a0   0x00000490   Code   RO          682    i.DrawBattleInventory  drawscreen.o
    0x00000c30   0x00000c30   0x0000056c   Code   RO          683    i.DrawBattleScreen  drawscreen.o
    0x0000119c   0x0000119c   0x0000007c   Code   RO          604    i.DrawBorder        draw.o
    0x00001218   0x00001218   0x0000029c   Code   RO          860    i.DrawField         field.o
    0x000014b4   0x000014b4   0x00000034   Code   RO          606    i.DrawGridSprite    draw.o
    0x000014e8   0x000014e8   0x00000078   Code   RO          684    i.DrawHPBars        drawscreen.o
    0x00001560   0x00001560   0x0000005c   Code   RO          685    i.DrawLanguageSelection  drawscreen.o
    0x000015bc   0x000015bc   0x0000073c   Code   RO          686    i.DrawMoveCommands  drawscreen.o
    0x00001cf8   0x00001cf8   0x000001d8   Code   RO          687    i.DrawPokemonInventory  drawscreen.o
    0x00001ed0   0x00001ed0   0x00000052   Code   RO          607    i.DrawSelection     draw.o
    0x00001f22   0x00001f22   0x00000002   PAD
    0x00001f24   0x00001f24   0x000003c8   Code   RO         1062    i.DrawShopScreen    shop.o
    0x000022ec   0x000022ec   0x000000ec   Code   RO          688    i.DrawSimpleMenu    drawscreen.o
    0x000023d8   0x000023d8   0x0000001e   Code   RO          608    i.DrawSpriteImg     draw.o
    0x000023f6   0x000023f6   0x00000034   Code   RO          610    i.DrawSpriteSelection  draw.o
    0x0000242a   0x0000242a   0x00000002   PAD
    0x0000242c   0x0000242c   0x00000158   Code   RO          689    i.DrawStatusScreen  drawscreen.o
    0x00002584   0x00002584   0x00000168   Code   RO          690    i.DrawSwapPokemon   drawscreen.o
    0x000026ec   0x000026ec   0x00000200   Code   RO          691    i.DrawTitleScreen   drawscreen.o
    0x000028ec   0x000028ec   0x000001ac   Code   RO          692    i.DrawWorld         drawscreen.o
    0x00002a98   0x00002a98   0x000000c0   Code   RO          693    i.GenerateRandomPokemon  drawscreen.o
    0x00002b58   0x00002b58   0x000000cc   Code   RO          694    i.GenerateRandomPokemonInit  drawscreen.o
    0x00002c24   0x00002c24   0x00000014   Code   RO          861    i.GetFieldGrid      field.o
    0x00002c38   0x00002c38   0x0000001c   Code   RO          611    i.GetGridX          draw.o
    0x00002c54   0x00002c54   0x0000001c   Code   RO          612    i.GetGridY          draw.o
    0x00002c70   0x00002c70   0x00000014   Code   RO          862    i.GetObjGrid        field.o
    0x00002c84   0x00002c84   0x00000034   Code   RO          695    i.IncSeed           drawscreen.o
    0x00002cb8   0x00002cb8   0x00000100   Code   RO          863    i.InitBackgroundTypes  field.o
    0x00002db8   0x00002db8   0x00000070   Code   RO          968    i.InitInventory     player.o
    0x00002e28   0x00002e28   0x000002c8   Code   RO          578    i.InitMoves         battle.o
    0x000030f0   0x000030f0   0x00000094   Code   RO          969    i.InitPlayer        player.o
    0x00003184   0x00003184   0x000003c0   Code   RO          696    i.InitPokemon       drawscreen.o
    0x00003544   0x00003544   0x00000170   Code   RO         1063    i.InitShop          shop.o
    0x000036b4   0x000036b4   0x00000014   Code   RO          970    i.InitTeam          player.o
    0x000036c8   0x000036c8   0x00000034   Code   RO          864    i.IsGridObject      field.o
    0x000036fc   0x000036fc   0x00000058   Code   RO          865    i.IsPokemonWalkable  field.o
    0x00003754   0x00003754   0x00000032   Code   RO          866    i.IsWalkable        field.o
    0x00003786   0x00003786   0x00000002   PAD
    0x00003788   0x00003788   0x0000003c   Code   RO          867    i.IsWorldPokemon    field.o
    0x000037c4   0x000037c4   0x00000064   Code   RO          972    i.MoveDown          player.o
    0x00003828   0x00003828   0x00000068   Code   RO          973    i.MoveLeft          player.o
    0x00003890   0x00003890   0x00000068   Code   RO          974    i.MoveRight         player.o
    0x000038f8   0x000038f8   0x00000064   Code   RO          975    i.MoveUp            player.o
    0x0000395c   0x0000395c   0x00000128   Code   RO          697    i.MoveWorldPokemon  drawscreen.o
    0x00003a84   0x00003a84   0x00000010   Code   RO           19    i.Output_Init       st7735.o
    0x00003a94   0x00003a94   0x0000007c   Code   RO          293    i.PLL_Init          pll.o
    0x00003b10   0x00003b10   0x00000028   Code   RO          698    i.PokemonAllDead    drawscreen.o
    0x00003b38   0x00003b38   0x00000034   Code   RO          699    i.PokemonLocationTaken  drawscreen.o
    0x00003b6c   0x00003b6c   0x00000100   Code   RO          471    i.PrintWinLoseScreen  spaceinvaders.o
    0x00003c6c   0x00003c6c   0x0000002c   Code   RO          700    i.RestoreDeadPokemon  drawscreen.o
    0x00003c98   0x00003c98   0x00000120   Code   RO           23    i.ST7735_DrawBitmap  st7735.o
    0x00003db8   0x00003db8   0x000000f8   Code   RO           25    i.ST7735_DrawCharS  st7735.o
    0x00003eb0   0x00003eb0   0x00000048   Code   RO           28    i.ST7735_DrawPixel  st7735.o
    0x00003ef8   0x00003ef8   0x00000056   Code   RO           29    i.ST7735_DrawString  st7735.o
    0x00003f4e   0x00003f4e   0x00000002   PAD
    0x00003f50   0x00003f50   0x000000ac   Code   RO           30    i.ST7735_FillRect   st7735.o
    0x00003ffc   0x00003ffc   0x00000024   Code   RO           31    i.ST7735_FillScreen  st7735.o
    0x00004020   0x00004020   0x0000007c   Code   RO           33    i.ST7735_InitR      st7735.o
    0x0000409c   0x0000409c   0x000000d4   Code   RO           35    i.ST7735_OutChar    st7735.o
    0x00004170   0x00004170   0x00000018   Code   RO           36    i.ST7735_OutString  st7735.o
    0x00004188   0x00004188   0x00000020   Code   RO           46    i.ST7735_SetCursor  st7735.o
    0x000041a8   0x000041a8   0x0000000c   Code   RO           48    i.ST7735_SetTextColor  st7735.o
    0x000041b4   0x000041b4   0x00000014   Code   RO          386    i.Sound_Alarm       sound.o
    0x000041c8   0x000041c8   0x00000014   Code   RO          387    i.Sound_Buzz        sound.o
    0x000041dc   0x000041dc   0x0000002c   Code   RO          389    i.Sound_Init        sound.o
    0x00004208   0x00004208   0x00000020   Code   RO          391    i.Sound_Play        sound.o
    0x00004228   0x00004228   0x00000048   Code   RO          394    i.Sound_Task        sound.o
    0x00004270   0x00004270   0x0000010c   Code   RO          976    i.StartTeam         player.o
    0x0000437c   0x0000437c   0x00000018   Code   RO         1094    i.SysTick_Handler   adc_joystick.o
    0x00004394   0x00004394   0x0000001c   Code   RO         1095    i.SysTick_Init      adc_joystick.o
    0x000043b0   0x000043b0   0x00000018   Code   RO          344    i.Timer0A_Handler   timer0.o
    0x000043c8   0x000043c8   0x00000060   Code   RO          345    i.Timer0_Init       timer0.o
    0x00004428   0x00004428   0x00000018   Code   RO          365    i.Timer1A_Handler   timer1.o
    0x00004440   0x00004440   0x00000060   Code   RO          366    i.Timer1_Init       timer1.o
    0x000044a0   0x000044a0   0x00000054   Code   RO          977    i.addPokemon        player.o
    0x000044f4   0x000044f4   0x00000056   Code   RO           50    i.commandList       st7735.o
    0x0000454a   0x0000454a   0x00000002   PAD
    0x0000454c   0x0000454c   0x00000188   Code   RO           51    i.commonInit        st7735.o
    0x000046d4   0x000046d4   0x00000028   Code   RO         1096    i.getJoystickX      adc_joystick.o
    0x000046fc   0x000046fc   0x00000028   Code   RO         1097    i.getJoystickY      adc_joystick.o
    0x00004724   0x00004724   0x00000030   Code   RO         1098    i.isPE2Pressed      adc_joystick.o
    0x00004754   0x00004754   0x00000030   Code   RO         1099    i.isPE3Pressed      adc_joystick.o
    0x00004784   0x00004784   0x000000a8   Code   RO          472    i.main              spaceinvaders.o
    0x0000482c   0x0000482c   0x0000007c   Code   RO          701    i.moveShakeBack     drawscreen.o
    0x000048a8   0x000048a8   0x00000050   Code   RO          702    i.moveShakeLeft     drawscreen.o
    0x000048f8   0x000048f8   0x00000050   Code   RO          703    i.moveShakeRight    drawscreen.o
    0x00004948   0x00004948   0x00000012   Code   RO           56    i.pushColor         st7735.o
    0x0000495a   0x0000495a   0x00000002   PAD
    0x0000495c   0x0000495c   0x00000074   Code   RO           57    i.setAddrWindow     st7735.o
    0x000049d0   0x000049d0   0x000007e2   Data   RO           59    .constdata          st7735.o
    0x000051b2   0x000051b2   0x0000b2f3   Data   RO          396    .constdata          sound.o
    0x000104a5   0x000104a5   0x00000001   PAD
    0x000104a6   0x000104a6   0x0000000a   Data   RO          565    .constdata          systeminfo.o
    0x000104b0   0x000104b0   0x0000010c   Data   RO          580    .constdata          battle.o
    0x000105bc   0x000105bc   0x000003ac   Data   RO          705    .constdata          drawscreen.o
    0x00010968   0x00010968   0x00000088   Data   RO          870    .constdata          field.o
    0x000109f0   0x000109f0   0x00000016   Data   RO          954    .constdata          pokemontype.o
    0x00010a06   0x00010a06   0x00000002   PAD
    0x00010a08   0x00010a08   0x0000007c   Data   RO          979    .constdata          player.o
    0x00010a84   0x00010a84   0x000000cc   Data   RO         1065    .constdata          shop.o
    0x00010b50   0x00010b50   0x00004b80   Data   RO         1153    .constdata          imagesother.o
    0x000156d0   0x000156d0   0x00001800   Data   RO         1160    .constdata          textsprites.o
    0x00016ed0   0x00016ed0   0x00008b80   Data   RO         1167    .constdata          imagespokemon2.o
    0x0001fa50   0x0001fa50   0x00001600   Data   RO         1174    .constdata          imagespokemonworld.o
    0x00021050   0x00021050   0x0000020d   Data   RO          581    .conststring        battle.o
    0x0002125d   0x0002125d   0x00000003   PAD
    0x00021260   0x00021260   0x00000103   Data   RO          706    .conststring        drawscreen.o
    0x00021363   0x00021363   0x00000001   PAD
    0x00021364   0x00021364   0x00000042   Data   RO         1066    .conststring        shop.o
    0x000213a6   0x000213a6   0x00000002   PAD
    0x000213a8   0x000213a8   0x00000020   Data   RO         1344    Region$$Table       anon$$obj.o


    Execution Region ER_RW (Exec base: 0x20000000, Load base: 0x000213c8, Size: 0x000008b4, Max: 0xffffffff, ABSOLUTE, COMPRESSED[0x0000028c])

    Exec Addr    Load Addr    Size         Type   Attr      Idx    E Section Name        Object

    0x20000000   COMPRESSED   0x00000028   Data   RW           60    .data               st7735.o
    0x20000028   COMPRESSED   0x00000004   Data   RW          346    .data               timer0.o
    0x2000002c   COMPRESSED   0x00000004   Data   RW          367    .data               timer1.o
    0x20000030   COMPRESSED   0x0000000c   Data   RW          397    .data               sound.o
    0x2000003c   COMPRESSED   0x00000002   Data   RW          474    .data               spaceinvaders.o
    0x2000003e   COMPRESSED   0x00000004   Data   RW          566    .data               systeminfo.o
    0x20000042   COMPRESSED   0x00000002   PAD
    0x20000044   COMPRESSED   0x00000012   Data   RW          707    .data               drawscreen.o
    0x20000056   COMPRESSED   0x0000070a   Data   RW          871    .data               field.o
    0x20000760   COMPRESSED   0x00000144   Data   RW          955    .data               pokemontype.o
    0x200008a4   COMPRESSED   0x0000000a   Data   RW         1100    .data               adc_joystick.o
    0x200008ae   COMPRESSED   0x00000002   PAD
    0x200008b0   COMPRESSED   0x00000004   Data   RW           12    DATA                random.o


    Execution Region ER_ZI (Exec base: 0x200008b4, Load base: 0x00021654, Size: 0x0000203c, Max: 0xffffffff, ABSOLUTE)

    Exec Addr    Load Addr    Size         Type   Attr      Idx    E Section Name        Object

    0x200008b4        -       0x00000960   Zero   RW          579    .bss                battle.o
    0x20001214        -       0x00000508   Zero   RW          704    .bss                drawscreen.o
    0x2000171c        -       0x00000aee   Zero   RW          869    .bss                field.o
    0x2000220a   0x00021654   0x00000002   PAD
    0x2000220c        -       0x00000230   Zero   RW          978    .bss                player.o
    0x2000243c        -       0x00000054   Zero   RW         1064    .bss                shop.o
    0x20002490        -       0x00000060   Zero   RW         1218    .bss                c_w.l(libspace.o)
    0x200024f0        -       0x00000000   Zero   RW            2    HEAP                startup.o
    0x200024f0        -       0x00000400   Zero   RW            1    STACK               startup.o


==============================================================================

Image component sizes


      Code (inc. data)   RO Data    RW Data    ZI Data      Debug   Object Name

       576         72          0         10          0       4320   adc_joystick.o
       712         48        793          0       2400       3182   battle.o
        84         24          0          0          0        773   dac.o
       432         20          0          0          0       6651   draw.o
      9096       1460       1199         18       1288      23115   drawscreen.o
      1314        144        136       1802       2798       9414   field.o
         0          0      19328          0          0       1320   imagesother.o
         0          0      35712          0          0        877   imagespokemon2.o
         0          0       5632          0          0       1044   imagespokemonworld.o
        72         12          0          0          0        228   lcd.o
      1040         84        124          0        560       7313   player.o
       124          4          0          0          0        439   pll.o
         0          0         22        324          0       1131   pokemontype.o
        60         14          0          4          0        232   random.o
      1336        272        270          0         84       4679   shop.o
       188         58      45811         12          0       2900   sound.o
       424        204          0          2          0       3445   spaceinvaders.o
      1966        192       2018         40          0      18494   st7735.o
       692        632          0          0       1024        964   startup.o
         0          0         10          4          0        866   systeminfo.o
         0          0       6144          0          0        566   textsprites.o
       120         30          0          4          0       1392   timer0.o
       120         30          0          4          0       1392   timer1.o

    ----------------------------------------------------------------------
     18368       3300     117240       2228       8156      94737   Object Totals
         0          0         32          0          0          0   (incl. Generated)
        12          0          9          4          2          0   (incl. Padding)

    ----------------------------------------------------------------------

      Code (inc. data)   RO Data    RW Data    ZI Data      Debug   Library Member Name

       100          0          0          0          0          0   __dclz77c.o
         8          0          0          0          0         68   __main.o
         0          0          0          0          0          0   __rtentry.o
        12          0          0          0          0          0   __rtentry2.o
         6          0          0          0          0          0   __rtentry4.o
        52          8          0          0          0          0   __scatter.o
        28          0          0          0          0          0   __scatter_zi.o
        18          0          0          0          0         80   exit.o
         6          0          0          0          0        152   heapauxi.o
         0          0          0          0          0          0   indicate_semi.o
         2          0          0          0          0          0   libinit.o
         2          0          0          0          0          0   libinit2.o
         2          0          0          0          0          0   libshutdown.o
         2          0          0          0          0          0   libshutdown2.o
         8          4          0          0         96         68   libspace.o
        78          0          0          0          0         80   rt_memclr_w.o
       100          0          0          0          0         80   rt_memcpy_w.o
         2          0          0          0          0          0   rtexit.o
        10          0          0          0          0          0   rtexit2.o
        12          4          0          0          0         68   sys_exit.o
        74          0          0          0          0         80   sys_stackheap_outer.o
         2          0          0          0          0         68   use_no_semi.o

    ----------------------------------------------------------------------
       528         16          0          0         96        744   Library Totals
         4          0          0          0          0          0   (incl. Padding)

    ----------------------------------------------------------------------

      Code (inc. data)   RO Data    RW Data    ZI Data      Debug   Library Name

       524         16          0          0         96        744   c_w.l

    ----------------------------------------------------------------------
       528         16          0          0         96        744   Library Totals

    ----------------------------------------------------------------------

==============================================================================


      Code (inc. data)   RO Data    RW Data    ZI Data      Debug   

     18896       3316     117240       2228       8252      90693   Grand Totals
     18896       3316     117240        652       8252      90693   ELF Image Totals (compressed)
     18896       3316     117240        652          0          0   ROM Totals

==============================================================================

    Total RO  Size (Code + RO Data)               136136 ( 132.95kB)
    Total RW  Size (RW Data + ZI Data)             10480 (  10.23kB)
    Total ROM Size (Code + RO Data + RW Data)     136788 ( 133.58kB)

==============================================================================

