Component: ARM Compiler 5.06 update 6 (build 750) Tool: armlink [4d35ed]

==============================================================================

Section Cross References

    startup.o(STACK) refers (Special) to heapauxi.o(.text) for __use_two_region_memory
    startup.o(HEAP) refers (Special) to heapauxi.o(.text) for __use_two_region_memory
    startup.o(RESET) refers (Special) to heapauxi.o(.text) for __use_two_region_memory
    startup.o(RESET) refers to startup.o(STACK) for StackMem
    startup.o(RESET) refers to adc_joystick.o(i.SysTick_Handler) for SysTick_Handler
    startup.o(RESET) refers to timer0.o(i.Timer0A_Handler) for Timer0A_Handler
    startup.o(RESET) refers to timer1.o(i.Timer1A_Handler) for Timer1A_Handler
    startup.o(RESET) refers to __main.o(!!!main) for __main
    startup.o(.text) refers (Special) to heapauxi.o(.text) for __use_two_region_memory
    startup.o(.text) refers to startup.o(HEAP) for HeapMem
    startup.o(.text) refers to startup.o(STACK) for StackMem
    random.o(.text) refers to random.o(DATA) for M
    st7735.o(i.Output_Clear) refers to st7735.o(i.ST7735_FillScreen) for ST7735_FillScreen
    st7735.o(i.Output_Color) refers to st7735.o(i.ST7735_SetTextColor) for ST7735_SetTextColor
    st7735.o(i.Output_Init) refers to st7735.o(i.ST7735_InitR) for ST7735_InitR
    st7735.o(i.Output_Init) refers to st7735.o(i.ST7735_FillScreen) for ST7735_FillScreen
    st7735.o(i.Output_Off) refers to st7735.o(i.Output_Clear) for Output_Clear
    st7735.o(i.Output_On) refers to st7735.o(i.Output_Init) for Output_Init
    st7735.o(i.ST7735_DrawBitmap) refers to st7735.o(i.setAddrWindow) for setAddrWindow
    st7735.o(i.ST7735_DrawBitmap) refers to lcd.o(.text) for writedata
    st7735.o(i.ST7735_DrawBitmap) refers to systeminfo.o(.data) for _width
    st7735.o(i.ST7735_DrawChar) refers to st7735.o(i.setAddrWindow) for setAddrWindow
    st7735.o(i.ST7735_DrawChar) refers to st7735.o(i.pushColor) for pushColor
    st7735.o(i.ST7735_DrawChar) refers to systeminfo.o(.data) for _width
    st7735.o(i.ST7735_DrawChar) refers to st7735.o(.constdata) for Font
    st7735.o(i.ST7735_DrawCharS) refers to st7735.o(i.ST7735_DrawPixel) for ST7735_DrawPixel
    st7735.o(i.ST7735_DrawCharS) refers to st7735.o(i.ST7735_FillRect) for ST7735_FillRect
    st7735.o(i.ST7735_DrawCharS) refers to systeminfo.o(.data) for _width
    st7735.o(i.ST7735_DrawCharS) refers to st7735.o(.constdata) for Font
    st7735.o(i.ST7735_DrawFastHLine) refers to st7735.o(i.setAddrWindow) for setAddrWindow
    st7735.o(i.ST7735_DrawFastHLine) refers to lcd.o(.text) for writedata
    st7735.o(i.ST7735_DrawFastHLine) refers to systeminfo.o(.data) for _width
    st7735.o(i.ST7735_DrawFastVLine) refers to st7735.o(i.setAddrWindow) for setAddrWindow
    st7735.o(i.ST7735_DrawFastVLine) refers to lcd.o(.text) for writedata
    st7735.o(i.ST7735_DrawFastVLine) refers to systeminfo.o(.data) for _width
    st7735.o(i.ST7735_DrawPixel) refers to st7735.o(i.setAddrWindow) for setAddrWindow
    st7735.o(i.ST7735_DrawPixel) refers to st7735.o(i.pushColor) for pushColor
    st7735.o(i.ST7735_DrawPixel) refers to systeminfo.o(.data) for _width
    st7735.o(i.ST7735_DrawString) refers to st7735.o(i.ST7735_DrawCharS) for ST7735_DrawCharS
    st7735.o(i.ST7735_FillRect) refers to st7735.o(i.setAddrWindow) for setAddrWindow
    st7735.o(i.ST7735_FillRect) refers to lcd.o(.text) for writedata
    st7735.o(i.ST7735_FillRect) refers to systeminfo.o(.data) for _width
    st7735.o(i.ST7735_FillScreen) refers to st7735.o(i.ST7735_FillRect) for ST7735_FillRect
    st7735.o(i.ST7735_FillScreen) refers to systeminfo.o(.data) for _height
    st7735.o(i.ST7735_InitB) refers to st7735.o(i.commonInit) for commonInit
    st7735.o(i.ST7735_InitB) refers to st7735.o(i.ST7735_SetCursor) for ST7735_SetCursor
    st7735.o(i.ST7735_InitB) refers to st7735.o(i.ST7735_FillScreen) for ST7735_FillScreen
    st7735.o(i.ST7735_InitB) refers to st7735.o(.constdata) for Bcmd
    st7735.o(i.ST7735_InitB) refers to st7735.o(.data) for StTextColor
    st7735.o(i.ST7735_InitR) refers to st7735.o(i.commonInit) for commonInit
    st7735.o(i.ST7735_InitR) refers to st7735.o(i.commandList) for commandList
    st7735.o(i.ST7735_InitR) refers to lcd.o(.text) for writecommand
    st7735.o(i.ST7735_InitR) refers to st7735.o(i.ST7735_SetCursor) for ST7735_SetCursor
    st7735.o(i.ST7735_InitR) refers to st7735.o(i.ST7735_FillScreen) for ST7735_FillScreen
    st7735.o(i.ST7735_InitR) refers to st7735.o(.constdata) for Rcmd1
    st7735.o(i.ST7735_InitR) refers to st7735.o(.data) for ColStart
    st7735.o(i.ST7735_InvertDisplay) refers to lcd.o(.text) for writecommand
    st7735.o(i.ST7735_OutChar) refers to st7735.o(i.ST7735_DrawString) for ST7735_DrawString
    st7735.o(i.ST7735_OutChar) refers to st7735.o(i.ST7735_DrawCharS) for ST7735_DrawCharS
    st7735.o(i.ST7735_OutChar) refers to st7735.o(.data) for StY
[...]
    st7735.o(i.ST7735_PlotClear) refers to st7735.o(i.ST7735_FillRect) for ST7735_FillRect
    st7735.o(i.ST7735_PlotClear) refers to st7735.o(.data) for Ymax
    st7735.o(i.ST7735_PlotLine) refers to st7735.o(i.ST7735_DrawPixel) for ST7735_DrawPixel
    st7735.o(i.ST7735_PlotLine) refers to st7735.o(.data) for Ymin
    st7735.o(i.ST7735_PlotNext) refers to st7735.o(.data) for X
    st7735.o(i.ST7735_PlotNextErase) refers to st7735.o(i.ST7735_Color565) for ST7735_Color565
    st7735.o(i.ST7735_PlotNextErase) refers to st7735.o(i.ST7735_DrawFastVLine) for ST7735_DrawFastVLine
    st7735.o(i.ST7735_PlotNextErase) refers to st7735.o(.data) for X
    st7735.o(i.ST7735_PlotPoint) refers to st7735.o(i.ST7735_DrawPixel) for ST7735_DrawPixel
    st7735.o(i.ST7735_PlotPoint) refers to st7735.o(.data) for Ymin
    st7735.o(i.ST7735_PlotPoints) refers to st7735.o(i.ST7735_DrawPixel) for ST7735_DrawPixel
    st7735.o(i.ST7735_PlotPoints) refers to st7735.o(.data) for Ymin
    st7735.o(i.ST7735_PlotdBfs) refers to st7735.o(i.ST7735_DrawFastVLine) for ST7735_DrawFastVLine
    st7735.o(i.ST7735_PlotdBfs) refers to st7735.o(.constdata) for dBfs
    st7735.o(i.ST7735_PlotdBfs) refers to st7735.o(.data) for X
    st7735.o(i.ST7735_SetCursor) refers to st7735.o(.data) for StX
    st7735.o(i.ST7735_SetRotation) refers to lcd.o(.text) for writecommand
    st7735.o(i.ST7735_SetRotation) refers to st7735.o(.data) for Rotation
    st7735.o(i.ST7735_SetRotation) refers to systeminfo.o(.data) for _width
    st7735.o(i.ST7735_SetTextColor) refers to st7735.o(.data) for StTextColor
    st7735.o(i.commandList) refers to lcd.o(.text) for writecommand
    st7735.o(i.commandList) refers to st7735.o(i.Delay1ms) for Delay1ms
    st7735.o(i.commonInit) refers to st7735.o(i.Delay1ms) for Delay1ms
    st7735.o(i.commonInit) refers to st7735.o(i.commandList) for commandList
    st7735.o(i.commonInit) refers to st7735.o(.data) for RowStart
    st7735.o(i.fillmessage) refers to st7735.o(.bss) for Message
    st7735.o(i.fillmessage) refers to st7735.o(.data) for Messageindex
    st7735.o(i.fputc) refers to st7735.o(i.ST7735_OutChar) for ST7735_OutChar
    st7735.o(i.pushColor) refers to lcd.o(.text) for writedata
    st7735.o(i.setAddrWindow) refers to lcd.o(.text) for writecommand
    st7735.o(i.setAddrWindow) refers to st7735.o(.data) for ColStart
    timer0.o(i.Timer0A_Handler) refers to timer0.o(.data) for PeriodicTask0
    timer0.o(i.Timer0_Init) refers to timer0.o(.data) for PeriodicTask0
    timer1.o(i.Timer1A_Handler) refers to timer1.o(.data) for PeriodicTask1
    timer1.o(i.Timer1_Init) refers to timer1.o(.data) for PeriodicTask1
    sound.o(i.Sound_Alarm) refers to sound.o(i.Sound_Play) for Sound_Play
    sound.o(i.Sound_Alarm) refers to sound.o(.constdata) for alarm
    sound.o(i.Sound_Buzz) refers to sound.o(i.Sound_Play) for Sound_Play
    sound.o(i.Sound_Buzz) refers to sound.o(.constdata) for buzz
    sound.o(i.Sound_Highpitch) refers to sound.o(i.Sound_Play) for Sound_Play
    sound.o(i.Sound_Highpitch) refers to sound.o(.constdata) for highpitch
    sound.o(i.Sound_Init) refers to dac.o(i.DAC_Init) for DAC_Init
    sound.o(i.Sound_Init) refers to timer0.o(i.Timer0_Init) for Timer0_Init
    sound.o(i.Sound_Init) refers to sound.o(.data) for len
    sound.o(i.Sound_Init) refers to sound.o(i.Sound_Task) for Sound_Task
    sound.o(i.Sound_Laser) refers to sound.o(i.Sound_Play) for Sound_Play
    sound.o(i.Sound_Laser) refers to sound.o(.constdata) for laser
    sound.o(i.Sound_Play) refers to sound.o(.data) for len
    sound.o(i.Sound_Rumble) refers to sound.o(i.Sound_Play) for Sound_Play
    sound.o(i.Sound_Rumble) refers to sound.o(.constdata) for rumble
    sound.o(i.Sound_Stomp) refers to sound.o(i.Sound_Play) for Sound_Play
    sound.o(i.Sound_Stomp) refers to sound.o(.constdata) for stomp
    sound.o(i.Sound_Task) refers to dac.o(i.DAC_Out) for DAC_Out
    sound.o(i.Sound_Task) refers to sound.o(.data) for len
    sound.o(i.sound_main) refers to sound.o(i.Sound_Init) for Sound_Init
    print.o(.text) refers to st7735.o(i.ST7735_OutChar) for ST7735_OutChar
    spaceinvaders.o(i.PrintWinLoseScreen) refers to st7735.o(i.ST7735_FillScreen) for ST7735_FillScreen
    spaceinvaders.o(i.PrintWinLoseScreen) refers to st7735.o(i.ST7735_SetCursor) for ST7735_SetCursor
    spaceinvaders.o(i.PrintWinLoseScreen) refers to st7735.o(i.ST7735_OutString) for ST7735_OutString
    spaceinvaders.o(i.PrintWinLoseScreen) refers to spaceinvaders.o(.conststring) for .conststring
    spaceinvaders.o(i.main) refers to pll.o(i.PLL_Init) for PLL_Init
    spaceinvaders.o(i.main) refers to random.o(.text) for Random_Init
    spaceinvaders.o(i.main) refers to st7735.o(i.Output_Init) for Output_Init
    spaceinvaders.o(i.main) refers to adc_joystick.o(i.ADC_Init89) for ADC_Init89
    spaceinvaders.o(i.main) refers to st7735.o(i.ST7735_InitR) for ST7735_InitR
    spaceinvaders.o(i.main) refers to adc_joystick.o(i.SysTick_Init) for SysTick_Init
    spaceinvaders.o(i.main) refers to startup.o(.text) for EnableInterrupts
    spaceinvaders.o(i.main) refers to field.o(i.ClearScreenGrid) for ClearScreenGrid
    spaceinvaders.o(i.main) refers to field.o(i.InitBackgroundTypes) for InitBackgroundTypes
    spaceinvaders.o(i.main) refers to field.o(i.InitFieldArray) for InitFieldArray
    spaceinvaders.o(i.main) refers to shop.o(i.InitShop) for InitShop
    spaceinvaders.o(i.main) refers to player.o(i.InitPlayer) for InitPlayer
    spaceinvaders.o(i.main) refers to player.o(i.InitInventory) for InitInventory
    spaceinvaders.o(i.main) refers to drawscreen.o(i.InitPokemon) for InitPokemon
    spaceinvaders.o(i.main) refers to battle.o(i.InitMoves) for InitMoves
    spaceinvaders.o(i.main) refers to drawscreen.o(i.DrawTitleScreen) for DrawTitleScreen
    spaceinvaders.o(i.main) refers to rt_memclr_w.o(.text) for __aeabi_memclr4
    spaceinvaders.o(i.main) refers to rt_memcpy_w.o(.text) for __aeabi_memcpy4
    spaceinvaders.o(i.main) refers to player.o(i.InitTeam) for InitTeam
    spaceinvaders.o(i.main) refers to drawscreen.o(i.DrawWorld) for DrawWorld
    spaceinvaders.o(i.main) refers to spaceinvaders.o(i.PrintWinLoseScreen) for PrintWinLoseScreen
    spaceinvaders.o(i.main1) refers to startup.o(.text) for DisableInterrupts
    spaceinvaders.o(i.main1) refers to pll.o(i.PLL_Init) for PLL_Init
    spaceinvaders.o(i.main1) refers to sound.o(i.Sound_Init) for Sound_Init
    spaceinvaders.o(i.main1) refers to adc_joystick.o(i.ADC_Init89) for ADC_Init89
    spaceinvaders.o(i.main1) refers to st7735.o(i.ST7735_InitR) for ST7735_InitR
    spaceinvaders.o(i.main1) refers to adc_joystick.o(i.SysTick_Init) for SysTick_Init
    spaceinvaders.o(i.main1) refers to startup.o(.text) for EnableInterrupts
    spaceinvaders.o(i.main1) refers to field.o(i.ClearScreenGrid) for ClearScreenGrid
    spaceinvaders.o(i.main1) refers to field.o(i.InitBackgroundTypes) for InitBackgroundTypes
    spaceinvaders.o(i.main1) refers to field.o(i.InitFieldArray) for InitFieldArray
    spaceinvaders.o(i.main1) refers to shop.o(i.InitShop) for InitShop
    spaceinvaders.o(i.main1) refers to player.o(i.InitPlayer) for InitPlayer
    spaceinvaders.o(i.main1) refers to player.o(i.InitInventory) for InitInventory
    spaceinvaders.o(i.main1) refers to drawscreen.o(i.InitPokemon) for InitPokemon
    spaceinvaders.o(i.main1) refers to battle.o(i.InitMoves) for InitMoves
    spaceinvaders.o(i.main1) refers to drawscreen.o(i.DrawLanguageSelection) for DrawLanguageSelection
    spaceinvaders.o(i.main1) refers to drawscreen.o(i.DrawTitleScreen) for DrawTitleScreen
    spaceinvaders.o(i.main1) refers to rt_memclr_w.o(.text) for __aeabi_memclr4
    spaceinvaders.o(i.main1) refers to rt_memcpy_w.o(.text) for __aeabi_memcpy4
    spaceinvaders.o(i.main1) refers to player.o(i.InitTeam) for InitTeam
    spaceinvaders.o(i.main1) refers to drawscreen.o(i.DrawWorld) for DrawWorld
    spaceinvaders.o(i.main1) refers to spaceinvaders.o(i.PrintWinLoseScreen) for PrintWinLoseScreen
    spaceinvaders.o(i.main1) refers to spaceinvaders.o(.data) for language
    battle.o(i.InitMoves) refers to battle.o(.constdata) for .constdata
    battle.o(i.InitMoves) refers to pokemontype.o(.constdata) for Grass
    battle.o(i.InitMoves) refers to battle.o(.bss) for NormalMoves
    battle.o(.constdata) refers to battle.o(.conststring) for .conststring
    draw.o(i.DrawAllSprites) refers to draw.o(i.DrawSpriteImg) for DrawSpriteImg
    draw.o(i.DrawBorder) refers to st7735.o(i.ST7735_FillRect) for ST7735_FillRect
    draw.o(i.DrawGridFill) refers to draw.o(i.GetGridY) for GetGridY
    draw.o(i.DrawGridFill) refers to draw.o(i.GetGridX) for GetGridX
    draw.o(i.DrawGridFill) refers to st7735.o(i.ST7735_FillRect) for ST7735_FillRect
    draw.o(i.DrawGridFill) refers to systeminfo.o(.constdata) for GRID_LENGTH
    draw.o(i.DrawGridSprite) refers to draw.o(i.GetGridY) for GetGridY
    draw.o(i.DrawGridSprite) refers to draw.o(i.GetGridX) for GetGridX
    draw.o(i.DrawGridSprite) refers to st7735.o(i.ST7735_DrawBitmap) for ST7735_DrawBitmap
    draw.o(i.DrawSelection) refers to draw.o(i.DrawSpriteSelection) for DrawSpriteSelection
    draw.o(i.DrawSpriteImg) refers to st7735.o(i.ST7735_DrawBitmap) for ST7735_DrawBitmap
    draw.o(i.DrawSpriteInstSelection) refers to draw.o(i.DrawBorder) for DrawBorder
    draw.o(i.DrawSpriteSelection) refers to draw.o(i.DrawBorder) for DrawBorder
    draw.o(i.GetGridX) refers to systeminfo.o(.constdata) for GAME_BORDER_W
    draw.o(i.GetGridY) refers to systeminfo.o(.constdata) for GAME_BORDER_W
    drawscreen.o(i.DrawBattleInventory) refers to st7735.o(i.ST7735_FillRect) for ST7735_FillRect
    drawscreen.o(i.DrawBattleInventory) refers to st7735.o(i.ST7735_SetCursor) for ST7735_SetCursor
    drawscreen.o(i.DrawBattleInventory) refers to st7735.o(i.ST7735_OutString) for ST7735_OutString
    drawscreen.o(i.DrawBattleInventory) refers to st7735.o(i.ST7735_OutChar) for ST7735_OutChar
    drawscreen.o(i.DrawBattleInventory) refers to adc_joystick.o(i.getJoystickY) for getJoystickY
    drawscreen.o(i.DrawBattleInventory) refers to adc_joystick.o(i.isPE3Pressed) for isPE3Pressed
    drawscreen.o(i.DrawBattleInventory) refers to drawscreen.o(.bss) for shopItems
    drawscreen.o(i.DrawBattleInventory) refers to player.o(.bss) for playerInventory
    drawscreen.o(i.DrawBattleInventory) refers to spaceinvaders.o(.data) for ADCStatus
    drawscreen.o(i.DrawBattleScreen) refers to field.o(i.ClearScreenGrid) for ClearScreenGrid
    drawscreen.o(i.DrawBattleScreen) refers to st7735.o(i.ST7735_FillScreen) for ST7735_FillScreen
    drawscreen.o(i.DrawBattleScreen) refers to rt_memcpy_w.o(.text) for __aeabi_memcpy4
    drawscreen.o(i.DrawBattleScreen) refers to draw.o(i.DrawSpriteImg) for DrawSpriteImg
    drawscreen.o(i.DrawBattleScreen) refers to draw.o(i.DrawAllSprites) for DrawAllSprites
    drawscreen.o(i.DrawBattleScreen) refers to st7735.o(i.ST7735_FillRect) for ST7735_FillRect
    drawscreen.o(i.DrawBattleScreen) refers to adc_joystick.o(i.getJoystickX) for getJoystickX
    drawscreen.o(i.DrawBattleScreen) refers to adc_joystick.o(i.getJoystickY) for getJoystickY
    drawscreen.o(i.DrawBattleScreen) refers to draw.o(i.DrawSelection) for DrawSelection
    drawscreen.o(i.DrawBattleScreen) refers to adc_joystick.o(i.isPE3Pressed) for isPE3Pressed
    drawscreen.o(i.DrawBattleScreen) refers to drawscreen.o(i.DrawBattleInventory) for DrawBattleInventory
    drawscreen.o(i.DrawBattleScreen) refers to drawscreen.o(i.DrawMoveCommands) for DrawMoveCommands
    drawscreen.o(i.DrawBattleScreen) refers to st7735.o(i.ST7735_SetCursor) for ST7735_SetCursor
    drawscreen.o(i.DrawBattleScreen) refers to st7735.o(i.ST7735_OutString) for ST7735_OutString
    drawscreen.o(i.DrawBattleScreen) refers to random.o(.text) for Random
    drawscreen.o(i.DrawBattleScreen) refers to st7735.o(i.ST7735_OutChar) for ST7735_OutChar
    drawscreen.o(i.DrawBattleScreen) refers to drawscreen.o(.constdata) for .constdata
    drawscreen.o(i.DrawBattleScreen) refers to spaceinvaders.o(.data) for ADCStatus
    drawscreen.o(i.DrawBattleScreen) refers to player.o(.bss) for p1
    drawscreen.o(i.DrawLanguageSelection) refers to st7735.o(i.ST7735_FillRect) for ST7735_FillRect
    drawscreen.o(i.DrawLanguageSelection) refers to st7735.o(i.ST7735_SetCursor) for ST7735_SetCursor
    drawscreen.o(i.DrawLanguageSelection) refers to st7735.o(i.ST7735_OutString) for ST7735_OutString
    drawscreen.o(i.DrawLanguageSelection) refers to adc_joystick.o(i.getJoystickY) for getJoystickY
    drawscreen.o(i.DrawLanguageSelection) refers to adc_joystick.o(i.isPE3Pressed) for isPE3Pressed
    drawscreen.o(i.DrawLanguageSelection) refers to spaceinvaders.o(.data) for ADCStatus
    drawscreen.o(i.DrawMoveCommands) refers to st7735.o(i.ST7735_FillRect) for ST7735_FillRect
    drawscreen.o(i.DrawMoveCommands) refers to st7735.o(i.ST7735_SetCursor) for ST7735_SetCursor
    drawscreen.o(i.DrawMoveCommands) refers to st7735.o(i.ST7735_OutString) for ST7735_OutString
    drawscreen.o(i.DrawMoveCommands) refers to adc_joystick.o(i.getJoystickY) for getJoystickY
    drawscreen.o(i.DrawMoveCommands) refers to adc_joystick.o(i.isPE3Pressed) for isPE3Pressed
    drawscreen.o(i.DrawMoveCommands) refers to random.o(.text) for Random
    drawscreen.o(i.DrawMoveCommands) refers to battle.o(.bss) for NormalMoves
    drawscreen.o(i.DrawMoveCommands) refers to spaceinvaders.o(.data) for ADCStatus
    drawscreen.o(i.DrawMoveCommands) refers to pokemontype.o(.data) for TypesArray
    drawscreen.o(i.DrawMoveCommands) refers to pokemontype.o(.constdata) for A
    drawscreen.o(i.DrawMoveCommands) refers to battle.o(.constdata) for CAT_PHYSICAL
    drawscreen.o(i.DrawTitleScreen) refers to st7735.o(i.ST7735_FillScreen) for ST7735_FillScreen
    drawscreen.o(i.DrawTitleScreen) refers to draw.o(i.DrawAllSprites) for DrawAllSprites
    drawscreen.o(i.DrawTitleScreen) refers to st7735.o(i.ST7735_SetTextColor) for ST7735_SetTextColor
    drawscreen.o(i.DrawTitleScreen) refers to st7735.o(i.ST7735_SetCursor) for ST7735_SetCursor
    drawscreen.o(i.DrawTitleScreen) refers to st7735.o(i.ST7735_OutString) for ST7735_OutString
    drawscreen.o(i.DrawTitleScreen) refers to adc_joystick.o(i.getJoystickX) for getJoystickX
    drawscreen.o(i.DrawTitleScreen) refers to adc_joystick.o(i.getJoystickY) for getJoystickY
    drawscreen.o(i.DrawTitleScreen) refers to draw.o(i.DrawSelection) for DrawSelection
    drawscreen.o(i.DrawTitleScreen) refers to adc_joystick.o(i.isPE3Pressed) for isPE3Pressed
    drawscreen.o(i.DrawTitleScreen) refers to rt_memcpy_w.o(.text) for __aeabi_memcpy4
    drawscreen.o(i.DrawTitleScreen) refers to drawscreen.o(.constdata) for .constdata
    drawscreen.o(i.DrawTitleScreen) refers to spaceinvaders.o(.data) for ADCStatus
    drawscreen.o(i.DrawTitleScreen) refers to drawscreen.o(.bss) for starters
    drawscreen.o(i.DrawWorld) refers to rt_memcpy_w.o(.text) for __aeabi_memcpy4
    drawscreen.o(i.DrawWorld) refers to draw.o(i.DrawBorder) for DrawBorder
    drawscreen.o(i.DrawWorld) refers to adc_joystick.o(i.getJoystickX) for getJoystickX
    drawscreen.o(i.DrawWorld) refers to adc_joystick.o(i.getJoystickY) for getJoystickY
    drawscreen.o(i.DrawWorld) refers to player.o(i.MoveLeft) for MoveLeft
    drawscreen.o(i.DrawWorld) refers to player.o(i.MoveRight) for MoveRight
    drawscreen.o(i.DrawWorld) refers to player.o(i.MoveUp) for MoveUp
    drawscreen.o(i.DrawWorld) refers to player.o(i.MoveDown) for MoveDown
    drawscreen.o(i.DrawWorld) refers to field.o(i.DrawField) for DrawField
    drawscreen.o(i.DrawWorld) refers to random.o(.text) for Random
    drawscreen.o(i.DrawWorld) refers to st7735.o(i.ST7735_FillScreen) for ST7735_FillScreen
    drawscreen.o(i.DrawWorld) refers to drawscreen.o(i.DrawBattleScreen) for DrawBattleScreen
    drawscreen.o(i.DrawWorld) refers to adc_joystick.o(i.isPE2Pressed) for isPE2Pressed
    drawscreen.o(i.DrawWorld) refers to field.o(i.ClearScreenGrid) for ClearScreenGrid
    drawscreen.o(i.DrawWorld) refers to st7735.o(i.ST7735_SetCursor) for ST7735_SetCursor
    drawscreen.o(i.DrawWorld) refers to st7735.o(i.ST7735_OutString) for ST7735_OutString
    drawscreen.o(i.DrawWorld) refers to st7735.o(i.ST7735_OutChar) for ST7735_OutChar
    drawscreen.o(i.DrawWorld) refers to adc_joystick.o(i.isPE3Pressed) for isPE3Pressed
    drawscreen.o(i.DrawWorld) refers to field.o(i.GetFieldGrid) for GetFieldGrid
    drawscreen.o(i.DrawWorld) refers to shop.o(i.DrawShopScreen) for DrawShopScreen
    drawscreen.o(i.DrawWorld) refers to drawscreen.o(.bss) for BulbasaurT
    drawscreen.o(i.DrawWorld) refers to systeminfo.o(.constdata) for GAME_BORDER_COLOR
    drawscreen.o(i.DrawWorld) refers to systeminfo.o(.data) for _height
    drawscreen.o(i.DrawWorld) refers to player.o(.bss) for p1
    drawscreen.o(i.DrawWorld) refers to spaceinvaders.o(.data) for ADCStatus
    drawscreen.o(i.DrawWorld) refers to player.o(.data) for playerTeam
    drawscreen.o(i.DrawWorld) refers to field.o(.constdata) for S
    drawscreen.o(i.DrawWorld) refers to drawscreen.o(.constdata) for .constdata
    drawscreen.o(i.InitPokemon) refers to rt_memcpy_w.o(.text) for __aeabi_memcpy4
    drawscreen.o(i.InitPokemon) refers to drawscreen.o(.constdata) for .constdata
    drawscreen.o(i.InitPokemon) refers to pokemontype.o(.constdata) for Grass
    drawscreen.o(i.InitPokemon) refers to drawscreen.o(.bss) for BulbasaurT
    drawscreen.o(.constdata) refers to imagespokemon2.o(.constdata) for bulbasaur
    drawscreen.o(.constdata) refers to drawscreen.o(.conststring) for .conststring
    drawscreen.o(.constdata) refers to drawscreen.o(.bss) for starterInsts
    drawscreen.o(.constdata) refers to textsprites.o(.constdata) for lucha
    field.o(i.ClearScreenGrid) refers to field.o(.bss) for screenGrid
    field.o(i.DrawField) refers to draw.o(i.DrawBorder) for DrawBorder
    field.o(i.DrawField) refers to draw.o(i.DrawGridSprite) for DrawGridSprite
    field.o(i.DrawField) refers to systeminfo.o(.constdata) for GAME_BORDER_COLOR
    field.o(i.DrawField) refers to systeminfo.o(.data) for _height
    field.o(i.DrawField) refers to field.o(.constdata) for .constdata
    field.o(i.DrawField) refers to player.o(.bss) for p1
    field.o(i.DrawField) refers to field.o(.bss) for fieldObj
    field.o(i.DrawField) refers to field.o(.data) for fieldArray
    field.o(i.GetFieldGrid) refers to field.o(.data) for fieldArray
    field.o(i.GetObjGrid) refers to field.o(.data) for fieldObjArray
    field.o(i.InitBackgroundTypes) refers to field.o(.constdata) for .constdata
    field.o(i.InitBackgroundTypes) refers to field.o(.bss) for background
    field.o(i.IsWalkable) refers to field.o(i.GetObjGrid) for GetObjGrid
    field.o(i.SetFieldGrid) refers to field.o(.data) for fieldArray
    field.o(.constdata) refers to imagesother.o(.constdata) for ground
    player.o(i.DrinkBoba) refers to player.o(.bss) for p1
    player.o(i.InitInventory) refers to rt_memclr_w.o(.text) for __aeabi_memclr4
    player.o(i.InitInventory) refers to rt_memcpy_w.o(.text) for __aeabi_memcpy4
    player.o(i.InitInventory) refers to shop.o(.bss) for pokeballItem
    player.o(i.InitInventory) refers to player.o(.bss) for playerInventory
    player.o(i.InitPlayer) refers to rt_memcpy_w.o(.text) for __aeabi_memcpy4
    player.o(i.InitPlayer) refers to player.o(.constdata) for .constdata
    player.o(i.InitPlayer) refers to player.o(.bss) for p1
    player.o(i.InitTeam) refers to player.o(.data) for playerTeam
    player.o(i.LoseBattle) refers to player.o(.bss) for p1
    player.o(i.MoveDown) refers to field.o(i.IsWalkable) for IsWalkable
    player.o(i.MoveDown) refers to player.o(.bss) for p1
    player.o(i.MoveLeft) refers to field.o(i.IsWalkable) for IsWalkable
    player.o(i.MoveLeft) refers to player.o(.bss) for p1
    player.o(i.MoveRight) refers to field.o(i.IsWalkable) for IsWalkable
    player.o(i.MoveRight) refers to player.o(.bss) for p1
    player.o(i.MoveUp) refers to field.o(i.IsWalkable) for IsWalkable
    player.o(i.MoveUp) refers to player.o(.bss) for p1
    player.o(.constdata) refers to imagesother.o(.constdata) for playerFront
    shop.o(i.DrawShopScreen) refers to st7735.o(i.ST7735_FillScreen) for ST7735_FillScreen
    shop.o(i.DrawShopScreen) refers to draw.o(i.DrawAllSprites) for DrawAllSprites
    shop.o(i.DrawShopScreen) refers to st7735.o(i.ST7735_SetTextColor) for ST7735_SetTextColor
    shop.o(i.DrawShopScreen) refers to st7735.o(i.ST7735_SetCursor) for ST7735_SetCursor
    shop.o(i.DrawShopScreen) refers to st7735.o(i.ST7735_OutString) for ST7735_OutString
    shop.o(i.DrawShopScreen) refers to st7735.o(i.ST7735_OutChar) for ST7735_OutChar
    shop.o(i.DrawShopScreen) refers to adc_joystick.o(i.getJoystickX) for getJoystickX
    shop.o(i.DrawShopScreen) refers to adc_joystick.o(i.getJoystickY) for getJoystickY
    shop.o(i.DrawShopScreen) refers to st7735.o(i.ST7735_FillRect) for ST7735_FillRect
    shop.o(i.DrawShopScreen) refers to draw.o(i.DrawSelection) for DrawSelection
    shop.o(i.DrawShopScreen) refers to adc_joystick.o(i.isPE2Pressed) for isPE2Pressed
    shop.o(i.DrawShopScreen) refers to adc_joystick.o(i.isPE3Pressed) for isPE3Pressed
    shop.o(i.DrawShopScreen) refers to spaceinvaders.o(.data) for ADCStatus
    shop.o(i.InitShop) refers to rt_memcpy_w.o(.text) for __aeabi_memcpy4
    shop.o(i.InitShop) refers to shop.o(.constdata) for .constdata
    shop.o(i.InitShop) refers to drawscreen.o(.bss) for shopItems
    shop.o(.constdata) refers to imagesother.o(.constdata) for boba
    shop.o(.constdata) refers to shop.o(.conststring) for .conststring
    adc_joystick.o(i.ADC_Init89) refers to spaceinvaders.o(.data) for ADCStatus
    adc_joystick.o(i.SysTick_Handler) refers to adc_joystick.o(i.ADC_In89) for ADC_In89
    adc_joystick.o(i.SysTick_Handler) refers to adc_joystick.o(.data) for joystickData
    adc_joystick.o(i.SysTick_Handler) refers to spaceinvaders.o(.data) for ADCStatus
    adc_joystick.o(i.getJoystickX) refers to adc_joystick.o(.data) for joystickData
    adc_joystick.o(i.getJoystickY) refers to adc_joystick.o(.data) for joystickData
    adc_joystick.o(i.isPE2Pressed) refers to adc_joystick.o(.data) for PE2_Debounced
    adc_joystick.o(i.isPE3Pressed) refers to adc_joystick.o(.data) for PE3_Debounced
    __main.o(!!!main) refers to __rtentry.o(.ARM.Collect$$rtentry$$00000000) for __rt_entry
    __rtentry.o(.ARM.Collect$$rtentry$$00000000) refers (Special) to __rtentry2.o(.ARM.Collect$$rtentry$$0000000A) for __rt_entry_li
    __rtentry.o(.ARM.Collect$$rtentry$$00000000) refers (Special) to __rtentry2.o(.ARM.Collect$$rtentry$$0000000D) for __rt_entry_main
    __rtentry.o(.ARM.Collect$$rtentry$$00000000) refers (Special) to __rtentry2.o(.ARM.Collect$$rtentry$$0000000C) for __rt_entry_postli_1
    __rtentry.o(.ARM.Collect$$rtentry$$00000000) refers (Special) to __rtentry2.o(.ARM.Collect$$rtentry$$00000009) for __rt_entry_postsh_1
    __rtentry.o(.ARM.Collect$$rtentry$$00000000) refers (Special) to __rtentry2.o(.ARM.Collect$$rtentry$$00000002) for __rt_entry_presh_1
    __rtentry.o(.ARM.Collect$$rtentry$$00000000) refers (Special) to __rtentry4.o(.ARM.Collect$$rtentry$$00000004) for __rt_entry_sh
    __rtentry2.o(.ARM.Collect$$rtentry$$00000008) refers to boardinit2.o(.text) for _platform_post_stackheap_init
    __rtentry2.o(.ARM.Collect$$rtentry$$0000000A) refers to libinit.o(.ARM.Collect$$libinit$$00000000) for __rt_lib_init
    __rtentry2.o(.ARM.Collect$$rtentry$$0000000B) refers to boardinit3.o(.text) for _platform_post_lib_init
    __rtentry2.o(.ARM.Collect$$rtentry$$0000000D) refers to spaceinvaders.o(i.main) for main
    __rtentry2.o(.ARM.Collect$$rtentry$$0000000D) refers to exit.o(.text) for exit
    __rtentry2.o(.ARM.exidx) refers to __rtentry2.o(.ARM.Collect$$rtentry$$00000001) for .ARM.Collect$$rtentry$$00000001
    __rtentry2.o(.ARM.exidx) refers to __rtentry2.o(.ARM.Collect$$rtentry$$00000008) for .ARM.Collect$$rtentry$$00000008
    __rtentry2.o(.ARM.exidx) refers to __rtentry2.o(.ARM.Collect$$rtentry$$0000000A) for .ARM.Collect$$rtentry$$0000000A
    __rtentry2.o(.ARM.exidx) refers to __rtentry2.o(.ARM.Collect$$rtentry$$0000000B) for .ARM.Collect$$rtentry$$0000000B
    __rtentry2.o(.ARM.exidx) refers to __rtentry2.o(.ARM.Collect$$rtentry$$0000000D) for .ARM.Collect$$rtentry$$0000000D
    __rtentry4.o(.ARM.Collect$$rtentry$$00000004) refers to sys_stackheap_outer.o(.text) for __user_setup_stackheap
    __rtentry4.o(.ARM.exidx) refers to __rtentry4.o(.ARM.Collect$$rtentry$$00000004) for .ARM.Collect$$rtentry$$00000004
    sys_stackheap_outer.o(.text) refers to libspace.o(.text) for __user_perproc_libspace
    sys_stackheap_outer.o(.text) refers to startup.o(.text) for __user_initial_stackheap
    exit.o(.text) refers to rtexit.o(.ARM.Collect$$rtexit$$00000000) for __rt_exit
    libinit.o(.ARM.Collect$$libinit$$00000000) refers (Special) to libinit2.o(.ARM.Collect$$libinit$$0000002E) for __rt_lib_init_alloca_1
    libinit.o(.ARM.Collect$$libinit$$00000000) refers (Special) to libinit2.o(.ARM.Collect$$libinit$$0000002C) for __rt_lib_init_argv_1
    libinit.o(.ARM.Collect$$libinit$$00000000) refers (Special) to libinit2.o(.ARM.Collect$$libinit$$0000001B) for __rt_lib_init_atexit_1
    libinit.o(.ARM.Collect$$libinit$$00000000) refers (Special) to libinit2.o(.ARM.Collect$$libinit$$00000021) for __rt_lib_init_clock_1
    libinit.o(.ARM.Collect$$libinit$$00000000) refers (Special) to libinit2.o(.ARM.Collect$$libinit$$00000032) for __rt_lib_init_cpp_1
    libinit.o(.ARM.Collect$$libinit$$00000000) refers (Special) to libinit2.o(.ARM.Collect$$libinit$$00000030) for __rt_lib_init_exceptions_1
    libinit.o(.ARM.Collect$$libinit$$00000000) refers (Special) to libinit2.o(.ARM.Collect$$libinit$$00000002) for __rt_lib_init_fp_1
    libinit.o(.ARM.Collect$$libinit$$00000000) refers (Special) to libinit2.o(.ARM.Collect$$libinit$$0000001F) for __rt_lib_init_fp_trap_1
    libinit.o(.ARM.Collect$$libinit$$00000000) refers (Special) to libinit2.o(.ARM.Collect$$libinit$$00000023) for __rt_lib_init_getenv_1
    libinit.o(.ARM.Collect$$libinit$$00000000) refers (Special) to libinit2.o(.ARM.Collect$$libinit$$0000000A) for __rt_lib_init_heap_1
    libinit.o(.ARM.Collect$$libinit$$00000000) refers (Special) to libinit2.o(.ARM.Collect$$libinit$$00000011) for __rt_lib_init_lc_collate_1
    libinit.o(.ARM.Collect$$libinit$$00000000) refers (Special) to libinit2.o(.ARM.Collect$$libinit$$00000013) for __rt_lib_init_lc_ctype_1
    libinit.o(.ARM.Collect$$libinit$$00000000) refers (Special) to libinit2.o(.ARM.Collect$$libinit$$00000015) for __rt_lib_init_lc_monetary_1
    libinit.o(.ARM.Collect$$libinit$$00000000) refers (Special) to libinit2.o(.ARM.Collect$$libinit$$00000017) for __rt_lib_init_lc_numeric_1
    libinit.o(.ARM.Collect$$libinit$$00000000) refers (Special) to libinit2.o(.ARM.Collect$$libinit$$00000019) for __rt_lib_init_lc_time_1
    libinit.o(.ARM.Collect$$libinit$$00000000) refers (Special) to libinit2.o(.ARM.Collect$$libinit$$00000004) for __rt_lib_init_preinit_1
    libinit.o(.ARM.Collect$$libinit$$00000000) refers (Special) to libinit2.o(.ARM.Collect$$libinit$$0000000E) for __rt_lib_init_rand_1
    libinit.o(.ARM.Collect$$libinit$$00000000) refers (Special) to libinit2.o(.ARM.Collect$$libinit$$00000033) for __rt_lib_init_return
    libinit.o(.ARM.Collect$$libinit$$00000000) refers (Special) to libinit2.o(.ARM.Collect$$libinit$$0000001D) for __rt_lib_init_signal_1
    libinit.o(.ARM.Collect$$libinit$$00000000) refers (Special) to libinit2.o(.ARM.Collect$$libinit$$00000025) for __rt_lib_init_stdio_1
    libinit.o(.ARM.Collect$$libinit$$00000000) refers (Special) to libinit2.o(.ARM.Collect$$libinit$$0000000C) for __rt_lib_init_user_alloc_1
    libspace.o(.text) refers to libspace.o(.bss) for __libspace_start
    rtexit.o(.ARM.Collect$$rtexit$$00000000) refers (Special) to rtexit2.o(.ARM.Collect$$rtexit$$00000004) for __rt_exit_exit
    rtexit.o(.ARM.Collect$$rtexit$$00000000) refers (Special) to rtexit2.o(.ARM.Collect$$rtexit$$00000003) for __rt_exit_ls
    rtexit.o(.ARM.Collect$$rtexit$$00000000) refers (Special) to rtexit2.o(.ARM.Collect$$rtexit$$00000002) for __rt_exit_prels_1
    rtexit.o(.ARM.exidx) refers (Special) to rtexit2.o(.ARM.Collect$$rtexit$$00000004) for __rt_exit_exit
    rtexit.o(.ARM.exidx) refers (Special) to rtexit2.o(.ARM.Collect$$rtexit$$00000003) for __rt_exit_ls
    rtexit.o(.ARM.exidx) refers (Special) to rtexit2.o(.ARM.Collect$$rtexit$$00000002) for __rt_exit_prels_1
    rtexit.o(.ARM.exidx) refers to rtexit.o(.ARM.Collect$$rtexit$$00000000) for .ARM.Collect$$rtexit$$00000000
    libinit2.o(.ARM.Collect$$libinit$$00000010) refers to libinit2.o(.ARM.Collect$$libinit$$0000000F) for .ARM.Collect$$libinit$$0000000F
    libinit2.o(.ARM.Collect$$libinit$$00000012) refers to libinit2.o(.ARM.Collect$$libinit$$0000000F) for .ARM.Collect$$libinit$$0000000F
    libinit2.o(.ARM.Collect$$libinit$$00000014) refers to libinit2.o(.ARM.Collect$$libinit$$0000000F) for .ARM.Collect$$libinit$$0000000F
    libinit2.o(.ARM.Collect$$libinit$$00000016) refers to libinit2.o(.ARM.Collect$$libinit$$0000000F) for .ARM.Collect$$libinit$$0000000F
    libinit2.o(.ARM.Collect$$libinit$$00000018) refers to libinit2.o(.ARM.Collect$$libinit$$0000000F) for .ARM.Collect$$libinit$$0000000F
    libinit2.o(.ARM.Collect$$libinit$$00000026) refers to argv_veneer.o(.emb_text) for __ARM_argv_veneer
    libinit2.o(.ARM.Collect$$libinit$$00000027) refers to argv_veneer.o(.emb_text) for __ARM_argv_veneer
    rtexit2.o(.ARM.Collect$$rtexit$$00000003) refers to libshutdown.o(.ARM.Collect$$libshutdown$$00000000) for __rt_lib_shutdown
    rtexit2.o(.ARM.Collect$$rtexit$$00000004) refers to sys_exit.o(.text) for _sys_exit
    rtexit2.o(.ARM.exidx) refers to rtexit2.o(.ARM.Collect$$rtexit$$00000001) for .ARM.Collect$$rtexit$$00000001
    rtexit2.o(.ARM.exidx) refers to rtexit2.o(.ARM.Collect$$rtexit$$00000003) for .ARM.Collect$$rtexit$$00000003
    rtexit2.o(.ARM.exidx) refers to rtexit2.o(.ARM.Collect$$rtexit$$00000004) for .ARM.Collect$$rtexit$$00000004
    argv_veneer.o(.emb_text) refers to no_argv.o(.text) for __ARM_get_argv
    sys_exit.o(.text) refers (Special) to use_no_semi.o(.text) for __I$use$semihosting
    sys_exit.o(.text) refers (Special) to indicate_semi.o(.text) for __semihosting_library_function
    _get_argv_nomalloc.o(.text) refers (Special) to hrguard.o(.text) for __heap_region$guard
    _get_argv_nomalloc.o(.text) refers to defsig_rtmem_outer.o(.text) for __rt_SIGRTMEM
    _get_argv_nomalloc.o(.text) refers to sys_command.o(.text) for _sys_command_string
    libshutdown.o(.ARM.Collect$$libshutdown$$00000000) refers (Special) to libshutdown2.o(.ARM.Collect$$libshutdown$$00000002) for __rt_lib_shutdown_cpp_1
    libshutdown.o(.ARM.Collect$$libshutdown$$00000000) refers (Special) to libshutdown2.o(.ARM.Collect$$libshutdown$$00000007) for __rt_lib_shutdown_fp_trap_1
    libshutdown.o(.ARM.Collect$$libshutdown$$00000000) refers (Special) to libshutdown2.o(.ARM.Collect$$libshutdown$$0000000F) for __rt_lib_shutdown_heap_1
    libshutdown.o(.ARM.Collect$$libshutdown$$00000000) refers (Special) to libshutdown2.o(.ARM.Collect$$libshutdown$$00000010) for __rt_lib_shutdown_return
    libshutdown.o(.ARM.Collect$$libshutdown$$00000000) refers (Special) to libshutdown2.o(.ARM.Collect$$libshutdown$$0000000A) for __rt_lib_shutdown_signal_1
    libshutdown.o(.ARM.Collect$$libshutdown$$00000000) refers (Special) to libshutdown2.o(.ARM.Collect$$libshutdown$$00000004) for __rt_lib_shutdown_stdio_1
    libshutdown.o(.ARM.Collect$$libshutdown$$00000000) refers (Special) to libshutdown2.o(.ARM.Collect$$libshutdown$$0000000C) for __rt_lib_shutdown_user_alloc_1
    sys_command.o(.text) refers (Special) to use_no_semi.o(.text) for __I$use$semihosting
    sys_command.o(.text) refers (Special) to indicate_semi.o(.text) for __semihosting_library_function
    defsig_rtmem_outer.o(.text) refers to defsig_rtmem_inner.o(.text) for __rt_SIGRTMEM_inner
    defsig_rtmem_outer.o(.text) refers to defsig_exit.o(.text) for __sig_exit
    defsig_rtmem_formal.o(.text) refers to rt_raise.o(.text) for __rt_raise
    rt_raise.o(.text) refers to __raise.o(.text) for __raise
    rt_raise.o(.text) refers to sys_exit.o(.text) for _sys_exit
    defsig_exit.o(.text) refers to sys_exit.o(.text) for _sys_exit
    defsig_rtmem_inner.o(.text) refers to defsig_general.o(.text) for __default_signal_display
    __raise.o(.text) refers to defsig.o(CL$$defsig) for __default_signal_handler
    defsig_general.o(.text) refers to sys_wrch.o(.text) for _ttywrch
    sys_wrch.o(.text) refers (Special) to use_no_semi.o(.text) for __I$use$semihosting
    sys_wrch.o(.text) refers (Special) to indicate_semi.o(.text) for __semihosting_library_function
    defsig.o(CL$$defsig) refers to defsig_rtmem_inner.o(.text) for __rt_SIGRTMEM_inner
    defsig_abrt_inner.o(.text) refers to defsig_general.o(.text) for __default_signal_display
    defsig_fpe_inner.o(.text) refers to defsig_general.o(.text) for __default_signal_display
    defsig_rtred_inner.o(.text) refers to defsig_general.o(.text) for __default_signal_display
    defsig_stak_inner.o(.text) refers to defsig_general.o(.text) for __default_signal_display
    defsig_pvfn_inner.o(.text) refers to defsig_general.o(.text) for __default_signal_display
    defsig_cppl_inner.o(.text) refers to defsig_general.o(.text) for __default_signal_display
    defsig_segv_inner.o(.text) refers to defsig_general.o(.text) for __default_signal_display
    defsig_other.o(.text) refers to defsig_general.o(.text) for __default_signal_display


==============================================================================

Removing Unused input sections from the image.

    Removing st7735.o(i.Output_Clear), (10 bytes).
    Removing st7735.o(i.Output_Color), (12 bytes).
    Removing st7735.o(i.Output_Off), (8 bytes).
    Removing st7735.o(i.Output_On), (8 bytes).
    Removing st7735.o(i.ST7735_Color565), (24 bytes).
    Removing st7735.o(i.ST7735_DrawChar), (272 bytes).
    Removing st7735.o(i.ST7735_DrawFastHLine), (124 bytes).
    Removing st7735.o(i.ST7735_DrawFastVLine), (124 bytes).
    Removing st7735.o(i.ST7735_InitB), (36 bytes).
    Removing st7735.o(i.ST7735_InvertDisplay), (22 bytes).
    Removing st7735.o(i.ST7735_OutUDec), (140 bytes).
    Removing st7735.o(i.ST7735_PlotBar), (88 bytes).
    Removing st7735.o(i.ST7735_PlotClear), (92 bytes).
    Removing st7735.o(i.ST7735_PlotLine), (264 bytes).
    Removing st7735.o(i.ST7735_PlotNext), (32 bytes).
    Removing st7735.o(i.ST7735_PlotNextErase), (64 bytes).
    Removing st7735.o(i.ST7735_PlotPoint), (152 bytes).
    Removing st7735.o(i.ST7735_PlotPoints), (172 bytes).
    Removing st7735.o(i.ST7735_PlotdBfs), (60 bytes).
    Removing st7735.o(i.ST7735_SetRotation), (212 bytes).
    Removing st7735.o(i.ST7735_SwapColor), (18 bytes).
    Removing st7735.o(i.ferror), (8 bytes).
    Removing st7735.o(i.fgetc), (6 bytes).
    Removing st7735.o(i.fillmessage), (72 bytes).
    Removing st7735.o(i.fputc), (16 bytes).
    Removing st7735.o(.bss), (12 bytes).
    Removing dac.o(i.DAC_Init), (72 bytes).
    Removing dac.o(i.DAC_Out), (12 bytes).
    Removing adc.o(i.ADC_In), (44 bytes).
    Removing adc.o(i.ADC_Init), (212 bytes).
    Removing timer0.o(i.Timer0_Init), (96 bytes).
    Removing timer1.o(i.Timer1_Init), (96 bytes).
    Removing sound.o(i.Sound_Alarm), (20 bytes).
    Removing sound.o(i.Sound_Buzz), (20 bytes).
    Removing sound.o(i.Sound_Highpitch), (20 bytes).
    Removing sound.o(i.Sound_Init), (32 bytes).
    Removing sound.o(i.Sound_Laser), (20 bytes).
    Removing sound.o(i.Sound_Play), (32 bytes).
    Removing sound.o(i.Sound_Rumble), (20 bytes).
    Removing sound.o(i.Sound_Stomp), (20 bytes).
    Removing sound.o(i.Sound_Task), (64 bytes).
    Removing sound.o(i.sound_main), (8 bytes).
    Removing sound.o(.constdata), (45811 bytes).
    Removing sound.o(.data), (8 bytes).
    Removing print.o(.text), (384 bytes).
    Removing spaceinvaders.o(i.PrintWinLoseScreen), (104 bytes).
    Removing spaceinvaders.o(i.main1), (140 bytes).
    Removing spaceinvaders.o(.conststring), (78 bytes).
    Removing systeminfo.o(.constdata), (10 bytes).
    Removing systeminfo.o(.data), (4 bytes).
    Removing battle.o(i.InitMoves), (336 bytes).
    Removing battle.o(.bss), (2400 bytes).
    Removing battle.o(.constdata), (124 bytes).
    Removing battle.o(.conststring), (243 bytes).
    Removing draw.o(i.Delay100ms), (36 bytes).
    Removing draw.o(i.Delay10ms), (36 bytes).
    Removing draw.o(i.DrawGridFill), (52 bytes).
    Removing draw.o(i.DrawSpriteInstSelection), (52 bytes).
    Removing draw.o(i.DrawSpriteSelection), (52 bytes).
    Removing draw.o(i.GetGridX), (28 bytes).
    Removing draw.o(i.GetGridY), (28 bytes).
    Removing drawscreen.o(i.DrawBattleInventory), (916 bytes).
    Removing drawscreen.o(i.DrawBattleScreen), (1256 bytes).
    Removing drawscreen.o(i.DrawLanguageSelection), (228 bytes).
    Removing drawscreen.o(i.DrawMoveCommands), (1394 bytes).
    Removing drawscreen.o(i.DrawTitleScreen), (400 bytes).
    Removing drawscreen.o(i.DrawWorld), (796 bytes).
    Removing drawscreen.o(i.InitPokemon), (532 bytes).
    Removing drawscreen.o(.bss), (564 bytes).
    Removing drawscreen.o(.constdata), (612 bytes).
    Removing drawscreen.o(.conststring), (52 bytes).
    Removing field.o(i.ClearScreenGrid), (24 bytes).
    Removing field.o(i.DrawField), (440 bytes).
    Removing field.o(i.GetFieldGrid), (20 bytes).
    Removing field.o(i.InitBackgroundTypes), (72 bytes).
    Removing field.o(i.InitFieldArray), (2 bytes).
    Removing field.o(i.IsWalkable), (36 bytes).
    Removing field.o(i.SetFieldGrid), (20 bytes).
    Removing player.o(i.DrinkBoba), (16 bytes).
    Removing player.o(i.LoseBattle), (16 bytes).
    Removing player.o(i.MoveDown), (52 bytes).
    Removing player.o(i.MoveLeft), (56 bytes).
    Removing player.o(i.MoveRight), (56 bytes).
    Removing player.o(i.MoveUp), (52 bytes).
    Removing player.o(.bss), (152 bytes).
    Removing player.o(.constdata), (88 bytes).
    Removing player.o(.data), (4 bytes).
    Removing shop.o(i.DrawShopScreen), (972 bytes).
    Removing shop.o(i.InitShop), (368 bytes).
    Removing shop.o(.bss), (84 bytes).
    Removing shop.o(.constdata), (204 bytes).
    Removing shop.o(.conststring), (73 bytes).
    Removing adc_joystick.o(i.SysTick_Init), (28 bytes).
    Removing adc_joystick.o(i.getJoystickX), (40 bytes).
    Removing adc_joystick.o(i.getJoystickY), (40 bytes).
    Removing adc_joystick.o(i.isPE2Pressed), (48 bytes).
    Removing adc_joystick.o(i.isPE3Pressed), (48 bytes).
    Removing imagesother.o(.constdata), (14208 bytes).
    Removing textsprites.o(.constdata), (6144 bytes).
    Removing imagespokemon2.o(.constdata), (32000 bytes).

126 unused section(s) (total 75761 bytes) removed from the image.

==============================================================================

Image Symbol Table

    Local Symbols

    Symbol Name                              Value     Ov Type        Size  Object(Section)

    RESET                                    0x00000000   Section      644  startup.o(RESET)
    ../clib/angel/boardlib.s                 0x00000000   Number         0  boardinit2.o ABSOLUTE
    ../clib/angel/boardlib.s                 0x00000000   Number         0  boardshut.o ABSOLUTE
    ../clib/angel/boardlib.s                 0x00000000   Number         0  boardinit1.o ABSOLUTE
    ../clib/angel/boardlib.s                 0x00000000   Number         0  boardinit3.o ABSOLUTE
    ../clib/angel/dclz77c.s                  0x00000000   Number         0  __dclz77c.o ABSOLUTE
    ../clib/angel/handlers.s                 0x00000000   Number         0  __scatter_zi.o ABSOLUTE
    ../clib/angel/kernel.s                   0x00000000   Number         0  rtexit.o ABSOLUTE
    ../clib/angel/kernel.s                   0x00000000   Number         0  rtexit2.o ABSOLUTE
    ../clib/angel/kernel.s                   0x00000000   Number         0  __rtentry.o ABSOLUTE
    ../clib/angel/kernel.s                   0x00000000   Number         0  __rtentry2.o ABSOLUTE
    ../clib/angel/kernel.s                   0x00000000   Number         0  __rtentry4.o ABSOLUTE
    ../clib/angel/rt.s                       0x00000000   Number         0  rt_raise.o ABSOLUTE
    ../clib/angel/scatter.s                  0x00000000   Number         0  __scatter.o ABSOLUTE
    ../clib/angel/startup.s                  0x00000000   Number         0  __main.o ABSOLUTE
    ../clib/angel/sys.s                      0x00000000   Number         0  libspace.o ABSOLUTE
    ../clib/angel/sys.s                      0x00000000   Number         0  sys_stackheap_outer.o ABSOLUTE
    ../clib/angel/sys.s                      0x00000000   Number         0  indicate_semi.o ABSOLUTE
    ../clib/angel/sys.s                      0x00000000   Number         0  use_no_semi.o ABSOLUTE
    ../clib/angel/sysapp.c                   0x00000000   Number         0  sys_wrch.o ABSOLUTE
    ../clib/angel/sysapp.c                   0x00000000   Number         0  sys_command.o ABSOLUTE
    ../clib/angel/sysapp.c                   0x00000000   Number         0  sys_exit.o ABSOLUTE
    ../clib/armsys.c                         0x00000000   Number         0  argv_veneer.o ABSOLUTE
    ../clib/armsys.c                         0x00000000   Number         0  argv_veneer.o ABSOLUTE
    ../clib/armsys.c                         0x00000000   Number         0  no_argv.o ABSOLUTE
    ../clib/armsys.c                         0x00000000   Number         0  _get_argv_nomalloc.o ABSOLUTE
    ../clib/heapalloc.c                      0x00000000   Number         0  hrguard.o ABSOLUTE
    ../clib/heapaux.c                        0x00000000   Number         0  heapauxi.o ABSOLUTE
    ../clib/libinit.s                        0x00000000   Number         0  libinit2.o ABSOLUTE
    ../clib/libinit.s                        0x00000000   Number         0  libshutdown.o ABSOLUTE
    ../clib/libinit.s                        0x00000000   Number         0  libinit.o ABSOLUTE
    ../clib/libinit.s                        0x00000000   Number         0  libshutdown2.o ABSOLUTE
    ../clib/memcpset.s                       0x00000000   Number         0  rt_memclr_w.o ABSOLUTE
    ../clib/memcpset.s                       0x00000000   Number         0  rt_memcpy_w.o ABSOLUTE
    ../clib/signal.c                         0x00000000   Number         0  defsig_general.o ABSOLUTE
    ../clib/signal.c                         0x00000000   Number         0  defsig_rtred_inner.o ABSOLUTE
    ../clib/signal.c                         0x00000000   Number         0  defsig_fpe_inner.o ABSOLUTE
    ../clib/signal.c                         0x00000000   Number         0  defsig_exit.o ABSOLUTE
    ../clib/signal.c                         0x00000000   Number         0  defsig_rtmem_formal.o ABSOLUTE
    ../clib/signal.c                         0x00000000   Number         0  defsig_abrt_inner.o ABSOLUTE
    ../clib/signal.c                         0x00000000   Number         0  __raise.o ABSOLUTE
    ../clib/signal.c                         0x00000000   Number         0  defsig_rtmem_outer.o ABSOLUTE
    ../clib/signal.c                         0x00000000   Number         0  defsig_rtmem_inner.o ABSOLUTE
    ../clib/signal.c                         0x00000000   Number         0  defsig_other.o ABSOLUTE
    ../clib/signal.c                         0x00000000   Number         0  defsig_segv_inner.o ABSOLUTE
    ../clib/signal.c                         0x00000000   Number         0  defsig_cppl_inner.o ABSOLUTE
    ../clib/signal.c                         0x00000000   Number         0  defsig_pvfn_inner.o ABSOLUTE
    ../clib/signal.c                         0x00000000   Number         0  defsig_stak_inner.o ABSOLUTE
    ../clib/signal.s                         0x00000000   Number         0  defsig.o ABSOLUTE
    ../clib/stdlib.c                         0x00000000   Number         0  exit.o ABSOLUTE
    ../fplib/fpinit.s                        0x00000000   Number         0  fpinit.o ABSOLUTE
    ADC.c                                    0x00000000   Number         0  adc.o ABSOLUTE
    ADC_Joystick.c                           0x00000000   Number         0  adc_joystick.o ABSOLUTE
    Battle.c                                 0x00000000   Number         0  battle.o ABSOLUTE
    DAC.c                                    0x00000000   Number         0  dac.o ABSOLUTE
    Draw.c                                   0x00000000   Number         0  draw.o ABSOLUTE
    DrawScreen.c                             0x00000000   Number         0  drawscreen.o ABSOLUTE
    Field.c                                  0x00000000   Number         0  field.o ABSOLUTE
    ImagesOther.c                            0x00000000   Number         0  imagesother.o ABSOLUTE
    ImagesPokemon2.c                         0x00000000   Number         0  imagespokemon2.o ABSOLUTE
    LCD.s                                    0x00000000   Number         0  lcd.o ABSOLUTE
    PLL.c                                    0x00000000   Number         0  pll.o ABSOLUTE
    Player.c                                 0x00000000   Number         0  player.o ABSOLUTE
    PokemonType.c                            0x00000000   Number         0  pokemontype.o ABSOLUTE
    Print.s                                  0x00000000   Number         0  print.o ABSOLUTE
    ST7735.c                                 0x00000000   Number         0  st7735.o ABSOLUTE
    Shop.c                                   0x00000000   Number         0  shop.o ABSOLUTE
    Sound.c                                  0x00000000   Number         0  sound.o ABSOLUTE
    SpaceInvaders.c                          0x00000000   Number         0  spaceinvaders.o ABSOLUTE
    SystemInfo.c                             0x00000000   Number         0  systeminfo.o ABSOLUTE
    TextSprites.c                            0x00000000   Number         0  textsprites.o ABSOLUTE
    Timer0.c                                 0x00000000   Number         0  timer0.o ABSOLUTE
    Timer1.c                                 0x00000000   Number         0  timer1.o ABSOLUTE
    dc.s                                     0x00000000   Number         0  dc.o ABSOLUTE
    random.s                                 0x00000000   Number         0  random.o ABSOLUTE
    startup.s                                0x00000000   Number         0  startup.o ABSOLUTE
    !!!main                                  0x00000284   Section        8  __main.o(!!!main)
    !!!scatter                               0x0000028c   Section       52  __scatter.o(!!!scatter)
    !!handler_copy                           0x000002c0   Section       26  __scatter_copy.o(!!handler_copy)
    !!handler_zi                             0x000002dc   Section       28  __scatter_zi.o(!!handler_zi)
    .ARM.Collect$$libinit$$00000000          0x000002f8   Section        2  libinit.o(.ARM.Collect$$libinit$$00000000)
    .ARM.Collect$$libinit$$00000002          0x000002fa   Section        0  libinit2.o(.ARM.Collect$$libinit$$00000002)
    .ARM.Collect$$libinit$$00000004          0x000002fa   Section        0  libinit2.o(.ARM.Collect$$libinit$$00000004)
    .ARM.Collect$$libinit$$0000000A          0x000002fa   Section        0  libinit2.o(.ARM.Collect$$libinit$$0000000A)
    .ARM.Collect$$libinit$$0000000C          0x000002fa   Section        0  libinit2.o(.ARM.Collect$$libinit$$0000000C)
    .ARM.Collect$$libinit$$0000000E          0x000002fa   Section        0  libinit2.o(.ARM.Collect$$libinit$$0000000E)
    .ARM.Collect$$libinit$$00000011          0x000002fa   Section        0  libinit2.o(.ARM.Collect$$libinit$$00000011)
    .ARM.Collect$$libinit$$00000013          0x000002fa   Section        0  libinit2.o(.ARM.Collect$$libinit$$00000013)
    .ARM.Collect$$libinit$$00000015          0x000002fa   Section        0  libinit2.o(.ARM.Collect$$libinit$$00000015)
    .ARM.Collect$$libinit$$00000017          0x000002fa   Section        0  libinit2.o(.ARM.Collect$$libinit$$00000017)
    .ARM.Collect$$libinit$$00000019          0x000002fa   Section        0  libinit2.o(.ARM.Collect$$libinit$$00000019)
    .ARM.Collect$$libinit$$0000001B          0x000002fa   Section        0  libinit2.o(.ARM.Collect$$libinit$$0000001B)
    .ARM.Collect$$libinit$$0000001D          0x000002fa   Section        0  libinit2.o(.ARM.Collect$$libinit$$0000001D)
    .ARM.Collect$$libinit$$0000001F          0x000002fa   Section        0  libinit2.o(.ARM.Collect$$libinit$$0000001F)
    .ARM.Collect$$libinit$$00000021          0x000002fa   Section        0  libinit2.o(.ARM.Collect$$libinit$$00000021)
    .ARM.Collect$$libinit$$00000023          0x000002fa   Section        0  libinit2.o(.ARM.Collect$$libinit$$00000023)
    .ARM.Collect$$libinit$$00000025          0x000002fa   Section        0  libinit2.o(.ARM.Collect$$libinit$$00000025)
    .ARM.Collect$$libinit$$0000002C          0x000002fa   Section        0  libinit2.o(.ARM.Collect$$libinit$$0000002C)
    .ARM.Collect$$libinit$$0000002E          0x000002fa   Section        0  libinit2.o(.ARM.Collect$$libinit$$0000002E)
    .ARM.Collect$$libinit$$00000030          0x000002fa   Section        0  libinit2.o(.ARM.Collect$$libinit$$00000030)
    .ARM.Collect$$libinit$$00000032          0x000002fa   Section        0  libinit2.o(.ARM.Collect$$libinit$$00000032)
    .ARM.Collect$$libinit$$00000033          0x000002fa   Section        2  libinit2.o(.ARM.Collect$$libinit$$00000033)
    .ARM.Collect$$libshutdown$$00000000      0x000002fc   Section        2  libshutdown.o(.ARM.Collect$$libshutdown$$00000000)
    .ARM.Collect$$libshutdown$$00000002      0x000002fe   Section        0  libshutdown2.o(.ARM.Collect$$libshutdown$$00000002)
    .ARM.Collect$$libshutdown$$00000004      0x000002fe   Section        0  libshutdown2.o(.ARM.Collect$$libshutdown$$00000004)
    .ARM.Collect$$libshutdown$$00000007      0x000002fe   Section        0  libshutdown2.o(.ARM.Collect$$libshutdown$$00000007)
    .ARM.Collect$$libshutdown$$0000000A      0x000002fe   Section        0  libshutdown2.o(.ARM.Collect$$libshutdown$$0000000A)
    .ARM.Collect$$libshutdown$$0000000C      0x000002fe   Section        0  libshutdown2.o(.ARM.Collect$$libshutdown$$0000000C)
    .ARM.Collect$$libshutdown$$0000000F      0x000002fe   Section        0  libshutdown2.o(.ARM.Collect$$libshutdown$$0000000F)
    .ARM.Collect$$libshutdown$$00000010      0x000002fe   Section        2  libshutdown2.o(.ARM.Collect$$libshutdown$$00000010)
    .ARM.Collect$$rtentry$$00000000          0x00000300   Section        0  __rtentry.o(.ARM.Collect$$rtentry$$00000000)
    .ARM.Collect$$rtentry$$00000002          0x00000300   Section        0  __rtentry2.o(.ARM.Collect$$rtentry$$00000002)
    .ARM.Collect$$rtentry$$00000004          0x00000300   Section        6  __rtentry4.o(.ARM.Collect$$rtentry$$00000004)
    .ARM.Collect$$rtentry$$00000009          0x00000306   Section        0  __rtentry2.o(.ARM.Collect$$rtentry$$00000009)
    .ARM.Collect$$rtentry$$0000000A          0x00000306   Section        4  __rtentry2.o(.ARM.Collect$$rtentry$$0000000A)
    .ARM.Collect$$rtentry$$0000000C          0x0000030a   Section        0  __rtentry2.o(.ARM.Collect$$rtentry$$0000000C)
    .ARM.Collect$$rtentry$$0000000D          0x0000030a   Section        8  __rtentry2.o(.ARM.Collect$$rtentry$$0000000D)
    .ARM.Collect$$rtexit$$00000000           0x00000312   Section        2  rtexit.o(.ARM.Collect$$rtexit$$00000000)
    .ARM.Collect$$rtexit$$00000002           0x00000314   Section        0  rtexit2.o(.ARM.Collect$$rtexit$$00000002)
    .ARM.Collect$$rtexit$$00000003           0x00000314   Section        4  rtexit2.o(.ARM.Collect$$rtexit$$00000003)
    .ARM.Collect$$rtexit$$00000004           0x00000318   Section        6  rtexit2.o(.ARM.Collect$$rtexit$$00000004)
    .text                                    0x00000320   Section       48  startup.o(.text)
    .text                                    0x00000350   Section        0  heapauxi.o(.text)
    .text                                    0x00000356   Section       74  sys_stackheap_outer.o(.text)
    .text                                    0x000003a0   Section        0  exit.o(.text)
    .text                                    0x000003b4   Section        8  libspace.o(.text)
    .text                                    0x000003bc   Section        0  sys_exit.o(.text)
    .text                                    0x000003c8   Section        2  use_no_semi.o(.text)
    .text                                    0x000003ca   Section        0  indicate_semi.o(.text)
    i.ADC_In89                               0x000003cc   Section        0  adc_joystick.o(i.ADC_In89)
    i.ADC_Init89                             0x00000404   Section        0  adc_joystick.o(i.ADC_Init89)
    i.DAC_Init                               0x00000528   Section        0  dac.o(i.DAC_Init)
    i.DAC_Out                                0x00000570   Section        0  dac.o(i.DAC_Out)
    i.PLL_Init                               0x0000057c   Section        0  pll.o(i.PLL_Init)
    i.Sound_Highpitch                        0x000005f8   Section        0  sound.o(i.Sound_Highpitch)
    i.Sound_Init                             0x0000060c   Section        0  sound.o(i.Sound_Init)
    i.Sound_Play                             0x0000062c   Section        0  sound.o(i.Sound_Play)
    i.Sound_Task                             0x0000064c   Section        0  sound.o(i.Sound_Task)
    i.SysTick_Handler                        0x0000068c   Section        0  adc_joystick.o(i.SysTick_Handler)
    i.Timer0A_Handler                        0x000006a4   Section        0  timer0.o(i.Timer0A_Handler)
    i.Timer0_Init                            0x000006bc   Section        0  timer0.o(i.Timer0_Init)
    i.Timer1A_Handler                        0x0000071c   Section        0  timer1.o(i.Timer1A_Handler)
    i.main                                   0x00000734   Section        0  spaceinvaders.o(i.main)
    .constdata                               0x00000752   Section    45811  sound.o(.constdata)
    .data                                    0x20000000   Section        4  timer0.o(.data)
    .data                                    0x20000004   Section        4  timer1.o(.data)
    .data                                    0x20000008   Section        8  sound.o(.data)
    .data                                    0x20000010   Section        2  spaceinvaders.o(.data)
    .data                                    0x20000014   Section       10  adc_joystick.o(.data)
    .bss                                     0x20000020   Section       96  libspace.o(.bss)
    HEAP                                     0x20000080   Section        0  startup.o(HEAP)
    STACK                                    0x20000080   Section     1024  startup.o(STACK)
    HeapMem                                  0x20000080   Data           0  startup.o(HEAP)
    StackMem                                 0x20000080   Data           0  startup.o(STACK)

    Global Symbols

    Symbol Name                              Value     Ov Type        Size  Object(Section)

    BuildAttributes$$THM_ISAv4$E$P$D$K$B$S$7EM$PE$A:L22UL41UL21$X:L11$S22US41US21$IEEE1$IW$USESV6$~STKCKD$USESV7$~SHL$OSPACE$ROPI$EBA8$UX$STANDARDLIB$REQ8$PRES8$EABIv2 0x00000000   Number         0  anon$$obj.o ABSOLUTE
    __ARM_use_no_argv                        0x00000000   Number         0  spaceinvaders.o ABSOLUTE
    __Vectors                                0x00000000   Data           0  startup.o(RESET)
    __ARM_exceptions_init                     - Undefined Weak Reference
    __alloca_initialize                       - Undefined Weak Reference
    __arm_preinit_                            - Undefined Weak Reference
    __cpp_initialize__aeabi_                  - Undefined Weak Reference
    __cxa_finalize                            - Undefined Weak Reference
    __rt_locale                               - Undefined Weak Reference
    __sigvec_lookup                           - Undefined Weak Reference
    _atexit_init                              - Undefined Weak Reference
    _call_atexit_fns                          - Undefined Weak Reference
    _clock_init                               - Undefined Weak Reference
    _fp_trap_init                             - Undefined Weak Reference
    _fp_trap_shutdown                         - Undefined Weak Reference
    _get_lc_collate                           - Undefined Weak Reference
    _get_lc_ctype                             - Undefined Weak Reference
    _get_lc_monetary                          - Undefined Weak Reference
    _get_lc_numeric                           - Undefined Weak Reference
    _get_lc_time                              - Undefined Weak Reference
    _getenv_init                              - Undefined Weak Reference
    _handle_redirection                       - Undefined Weak Reference
    _init_alloc                               - Undefined Weak Reference
    _init_user_alloc                          - Undefined Weak Reference
    _initio                                   - Undefined Weak Reference
    _rand_init                                - Undefined Weak Reference
    _signal_finish                            - Undefined Weak Reference
    _signal_init                              - Undefined Weak Reference
    _terminate_alloc                          - Undefined Weak Reference
    _terminate_user_alloc                     - Undefined Weak Reference
    _terminateio                              - Undefined Weak Reference
    Reset_Handler                            0x0000026d   Thumb Code     0  startup.o(RESET)
    NMI_Handler                              0x00000271   Thumb Code     2  startup.o(RESET)
    HardFault_Handler                        0x00000273   Thumb Code     2  startup.o(RESET)
    MemManage_Handler                        0x00000275   Thumb Code     2  startup.o(RESET)
    BusFault_Handler                         0x00000277   Thumb Code     2  startup.o(RESET)
    UsageFault_Handler                       0x00000279   Thumb Code     2  startup.o(RESET)
    SVC_Handler                              0x0000027b   Thumb Code     2  startup.o(RESET)
    DebugMon_Handler                         0x0000027d   Thumb Code     2  startup.o(RESET)
    PendSV_Handler                           0x0000027f   Thumb Code     2  startup.o(RESET)
    ADC0Seq0_Handler                         0x00000283   Thumb Code     0  startup.o(RESET)
    ADC0Seq1_Handler                         0x00000283   Thumb Code     0  startup.o(RESET)
    ADC0Seq2_Handler                         0x00000283   Thumb Code     0  startup.o(RESET)
    ADC0Seq3_Handler                         0x00000283   Thumb Code     0  startup.o(RESET)
    ADC1Seq0_Handler                         0x00000283   Thumb Code     0  startup.o(RESET)
    ADC1Seq1_Handler                         0x00000283   Thumb Code     0  startup.o(RESET)
    ADC1Seq2_Handler                         0x00000283   Thumb Code     0  startup.o(RESET)
    ADC1Seq3_Handler                         0x00000283   Thumb Code     0  startup.o(RESET)
    CAN0_Handler                             0x00000283   Thumb Code     0  startup.o(RESET)
    CAN1_Handler                             0x00000283   Thumb Code     0  startup.o(RESET)
    CAN2_Handler                             0x00000283   Thumb Code     0  startup.o(RESET)
    Comp0_Handler                            0x00000283   Thumb Code     0  startup.o(RESET)
    Comp1_Handler                            0x00000283   Thumb Code     0  startup.o(RESET)
    Comp2_Handler                            0x00000283   Thumb Code     0  startup.o(RESET)
    Ethernet_Handler                         0x00000283   Thumb Code     0  startup.o(RESET)
    ExtBus_Handler                           0x00000283   Thumb Code     0  startup.o(RESET)
    FPU_Handler                              0x00000283   Thumb Code     0  startup.o(RESET)
    Fan0_Handler                             0x00000283   Thumb Code     0  startup.o(RESET)
    FlashCtl_Handler                         0x00000283   Thumb Code     0  startup.o(RESET)
    GPIOPortA_Handler                        0x00000283   Thumb Code     0  startup.o(RESET)
    GPIOPortB_Handler                        0x00000283   Thumb Code     0  startup.o(RESET)
    GPIOPortC_Handler                        0x00000283   Thumb Code     0  startup.o(RESET)
    GPIOPortD_Handler                        0x00000283   Thumb Code     0  startup.o(RESET)
    GPIOPortE_Handler                        0x00000283   Thumb Code     0  startup.o(RESET)
    GPIOPortF_Handler                        0x00000283   Thumb Code     0  startup.o(RESET)
    GPIOPortG_Handler                        0x00000283   Thumb Code     0  startup.o(RESET)
    GPIOPortH_Handler                        0x00000283   Thumb Code     0  startup.o(RESET)
    GPIOPortJ_Handler                        0x00000283   Thumb Code     0  startup.o(RESET)
    GPIOPortK_Handler                        0x00000283   Thumb Code     0  startup.o(RESET)
    GPIOPortL_Handler                        0x00000283   Thumb Code     0  startup.o(RESET)
    GPIOPortM_Handler                        0x00000283   Thumb Code     0  startup.o(RESET)
    GPIOPortN_Handler                        0x00000283   Thumb Code     0  startup.o(RESET)
    GPIOPortP1_Handler                       0x00000283   Thumb Code     0  startup.o(RESET)
    GPIOPortP2_Handler                       0x00000283   Thumb Code     0  startup.o(RESET)
    GPIOPortP3_Handler                       0x00000283   Thumb Code     0  startup.o(RESET)
    GPIOPortP4_Handler                       0x00000283   Thumb Code     0  startup.o(RESET)
    GPIOPortP5_Handler                       0x00000283   Thumb Code     0  startup.o(RESET)
    GPIOPortP6_Handler                       0x00000283   Thumb Code     0  startup.o(RESET)
    GPIOPortP7_Handler                       0x00000283   Thumb Code     0  startup.o(RESET)
    GPIOPortP_Handler                        0x00000283   Thumb Code     0  startup.o(RESET)
    GPIOPortQ1_Handler                       0x00000283   Thumb Code     0  startup.o(RESET)
    GPIOPortQ2_Handler                       0x00000283   Thumb Code     0  startup.o(RESET)
    GPIOPortQ3_Handler                       0x00000283   Thumb Code     0  startup.o(RESET)
    GPIOPortQ4_Handler                       0x00000283   Thumb Code     0  startup.o(RESET)
    GPIOPortQ5_Handler                       0x00000283   Thumb Code     0  startup.o(RESET)
    GPIOPortQ6_Handler                       0x00000283   Thumb Code     0  startup.o(RESET)
    GPIOPortQ7_Handler                       0x00000283   Thumb Code     0  startup.o(RESET)
    GPIOPortQ_Handler                        0x00000283   Thumb Code     0  startup.o(RESET)
    GPIOPortR_Handler                        0x00000283   Thumb Code     0  startup.o(RESET)
    GPIOPortS_Handler                        0x00000283   Thumb Code     0  startup.o(RESET)
    Hibernate_Handler                        0x00000283   Thumb Code     0  startup.o(RESET)
    I2C0_Handler                             0x00000283   Thumb Code     0  startup.o(RESET)
    I2C1_Handler                             0x00000283   Thumb Code     0  startup.o(RESET)
    I2C2_Handler                             0x00000283   Thumb Code     0  startup.o(RESET)
    I2C3_Handler                             0x00000283   Thumb Code     0  startup.o(RESET)
    I2C4_Handler                             0x00000283   Thumb Code     0  startup.o(RESET)
    I2C5_Handler                             0x00000283   Thumb Code     0  startup.o(RESET)
    I2S0_Handler                             0x00000283   Thumb Code     0  startup.o(RESET)
    LPC0_Handler                             0x00000283   Thumb Code     0  startup.o(RESET)
    PECI0_Handler                            0x00000283   Thumb Code     0  startup.o(RESET)
    PWM0Fault_Handler                        0x00000283   Thumb Code     0  startup.o(RESET)
    PWM0Generator0_Handler                   0x00000283   Thumb Code     0  startup.o(RESET)
    PWM0Generator1_Handler                   0x00000283   Thumb Code     0  startup.o(RESET)
    PWM0Generator2_Handler                   0x00000283   Thumb Code     0  startup.o(RESET)
    PWM0Generator3_Handler                   0x00000283   Thumb Code     0  startup.o(RESET)
    PWM1Fault_Handler                        0x00000283   Thumb Code     0  startup.o(RESET)
    PWM1Generator0_Handler                   0x00000283   Thumb Code     0  startup.o(RESET)
    PWM1Generator1_Handler                   0x00000283   Thumb Code     0  startup.o(RESET)
    PWM1Generator2_Handler                   0x00000283   Thumb Code     0  startup.o(RESET)
    PWM1Generator3_Handler                   0x00000283   Thumb Code     0  startup.o(RESET)
    Quadrature0_Handler                      0x00000283   Thumb Code     0  startup.o(RESET)
    Quadrature1_Handler                      0x00000283   Thumb Code     0  startup.o(RESET)
    Quadrature2_Handler                      0x00000283   Thumb Code     0  startup.o(RESET)
    SSI0_Handler                             0x00000283   Thumb Code     0  startup.o(RESET)
    SSI1_Handler                             0x00000283   Thumb Code     0  startup.o(RESET)
    SSI2_Handler                             0x00000283   Thumb Code     0  startup.o(RESET)
    SSI3_Handler                             0x00000283   Thumb Code     0  startup.o(RESET)
    SysCtl_Handler                           0x00000283   Thumb Code     0  startup.o(RESET)
    Timer0B_Handler                          0x00000283   Thumb Code     0  startup.o(RESET)
    Timer1B_Handler                          0x00000283   Thumb Code     0  startup.o(RESET)
    Timer2A_Handler                          0x00000283   Thumb Code     0  startup.o(RESET)
    Timer2B_Handler                          0x00000283   Thumb Code     0  startup.o(RESET)
    Timer3A_Handler                          0x00000283   Thumb Code     0  startup.o(RESET)
    Timer3B_Handler                          0x00000283   Thumb Code     0  startup.o(RESET)
    Timer4A_Handler                          0x00000283   Thumb Code     0  startup.o(RESET)
    Timer4B_Handler                          0x00000283   Thumb Code     0  startup.o(RESET)
    Timer5A_Handler                          0x00000283   Thumb Code     0  startup.o(RESET)
    Timer5B_Handler                          0x00000283   Thumb Code     0  startup.o(RESET)
    UART0_Handler                            0x00000283   Thumb Code     0  startup.o(RESET)
    UART1_Handler                            0x00000283   Thumb Code     0  startup.o(RESET)
    UART2_Handler                            0x00000283   Thumb Code     0  startup.o(RESET)
    UART3_Handler                            0x00000283   Thumb Code     0  startup.o(RESET)
    UART4_Handler                            0x00000283   Thumb Code     0  startup.o(RESET)
    UART5_Handler                            0x00000283   Thumb Code     0  startup.o(RESET)
    UART6_Handler                            0x00000283   Thumb Code     0  startup.o(RESET)
    UART7_Handler                            0x00000283   Thumb Code     0  startup.o(RESET)
    USB0_Handler                             0x00000283   Thumb Code     0  startup.o(RESET)
    WDT_Handler                              0x00000283   Thumb Code     0  startup.o(RESET)
    WideTimer0A_Handler                      0x00000283   Thumb Code     0  startup.o(RESET)
    WideTimer0B_Handler                      0x00000283   Thumb Code     0  startup.o(RESET)
    WideTimer1A_Handler                      0x00000283   Thumb Code     0  startup.o(RESET)
    WideTimer1B_Handler                      0x00000283   Thumb Code     0  startup.o(RESET)
    WideTimer2A_Handler                      0x00000283   Thumb Code     0  startup.o(RESET)
    WideTimer2B_Handler                      0x00000283   Thumb Code     0  startup.o(RESET)
    WideTimer3A_Handler                      0x00000283   Thumb Code     0  startup.o(RESET)
    WideTimer3B_Handler                      0x00000283   Thumb Code     0  startup.o(RESET)
    WideTimer4A_Handler                      0x00000283   Thumb Code     0  startup.o(RESET)
    WideTimer4B_Handler                      0x00000283   Thumb Code     0  startup.o(RESET)
    WideTimer5A_Handler                      0x00000283   Thumb Code     0  startup.o(RESET)
    WideTimer5B_Handler                      0x00000283   Thumb Code     0  startup.o(RESET)
    uDMA_Error                               0x00000283   Thumb Code     0  startup.o(RESET)
    uDMA_Handler                             0x00000283   Thumb Code     0  startup.o(RESET)
    __main                                   0x00000285   Thumb Code     8  __main.o(!!!main)
    __scatterload                            0x0000028d   Thumb Code     0  __scatter.o(!!!scatter)
    __scatterload_rt2                        0x0000028d   Thumb Code    44  __scatter.o(!!!scatter)
    __scatterload_rt2_thumb_only             0x0000028d   Thumb Code     0  __scatter.o(!!!scatter)
    __scatterload_null                       0x0000029b   Thumb Code     0  __scatter.o(!!!scatter)
    __scatterload_copy                       0x000002c1   Thumb Code    26  __scatter_copy.o(!!handler_copy)
    __scatterload_zeroinit                   0x000002dd   Thumb Code    28  __scatter_zi.o(!!handler_zi)
    __rt_lib_init                            0x000002f9   Thumb Code     0  libinit.o(.ARM.Collect$$libinit$$00000000)
    __rt_lib_init_alloca_1                   0x000002fb   Thumb Code     0  libinit2.o(.ARM.Collect$$libinit$$0000002E)
    __rt_lib_init_argv_1                     0x000002fb   Thumb Code     0  libinit2.o(.ARM.Collect$$libinit$$0000002C)
    __rt_lib_init_atexit_1                   0x000002fb   Thumb Code     0  libinit2.o(.ARM.Collect$$libinit$$0000001B)
    __rt_lib_init_clock_1                    0x000002fb   Thumb Code     0  libinit2.o(.ARM.Collect$$libinit$$00000021)
    __rt_lib_init_cpp_1                      0x000002fb   Thumb Code     0  libinit2.o(.ARM.Collect$$libinit$$00000032)
    __rt_lib_init_exceptions_1               0x000002fb   Thumb Code     0  libinit2.o(.ARM.Collect$$libinit$$00000030)
    __rt_lib_init_fp_1                       0x000002fb   Thumb Code     0  libinit2.o(.ARM.Collect$$libinit$$00000002)
    __rt_lib_init_fp_trap_1                  0x000002fb   Thumb Code     0  libinit2.o(.ARM.Collect$$libinit$$0000001F)
    __rt_lib_init_getenv_1                   0x000002fb   Thumb Code     0  libinit2.o(.ARM.Collect$$libinit$$00000023)
    __rt_lib_init_heap_1                     0x000002fb   Thumb Code     0  libinit2.o(.ARM.Collect$$libinit$$0000000A)
    __rt_lib_init_lc_collate_1               0x000002fb   Thumb Code     0  libinit2.o(.ARM.Collect$$libinit$$00000011)
    __rt_lib_init_lc_ctype_1                 0x000002fb   Thumb Code     0  libinit2.o(.ARM.Collect$$libinit$$00000013)
    __rt_lib_init_lc_monetary_1              0x000002fb   Thumb Code     0  libinit2.o(.ARM.Collect$$libinit$$00000015)
    __rt_lib_init_lc_numeric_1               0x000002fb   Thumb Code     0  libinit2.o(.ARM.Collect$$libinit$$00000017)
    __rt_lib_init_lc_time_1                  0x000002fb   Thumb Code     0  libinit2.o(.ARM.Collect$$libinit$$00000019)
    __rt_lib_init_preinit_1                  0x000002fb   Thumb Code     0  libinit2.o(.ARM.Collect$$libinit$$00000004)
    __rt_lib_init_rand_1                     0x000002fb   Thumb Code     0  libinit2.o(.ARM.Collect$$libinit$$0000000E)
    __rt_lib_init_return                     0x000002fb   Thumb Code     0  libinit2.o(.ARM.Collect$$libinit$$00000033)
    __rt_lib_init_signal_1                   0x000002fb   Thumb Code     0  libinit2.o(.ARM.Collect$$libinit$$0000001D)
    __rt_lib_init_stdio_1                    0x000002fb   Thumb Code     0  libinit2.o(.ARM.Collect$$libinit$$00000025)
    __rt_lib_init_user_alloc_1               0x000002fb   Thumb Code     0  libinit2.o(.ARM.Collect$$libinit$$0000000C)
    __rt_lib_shutdown                        0x000002fd   Thumb Code     0  libshutdown.o(.ARM.Collect$$libshutdown$$00000000)
    __rt_lib_shutdown_cpp_1                  0x000002ff   Thumb Code     0  libshutdown2.o(.ARM.Collect$$libshutdown$$00000002)
    __rt_lib_shutdown_fp_trap_1              0x000002ff   Thumb Code     0  libshutdown2.o(.ARM.Collect$$libshutdown$$00000007)
    __rt_lib_shutdown_heap_1                 0x000002ff   Thumb Code     0  libshutdown2.o(.ARM.Collect$$libshutdown$$0000000F)
    __rt_lib_shutdown_return                 0x000002ff   Thumb Code     0  libshutdown2.o(.ARM.Collect$$libshutdown$$00000010)
    __rt_lib_shutdown_signal_1               0x000002ff   Thumb Code     0  libshutdown2.o(.ARM.Collect$$libshutdown$$0000000A)
    __rt_lib_shutdown_stdio_1                0x000002ff   Thumb Code     0  libshutdown2.o(.ARM.Collect$$libshutdown$$00000004)
    __rt_lib_shutdown_user_alloc_1           0x000002ff   Thumb Code     0  libshutdown2.o(.ARM.Collect$$libshutdown$$0000000C)
    __rt_entry                               0x00000301   Thumb Code     0  __rtentry.o(.ARM.Collect$$rtentry$$00000000)
    __rt_entry_presh_1                       0x00000301   Thumb Code     0  __rtentry2.o(.ARM.Collect$$rtentry$$00000002)
    __rt_entry_sh                            0x00000301   Thumb Code     0  __rtentry4.o(.ARM.Collect$$rtentry$$00000004)
    __rt_entry_li                            0x00000307   Thumb Code     0  __rtentry2.o(.ARM.Collect$$rtentry$$0000000A)
    __rt_entry_postsh_1                      0x00000307   Thumb Code     0  __rtentry2.o(.ARM.Collect$$rtentry$$00000009)
    __rt_entry_main                          0x0000030b   Thumb Code     0  __rtentry2.o(.ARM.Collect$$rtentry$$0000000D)
    __rt_entry_postli_1                      0x0000030b   Thumb Code     0  __rtentry2.o(.ARM.Collect$$rtentry$$0000000C)
    __rt_exit                                0x00000313   Thumb Code     0  rtexit.o(.ARM.Collect$$rtexit$$00000000)
    __rt_exit_ls                             0x00000315   Thumb Code     0  rtexit2.o(.ARM.Collect$$rtexit$$00000003)
    __rt_exit_prels_1                        0x00000315   Thumb Code     0  rtexit2.o(.ARM.Collect$$rtexit$$00000002)
    __rt_exit_exit                           0x00000319   Thumb Code     0  rtexit2.o(.ARM.Collect$$rtexit$$00000004)
    DisableInterrupts                        0x00000321   Thumb Code     0  startup.o(.text)
    EnableInterrupts                         0x00000325   Thumb Code     0  startup.o(.text)
    StartCritical                            0x00000329   Thumb Code     0  startup.o(.text)
    EndCritical                              0x00000331   Thumb Code     0  startup.o(.text)
    WaitForInterrupt                         0x00000337   Thumb Code     0  startup.o(.text)
    __user_initial_stackheap                 0x0000033b   Thumb Code     0  startup.o(.text)
    __use_two_region_memory                  0x00000351   Thumb Code     2  heapauxi.o(.text)
    __rt_heap_escrow$2region                 0x00000353   Thumb Code     2  heapauxi.o(.text)
    __rt_heap_expand$2region                 0x00000355   Thumb Code     2  heapauxi.o(.text)
    __user_setup_stackheap                   0x00000357   Thumb Code    74  sys_stackheap_outer.o(.text)
    exit                                     0x000003a1   Thumb Code    18  exit.o(.text)
    __user_libspace                          0x000003b5   Thumb Code     8  libspace.o(.text)
    __user_perproc_libspace                  0x000003b5   Thumb Code     0  libspace.o(.text)
    __user_perthread_libspace                0x000003b5   Thumb Code     0  libspace.o(.text)
    _sys_exit                                0x000003bd   Thumb Code     8  sys_exit.o(.text)
    __I$use$semihosting                      0x000003c9   Thumb Code     0  use_no_semi.o(.text)
    __use_no_semihosting_swi                 0x000003c9   Thumb Code     2  use_no_semi.o(.text)
    __semihosting_library_function           0x000003cb   Thumb Code     0  indicate_semi.o(.text)
    ADC_In89                                 0x000003cd   Thumb Code    52  adc_joystick.o(i.ADC_In89)
    ADC_Init89                               0x00000405   Thumb Code   266  adc_joystick.o(i.ADC_Init89)
    DAC_Init                                 0x00000529   Thumb Code    54  dac.o(i.DAC_Init)
    DAC_Out                                  0x00000571   Thumb Code     6  dac.o(i.DAC_Out)
    PLL_Init                                 0x0000057d   Thumb Code   120  pll.o(i.PLL_Init)
    Sound_Highpitch                          0x000005f9   Thumb Code    14  sound.o(i.Sound_Highpitch)
    Sound_Init                               0x0000060d   Thumb Code    24  sound.o(i.Sound_Init)
    Sound_Play                               0x0000062d   Thumb Code    18  sound.o(i.Sound_Play)
    Sound_Task                               0x0000064d   Thumb Code    50  sound.o(i.Sound_Task)
    SysTick_Handler                          0x0000068d   Thumb Code    16  adc_joystick.o(i.SysTick_Handler)
    Timer0A_Handler                          0x000006a5   Thumb Code    16  timer0.o(i.Timer0A_Handler)
    Timer0_Init                              0x000006bd   Thumb Code    74  timer0.o(i.Timer0_Init)
    Timer1A_Handler                          0x0000071d   Thumb Code    16  timer1.o(i.Timer1A_Handler)
    main                                     0x00000735   Thumb Code    30  spaceinvaders.o(i.main)
    highpitch                                0x00000752   Data        1802  sound.o(.constdata)
    alarm                                    0x00000e5c   Data        9041  sound.o(.constdata)
    buzz                                     0x000031ad   Data        8279  sound.o(.constdata)
    laser                                    0x00005204   Data        2927  sound.o(.constdata)
    rumble                                   0x00005d73   Data       13747  sound.o(.constdata)
    stomp                                    0x00009326   Data       10015  sound.o(.constdata)
    Region$$Table$$Base                      0x0000ba48   Number         0  anon$$obj.o(Region$$Table)
    Region$$Table$$Limit                     0x0000ba68   Number         0  anon$$obj.o(Region$$Table)
    PeriodicTask0                            0x20000000   Data           4  timer0.o(.data)
    PeriodicTask1                            0x20000004   Data           4  timer1.o(.data)
    soundPt                                  0x20000008   Data           4  sound.o(.data)
    len                                      0x2000000c   Data           4  sound.o(.data)
    ADCStatus                                0x20000010   Data           1  spaceinvaders.o(.data)
    language                                 0x20000011   Data           1  spaceinvaders.o(.data)
    joystickData                             0x20000014   Data           8  adc_joystick.o(.data)
    PE3_Debounced                            0x2000001c   Data           1  adc_joystick.o(.data)
    PE2_Debounced                            0x2000001d   Data           1  adc_joystick.o(.data)
    __libspace_start                         0x20000020   Data          96  libspace.o(.bss)
    __temporary_stack_top$libspace           0x20000080   Data           0  libspace.o(.bss)



==============================================================================

Memory Map of the image

  Image Entry point : 0x0000026d

  Load Region LR_1 (Base: 0x00000000, Size: 0x00010914, Max: 0xffffffff, ABSOLUTE, COMPRESSED[0x000102b0])

    Execution Region ER_RO (Exec base: 0x00000000, Load base: 0x00000000, Size: 0x0001007c, Max: 0xffffffff, ABSOLUTE)

    Exec Addr    Load Addr    Size         Type   Attr      Idx    E Section Name        Object

    0x00000000   0x00000000   0x00000284   Code   RO            3  * RESET               startup.o
    0x00000284   0x00000284   0x00000008   Code   RO         1030  * !!!main             c_w.l(__main.o)
    0x0000028c   0x0000028c   0x00000034   Code   RO         1187    !!!scatter          c_w.l(__scatter.o)
    0x000002c0   0x000002c0   0x0000001a   Code   RO         1189    !!handler_copy      c_w.l(__scatter_copy.o)
    0x000002da   0x000002da   0x00000002   PAD
    0x000002dc   0x000002dc   0x0000001c   Code   RO         1191    !!handler_zi        c_w.l(__scatter_zi.o)
    0x000002f8   0x000002f8   0x00000002   Code   RO         1057    .ARM.Collect$$libinit$$00000000  c_w.l(libinit.o)
    0x000002fa   0x000002fa   0x00000000   Code   RO         1064    .ARM.Collect$$libinit$$00000002  c_w.l(libinit2.o)
    0x000002fa   0x000002fa   0x00000000   Code   RO         1066    .ARM.Collect$$libinit$$00000004  c_w.l(libinit2.o)
    0x000002fa   0x000002fa   0x00000000   Code   RO         1069    .ARM.Collect$$libinit$$0000000A  c_w.l(libinit2.o)
    0x000002fa   0x000002fa   0x00000000   Code   RO         1071    .ARM.Collect$$libinit$$0000000C  c_w.l(libinit2.o)
    0x000002fa   0x000002fa   0x00000000   Code   RO         1073    .ARM.Collect$$libinit$$0000000E  c_w.l(libinit2.o)
    0x000002fa   0x000002fa   0x00000000   Code   RO         1076    .ARM.Collect$$libinit$$00000011  c_w.l(libinit2.o)
    0x000002fa   0x000002fa   0x00000000   Code   RO         1078    .ARM.Collect$$libinit$$00000013  c_w.l(libinit2.o)
    0x000002fa   0x000002fa   0x00000000   Code   RO         1080    .ARM.Collect$$libinit$$00000015  c_w.l(libinit2.o)
    0x000002fa   0x000002fa   0x00000000   Code   RO         1082    .ARM.Collect$$libinit$$00000017  c_w.l(libinit2.o)
    0x000002fa   0x000002fa   0x00000000   Code   RO         1084    .ARM.Collect$$libinit$$00000019  c_w.l(libinit2.o)
    0x000002fa   0x000002fa   0x00000000   Code   RO         1086    .ARM.Collect$$libinit$$0000001B  c_w.l(libinit2.o)
    0x000002fa   0x000002fa   0x00000000   Code   RO         1088    .ARM.Collect$$libinit$$0000001D  c_w.l(libinit2.o)
    0x000002fa   0x000002fa   0x00000000   Code   RO         1090    .ARM.Collect$$libinit$$0000001F  c_w.l(libinit2.o)
    0x000002fa   0x000002fa   0x00000000   Code   RO         1092    .ARM.Collect$$libinit$$00000021  c_w.l(libinit2.o)
    0x000002fa   0x000002fa   0x00000000   Code   RO         1094    .ARM.Collect$$libinit$$00000023  c_w.l(libinit2.o)
    0x000002fa   0x000002fa   0x00000000   Code   RO         1096    .ARM.Collect$$libinit$$00000025  c_w.l(libinit2.o)
    0x000002fa   0x000002fa   0x00000000   Code   RO         1100    .ARM.Collect$$libinit$$0000002C  c_w.l(libinit2.o)
    0x000002fa   0x000002fa   0x00000000   Code   RO         1102    .ARM.Collect$$libinit$$0000002E  c_w.l(libinit2.o)
    0x000002fa   0x000002fa   0x00000000   Code   RO         1104    .ARM.Collect$$libinit$$00000030  c_w.l(libinit2.o)
    0x000002fa   0x000002fa   0x00000000   Code   RO         1106    .ARM.Collect$$libinit$$00000032  c_w.l(libinit2.o)
    0x000002fa   0x000002fa   0x00000002   Code   RO         1107    .ARM.Collect$$libinit$$00000033  c_w.l(libinit2.o)
    0x000002fc   0x000002fc   0x00000002   Code   RO         1127    .ARM.Collect$$libshutdown$$00000000  c_w.l(libshutdown.o)
    0x000002fe   0x000002fe   0x00000000   Code   RO         1140    .ARM.Collect$$libshutdown$$00000002  c_w.l(libshutdown2.o)
    0x000002fe   0x000002fe   0x00000000   Code   RO         1142    .ARM.Collect$$libshutdown$$00000004  c_w.l(libshutdown2.o)
    0x000002fe   0x000002fe   0x00000000   Code   RO         1145    .ARM.Collect$$libshutdown$$00000007  c_w.l(libshutdown2.o)
    0x000002fe   0x000002fe   0x00000000   Code   RO         1148    .ARM.Collect$$libshutdown$$0000000A  c_w.l(libshutdown2.o)
    0x000002fe   0x000002fe   0x00000000   Code   RO         1150    .ARM.Collect$$libshutdown$$0000000C  c_w.l(libshutdown2.o)
    0x000002fe   0x000002fe   0x00000000   Code   RO         1153    .ARM.Collect$$libshutdown$$0000000F  c_w.l(libshutdown2.o)
    0x000002fe   0x000002fe   0x00000002   Code   RO         1154    .ARM.Collect$$libshutdown$$00000010  c_w.l(libshutdown2.o)
    0x00000300   0x00000300   0x00000000   Code   RO         1032    .ARM.Collect$$rtentry$$00000000  c_w.l(__rtentry.o)
    0x00000300   0x00000300   0x00000000   Code   RO         1034    .ARM.Collect$$rtentry$$00000002  c_w.l(__rtentry2.o)
    0x00000300   0x00000300   0x00000006   Code   RO         1046    .ARM.Collect$$rtentry$$00000004  c_w.l(__rtentry4.o)
    0x00000306   0x00000306   0x00000000   Code   RO         1036    .ARM.Collect$$rtentry$$00000009  c_w.l(__rtentry2.o)
    0x00000306   0x00000306   0x00000004   Code   RO         1037    .ARM.Collect$$rtentry$$0000000A  c_w.l(__rtentry2.o)
    0x0000030a   0x0000030a   0x00000000   Code   RO         1039    .ARM.Collect$$rtentry$$0000000C  c_w.l(__rtentry2.o)
    0x0000030a   0x0000030a   0x00000008   Code   RO         1040    .ARM.Collect$$rtentry$$0000000D  c_w.l(__rtentry2.o)
    0x00000312   0x00000312   0x00000002   Code   RO         1061    .ARM.Collect$$rtexit$$00000000  c_w.l(rtexit.o)
    0x00000314   0x00000314   0x00000000   Code   RO         1109    .ARM.Collect$$rtexit$$00000002  c_w.l(rtexit2.o)
    0x00000314   0x00000314   0x00000004   Code   RO         1110    .ARM.Collect$$rtexit$$00000003  c_w.l(rtexit2.o)
    0x00000318   0x00000318   0x00000006   Code   RO         1111    .ARM.Collect$$rtexit$$00000004  c_w.l(rtexit2.o)
    0x0000031e   0x0000031e   0x00000002   PAD
    0x00000320   0x00000320   0x00000030   Code   RO            4    .text               startup.o
    0x00000350   0x00000350   0x00000006   Code   RO         1028    .text               c_w.l(heapauxi.o)
    0x00000356   0x00000356   0x0000004a   Code   RO         1048    .text               c_w.l(sys_stackheap_outer.o)
    0x000003a0   0x000003a0   0x00000012   Code   RO         1050    .text               c_w.l(exit.o)
    0x000003b2   0x000003b2   0x00000002   PAD
    0x000003b4   0x000003b4   0x00000008   Code   RO         1058    .text               c_w.l(libspace.o)
    0x000003bc   0x000003bc   0x0000000c   Code   RO         1119    .text               c_w.l(sys_exit.o)
    0x000003c8   0x000003c8   0x00000002   Code   RO         1130    .text               c_w.l(use_no_semi.o)
    0x000003ca   0x000003ca   0x00000000   Code   RO         1132    .text               c_w.l(indicate_semi.o)
    0x000003ca   0x000003ca   0x00000002   PAD
    0x000003cc   0x000003cc   0x00000038   Code   RO          940    i.ADC_In89          adc_joystick.o
    0x00000404   0x00000404   0x00000124   Code   RO          941    i.ADC_Init89        adc_joystick.o
    0x00000528   0x00000528   0x00000048   Code   RO          308    i.DAC_Init          dac.o
    0x00000570   0x00000570   0x0000000c   Code   RO          309    i.DAC_Out           dac.o
    0x0000057c   0x0000057c   0x0000007c   Code   RO          293    i.PLL_Init          pll.o
    0x000005f8   0x000005f8   0x00000014   Code   RO          388    i.Sound_Highpitch   sound.o
    0x0000060c   0x0000060c   0x00000020   Code   RO          389    i.Sound_Init        sound.o
    0x0000062c   0x0000062c   0x00000020   Code   RO          391    i.Sound_Play        sound.o
    0x0000064c   0x0000064c   0x00000040   Code   RO          394    i.Sound_Task        sound.o
    0x0000068c   0x0000068c   0x00000018   Code   RO          942    i.SysTick_Handler   adc_joystick.o
    0x000006a4   0x000006a4   0x00000018   Code   RO          344    i.Timer0A_Handler   timer0.o
    0x000006bc   0x000006bc   0x00000060   Code   RO          345    i.Timer0_Init       timer0.o
    0x0000071c   0x0000071c   0x00000018   Code   RO          365    i.Timer1A_Handler   timer1.o
    0x00000734   0x00000734   0x0000001e   Code   RO          472    i.main              spaceinvaders.o
    0x00000752   0x00000752   0x0000b2f3   Data   RO          396    .constdata          sound.o
    0x0000ba45   0x0000ba45   0x00000003   PAD
    0x0000ba48   0x0000ba48   0x00000020   Data   RO         1185    Region$$Table       anon$$obj.o


    Execution Region ER_RW (Exec base: 0x20000000, Load base: 0x0001007c, Size: 0x00000898, Max: 0xffffffff, ABSOLUTE, COMPRESSED[0x00000234])

    Exec Addr    Load Addr    Size         Type   Attr      Idx    E Section Name        Object

    0x20000000   0x0000ba68   0x00000004   Data   RW          346    .data               timer0.o
    0x20000004   0x0000ba6c   0x00000004   Data   RW          367    .data               timer1.o
    0x20000008   0x0000ba70   0x00000008   Data   RW          397    .data               sound.o
    0x20000010   0x0000ba78   0x00000002   Data   RW          475    .data               spaceinvaders.o
    0x20000012   0x0000ba7a   0x00000002   PAD
    0x20000014   0x0000ba7c   0x0000000a   Data   RW          948    .data               adc_joystick.o


    Execution Region ER_ZI (Exec base: 0x20000898, Load base: 0x000102b0, Size: 0x00000e50, Max: 0xffffffff, ABSOLUTE)

    Exec Addr    Load Addr    Size         Type   Attr      Idx    E Section Name        Object

    0x20000020        -       0x00000060   Zero   RW         1059    .bss                c_w.l(libspace.o)
    0x20000080        -       0x00000000   Zero   RW            2    HEAP                startup.o
    0x20000080        -       0x00000400   Zero   RW            1    STACK               startup.o


==============================================================================

Image component sizes


      Code (inc. data)   RO Data    RW Data    ZI Data      Debug   Object Name

       576         72          0         10          0       4320   adc_joystick.o
       312         32        193          0       1600       2974   battle.o
       432         20          0          0          0       6551   draw.o
      4594        574        647          0        552      10468   drawscreen.o
       716         96         68       1800        174       6705   field.o
         0          0      14208          0          0        870   imagesother.o
         0          0      32000          0          0        859   imagespokemon2.o
        72         12          0          0          0        228   lcd.o
       452         50         88          4        140       5919   player.o
       124          4          0          0          0        439   pll.o
       148         42      45811          8          0       2467   sound.o
        30          0          0          2          0        668   spaceinvaders.o
         0          0          0          0          0       4508   st7735.o
       692        632          0          0       1024        964   startup.o
         0          0         10          4          0        866   systeminfo.o
         0          0       4096          0          0        485   textsprites.o
        24          8          0          4          0        902   timer0.o
        24          8          0          4          0        902   timer1.o

    ----------------------------------------------------------------------
      1594        778      45846         32       1024      14186   Object Totals
         0          0         32          0          0          0   (incl. Generated)
         0          0          3          4          0          0   (incl. Padding)

    ----------------------------------------------------------------------

      Code (inc. data)   RO Data    RW Data    ZI Data      Debug   Library Member Name

       100          0          0          0          0          0   __dclz77c.o
         8          0          0          0          0         68   __main.o
         0          0          0          0          0          0   __rtentry.o
        12          0          0          0          0          0   __rtentry2.o
         6          0          0          0          0          0   __rtentry4.o
        52          8          0          0          0          0   __scatter.o
        28          0          0          0          0          0   __scatter_zi.o
        18          0          0          0          0         80   exit.o
         6          0          0          0          0        152   heapauxi.o
         0          0          0          0          0          0   indicate_semi.o
         2          0          0          0          0          0   libinit.o
         2          0          0          0          0          0   libinit2.o
         2          0          0          0          0          0   libshutdown.o
         2          0          0          0          0          0   libshutdown2.o
         8          4          0          0         96         68   libspace.o
        78          0          0          0          0         80   rt_memclr_w.o
       100          0          0          0          0         80   rt_memcpy_w.o
         2          0          0          0          0          0   rtexit.o
        10          0          0          0          0          0   rtexit2.o
        12          4          0          0          0         68   sys_exit.o
        74          0          0          0          0         80   sys_stackheap_outer.o
         2          0          0          0          0         68   use_no_semi.o

    ----------------------------------------------------------------------
       528         16          0          0        100        744   Library Totals
         4          0          0          0          4          0   (incl. Padding)

    ----------------------------------------------------------------------

      Code (inc. data)   RO Data    RW Data    ZI Data      Debug   Library Name

       524         16          0          0         96        744   c_w.l

    ----------------------------------------------------------------------
       528         16          0          0        100        744   Library Totals

    ----------------------------------------------------------------------

==============================================================================


      Code (inc. data)   RO Data    RW Data    ZI Data      Debug   

      1874        794      45846         32       1120      14090   Grand Totals
      1874        794      45846         32       1120      14090   ELF Image Totals
      1874        794      45846         32          0          0   ROM Totals

==============================================================================

    Total RO  Size (Code + RO Data)                65660 (  64.12kB)
    Total RW  Size (RW Data + ZI Data)              5864 (   5.73kB)
    Total ROM Size (Code + RO Data + RW Data)      66224 (  64.67kB)

==============================================================================

