Component: ARM Compiler 5.06 update 6 (build 750) Tool: armlink [4d35ed]

==============================================================================

Section Cross References

    startup.o(STACK) refers (Special) to heapauxi.o(.text) for __use_two_region_memory
    startup.o(HEAP) refers (Special) to heapauxi.o(.text) for __use_two_region_memory
    startup.o(RESET) refers (Special) to heapauxi.o(.text) for __use_two_region_memory
    startup.o(RESET) refers to startup.o(STACK) for StackMem
    startup.o(RESET) refers to adc_joystick.o(i.SysTick_Handler) for SysTick_Handler
    startup.o(RESET) refers to timer0.o(i.Timer0A_Handler) for Timer0A_Handler
    startup.o(RESET) refers to timer1.o(i.Timer1A_Handler) for Timer1A_Handler
    startup.o(RESET) refers to __main.o(!!!main) for __main
    startup.o(.text) refers (Special) to heapauxi.o(.text) for __use_two_region_memory
    startup.o(.text) refers to startup.o(HEAP) for HeapMem
    startup.o(.text) refers to startup.o(STACK) for StackMem
    random.o(.text) refers to random.o(DATA) for M
    st7735.o(i.Output_Clear) refers to st7735.o(i.ST7735_FillScreen) for ST7735_FillScreen
    st7735.o(i.Output_Color) refers to st7735.o(i.ST7735_SetTextColor) for ST7735_SetTextColor
    st7735.o(i.Output_Init) refers to st7735.o(i.ST7735_InitR) for ST7735_InitR
    st7735.o(i.Output_Init) refers to st7735.o(i.ST7735_FillScreen) for ST7735_FillScreen
    st7735.o(i.Output_Off) refers to st7735.o(i.Output_Clear) for Output_Clear
    st7735.o(i.Output_On) refers to st7735.o(i.Output_Init) for Output_Init
    st7735.o(i.ST7735_DrawBitmap) refers to st7735.o(i.setAddrWindow) for setAddrWindow
    st7735.o(i.ST7735_DrawBitmap) refers to lcd.o(.text) for writedata
    st7735.o(i.ST7735_DrawBitmap) refers to systeminfo.o(.data) for _width
    st7735.o(i.ST7735_DrawChar) refers to st7735.o(i.setAddrWindow) for setAddrWindow
    st7735.o(i.ST7735_DrawChar) refers to st7735.o(i.pushColor) for pushColor
    st7735.o(i.ST7735_DrawChar) refers to systeminfo.o(.data) for _width
    st7735.o(i.ST7735_DrawChar) refers to st7735.o(.constdata) for Font
    st7735.o(i.ST7735_DrawCharS) refers to st7735.o(i.ST7735_DrawPixel) for ST7735_DrawPixel
    st7735.o(i.ST7735_DrawCharS) refers to st7735.o(i.ST7735_FillRect) for ST7735_FillRect
    st7735.o(i.ST7735_DrawCharS) refers to systeminfo.o(.data) for _width
    st7735.o(i.ST7735_DrawCharS) refers to st7735.o(.constdata) for Font
    st7735.o(i.ST7735_DrawFastHLine) refers to st7735.o(i.setAddrWindow) for setAddrWindow
    st7735.o(i.ST7735_DrawFastHLine) refers to lcd.o(.text) for writedata
    st7735.o(i.ST7735_DrawFastHLine) refers to systeminfo.o(.data) for _width
    st7735.o(i.ST7735_DrawFastVLine) refers to st7735.o(i.setAddrWindow) for setAddrWindow
    st7735.o(i.ST7735_DrawFastVLine) refers to lcd.o(.text) for writedata
    st7735.o(i.ST7735_DrawFastVLine) refers to systeminfo.o(.data) for _width
    st7735.o(i.ST7735_DrawPixel) refers to st7735.o(i.setAddrWindow) for setAddrWindow
    st7735.o(i.ST7735_DrawPixel) refers to st7735.o(i.pushColor) for pushColor
    st7735.o(i.ST7735_DrawPixel) refers to systeminfo.o(.data) for _width
    st7735.o(i.ST7735_DrawString) refers to st7735.o(i.ST7735_DrawCharS) for ST7735_DrawCharS
    st7735.o(i.ST7735_FillRect) refers to st7735.o(i.setAddrWindow) for setAddrWindow
    st7735.o(i.ST7735_FillRect) refers to lcd.o(.text) for writedata
    st7735.o(i.ST7735_FillRect) refers to systeminfo.o(.data) for _width
    st7735.o(i.ST7735_FillScreen) refers to st7735.o(i.ST7735_FillRect) for ST7735_FillRect
    st7735.o(i.ST7735_FillScreen) refers to systeminfo.o(.data) for _height
    st7735.o(i.ST7735_InitB) refers to st7735.o(i.commonInit) for commonInit
    st7735.o(i.ST7735_InitB) refers to st7735.o(i.ST7735_SetCursor) for ST7735_SetCursor
    st7735.o(i.ST7735_InitB) refers to st7735.o(i.ST7735_FillScreen) for ST7735_FillScreen
    st7735.o(i.ST7735_InitB) refers to st7735.o(.constdata) for Bcmd
    st7735.o(i.ST7735_InitB) refers to st7735.o(.data) for StTextColor
    st7735.o(i.ST7735_InitR) refers to st7735.o(i.commonInit) for commonInit
    st7735.o(i.ST7735_InitR) refers to st7735.o(i.commandList) for commandList
    st7735.o(i.ST7735_InitR) refers to lcd.o(.text) for writecommand
    st7735.o(i.ST7735_InitR) refers to st7735.o(i.ST7735_SetCursor) for ST7735_SetCursor
    st7735.o(i.ST7735_InitR) refers to st7735.o(i.ST7735_FillScreen) for ST7735_FillScreen
    st7735.o(i.ST7735_InitR) refers to st7735.o(.constdata) for Rcmd1
    st7735.o(i.ST7735_InitR) refers to st7735.o(.data) for ColStart
    st7735.o(i.ST7735_InvertDisplay) refers to lcd.o(.text) for writecommand
    st7735.o(i.ST7735_OutChar) refers to st7735.o(i.ST7735_DrawString) for ST7735_DrawString
    st7735.o(i.ST7735_OutChar) refers to st7735.o(i.ST7735_DrawCharS) for ST7735_DrawCharS
    st7735.o(i.ST7735_OutChar) refers to st7735.o(.data) for StY
[...]
    ../clib/angel/sysapp.c                   0x00000000   Number         0  sys_wrch.o ABSOLUTE
    ../clib/angel/sysapp.c                   0x00000000   Number         0  sys_exit.o ABSOLUTE
    ../clib/angel/sysapp.c                   0x00000000   Number         0  sys_command.o ABSOLUTE
    ../clib/armsys.c                         0x00000000   Number         0  argv_veneer.o ABSOLUTE
    ../clib/armsys.c                         0x00000000   Number         0  argv_veneer.o ABSOLUTE
    ../clib/armsys.c                         0x00000000   Number         0  no_argv.o ABSOLUTE
    ../clib/armsys.c                         0x00000000   Number         0  _get_argv_nomalloc.o ABSOLUTE
    ../clib/heapalloc.c                      0x00000000   Number         0  hrguard.o ABSOLUTE
    ../clib/heapaux.c                        0x00000000   Number         0  heapauxi.o ABSOLUTE
    ../clib/libinit.s                        0x00000000   Number         0  libinit2.o ABSOLUTE
    ../clib/libinit.s                        0x00000000   Number         0  libshutdown2.o ABSOLUTE
    ../clib/libinit.s                        0x00000000   Number         0  libshutdown.o ABSOLUTE
    ../clib/libinit.s                        0x00000000   Number         0  libinit.o ABSOLUTE
    ../clib/memcpset.s                       0x00000000   Number         0  rt_memclr_w.o ABSOLUTE
    ../clib/memcpset.s                       0x00000000   Number         0  rt_memcpy_w.o ABSOLUTE
    ../clib/signal.c                         0x00000000   Number         0  __raise.o ABSOLUTE
    ../clib/signal.c                         0x00000000   Number         0  defsig_rtmem_inner.o ABSOLUTE
    ../clib/signal.c                         0x00000000   Number         0  defsig_exit.o ABSOLUTE
    ../clib/signal.c                         0x00000000   Number         0  defsig_fpe_inner.o ABSOLUTE
    ../clib/signal.c                         0x00000000   Number         0  defsig_rtmem_outer.o ABSOLUTE
    ../clib/signal.c                         0x00000000   Number         0  defsig_rtred_inner.o ABSOLUTE
    ../clib/signal.c                         0x00000000   Number         0  defsig_abrt_inner.o ABSOLUTE
    ../clib/signal.c                         0x00000000   Number         0  defsig_rtmem_formal.o ABSOLUTE
    ../clib/signal.c                         0x00000000   Number         0  defsig_stak_inner.o ABSOLUTE
    ../clib/signal.c                         0x00000000   Number         0  defsig_cppl_inner.o ABSOLUTE
    ../clib/signal.c                         0x00000000   Number         0  defsig_segv_inner.o ABSOLUTE
    ../clib/signal.c                         0x00000000   Number         0  defsig_pvfn_inner.o ABSOLUTE
    ../clib/signal.c                         0x00000000   Number         0  defsig_other.o ABSOLUTE
    ../clib/signal.c                         0x00000000   Number         0  defsig_general.o ABSOLUTE
    ../clib/signal.s                         0x00000000   Number         0  defsig.o ABSOLUTE
    ../clib/stdlib.c                         0x00000000   Number         0  exit.o ABSOLUTE
    ../fplib/fpinit.s                        0x00000000   Number         0  fpinit.o ABSOLUTE
    ADC.c                                    0x00000000   Number         0  adc.o ABSOLUTE
    ADC_Joystick.c                           0x00000000   Number         0  adc_joystick.o ABSOLUTE
    Battle.c                                 0x00000000   Number         0  battle.o ABSOLUTE
    DAC.c                                    0x00000000   Number         0  dac.o ABSOLUTE
    Draw.c                                   0x00000000   Number         0  draw.o ABSOLUTE
    DrawScreen.c                             0x00000000   Number         0  drawscreen.o ABSOLUTE
    Field.c                                  0x00000000   Number         0  field.o ABSOLUTE
    ImagesOther.c                            0x00000000   Number         0  imagesother.o ABSOLUTE
    ImagesPokemon2.c                         0x00000000   Number         0  imagespokemon2.o ABSOLUTE
    ImagesPokemonWorld.c                     0x00000000   Number         0  imagespokemonworld.o ABSOLUTE
    LCD.s                                    0x00000000   Number         0  lcd.o ABSOLUTE
    PLL.c                                    0x00000000   Number         0  pll.o ABSOLUTE
    Player.c                                 0x00000000   Number         0  player.o ABSOLUTE
    PokemonType.c                            0x00000000   Number         0  pokemontype.o ABSOLUTE
    Print.s                                  0x00000000   Number         0  print.o ABSOLUTE
    ST7735.c                                 0x00000000   Number         0  st7735.o ABSOLUTE
    Shop.c                                   0x00000000   Number         0  shop.o ABSOLUTE
    Sound.c                                  0x00000000   Number         0  sound.o ABSOLUTE
    SpaceInvaders.c                          0x00000000   Number         0  spaceinvaders.o ABSOLUTE
    SystemInfo.c                             0x00000000   Number         0  systeminfo.o ABSOLUTE
    TextSprites.c                            0x00000000   Number         0  textsprites.o ABSOLUTE
    Timer0.c                                 0x00000000   Number         0  timer0.o ABSOLUTE
    Timer1.c                                 0x00000000   Number         0  timer1.o ABSOLUTE
    dc.s                                     0x00000000   Number         0  dc.o ABSOLUTE
    random.s                                 0x00000000   Number         0  random.o ABSOLUTE
    startup.s                                0x00000000   Number         0  startup.o ABSOLUTE
    !!!main                                  0x00000284   Section        8  __main.o(!!!main)
    !!!scatter                               0x0000028c   Section       52  __scatter.o(!!!scatter)
    !!dclz77c                                0x000002c0   Section      100  __dclz77c.o(!!dclz77c)
    !!handler_zi                             0x00000324   Section       28  __scatter_zi.o(!!handler_zi)
    .ARM.Collect$$libinit$$00000000          0x00000340   Section        2  libinit.o(.ARM.Collect$$libinit$$00000000)
    .ARM.Collect$$libinit$$00000002          0x00000342   Section        0  libinit2.o(.ARM.Collect$$libinit$$00000002)
    .ARM.Collect$$libinit$$00000004          0x00000342   Section        0  libinit2.o(.ARM.Collect$$libinit$$00000004)
    .ARM.Collect$$libinit$$0000000A          0x00000342   Section        0  libinit2.o(.ARM.Collect$$libinit$$0000000A)
    .ARM.Collect$$libinit$$0000000C          0x00000342   Section        0  libinit2.o(.ARM.Collect$$libinit$$0000000C)
    .ARM.Collect$$libinit$$0000000E          0x00000342   Section        0  libinit2.o(.ARM.Collect$$libinit$$0000000E)
    .ARM.Collect$$libinit$$00000011          0x00000342   Section        0  libinit2.o(.ARM.Collect$$libinit$$00000011)
    .ARM.Collect$$libinit$$00000013          0x00000342   Section        0  libinit2.o(.ARM.Collect$$libinit$$00000013)
    .ARM.Collect$$libinit$$00000015          0x00000342   Section        0  libinit2.o(.ARM.Collect$$libinit$$00000015)
    .ARM.Collect$$libinit$$00000017          0x00000342   Section        0  libinit2.o(.ARM.Collect$$libinit$$00000017)
    .ARM.Collect$$libinit$$00000019          0x00000342   Section        0  libinit2.o(.ARM.Collect$$libinit$$00000019)
    .ARM.Collect$$libinit$$0000001B          0x00000342   Section        0  libinit2.o(.ARM.Collect$$libinit$$0000001B)
    .ARM.Collect$$libinit$$0000001D          0x00000342   Section        0  libinit2.o(.ARM.Collect$$libinit$$0000001D)
    .ARM.Collect$$libinit$$0000001F          0x00000342   Section        0  libinit2.o(.ARM.Collect$$libinit$$0000001F)
    .ARM.Collect$$libinit$$00000021          0x00000342   Section        0  libinit2.o(.ARM.Collect$$libinit$$00000021)
    .ARM.Collect$$libinit$$00000023          0x00000342   Section        0  libinit2.o(.ARM.Collect$$libinit$$00000023)
    .ARM.Collect$$libinit$$00000025          0x00000342   Section        0  libinit2.o(.ARM.Collect$$libinit$$00000025)
    .ARM.Collect$$libinit$$0000002C          0x00000342   Section        0  libinit2.o(.ARM.Collect$$libinit$$0000002C)
    .ARM.Collect$$libinit$$0000002E          0x00000342   Section        0  libinit2.o(.ARM.Collect$$libinit$$0000002E)
    .ARM.Collect$$libinit$$00000030          0x00000342   Section        0  libinit2.o(.ARM.Collect$$libinit$$00000030)
    .ARM.Collect$$libinit$$00000032          0x00000342   Section        0  libinit2.o(.ARM.Collect$$libinit$$00000032)
    .ARM.Collect$$libinit$$00000033          0x00000342   Section        2  libinit2.o(.ARM.Collect$$libinit$$00000033)
    .ARM.Collect$$libshutdown$$00000000      0x00000344   Section        2  libshutdown.o(.ARM.Collect$$libshutdown$$00000000)
    .ARM.Collect$$libshutdown$$00000002      0x00000346   Section        0  libshutdown2.o(.ARM.Collect$$libshutdown$$00000002)
    .ARM.Collect$$libshutdown$$00000004      0x00000346   Section        0  libshutdown2.o(.ARM.Collect$$libshutdown$$00000004)
    .ARM.Collect$$libshutdown$$00000007      0x00000346   Section        0  libshutdown2.o(.ARM.Collect$$libshutdown$$00000007)
    .ARM.Collect$$libshutdown$$0000000A      0x00000346   Section        0  libshutdown2.o(.ARM.Collect$$libshutdown$$0000000A)
    .ARM.Collect$$libshutdown$$0000000C      0x00000346   Section        0  libshutdown2.o(.ARM.Collect$$libshutdown$$0000000C)
    .ARM.Collect$$libshutdown$$0000000F      0x00000346   Section        0  libshutdown2.o(.ARM.Collect$$libshutdown$$0000000F)
    .ARM.Collect$$libshutdown$$00000010      0x00000346   Section        2  libshutdown2.o(.ARM.Collect$$libshutdown$$00000010)
    .ARM.Collect$$rtentry$$00000000          0x00000348   Section        0  __rtentry.o(.ARM.Collect$$rtentry$$00000000)
    .ARM.Collect$$rtentry$$00000002          0x00000348   Section        0  __rtentry2.o(.ARM.Collect$$rtentry$$00000002)
    .ARM.Collect$$rtentry$$00000004          0x00000348   Section        6  __rtentry4.o(.ARM.Collect$$rtentry$$00000004)
    .ARM.Collect$$rtentry$$00000009          0x0000034e   Section        0  __rtentry2.o(.ARM.Collect$$rtentry$$00000009)
    .ARM.Collect$$rtentry$$0000000A          0x0000034e   Section        4  __rtentry2.o(.ARM.Collect$$rtentry$$0000000A)
    .ARM.Collect$$rtentry$$0000000C          0x00000352   Section        0  __rtentry2.o(.ARM.Collect$$rtentry$$0000000C)
    .ARM.Collect$$rtentry$$0000000D          0x00000352   Section        8  __rtentry2.o(.ARM.Collect$$rtentry$$0000000D)
    .ARM.Collect$$rtexit$$00000000           0x0000035a   Section        2  rtexit.o(.ARM.Collect$$rtexit$$00000000)
    .ARM.Collect$$rtexit$$00000002           0x0000035c   Section        0  rtexit2.o(.ARM.Collect$$rtexit$$00000002)
    .ARM.Collect$$rtexit$$00000003           0x0000035c   Section        4  rtexit2.o(.ARM.Collect$$rtexit$$00000003)
    .ARM.Collect$$rtexit$$00000004           0x00000360   Section        6  rtexit2.o(.ARM.Collect$$rtexit$$00000004)
    .text                                    0x00000368   Section       48  startup.o(.text)
    .text                                    0x00000398   Section       60  random.o(.text)
    .text                                    0x000003d4   Section       72  lcd.o(.text)
    .text                                    0x0000041c   Section      100  rt_memcpy_w.o(.text)
    .text                                    0x00000480   Section       78  rt_memclr_w.o(.text)
    .text                                    0x000004ce   Section        0  heapauxi.o(.text)
    .text                                    0x000004d4   Section       74  sys_stackheap_outer.o(.text)
    .text                                    0x0000051e   Section        0  exit.o(.text)
    .text                                    0x00000530   Section        8  libspace.o(.text)
    .text                                    0x00000538   Section        0  sys_exit.o(.text)
    .text                                    0x00000544   Section        2  use_no_semi.o(.text)
    .text                                    0x00000546   Section        0  indicate_semi.o(.text)
    i.ADC_In89                               0x00000548   Section        0  adc_joystick.o(i.ADC_In89)
    i.ADC_Init89                             0x00000580   Section        0  adc_joystick.o(i.ADC_Init89)
    i.BumpedIntoWorldPokemon                 0x000006a4   Section        0  field.o(i.BumpedIntoWorldPokemon)
    i.ClearScreenGrid                        0x000006e8   Section        0  field.o(i.ClearScreenGrid)
    i.Delay1ms                               0x00000708   Section        0  st7735.o(i.Delay1ms)
    i.DrawAllSprites                         0x00000728   Section        0  draw.o(i.DrawAllSprites)
    i.DrawBattleInventory                    0x0000074c   Section        0  drawscreen.o(i.DrawBattleInventory)
    i.DrawBattleScreen                       0x00000ae0   Section        0  drawscreen.o(i.DrawBattleScreen)
    i.DrawBorder                             0x00000f94   Section        0  draw.o(i.DrawBorder)
    i.DrawField                              0x00001010   Section        0  field.o(i.DrawField)
    i.DrawGridSprite                         0x000012ac   Section        0  draw.o(i.DrawGridSprite)
    i.DrawLanguageSelection                  0x000012e0   Section        0  drawscreen.o(i.DrawLanguageSelection)
    i.DrawMoveCommands                       0x0000133c   Section        0  drawscreen.o(i.DrawMoveCommands)
    i.DrawSelection                          0x000019fc   Section        0  draw.o(i.DrawSelection)
    i.DrawShopScreen                         0x00001a50   Section        0  shop.o(i.DrawShopScreen)
    i.DrawSimpleMenu                         0x00001e18   Section        0  drawscreen.o(i.DrawSimpleMenu)
    i.DrawSpriteImg                          0x00001f04   Section        0  draw.o(i.DrawSpriteImg)
    i.DrawSpriteSelection                    0x00001f22   Section        0  draw.o(i.DrawSpriteSelection)
    i.DrawStatusScreen                       0x00001f58   Section        0  drawscreen.o(i.DrawStatusScreen)
    i.DrawTitleScreen                        0x000020b0   Section        0  drawscreen.o(i.DrawTitleScreen)
    i.DrawWorld                              0x000022b0   Section        0  drawscreen.o(i.DrawWorld)
    i.GetFieldGrid                           0x00002534   Section        0  field.o(i.GetFieldGrid)
    i.GetGridX                               0x00002548   Section        0  draw.o(i.GetGridX)
    i.GetGridY                               0x00002564   Section        0  draw.o(i.GetGridY)
    i.GetObjGrid                             0x00002580   Section        0  field.o(i.GetObjGrid)
    i.IncSeed                                0x00002594   Section        0  drawscreen.o(i.IncSeed)
    i.InitBackgroundTypes                    0x000025c8   Section        0  field.o(i.InitBackgroundTypes)
    i.InitInventory                          0x000026c8   Section        0  player.o(i.InitInventory)
    i.InitMoves                              0x00002738   Section        0  battle.o(i.InitMoves)
    i.InitPlayer                             0x00002a00   Section        0  player.o(i.InitPlayer)
    i.InitPokemon                            0x00002a94   Section        0  drawscreen.o(i.InitPokemon)
    i.InitShop                               0x00002e54   Section        0  shop.o(i.InitShop)
    i.InitTeam                               0x00002fc4   Section        0  player.o(i.InitTeam)
    i.IsGridObject                           0x00002fd0   Section        0  field.o(i.IsGridObject)
    i.IsPokemonWalkable                      0x00003004   Section        0  field.o(i.IsPokemonWalkable)
    i.IsWalkable                             0x0000306c   Section        0  field.o(i.IsWalkable)
    i.IsWorldPokemon                         0x000030a0   Section        0  field.o(i.IsWorldPokemon)
    i.MoveDown                               0x000030dc   Section        0  player.o(i.MoveDown)
    i.MoveLeft                               0x00003140   Section        0  player.o(i.MoveLeft)
    i.MoveRight                              0x000031a8   Section        0  player.o(i.MoveRight)
    i.MoveUp                                 0x00003210   Section        0  player.o(i.MoveUp)
    i.MoveWorldPokemon                       0x00003274   Section        0  drawscreen.o(i.MoveWorldPokemon)
    i.Output_Init                            0x0000339c   Section        0  st7735.o(i.Output_Init)
    i.PLL_Init                               0x000033ac   Section        0  pll.o(i.PLL_Init)
    i.PrintWinLoseScreen                     0x00003428   Section        0  spaceinvaders.o(i.PrintWinLoseScreen)
    i.ST7735_DrawBitmap                      0x00003528   Section        0  st7735.o(i.ST7735_DrawBitmap)
    i.ST7735_DrawCharS                       0x00003648   Section        0  st7735.o(i.ST7735_DrawCharS)
    i.ST7735_DrawPixel                       0x00003740   Section        0  st7735.o(i.ST7735_DrawPixel)
    i.ST7735_DrawString                      0x00003788   Section        0  st7735.o(i.ST7735_DrawString)
    i.ST7735_FillRect                        0x000037e0   Section        0  st7735.o(i.ST7735_FillRect)
    i.ST7735_FillScreen                      0x0000388c   Section        0  st7735.o(i.ST7735_FillScreen)
    i.ST7735_InitR                           0x000038b0   Section        0  st7735.o(i.ST7735_InitR)
    i.ST7735_OutChar                         0x0000392c   Section        0  st7735.o(i.ST7735_OutChar)
    i.ST7735_OutString                       0x00003a00   Section        0  st7735.o(i.ST7735_OutString)
    i.ST7735_SetCursor                       0x00003a18   Section        0  st7735.o(i.ST7735_SetCursor)
    i.ST7735_SetTextColor                    0x00003a38   Section        0  st7735.o(i.ST7735_SetTextColor)
    i.SysTick_Handler                        0x00003a44   Section        0  adc_joystick.o(i.SysTick_Handler)
    i.SysTick_Init                           0x00003a5c   Section        0  adc_joystick.o(i.SysTick_Init)
    i.Timer0A_Handler                        0x00003a78   Section        0  timer0.o(i.Timer0A_Handler)
    i.Timer1A_Handler                        0x00003a90   Section        0  timer1.o(i.Timer1A_Handler)
    i.Timer1_Init                            0x00003aa8   Section        0  timer1.o(i.Timer1_Init)
    i.commandList                            0x00003b08   Section        0  st7735.o(i.commandList)
    commandList                              0x00003b09   Thumb Code    86  st7735.o(i.commandList)
    i.commonInit                             0x00003b60   Section        0  st7735.o(i.commonInit)
    commonInit                               0x00003b61   Thumb Code   342  st7735.o(i.commonInit)
    i.getJoystickX                           0x00003ce8   Section        0  adc_joystick.o(i.getJoystickX)
    i.getJoystickY                           0x00003d10   Section        0  adc_joystick.o(i.getJoystickY)
    i.isPE2Pressed                           0x00003d38   Section        0  adc_joystick.o(i.isPE2Pressed)
    i.isPE3Pressed                           0x00003d68   Section        0  adc_joystick.o(i.isPE3Pressed)
    i.main                                   0x00003d98   Section        0  spaceinvaders.o(i.main)
    i.moveShakeBack                          0x00003e28   Section        0  drawscreen.o(i.moveShakeBack)
    i.moveShakeLeft                          0x00003ea4   Section        0  drawscreen.o(i.moveShakeLeft)
    i.moveShakeRight                         0x00003ef4   Section        0  drawscreen.o(i.moveShakeRight)
    i.pushColor                              0x00003f44   Section        0  st7735.o(i.pushColor)
    pushColor                                0x00003f45   Thumb Code    18  st7735.o(i.pushColor)
    i.setAddrWindow                          0x00003f58   Section        0  st7735.o(i.setAddrWindow)
    setAddrWindow                            0x00003f59   Thumb Code   106  st7735.o(i.setAddrWindow)
    .constdata                               0x00003fcc   Section     2018  st7735.o(.constdata)
    Font                                     0x00003fcc   Data        1275  st7735.o(.constdata)
    Bcmd                                     0x000044c7   Data         103  st7735.o(.constdata)
    Rcmd1                                    0x0000452e   Data          59  st7735.o(.constdata)
    Rcmd2green                               0x00004569   Data          13  st7735.o(.constdata)
    Rcmd2red                                 0x00004576   Data          13  st7735.o(.constdata)
    Rcmd3                                    0x00004583   Data          43  st7735.o(.constdata)
    .constdata                               0x000047ae   Section       10  systeminfo.o(.constdata)
    .constdata                               0x000047b8   Section      268  battle.o(.constdata)
    .constdata                               0x000048c4   Section      916  drawscreen.o(.constdata)
    .constdata                               0x00004c58   Section      136  field.o(.constdata)
    .constdata                               0x00004ce0   Section       22  pokemontype.o(.constdata)
    .constdata                               0x00004cf8   Section      124  player.o(.constdata)
    .constdata                               0x00004d74   Section      204  shop.o(.constdata)
    .constdata                               0x00004e40   Section    18816  imagesother.o(.constdata)
    .constdata                               0x000097c0   Section     6144  textsprites.o(.constdata)
    .constdata                               0x0000afc0   Section    38338  imagespokemon2.o(.constdata)
    .constdata                               0x00014582   Section     5632  imagespokemonworld.o(.constdata)
    .conststring                             0x00015b84   Section      525  battle.o(.conststring)
    .conststring                             0x00015d94   Section      103  drawscreen.o(.conststring)
    .conststring                             0x00015dfc   Section       66  shop.o(.conststring)
    .data                                    0x20000000   Section       40  st7735.o(.data)
    ColStart                                 0x2000000a   Data           1  st7735.o(.data)
    RowStart                                 0x2000000b   Data           1  st7735.o(.data)
    Rotation                                 0x2000000c   Data           1  st7735.o(.data)
    TabColor                                 0x2000000d   Data           1  st7735.o(.data)
    .data                                    0x20000028   Section        4  timer0.o(.data)
    .data                                    0x2000002c   Section        4  timer1.o(.data)
    .data                                    0x20000030   Section        2  spaceinvaders.o(.data)
    .data                                    0x20000032   Section        4  systeminfo.o(.data)
    .data                                    0x20000038   Section       18  drawscreen.o(.data)
    .data                                    0x2000004a   Section     1801  field.o(.data)
    .data                                    0x20000753   Section      324  pokemontype.o(.data)
    .data                                    0x20000898   Section        4  player.o(.data)
    .data                                    0x2000089c   Section       10  adc_joystick.o(.data)
    DATA                                     0x200008a8   Section        4  random.o(DATA)
    M                                        0x200008a8   Data           4  random.o(DATA)
    .bss                                     0x200008ac   Section     2400  battle.o(.bss)
    .bss                                     0x2000120c   Section     1288  drawscreen.o(.bss)
    .bss                                     0x20001714   Section      878  field.o(.bss)
    .bss                                     0x20001a84   Section      172  player.o(.bss)
    .bss                                     0x20001b30   Section       84  shop.o(.bss)
    .bss                                     0x20001b84   Section       96  libspace.o(.bss)
    HEAP                                     0x20001be8   Section        0  startup.o(HEAP)
    STACK                                    0x20001be8   Section     1024  startup.o(STACK)
    HeapMem                                  0x20001be8   Data           0  startup.o(HEAP)
    StackMem                                 0x20001be8   Data           0  startup.o(STACK)

    Global Symbols

    Symbol Name                              Value     Ov Type        Size  Object(Section)

    BuildAttributes$$THM_ISAv4$E$P$D$K$B$S$7EM$PE$A:L22UL41UL21$X:L11$S22US41US21$IEEE1$IW$USESV6$~STKCKD$USESV7$~SHL$OSPACE$ROPI$EBA8$UX$STANDARDLIB$REQ8$PRES8$EABIv2 0x00000000   Number         0  anon$$obj.o ABSOLUTE
    __ARM_use_no_argv                        0x00000000   Number         0  spaceinvaders.o ABSOLUTE
    __Vectors                                0x00000000   Data           0  startup.o(RESET)
    __ARM_exceptions_init                     - Undefined Weak Reference
    __alloca_initialize                       - Undefined Weak Reference
    __arm_preinit_                            - Undefined Weak Reference
    __cpp_initialize__aeabi_                  - Undefined Weak Reference
    __cxa_finalize                            - Undefined Weak Reference
    __rt_locale                               - Undefined Weak Reference
    __sigvec_lookup                           - Undefined Weak Reference
    _atexit_init                              - Undefined Weak Reference
    _call_atexit_fns                          - Undefined Weak Reference
    _clock_init                               - Undefined Weak Reference
    _fp_trap_init                             - Undefined Weak Reference
    _fp_trap_shutdown                         - Undefined Weak Reference
    _get_lc_collate                           - Undefined Weak Reference
    _get_lc_ctype                             - Undefined Weak Reference
    _get_lc_monetary                          - Undefined Weak Reference
    _get_lc_numeric                           - Undefined Weak Reference
    _get_lc_time                              - Undefined Weak Reference
    _getenv_init                              - Undefined Weak Reference
    _handle_redirection                       - Undefined Weak Reference
    _init_alloc                               - Undefined Weak Reference
    _init_user_alloc                          - Undefined Weak Reference
    _initio                                   - Undefined Weak Reference
    _rand_init                                - Undefined Weak Reference
    _signal_finish                            - Undefined Weak Reference
    _signal_init                              - Undefined Weak Reference
    _terminate_alloc                          - Undefined Weak Reference
    _terminate_user_alloc                     - Undefined Weak Reference
    _terminateio                              - Undefined Weak Reference
    Reset_Handler                            0x0000026d   Thumb Code     0  startup.o(RESET)
    NMI_Handler                              0x00000271   Thumb Code     2  startup.o(RESET)
    HardFault_Handler                        0x00000273   Thumb Code     2  startup.o(RESET)
    MemManage_Handler                        0x00000275   Thumb Code     2  startup.o(RESET)
    BusFault_Handler                         0x00000277   Thumb Code     2  startup.o(RESET)
    UsageFault_Handler                       0x00000279   Thumb Code     2  startup.o(RESET)
    SVC_Handler                              0x0000027b   Thumb Code     2  startup.o(RESET)
    DebugMon_Handler                         0x0000027d   Thumb Code     2  startup.o(RESET)
    PendSV_Handler                           0x0000027f   Thumb Code     2  startup.o(RESET)
    ADC0Seq0_Handler                         0x00000283   Thumb Code     0  startup.o(RESET)
    ADC0Seq1_Handler                         0x00000283   Thumb Code     0  startup.o(RESET)
    ADC0Seq2_Handler                         0x00000283   Thumb Code     0  startup.o(RESET)
    ADC0Seq3_Handler                         0x00000283   Thumb Code     0  startup.o(RESET)
    ADC1Seq0_Handler                         0x00000283   Thumb Code     0  startup.o(RESET)
    ADC1Seq1_Handler                         0x00000283   Thumb Code     0  startup.o(RESET)
    ADC1Seq2_Handler                         0x00000283   Thumb Code     0  startup.o(RESET)
    ADC1Seq3_Handler                         0x00000283   Thumb Code     0  startup.o(RESET)
    CAN0_Handler                             0x00000283   Thumb Code     0  startup.o(RESET)
    CAN1_Handler                             0x00000283   Thumb Code     0  startup.o(RESET)
    CAN2_Handler                             0x00000283   Thumb Code     0  startup.o(RESET)
    Comp0_Handler                            0x00000283   Thumb Code     0  startup.o(RESET)
    Comp1_Handler                            0x00000283   Thumb Code     0  startup.o(RESET)
    Comp2_Handler                            0x00000283   Thumb Code     0  startup.o(RESET)
    Ethernet_Handler                         0x00000283   Thumb Code     0  startup.o(RESET)
    ExtBus_Handler                           0x00000283   Thumb Code     0  startup.o(RESET)
    FPU_Handler                              0x00000283   Thumb Code     0  startup.o(RESET)
    Fan0_Handler                             0x00000283   Thumb Code     0  startup.o(RESET)
    FlashCtl_Handler                         0x00000283   Thumb Code     0  startup.o(RESET)
    GPIOPortA_Handler                        0x00000283   Thumb Code     0  startup.o(RESET)
    GPIOPortB_Handler                        0x00000283   Thumb Code     0  startup.o(RESET)
    GPIOPortC_Handler                        0x00000283   Thumb Code     0  startup.o(RESET)
    GPIOPortD_Handler                        0x00000283   Thumb Code     0  startup.o(RESET)
    GPIOPortE_Handler                        0x00000283   Thumb Code     0  startup.o(RESET)
    GPIOPortF_Handler                        0x00000283   Thumb Code     0  startup.o(RESET)
    GPIOPortG_Handler                        0x00000283   Thumb Code     0  startup.o(RESET)
    GPIOPortH_Handler                        0x00000283   Thumb Code     0  startup.o(RESET)
    GPIOPortJ_Handler                        0x00000283   Thumb Code     0  startup.o(RESET)
    GPIOPortK_Handler                        0x00000283   Thumb Code     0  startup.o(RESET)
    GPIOPortL_Handler                        0x00000283   Thumb Code     0  startup.o(RESET)
    GPIOPortM_Handler                        0x00000283   Thumb Code     0  startup.o(RESET)
    GPIOPortN_Handler                        0x00000283   Thumb Code     0  startup.o(RESET)
    GPIOPortP1_Handler                       0x00000283   Thumb Code     0  startup.o(RESET)
    GPIOPortP2_Handler                       0x00000283   Thumb Code     0  startup.o(RESET)
    GPIOPortP3_Handler                       0x00000283   Thumb Code     0  startup.o(RESET)
    GPIOPortP4_Handler                       0x00000283   Thumb Code     0  startup.o(RESET)
    GPIOPortP5_Handler                       0x00000283   Thumb Code     0  startup.o(RESET)
    GPIOPortP6_Handler                       0x00000283   Thumb Code     0  startup.o(RESET)
    GPIOPortP7_Handler                       0x00000283   Thumb Code     0  startup.o(RESET)
    GPIOPortP_Handler                        0x00000283   Thumb Code     0  startup.o(RESET)
    GPIOPortQ1_Handler                       0x00000283   Thumb Code     0  startup.o(RESET)
    GPIOPortQ2_Handler                       0x00000283   Thumb Code     0  startup.o(RESET)
    GPIOPortQ3_Handler                       0x00000283   Thumb Code     0  startup.o(RESET)
    GPIOPortQ4_Handler                       0x00000283   Thumb Code     0  startup.o(RESET)
    GPIOPortQ5_Handler                       0x00000283   Thumb Code     0  startup.o(RESET)
    GPIOPortQ6_Handler                       0x00000283   Thumb Code     0  startup.o(RESET)
    GPIOPortQ7_Handler                       0x00000283   Thumb Code     0  startup.o(RESET)
    GPIOPortQ_Handler                        0x00000283   Thumb Code     0  startup.o(RESET)
    GPIOPortR_Handler                        0x00000283   Thumb Code     0  startup.o(RESET)
    GPIOPortS_Handler                        0x00000283   Thumb Code     0  startup.o(RESET)
    Hibernate_Handler                        0x00000283   Thumb Code     0  startup.o(RESET)
    I2C0_Handler                             0x00000283   Thumb Code     0  startup.o(RESET)
    I2C1_Handler                             0x00000283   Thumb Code     0  startup.o(RESET)
    I2C2_Handler                             0x00000283   Thumb Code     0  startup.o(RESET)
    I2C3_Handler                             0x00000283   Thumb Code     0  startup.o(RESET)
    I2C4_Handler                             0x00000283   Thumb Code     0  startup.o(RESET)
    I2C5_Handler                             0x00000283   Thumb Code     0  startup.o(RESET)
    I2S0_Handler                             0x00000283   Thumb Code     0  startup.o(RESET)
    LPC0_Handler                             0x00000283   Thumb Code     0  startup.o(RESET)
    PECI0_Handler                            0x00000283   Thumb Code     0  startup.o(RESET)
    PWM0Fault_Handler                        0x00000283   Thumb Code     0  startup.o(RESET)
    PWM0Generator0_Handler                   0x00000283   Thumb Code     0  startup.o(RESET)
    PWM0Generator1_Handler                   0x00000283   Thumb Code     0  startup.o(RESET)
    PWM0Generator2_Handler                   0x00000283   Thumb Code     0  startup.o(RESET)
    PWM0Generator3_Handler                   0x00000283   Thumb Code     0  startup.o(RESET)
    PWM1Fault_Handler                        0x00000283   Thumb Code     0  startup.o(RESET)
    PWM1Generator0_Handler                   0x00000283   Thumb Code     0  startup.o(RESET)
    PWM1Generator1_Handler                   0x00000283   Thumb Code     0  startup.o(RESET)
    PWM1Generator2_Handler                   0x00000283   Thumb Code     0  startup.o(RESET)
    PWM1Generator3_Handler                   0x00000283   Thumb Code     0  startup.o(RESET)
    Quadrature0_Handler                      0x00000283   Thumb Code     0  startup.o(RESET)
    Quadrature1_Handler                      0x00000283   Thumb Code     0  startup.o(RESET)
    Quadrature2_Handler                      0x00000283   Thumb Code     0  startup.o(RESET)
    SSI0_Handler                             0x00000283   Thumb Code     0  startup.o(RESET)
    SSI1_Handler                             0x00000283   Thumb Code     0  startup.o(RESET)
    SSI2_Handler                             0x00000283   Thumb Code     0  startup.o(RESET)
    SSI3_Handler                             0x00000283   Thumb Code     0  startup.o(RESET)
    SysCtl_Handler                           0x00000283   Thumb Code     0  startup.o(RESET)
    Timer0B_Handler                          0x00000283   Thumb Code     0  startup.o(RESET)
    Timer1B_Handler                          0x00000283   Thumb Code     0  startup.o(RESET)
    Timer2A_Handler                          0x00000283   Thumb Code     0  startup.o(RESET)
    Timer2B_Handler                          0x00000283   Thumb Code     0  startup.o(RESET)
    Timer3A_Handler                          0x00000283   Thumb Code     0  startup.o(RESET)
    Timer3B_Handler                          0x00000283   Thumb Code     0  startup.o(RESET)
    Timer4A_Handler                          0x00000283   Thumb Code     0  startup.o(RESET)
    Timer4B_Handler                          0x00000283   Thumb Code     0  startup.o(RESET)
    Timer5A_Handler                          0x00000283   Thumb Code     0  startup.o(RESET)
    Timer5B_Handler                          0x00000283   Thumb Code     0  startup.o(RESET)
    UART0_Handler                            0x00000283   Thumb Code     0  startup.o(RESET)
    UART1_Handler                            0x00000283   Thumb Code     0  startup.o(RESET)
    UART2_Handler                            0x00000283   Thumb Code     0  startup.o(RESET)
    UART3_Handler                            0x00000283   Thumb Code     0  startup.o(RESET)
    UART4_Handler                            0x00000283   Thumb Code     0  startup.o(RESET)
    UART5_Handler                            0x00000283   Thumb Code     0  startup.o(RESET)
    UART6_Handler                            0x00000283   Thumb Code     0  startup.o(RESET)
    UART7_Handler                            0x00000283   Thumb Code     0  startup.o(RESET)
    USB0_Handler                             0x00000283   Thumb Code     0  startup.o(RESET)
    WDT_Handler                              0x00000283   Thumb Code     0  startup.o(RESET)
    WideTimer0A_Handler                      0x00000283   Thumb Code     0  startup.o(RESET)
    WideTimer0B_Handler                      0x00000283   Thumb Code     0  startup.o(RESET)
    WideTimer1A_Handler                      0x00000283   Thumb Code     0  startup.o(RESET)
    WideTimer1B_Handler                      0x00000283   Thumb Code     0  startup.o(RESET)
    WideTimer2A_Handler                      0x00000283   Thumb Code     0  startup.o(RESET)
    WideTimer2B_Handler                      0x00000283   Thumb Code     0  startup.o(RESET)
    WideTimer3A_Handler                      0x00000283   Thumb Code     0  startup.o(RESET)
    WideTimer3B_Handler                      0x00000283   Thumb Code     0  startup.o(RESET)
    WideTimer4A_Handler                      0x00000283   Thumb Code     0  startup.o(RESET)
    WideTimer4B_Handler                      0x00000283   Thumb Code     0  startup.o(RESET)
    WideTimer5A_Handler                      0x00000283   Thumb Code     0  startup.o(RESET)
    WideTimer5B_Handler                      0x00000283   Thumb Code     0  startup.o(RESET)
    uDMA_Error                               0x00000283   Thumb Code     0  startup.o(RESET)
    uDMA_Handler                             0x00000283   Thumb Code     0  startup.o(RESET)
    __main                                   0x00000285   Thumb Code     8  __main.o(!!!main)
    __scatterload                            0x0000028d   Thumb Code     0  __scatter.o(!!!scatter)
    __scatterload_rt2                        0x0000028d   Thumb Code    44  __scatter.o(!!!scatter)
    __scatterload_rt2_thumb_only             0x0000028d   Thumb Code     0  __scatter.o(!!!scatter)
    __scatterload_null                       0x0000029b   Thumb Code     0  __scatter.o(!!!scatter)
    __decompress                             0x000002c1   Thumb Code   100  __dclz77c.o(!!dclz77c)
    __decompress2                            0x000002c1   Thumb Code     0  __dclz77c.o(!!dclz77c)
    __scatterload_zeroinit                   0x00000325   Thumb Code    28  __scatter_zi.o(!!handler_zi)
    __rt_lib_init                            0x00000341   Thumb Code     0  libinit.o(.ARM.Collect$$libinit$$00000000)
    __rt_lib_init_alloca_1                   0x00000343   Thumb Code     0  libinit2.o(.ARM.Collect$$libinit$$0000002E)
    __rt_lib_init_argv_1                     0x00000343   Thumb Code     0  libinit2.o(.ARM.Collect$$libinit$$0000002C)
    __rt_lib_init_atexit_1                   0x00000343   Thumb Code     0  libinit2.o(.ARM.Collect$$libinit$$0000001B)
    __rt_lib_init_clock_1                    0x00000343   Thumb Code     0  libinit2.o(.ARM.Collect$$libinit$$00000021)
    __rt_lib_init_cpp_1                      0x00000343   Thumb Code     0  libinit2.o(.ARM.Collect$$libinit$$00000032)
    __rt_lib_init_exceptions_1               0x00000343   Thumb Code     0  libinit2.o(.ARM.Collect$$libinit$$00000030)
    __rt_lib_init_fp_1                       0x00000343   Thumb Code     0  libinit2.o(.ARM.Collect$$libinit$$00000002)
    __rt_lib_init_fp_trap_1                  0x00000343   Thumb Code     0  libinit2.o(.ARM.Collect$$libinit$$0000001F)
    __rt_lib_init_getenv_1                   0x00000343   Thumb Code     0  libinit2.o(.ARM.Collect$$libinit$$00000023)
    __rt_lib_init_heap_1                     0x00000343   Thumb Code     0  libinit2.o(.ARM.Collect$$libinit$$0000000A)
    __rt_lib_init_lc_collate_1               0x00000343   Thumb Code     0  libinit2.o(.ARM.Collect$$libinit$$00000011)
    __rt_lib_init_lc_ctype_1                 0x00000343   Thumb Code     0  libinit2.o(.ARM.Collect$$libinit$$00000013)
    __rt_lib_init_lc_monetary_1              0x00000343   Thumb Code     0  libinit2.o(.ARM.Collect$$libinit$$00000015)
    __rt_lib_init_lc_numeric_1               0x00000343   Thumb Code     0  libinit2.o(.ARM.Collect$$libinit$$00000017)
    __rt_lib_init_lc_time_1                  0x00000343   Thumb Code     0  libinit2.o(.ARM.Collect$$libinit$$00000019)
    __rt_lib_init_preinit_1                  0x00000343   Thumb Code     0  libinit2.o(.ARM.Collect$$libinit$$00000004)
    __rt_lib_init_rand_1                     0x00000343   Thumb Code     0  libinit2.o(.ARM.Collect$$libinit$$0000000E)
    __rt_lib_init_return                     0x00000343   Thumb Code     0  libinit2.o(.ARM.Collect$$libinit$$00000033)
    __rt_lib_init_signal_1                   0x00000343   Thumb Code     0  libinit2.o(.ARM.Collect$$libinit$$0000001D)
    __rt_lib_init_stdio_1                    0x00000343   Thumb Code     0  libinit2.o(.ARM.Collect$$libinit$$00000025)
    __rt_lib_init_user_alloc_1               0x00000343   Thumb Code     0  libinit2.o(.ARM.Collect$$libinit$$0000000C)
    __rt_lib_shutdown                        0x00000345   Thumb Code     0  libshutdown.o(.ARM.Collect$$libshutdown$$00000000)
    __rt_lib_shutdown_cpp_1                  0x00000347   Thumb Code     0  libshutdown2.o(.ARM.Collect$$libshutdown$$00000002)
    __rt_lib_shutdown_fp_trap_1              0x00000347   Thumb Code     0  libshutdown2.o(.ARM.Collect$$libshutdown$$00000007)
    __rt_lib_shutdown_heap_1                 0x00000347   Thumb Code     0  libshutdown2.o(.ARM.Collect$$libshutdown$$0000000F)
    __rt_lib_shutdown_return                 0x00000347   Thumb Code     0  libshutdown2.o(.ARM.Collect$$libshutdown$$00000010)
    __rt_lib_shutdown_signal_1               0x00000347   Thumb Code     0  libshutdown2.o(.ARM.Collect$$libshutdown$$0000000A)
    __rt_lib_shutdown_stdio_1                0x00000347   Thumb Code     0  libshutdown2.o(.ARM.Collect$$libshutdown$$00000004)
    __rt_lib_shutdown_user_alloc_1           0x00000347   Thumb Code     0  libshutdown2.o(.ARM.Collect$$libshutdown$$0000000C)
    __rt_entry                               0x00000349   Thumb Code     0  __rtentry.o(.ARM.Collect$$rtentry$$00000000)
    __rt_entry_presh_1                       0x00000349   Thumb Code     0  __rtentry2.o(.ARM.Collect$$rtentry$$00000002)
    __rt_entry_sh                            0x00000349   Thumb Code     0  __rtentry4.o(.ARM.Collect$$rtentry$$00000004)
    __rt_entry_li                            0x0000034f   Thumb Code     0  __rtentry2.o(.ARM.Collect$$rtentry$$0000000A)
    __rt_entry_postsh_1                      0x0000034f   Thumb Code     0  __rtentry2.o(.ARM.Collect$$rtentry$$00000009)
    __rt_entry_main                          0x00000353   Thumb Code     0  __rtentry2.o(.ARM.Collect$$rtentry$$0000000D)
    __rt_entry_postli_1                      0x00000353   Thumb Code     0  __rtentry2.o(.ARM.Collect$$rtentry$$0000000C)
    __rt_exit                                0x0000035b   Thumb Code     0  rtexit.o(.ARM.Collect$$rtexit$$00000000)
    __rt_exit_ls                             0x0000035d   Thumb Code     0  rtexit2.o(.ARM.Collect$$rtexit$$00000003)
    __rt_exit_prels_1                        0x0000035d   Thumb Code     0  rtexit2.o(.ARM.Collect$$rtexit$$00000002)
    __rt_exit_exit                           0x00000361   Thumb Code     0  rtexit2.o(.ARM.Collect$$rtexit$$00000004)
    DisableInterrupts                        0x00000369   Thumb Code     0  startup.o(.text)
    EnableInterrupts                         0x0000036d   Thumb Code     0  startup.o(.text)
    StartCritical                            0x00000371   Thumb Code     0  startup.o(.text)
    EndCritical                              0x00000379   Thumb Code     0  startup.o(.text)
    WaitForInterrupt                         0x0000037f   Thumb Code     0  startup.o(.text)
    __user_initial_stackheap                 0x00000383   Thumb Code     0  startup.o(.text)
    Random_Init                              0x00000399   Thumb Code     0  random.o(.text)
    Random32                                 0x0000039f   Thumb Code     2  random.o(.text)
    Random                                   0x000003b1   Thumb Code     2  random.o(.text)
    writecommand                             0x000003d5   Thumb Code     0  lcd.o(.text)
    writedata                                0x000003f7   Thumb Code     0  lcd.o(.text)
    __aeabi_memcpy4                          0x0000041d   Thumb Code     0  rt_memcpy_w.o(.text)
    __aeabi_memcpy8                          0x0000041d   Thumb Code     0  rt_memcpy_w.o(.text)
    __rt_memcpy_w                            0x0000041d   Thumb Code   100  rt_memcpy_w.o(.text)
    _memcpy_lastbytes_aligned                0x00000465   Thumb Code     0  rt_memcpy_w.o(.text)
    __aeabi_memclr4                          0x00000481   Thumb Code     0  rt_memclr_w.o(.text)
    __aeabi_memclr8                          0x00000481   Thumb Code     0  rt_memclr_w.o(.text)
    __rt_memclr_w                            0x00000481   Thumb Code    78  rt_memclr_w.o(.text)
    _memset_w                                0x00000485   Thumb Code     0  rt_memclr_w.o(.text)
    __use_two_region_memory                  0x000004cf   Thumb Code     2  heapauxi.o(.text)
    __rt_heap_escrow$2region                 0x000004d1   Thumb Code     2  heapauxi.o(.text)
    __rt_heap_expand$2region                 0x000004d3   Thumb Code     2  heapauxi.o(.text)
    __user_setup_stackheap                   0x000004d5   Thumb Code    74  sys_stackheap_outer.o(.text)
    exit                                     0x0000051f   Thumb Code    18  exit.o(.text)
    __user_libspace                          0x00000531   Thumb Code     8  libspace.o(.text)
    __user_perproc_libspace                  0x00000531   Thumb Code     0  libspace.o(.text)
    __user_perthread_libspace                0x00000531   Thumb Code     0  libspace.o(.text)
    _sys_exit                                0x00000539   Thumb Code     8  sys_exit.o(.text)
    __I$use$semihosting                      0x00000545   Thumb Code     0  use_no_semi.o(.text)
    __use_no_semihosting_swi                 0x00000545   Thumb Code     2  use_no_semi.o(.text)
    __semihosting_library_function           0x00000547   Thumb Code     0  indicate_semi.o(.text)
    ADC_In89                                 0x00000549   Thumb Code    52  adc_joystick.o(i.ADC_In89)
    ADC_Init89                               0x00000581   Thumb Code   266  adc_joystick.o(i.ADC_Init89)
    BumpedIntoWorldPokemon                   0x000006a5   Thumb Code    56  field.o(i.BumpedIntoWorldPokemon)
    ClearScreenGrid                          0x000006e9   Thumb Code    22  field.o(i.ClearScreenGrid)
    Delay1ms                                 0x00000709   Thumb Code    32  st7735.o(i.Delay1ms)
    DrawAllSprites                           0x00000729   Thumb Code    36  draw.o(i.DrawAllSprites)
    DrawBattleInventory                      0x0000074d   Thumb Code   690  drawscreen.o(i.DrawBattleInventory)
    DrawBattleScreen                         0x00000ae1   Thumb Code  1204  drawscreen.o(i.DrawBattleScreen)
    DrawBorder                               0x00000f95   Thumb Code   124  draw.o(i.DrawBorder)
    DrawField                                0x00001011   Thumb Code   600  field.o(i.DrawField)
    DrawGridSprite                           0x000012ad   Thumb Code    52  draw.o(i.DrawGridSprite)
    DrawLanguageSelection                    0x000012e1   Thumb Code    64  drawscreen.o(i.DrawLanguageSelection)
    DrawMoveCommands                         0x0000133d   Thumb Code  1696  drawscreen.o(i.DrawMoveCommands)
    DrawSelection                            0x000019fd   Thumb Code    82  draw.o(i.DrawSelection)
    DrawShopScreen                           0x00001a51   Thumb Code   708  shop.o(i.DrawShopScreen)
    DrawSimpleMenu                           0x00001e19   Thumb Code   210  drawscreen.o(i.DrawSimpleMenu)
    DrawSpriteImg                            0x00001f05   Thumb Code    30  draw.o(i.DrawSpriteImg)
    DrawSpriteSelection                      0x00001f23   Thumb Code    52  draw.o(i.DrawSpriteSelection)
    DrawStatusScreen                         0x00001f59   Thumb Code   284  drawscreen.o(i.DrawStatusScreen)
    DrawTitleScreen                          0x000020b1   Thumb Code   356  drawscreen.o(i.DrawTitleScreen)
    DrawWorld                                0x000022b1   Thumb Code   572  drawscreen.o(i.DrawWorld)
    GetFieldGrid                             0x00002535   Thumb Code    16  field.o(i.GetFieldGrid)
    GetGridX                                 0x00002549   Thumb Code    18  draw.o(i.GetGridX)
    GetGridY                                 0x00002565   Thumb Code    18  draw.o(i.GetGridY)
    GetObjGrid                               0x00002581   Thumb Code    16  field.o(i.GetObjGrid)
    IncSeed                                  0x00002595   Thumb Code    40  drawscreen.o(i.IncSeed)
    InitBackgroundTypes                      0x000025c9   Thumb Code   242  field.o(i.InitBackgroundTypes)
    InitInventory                            0x000026c9   Thumb Code    96  player.o(i.InitInventory)
    InitMoves                                0x00002739   Thumb Code   664  battle.o(i.InitMoves)
    InitPlayer                               0x00002a01   Thumb Code   140  player.o(i.InitPlayer)
    InitPokemon                              0x00002a95   Thumb Code   858  drawscreen.o(i.InitPokemon)
    InitShop                                 0x00002e55   Thumb Code   356  shop.o(i.InitShop)
    InitTeam                                 0x00002fc5   Thumb Code     6  player.o(i.InitTeam)
    IsGridObject                             0x00002fd1   Thumb Code    38  field.o(i.IsGridObject)
    IsPokemonWalkable                        0x00003005   Thumb Code    94  field.o(i.IsPokemonWalkable)
    IsWalkable                               0x0000306d   Thumb Code    50  field.o(i.IsWalkable)
    IsWorldPokemon                           0x000030a1   Thumb Code    52  field.o(i.IsWorldPokemon)
    MoveDown                                 0x000030dd   Thumb Code    92  player.o(i.MoveDown)
    MoveLeft                                 0x00003141   Thumb Code    96  player.o(i.MoveLeft)
    MoveRight                                0x000031a9   Thumb Code    96  player.o(i.MoveRight)
    MoveUp                                   0x00003211   Thumb Code    92  player.o(i.MoveUp)
    MoveWorldPokemon                         0x00003275   Thumb Code   286  drawscreen.o(i.MoveWorldPokemon)
    Output_Init                              0x0000339d   Thumb Code    16  st7735.o(i.Output_Init)
    PLL_Init                                 0x000033ad   Thumb Code   120  pll.o(i.PLL_Init)
    PrintWinLoseScreen                       0x00003429   Thumb Code    60  spaceinvaders.o(i.PrintWinLoseScreen)
    ST7735_DrawBitmap                        0x00003529   Thumb Code   280  st7735.o(i.ST7735_DrawBitmap)
    ST7735_DrawCharS                         0x00003649   Thumb Code   236  st7735.o(i.ST7735_DrawCharS)
    ST7735_DrawPixel                         0x00003741   Thumb Code    64  st7735.o(i.ST7735_DrawPixel)
    ST7735_DrawString                        0x00003789   Thumb Code    86  st7735.o(i.ST7735_DrawString)
    ST7735_FillRect                          0x000037e1   Thumb Code   164  st7735.o(i.ST7735_FillRect)
    ST7735_FillScreen                        0x0000388d   Thumb Code    28  st7735.o(i.ST7735_FillScreen)
    ST7735_InitR                             0x000038b1   Thumb Code    90  st7735.o(i.ST7735_InitR)
    ST7735_OutChar                           0x0000392d   Thumb Code   174  st7735.o(i.ST7735_OutChar)
    ST7735_OutString                         0x00003a01   Thumb Code    24  st7735.o(i.ST7735_OutString)
    ST7735_SetCursor                         0x00003a19   Thumb Code    22  st7735.o(i.ST7735_SetCursor)
    ST7735_SetTextColor                      0x00003a39   Thumb Code     6  st7735.o(i.ST7735_SetTextColor)
    SysTick_Handler                          0x00003a45   Thumb Code    16  adc_joystick.o(i.SysTick_Handler)
    SysTick_Init                             0x00003a5d   Thumb Code    22  adc_joystick.o(i.SysTick_Init)
    Timer0A_Handler                          0x00003a79   Thumb Code    16  timer0.o(i.Timer0A_Handler)
    Timer1A_Handler                          0x00003a91   Thumb Code    16  timer1.o(i.Timer1A_Handler)
    Timer1_Init                              0x00003aa9   Thumb Code    74  timer1.o(i.Timer1_Init)
    getJoystickX                             0x00003ce9   Thumb Code    34  adc_joystick.o(i.getJoystickX)
    getJoystickY                             0x00003d11   Thumb Code    34  adc_joystick.o(i.getJoystickY)
    isPE2Pressed                             0x00003d39   Thumb Code    40  adc_joystick.o(i.isPE2Pressed)
    isPE3Pressed                             0x00003d69   Thumb Code    40  adc_joystick.o(i.isPE3Pressed)
    main                                     0x00003d99   Thumb Code   138  spaceinvaders.o(i.main)
    moveShakeBack                            0x00003e29   Thumb Code   106  drawscreen.o(i.moveShakeBack)
    moveShakeLeft                            0x00003ea5   Thumb Code    64  drawscreen.o(i.moveShakeLeft)
    moveShakeRight                           0x00003ef5   Thumb Code    62  drawscreen.o(i.moveShakeRight)
    dBfs                                     0x000045ae   Data         512  st7735.o(.constdata)
    GRID_LENGTH                              0x000047ae   Data           1  systeminfo.o(.constdata)
    GAME_BORDER_W                            0x000047af   Data           1  systeminfo.o(.constdata)
    GAME_BORDER_COLOR                        0x000047b0   Data           2  systeminfo.o(.constdata)
    SCREEN_COLUMNS                           0x000047b2   Data           2  systeminfo.o(.constdata)
    SCREEN_ROWS                              0x000047b4   Data           2  systeminfo.o(.constdata)
    SCREEN_MID_COL                           0x000047b6   Data           1  systeminfo.o(.constdata)
    SCREEN_MID_ROW                           0x000047b7   Data           1  systeminfo.o(.constdata)
    CAT_PHYSICAL                             0x000047b8   Data           1  battle.o(.constdata)
    CAT_SPECIAL                              0x000047b9   Data           1  battle.o(.constdata)
    N                                        0x00004c58   Data           1  field.o(.constdata)
    G                                        0x00004c59   Data           1  field.o(.constdata)
    W                                        0x00004c5a   Data           1  field.o(.constdata)
    E                                        0x00004c5b   Data           1  field.o(.constdata)
    R                                        0x00004c5c   Data           1  field.o(.constdata)
    T                                        0x00004c5d   Data           1  field.o(.constdata)
    S                                        0x00004c5e   Data           1  field.o(.constdata)
    SS                                       0x00004c5f   Data           1  field.o(.constdata)
    ST                                       0x00004c60   Data           1  field.o(.constdata)
    SO                                       0x00004c61   Data           1  field.o(.constdata)
    SR                                       0x00004c62   Data           1  field.o(.constdata)
    SE                                       0x00004c63   Data           1  field.o(.constdata)
    SA                                       0x00004c64   Data           1  field.o(.constdata)
    FIELD_WIDTH                              0x00004c65   Data           1  field.o(.constdata)
    FIELD_HEIGHT                             0x00004c66   Data           1  field.o(.constdata)
    Normal                                   0x00004ce0   Data           1  pokemontype.o(.constdata)
    Fire                                     0x00004ce1   Data           1  pokemontype.o(.constdata)
    Water                                    0x00004ce2   Data           1  pokemontype.o(.constdata)
    Electric                                 0x00004ce3   Data           1  pokemontype.o(.constdata)
    Grass                                    0x00004ce4   Data           1  pokemontype.o(.constdata)
    Ice                                      0x00004ce5   Data           1  pokemontype.o(.constdata)
    Fighting                                 0x00004ce6   Data           1  pokemontype.o(.constdata)
    Poison                                   0x00004ce7   Data           1  pokemontype.o(.constdata)
    Ground                                   0x00004ce8   Data           1  pokemontype.o(.constdata)
    Flying                                   0x00004ce9   Data           1  pokemontype.o(.constdata)
    Psychic                                  0x00004cea   Data           1  pokemontype.o(.constdata)
    Bug                                      0x00004ceb   Data           1  pokemontype.o(.constdata)
    Rock                                     0x00004cec   Data           1  pokemontype.o(.constdata)
    Ghost                                    0x00004ced   Data           1  pokemontype.o(.constdata)
    Dragon                                   0x00004cee   Data           1  pokemontype.o(.constdata)
    Dark                                     0x00004cef   Data           1  pokemontype.o(.constdata)
    Steel                                    0x00004cf0   Data           1  pokemontype.o(.constdata)
    Fairy                                    0x00004cf1   Data           1  pokemontype.o(.constdata)
    A                                        0x00004cf2   Data           1  pokemontype.o(.constdata)
    B                                        0x00004cf3   Data           1  pokemontype.o(.constdata)
    C                                        0x00004cf4   Data           1  pokemontype.o(.constdata)
    D                                        0x00004cf5   Data           1  pokemontype.o(.constdata)
    playerFront                              0x00004e40   Data         512  imagesother.o(.constdata)
    playerBack                               0x00005040   Data         512  imagesother.o(.constdata)
    playerSide                               0x00005240   Data         512  imagesother.o(.constdata)
    playerSwimBack                           0x00005440   Data         512  imagesother.o(.constdata)
    playerSwimFront                          0x00005640   Data         512  imagesother.o(.constdata)
    playerSwimSide                           0x00005840   Data         512  imagesother.o(.constdata)
    torchic                                  0x00005a40   Data         512  imagesother.o(.constdata)
    pokeball                                 0x00005c40   Data        3200  imagesother.o(.constdata)
    healthPotion                             0x000068c0   Data        3200  imagesother.o(.constdata)
    boba                                     0x00007540   Data        3200  imagesother.o(.constdata)
    grass                                    0x000081c0   Data         512  imagesother.o(.constdata)
    water                                    0x000083c0   Data         512  imagesother.o(.constdata)
    ground                                   0x000085c0   Data         512  imagesother.o(.constdata)
    rock                                     0x000087c0   Data         512  imagesother.o(.constdata)
    bush                                     0x000089c0   Data         512  imagesother.o(.constdata)
    storeS                                   0x00008bc0   Data         512  imagesother.o(.constdata)
    storeT                                   0x00008dc0   Data         512  imagesother.o(.constdata)
    storeO                                   0x00008fc0   Data         512  imagesother.o(.constdata)
    storeR                                   0x000091c0   Data         512  imagesother.o(.constdata)
    storeE                                   0x000093c0   Data         512  imagesother.o(.constdata)
    storeArrow                               0x000095c0   Data         512  imagesother.o(.constdata)
    fight                                    0x000097c0   Data        1024  textsprites.o(.constdata)
    pokemon                                  0x00009bc0   Data        1024  textsprites.o(.constdata)
    item                                     0x00009fc0   Data        1024  textsprites.o(.constdata)
    run                                      0x0000a3c0   Data        1024  textsprites.o(.constdata)
    lucha                                    0x0000a7c0   Data        1024  textsprites.o(.constdata)
    correr                                   0x0000abc0   Data        1024  textsprites.o(.constdata)
    bulbWorldFront                           0x0000afc0   Data         512  imagespokemon2.o(.constdata)
    bulbasaur                                0x0000b1c0   Data        3200  imagespokemon2.o(.constdata)
    charmander                               0x0000be40   Data        3200  imagespokemon2.o(.constdata)
    squirtle                                 0x0000cac0   Data        3200  imagespokemon2.o(.constdata)
    pidgey                                   0x0000d740   Data        3200  imagespokemon2.o(.constdata)
    pikachu                                  0x0000e3c0   Data        3200  imagespokemon2.o(.constdata)
    eevee                                    0x0000f040   Data        3200  imagespokemon2.o(.constdata)
    psyduck                                  0x0000fcc0   Data        3200  imagespokemon2.o(.constdata)
    dratini                                  0x00010940   Data        4418  imagespokemon2.o(.constdata)
    jigglypuff                               0x00011a82   Data        3200  imagespokemon2.o(.constdata)
    ponyta                                   0x00012702   Data        3200  imagespokemon2.o(.constdata)
    vulpix                                   0x00013382   Data        4608  imagespokemon2.o(.constdata)
    jigglypuffWorldFront                     0x00014582   Data         512  imagespokemonworld.o(.constdata)
    vulpixWorldFront                         0x00014782   Data         512  imagespokemonworld.o(.constdata)
    squirtleWorldFront                       0x00014982   Data         512  imagespokemonworld.o(.constdata)
    psyduckWorldFront                        0x00014b82   Data         512  imagespokemonworld.o(.constdata)
    ponytaWorldFront                         0x00014d82   Data         512  imagespokemonworld.o(.constdata)
    pikachuWorldFront                        0x00014f82   Data         512  imagespokemonworld.o(.constdata)
    pidgeyWorldFront                         0x00015182   Data         512  imagespokemonworld.o(.constdata)
    eeveeWorldFront                          0x00015382   Data         512  imagespokemonworld.o(.constdata)
    dratiniWorldFront                        0x00015582   Data         512  imagespokemonworld.o(.constdata)
    charmanderWorldFront                     0x00015782   Data         512  imagespokemonworld.o(.constdata)
    bulbasaurWorldFront                      0x00015982   Data         512  imagespokemonworld.o(.constdata)
    Region$$Table$$Base                      0x00015e40   Number         0  anon$$obj.o(Region$$Table)
    Region$$Table$$Limit                     0x00015e60   Number         0  anon$$obj.o(Region$$Table)
    StX                                      0x20000000   Data           4  st7735.o(.data)
    StY                                      0x20000004   Data           4  st7735.o(.data)
    StTextColor                              0x20000008   Data           2  st7735.o(.data)
    Messageindex                             0x20000010   Data           4  st7735.o(.data)
    Ymax                                     0x20000014   Data           4  st7735.o(.data)
    Ymin                                     0x20000018   Data           4  st7735.o(.data)
    X                                        0x2000001c   Data           4  st7735.o(.data)
    Yrange                                   0x20000020   Data           4  st7735.o(.data)
    lastj                                    0x20000024   Data           4  st7735.o(.data)
    PeriodicTask0                            0x20000028   Data           4  timer0.o(.data)
    PeriodicTask1                            0x2000002c   Data           4  timer1.o(.data)
    ADCStatus                                0x20000030   Data           1  spaceinvaders.o(.data)
    language                                 0x20000031   Data           1  spaceinvaders.o(.data)
    _width                                   0x20000032   Data           2  systeminfo.o(.data)
    _height                                  0x20000034   Data           2  systeminfo.o(.data)
    simpleMenuY                              0x20000038   Data           1  drawscreen.o(.data)
    simpleMenuColor                          0x2000003a   Data           2  drawscreen.o(.data)
    numPokemon                               0x2000003c   Data           4  drawscreen.o(.data)
    backReturn                               0x20000040   Data           1  drawscreen.o(.data)
    seedTimer                                0x20000041   Data           1  drawscreen.o(.data)
    randomSeed                               0x20000044   Data           4  drawscreen.o(.data)
    curX                                     0x20000048   Data           1  drawscreen.o(.data)
    timerOn                                  0x20000049   Data           1  drawscreen.o(.data)
    numWorldPokemon                          0x2000004a   Data           1  field.o(.data)
    fieldArray                               0x2000004b   Data         900  field.o(.data)
    fieldObjArray                            0x200003cf   Data         900  field.o(.data)
    TypesArray                               0x20000753   Data         324  pokemontype.o(.data)
    playerTeam                               0x20000898   Data           4  player.o(.data)
    joystickData                             0x2000089c   Data           8  adc_joystick.o(.data)
    PE3_Debounced                            0x200008a4   Data           1  adc_joystick.o(.data)
    PE2_Debounced                            0x200008a5   Data           1  adc_joystick.o(.data)
    NormalMoves                              0x200008ac   Data        1200  battle.o(.bss)
    SignatureMoves                           0x20000d5c   Data        1200  battle.o(.bss)
    shopItems                                0x2000120c   Data          96  drawscreen.o(.bss)
    itemInsts                                0x2000126c   Data          36  drawscreen.o(.bss)
    BulbasaurT                               0x20001290   Data          52  drawscreen.o(.bss)
    SquirtleT                                0x200012c4   Data          52  drawscreen.o(.bss)
    CharmanderT                              0x200012f8   Data          52  drawscreen.o(.bss)
    PidgeyT                                  0x2000132c   Data          52  drawscreen.o(.bss)
    PikachuT                                 0x20001360   Data          52  drawscreen.o(.bss)
    PsyduckT                                 0x20001394   Data          52  drawscreen.o(.bss)
    PonytaT                                  0x200013c8   Data          52  drawscreen.o(.bss)
    DratiniT                                 0x200013fc   Data          52  drawscreen.o(.bss)
    EeveeT                                   0x20001430   Data          52  drawscreen.o(.bss)
    JigglypuffT                              0x20001464   Data          52  drawscreen.o(.bss)
    VulpixT                                  0x20001498   Data          52  drawscreen.o(.bss)
    allPokemon                               0x200014cc   Data         572  drawscreen.o(.bss)
    pokeShakeInst                            0x20001708   Data          12  drawscreen.o(.bss)
    WorldPokemons                            0x20001714   Data         640  field.o(.bss)
    background                               0x20001994   Data          24  field.o(.bss)
    fieldObj                                 0x200019ac   Data          88  field.o(.bss)
    screenGrid                               0x20001a04   Data          63  field.o(.bss)
    screenObj                                0x20001a43   Data          63  field.o(.bss)
    p1                                       0x20001a84   Data          76  player.o(.bss)
    playerInventory                          0x20001ad0   Data          96  player.o(.bss)
    bobaItem                                 0x20001b30   Data          28  shop.o(.bss)
    potionItem                               0x20001b4c   Data          28  shop.o(.bss)
    pokeballItem                             0x20001b68   Data          28  shop.o(.bss)
    __libspace_start                         0x20001b84   Data          96  libspace.o(.bss)
    __temporary_stack_top$libspace           0x20001be4   Data           0  libspace.o(.bss)



==============================================================================

Memory Map of the image

  Image Entry point : 0x0000026d

  Load Region LR_1 (Base: 0x00000000, Size: 0x0001670c, Max: 0xffffffff, ABSOLUTE, COMPRESSED[0x000160e4])

    Execution Region ER_RO (Exec base: 0x00000000, Load base: 0x00000000, Size: 0x00015e60, Max: 0xffffffff, ABSOLUTE)

    Exec Addr    Load Addr    Size         Type   Attr      Idx    E Section Name        Object

    0x00000000   0x00000000   0x00000284   Code   RO            3  * RESET               startup.o
    0x00000284   0x00000284   0x00000008   Code   RO         1118  * !!!main             c_w.l(__main.o)
    0x0000028c   0x0000028c   0x00000034   Code   RO         1277    !!!scatter          c_w.l(__scatter.o)
    0x000002c0   0x000002c0   0x00000064   Code   RO         1275    !!dclz77c           c_w.l(__dclz77c.o)
    0x00000324   0x00000324   0x0000001c   Code   RO         1279    !!handler_zi        c_w.l(__scatter_zi.o)
    0x00000340   0x00000340   0x00000002   Code   RO         1145    .ARM.Collect$$libinit$$00000000  c_w.l(libinit.o)
    0x00000342   0x00000342   0x00000000   Code   RO         1152    .ARM.Collect$$libinit$$00000002  c_w.l(libinit2.o)
    0x00000342   0x00000342   0x00000000   Code   RO         1154    .ARM.Collect$$libinit$$00000004  c_w.l(libinit2.o)
    0x00000342   0x00000342   0x00000000   Code   RO         1157    .ARM.Collect$$libinit$$0000000A  c_w.l(libinit2.o)
    0x00000342   0x00000342   0x00000000   Code   RO         1159    .ARM.Collect$$libinit$$0000000C  c_w.l(libinit2.o)
    0x00000342   0x00000342   0x00000000   Code   RO         1161    .ARM.Collect$$libinit$$0000000E  c_w.l(libinit2.o)
    0x00000342   0x00000342   0x00000000   Code   RO         1164    .ARM.Collect$$libinit$$00000011  c_w.l(libinit2.o)
    0x00000342   0x00000342   0x00000000   Code   RO         1166    .ARM.Collect$$libinit$$00000013  c_w.l(libinit2.o)
    0x00000342   0x00000342   0x00000000   Code   RO         1168    .ARM.Collect$$libinit$$00000015  c_w.l(libinit2.o)
    0x00000342   0x00000342   0x00000000   Code   RO         1170    .ARM.Collect$$libinit$$00000017  c_w.l(libinit2.o)
    0x00000342   0x00000342   0x00000000   Code   RO         1172    .ARM.Collect$$libinit$$00000019  c_w.l(libinit2.o)
    0x00000342   0x00000342   0x00000000   Code   RO         1174    .ARM.Collect$$libinit$$0000001B  c_w.l(libinit2.o)
    0x00000342   0x00000342   0x00000000   Code   RO         1176    .ARM.Collect$$libinit$$0000001D  c_w.l(libinit2.o)
    0x00000342   0x00000342   0x00000000   Code   RO         1178    .ARM.Collect$$libinit$$0000001F  c_w.l(libinit2.o)
    0x00000342   0x00000342   0x00000000   Code   RO         1180    .ARM.Collect$$libinit$$00000021  c_w.l(libinit2.o)
    0x00000342   0x00000342   0x00000000   Code   RO         1182    .ARM.Collect$$libinit$$00000023  c_w.l(libinit2.o)
    0x00000342   0x00000342   0x00000000   Code   RO         1184    .ARM.Collect$$libinit$$00000025  c_w.l(libinit2.o)
    0x00000342   0x00000342   0x00000000   Code   RO         1188    .ARM.Collect$$libinit$$0000002C  c_w.l(libinit2.o)
    0x00000342   0x00000342   0x00000000   Code   RO         1190    .ARM.Collect$$libinit$$0000002E  c_w.l(libinit2.o)
    0x00000342   0x00000342   0x00000000   Code   RO         1192    .ARM.Collect$$libinit$$00000030  c_w.l(libinit2.o)
    0x00000342   0x00000342   0x00000000   Code   RO         1194    .ARM.Collect$$libinit$$00000032  c_w.l(libinit2.o)
    0x00000342   0x00000342   0x00000002   Code   RO         1195    .ARM.Collect$$libinit$$00000033  c_w.l(libinit2.o)
    0x00000344   0x00000344   0x00000002   Code   RO         1215    .ARM.Collect$$libshutdown$$00000000  c_w.l(libshutdown.o)
    0x00000346   0x00000346   0x00000000   Code   RO         1228    .ARM.Collect$$libshutdown$$00000002  c_w.l(libshutdown2.o)
    0x00000346   0x00000346   0x00000000   Code   RO         1230    .ARM.Collect$$libshutdown$$00000004  c_w.l(libshutdown2.o)
    0x00000346   0x00000346   0x00000000   Code   RO         1233    .ARM.Collect$$libshutdown$$00000007  c_w.l(libshutdown2.o)
    0x00000346   0x00000346   0x00000000   Code   RO         1236    .ARM.Collect$$libshutdown$$0000000A  c_w.l(libshutdown2.o)
    0x00000346   0x00000346   0x00000000   Code   RO         1238    .ARM.Collect$$libshutdown$$0000000C  c_w.l(libshutdown2.o)
    0x00000346   0x00000346   0x00000000   Code   RO         1241    .ARM.Collect$$libshutdown$$0000000F  c_w.l(libshutdown2.o)
    0x00000346   0x00000346   0x00000002   Code   RO         1242    .ARM.Collect$$libshutdown$$00000010  c_w.l(libshutdown2.o)
    0x00000348   0x00000348   0x00000000   Code   RO         1120    .ARM.Collect$$rtentry$$00000000  c_w.l(__rtentry.o)
    0x00000348   0x00000348   0x00000000   Code   RO         1122    .ARM.Collect$$rtentry$$00000002  c_w.l(__rtentry2.o)
    0x00000348   0x00000348   0x00000006   Code   RO         1134    .ARM.Collect$$rtentry$$00000004  c_w.l(__rtentry4.o)
    0x0000034e   0x0000034e   0x00000000   Code   RO         1124    .ARM.Collect$$rtentry$$00000009  c_w.l(__rtentry2.o)
    0x0000034e   0x0000034e   0x00000004   Code   RO         1125    .ARM.Collect$$rtentry$$0000000A  c_w.l(__rtentry2.o)
    0x00000352   0x00000352   0x00000000   Code   RO         1127    .ARM.Collect$$rtentry$$0000000C  c_w.l(__rtentry2.o)
    0x00000352   0x00000352   0x00000008   Code   RO         1128    .ARM.Collect$$rtentry$$0000000D  c_w.l(__rtentry2.o)
    0x0000035a   0x0000035a   0x00000002   Code   RO         1149    .ARM.Collect$$rtexit$$00000000  c_w.l(rtexit.o)
    0x0000035c   0x0000035c   0x00000000   Code   RO         1197    .ARM.Collect$$rtexit$$00000002  c_w.l(rtexit2.o)
    0x0000035c   0x0000035c   0x00000004   Code   RO         1198    .ARM.Collect$$rtexit$$00000003  c_w.l(rtexit2.o)
    0x00000360   0x00000360   0x00000006   Code   RO         1199    .ARM.Collect$$rtexit$$00000004  c_w.l(rtexit2.o)
    0x00000366   0x00000366   0x00000002   PAD
    0x00000368   0x00000368   0x00000030   Code   RO            4    .text               startup.o
    0x00000398   0x00000398   0x0000003c   Code   RO           13    .text               random.o
    0x000003d4   0x000003d4   0x00000048   Code   RO          465    .text               lcd.o
    0x0000041c   0x0000041c   0x00000064   Code   RO         1112    .text               c_w.l(rt_memcpy_w.o)
    0x00000480   0x00000480   0x0000004e   Code   RO         1114    .text               c_w.l(rt_memclr_w.o)
    0x000004ce   0x000004ce   0x00000006   Code   RO         1116    .text               c_w.l(heapauxi.o)
    0x000004d4   0x000004d4   0x0000004a   Code   RO         1136    .text               c_w.l(sys_stackheap_outer.o)
    0x0000051e   0x0000051e   0x00000012   Code   RO         1138    .text               c_w.l(exit.o)
    0x00000530   0x00000530   0x00000008   Code   RO         1146    .text               c_w.l(libspace.o)
    0x00000538   0x00000538   0x0000000c   Code   RO         1207    .text               c_w.l(sys_exit.o)
    0x00000544   0x00000544   0x00000002   Code   RO         1218    .text               c_w.l(use_no_semi.o)
    0x00000546   0x00000546   0x00000000   Code   RO         1220    .text               c_w.l(indicate_semi.o)
    0x00000546   0x00000546   0x00000002   PAD
    0x00000548   0x00000548   0x00000038   Code   RO         1021    i.ADC_In89          adc_joystick.o
    0x00000580   0x00000580   0x00000124   Code   RO         1022    i.ADC_Init89        adc_joystick.o
    0x000006a4   0x000006a4   0x00000044   Code   RO          808    i.BumpedIntoWorldPokemon  field.o
    0x000006e8   0x000006e8   0x00000020   Code   RO          809    i.ClearScreenGrid   field.o
    0x00000708   0x00000708   0x00000020   Code   RO           16    i.Delay1ms          st7735.o
    0x00000728   0x00000728   0x00000024   Code   RO          602    i.DrawAllSprites    draw.o
    0x0000074c   0x0000074c   0x00000394   Code   RO          681    i.DrawBattleInventory  drawscreen.o
    0x00000ae0   0x00000ae0   0x000004b4   Code   RO          682    i.DrawBattleScreen  drawscreen.o
    0x00000f94   0x00000f94   0x0000007c   Code   RO          603    i.DrawBorder        draw.o
    0x00001010   0x00001010   0x0000029c   Code   RO          810    i.DrawField         field.o
    0x000012ac   0x000012ac   0x00000034   Code   RO          605    i.DrawGridSprite    draw.o
    0x000012e0   0x000012e0   0x0000005c   Code   RO          683    i.DrawLanguageSelection  drawscreen.o
    0x0000133c   0x0000133c   0x000006c0   Code   RO          684    i.DrawMoveCommands  drawscreen.o
    0x000019fc   0x000019fc   0x00000052   Code   RO          606    i.DrawSelection     draw.o
    0x00001a4e   0x00001a4e   0x00000002   PAD
    0x00001a50   0x00001a50   0x000003c8   Code   RO          991    i.DrawShopScreen    shop.o
    0x00001e18   0x00001e18   0x000000ec   Code   RO          685    i.DrawSimpleMenu    drawscreen.o
    0x00001f04   0x00001f04   0x0000001e   Code   RO          607    i.DrawSpriteImg     draw.o
    0x00001f22   0x00001f22   0x00000034   Code   RO          609    i.DrawSpriteSelection  draw.o
    0x00001f56   0x00001f56   0x00000002   PAD
    0x00001f58   0x00001f58   0x00000158   Code   RO          686    i.DrawStatusScreen  drawscreen.o
    0x000020b0   0x000020b0   0x00000200   Code   RO          687    i.DrawTitleScreen   drawscreen.o
    0x000022b0   0x000022b0   0x00000284   Code   RO          688    i.DrawWorld         drawscreen.o
    0x00002534   0x00002534   0x00000014   Code   RO          811    i.GetFieldGrid      field.o
    0x00002548   0x00002548   0x0000001c   Code   RO          610    i.GetGridX          draw.o
    0x00002564   0x00002564   0x0000001c   Code   RO          611    i.GetGridY          draw.o
    0x00002580   0x00002580   0x00000014   Code   RO          812    i.GetObjGrid        field.o
    0x00002594   0x00002594   0x00000034   Code   RO          689    i.IncSeed           drawscreen.o
    0x000025c8   0x000025c8   0x00000100   Code   RO          813    i.InitBackgroundTypes  field.o
    0x000026c8   0x000026c8   0x00000070   Code   RO          913    i.InitInventory     player.o
    0x00002738   0x00002738   0x000002c8   Code   RO          577    i.InitMoves         battle.o
    0x00002a00   0x00002a00   0x00000094   Code   RO          914    i.InitPlayer        player.o
    0x00002a94   0x00002a94   0x000003c0   Code   RO          690    i.InitPokemon       drawscreen.o
    0x00002e54   0x00002e54   0x00000170   Code   RO          992    i.InitShop          shop.o
    0x00002fc4   0x00002fc4   0x0000000c   Code   RO          915    i.InitTeam          player.o
    0x00002fd0   0x00002fd0   0x00000034   Code   RO          814    i.IsGridObject      field.o
    0x00003004   0x00003004   0x00000068   Code   RO          815    i.IsPokemonWalkable  field.o
    0x0000306c   0x0000306c   0x00000032   Code   RO          816    i.IsWalkable        field.o
    0x0000309e   0x0000309e   0x00000002   PAD
    0x000030a0   0x000030a0   0x0000003c   Code   RO          817    i.IsWorldPokemon    field.o
    0x000030dc   0x000030dc   0x00000064   Code   RO          917    i.MoveDown          player.o
    0x00003140   0x00003140   0x00000068   Code   RO          918    i.MoveLeft          player.o
    0x000031a8   0x000031a8   0x00000068   Code   RO          919    i.MoveRight         player.o
    0x00003210   0x00003210   0x00000064   Code   RO          920    i.MoveUp            player.o
    0x00003274   0x00003274   0x00000128   Code   RO          691    i.MoveWorldPokemon  drawscreen.o
    0x0000339c   0x0000339c   0x00000010   Code   RO           19    i.Output_Init       st7735.o
    0x000033ac   0x000033ac   0x0000007c   Code   RO          293    i.PLL_Init          pll.o
    0x00003428   0x00003428   0x00000100   Code   RO          471    i.PrintWinLoseScreen  spaceinvaders.o
    0x00003528   0x00003528   0x00000120   Code   RO           23    i.ST7735_DrawBitmap  st7735.o
    0x00003648   0x00003648   0x000000f8   Code   RO           25    i.ST7735_DrawCharS  st7735.o
    0x00003740   0x00003740   0x00000048   Code   RO           28    i.ST7735_DrawPixel  st7735.o
    0x00003788   0x00003788   0x00000056   Code   RO           29    i.ST7735_DrawString  st7735.o
    0x000037de   0x000037de   0x00000002   PAD
    0x000037e0   0x000037e0   0x000000ac   Code   RO           30    i.ST7735_FillRect   st7735.o
    0x0000388c   0x0000388c   0x00000024   Code   RO           31    i.ST7735_FillScreen  st7735.o
    0x000038b0   0x000038b0   0x0000007c   Code   RO           33    i.ST7735_InitR      st7735.o
    0x0000392c   0x0000392c   0x000000d4   Code   RO           35    i.ST7735_OutChar    st7735.o
    0x00003a00   0x00003a00   0x00000018   Code   RO           36    i.ST7735_OutString  st7735.o
    0x00003a18   0x00003a18   0x00000020   Code   RO           46    i.ST7735_SetCursor  st7735.o
    0x00003a38   0x00003a38   0x0000000c   Code   RO           48    i.ST7735_SetTextColor  st7735.o
    0x00003a44   0x00003a44   0x00000018   Code   RO         1023    i.SysTick_Handler   adc_joystick.o
    0x00003a5c   0x00003a5c   0x0000001c   Code   RO         1024    i.SysTick_Init      adc_joystick.o
    0x00003a78   0x00003a78   0x00000018   Code   RO          344    i.Timer0A_Handler   timer0.o
    0x00003a90   0x00003a90   0x00000018   Code   RO          365    i.Timer1A_Handler   timer1.o
    0x00003aa8   0x00003aa8   0x00000060   Code   RO          366    i.Timer1_Init       timer1.o
    0x00003b08   0x00003b08   0x00000056   Code   RO           50    i.commandList       st7735.o
    0x00003b5e   0x00003b5e   0x00000002   PAD
    0x00003b60   0x00003b60   0x00000188   Code   RO           51    i.commonInit        st7735.o
    0x00003ce8   0x00003ce8   0x00000028   Code   RO         1025    i.getJoystickX      adc_joystick.o
    0x00003d10   0x00003d10   0x00000028   Code   RO         1026    i.getJoystickY      adc_joystick.o
    0x00003d38   0x00003d38   0x00000030   Code   RO         1027    i.isPE2Pressed      adc_joystick.o
    0x00003d68   0x00003d68   0x00000030   Code   RO         1028    i.isPE3Pressed      adc_joystick.o
    0x00003d98   0x00003d98   0x00000090   Code   RO          472    i.main              spaceinvaders.o
    0x00003e28   0x00003e28   0x0000007c   Code   RO          692    i.moveShakeBack     drawscreen.o
    0x00003ea4   0x00003ea4   0x00000050   Code   RO          693    i.moveShakeLeft     drawscreen.o
    0x00003ef4   0x00003ef4   0x00000050   Code   RO          694    i.moveShakeRight    drawscreen.o
    0x00003f44   0x00003f44   0x00000012   Code   RO           56    i.pushColor         st7735.o
    0x00003f56   0x00003f56   0x00000002   PAD
    0x00003f58   0x00003f58   0x00000074   Code   RO           57    i.setAddrWindow     st7735.o
    0x00003fcc   0x00003fcc   0x000007e2   Data   RO           59    .constdata          st7735.o
    0x000047ae   0x000047ae   0x0000000a   Data   RO          564    .constdata          systeminfo.o
    0x000047b8   0x000047b8   0x0000010c   Data   RO          579    .constdata          battle.o
    0x000048c4   0x000048c4   0x00000394   Data   RO          696    .constdata          drawscreen.o
    0x00004c58   0x00004c58   0x00000088   Data   RO          820    .constdata          field.o
    0x00004ce0   0x00004ce0   0x00000016   Data   RO          899    .constdata          pokemontype.o
    0x00004cf6   0x00004cf6   0x00000002   PAD
    0x00004cf8   0x00004cf8   0x0000007c   Data   RO          922    .constdata          player.o
    0x00004d74   0x00004d74   0x000000cc   Data   RO          994    .constdata          shop.o
    0x00004e40   0x00004e40   0x00004980   Data   RO         1082    .constdata          imagesother.o
    0x000097c0   0x000097c0   0x00001800   Data   RO         1089    .constdata          textsprites.o
    0x0000afc0   0x0000afc0   0x000095c2   Data   RO         1096    .constdata          imagespokemon2.o
    0x00014582   0x00014582   0x00001600   Data   RO         1103    .constdata          imagespokemonworld.o
    0x00015b82   0x00015b82   0x00000002   PAD
    0x00015b84   0x00015b84   0x0000020d   Data   RO          580    .conststring        battle.o
    0x00015d91   0x00015d91   0x00000003   PAD
    0x00015d94   0x00015d94   0x00000067   Data   RO          697    .conststring        drawscreen.o
    0x00015dfb   0x00015dfb   0x00000001   PAD
    0x00015dfc   0x00015dfc   0x00000042   Data   RO          995    .conststring        shop.o
    0x00015e3e   0x00015e3e   0x00000002   PAD
    0x00015e40   0x00015e40   0x00000020   Data   RO         1273    Region$$Table       anon$$obj.o


    Execution Region ER_RW (Exec base: 0x20000000, Load base: 0x00015e60, Size: 0x000008ac, Max: 0xffffffff, ABSOLUTE, COMPRESSED[0x00000284])

    Exec Addr    Load Addr    Size         Type   Attr      Idx    E Section Name        Object

    0x20000000   COMPRESSED   0x00000028   Data   RW           60    .data               st7735.o
    0x20000028   COMPRESSED   0x00000004   Data   RW          346    .data               timer0.o
    0x2000002c   COMPRESSED   0x00000004   Data   RW          367    .data               timer1.o
    0x20000030   COMPRESSED   0x00000002   Data   RW          474    .data               spaceinvaders.o
    0x20000032   COMPRESSED   0x00000004   Data   RW          565    .data               systeminfo.o
    0x20000036   COMPRESSED   0x00000002   PAD
    0x20000038   COMPRESSED   0x00000012   Data   RW          698    .data               drawscreen.o
    0x2000004a   COMPRESSED   0x00000709   Data   RW          821    .data               field.o
    0x20000753   COMPRESSED   0x00000144   Data   RW          900    .data               pokemontype.o
    0x20000897   COMPRESSED   0x00000001   PAD
    0x20000898   COMPRESSED   0x00000004   Data   RW          923    .data               player.o
    0x2000089c   COMPRESSED   0x0000000a   Data   RW         1029    .data               adc_joystick.o
    0x200008a6   COMPRESSED   0x00000002   PAD
    0x200008a8   COMPRESSED   0x00000004   Data   RW           12    DATA                random.o


    Execution Region ER_ZI (Exec base: 0x200008ac, Load base: 0x000160e4, Size: 0x0000173c, Max: 0xffffffff, ABSOLUTE)

    Exec Addr    Load Addr    Size         Type   Attr      Idx    E Section Name        Object

    0x200008ac        -       0x00000960   Zero   RW          578    .bss                battle.o
    0x2000120c        -       0x00000508   Zero   RW          695    .bss                drawscreen.o
    0x20001714        -       0x0000036e   Zero   RW          819    .bss                field.o
    0x20001a82   0x000160e4   0x00000002   PAD
    0x20001a84        -       0x000000ac   Zero   RW          921    .bss                player.o
    0x20001b30        -       0x00000054   Zero   RW          993    .bss                shop.o
    0x20001b84        -       0x00000060   Zero   RW         1147    .bss                c_w.l(libspace.o)
    0x20001be4   0x000160e4   0x00000004   PAD
    0x20001be8        -       0x00000000   Zero   RW            2    HEAP                startup.o
    0x20001be8        -       0x00000400   Zero   RW            1    STACK               startup.o


==============================================================================

Image component sizes


      Code (inc. data)   RO Data    RW Data    ZI Data      Debug   Object Name

       576         72          0         10          0       4320   adc_joystick.o
       712         48        793          0       2400       3222   battle.o
       432         20          0          0          0       6691   draw.o
      7268       1140       1019         18       1288      17256   drawscreen.o
      1330        144        136       1801        878       9397   field.o
         0          0      18816          0          0       1276   imagesother.o
         0          0      38338          0          0        877   imagespokemon2.o
         0          0       5632          0          0       1044   imagespokemonworld.o
        72         12          0          0          0        228   lcd.o
       680         62        124          4        172       6243   player.o
       124          4          0          0          0        439   pll.o
         0          0         22        324          0       1131   pokemontype.o
        60         14          0          4          0        232   random.o
      1336        272        270          0         84       4723   shop.o
       400        202          0          2          0       3473   spaceinvaders.o
      1966        192       2018         40          0      18494   st7735.o
       692        632          0          0       1024        964   startup.o
         0          0         10          4          0        866   systeminfo.o
         0          0       6144          0          0        566   textsprites.o
        24          8          0          4          0        902   timer0.o
       120         30          0          4          0       1392   timer1.o

    ----------------------------------------------------------------------
     15804       2852      73364       2220       5848      83736   Object Totals
         0          0         32          0          0          0   (incl. Generated)
        12          0         10          5          2          0   (incl. Padding)

    ----------------------------------------------------------------------

      Code (inc. data)   RO Data    RW Data    ZI Data      Debug   Library Member Name

       100          0          0          0          0          0   __dclz77c.o
         8          0          0          0          0         68   __main.o
         0          0          0          0          0          0   __rtentry.o
        12          0          0          0          0          0   __rtentry2.o
         6          0          0          0          0          0   __rtentry4.o
        52          8          0          0          0          0   __scatter.o
        28          0          0          0          0          0   __scatter_zi.o
        18          0          0          0          0         80   exit.o
         6          0          0          0          0        152   heapauxi.o
         0          0          0          0          0          0   indicate_semi.o
         2          0          0          0          0          0   libinit.o
         2          0          0          0          0          0   libinit2.o
         2          0          0          0          0          0   libshutdown.o
         2          0          0          0          0          0   libshutdown2.o
         8          4          0          0         96         68   libspace.o
        78          0          0          0          0         80   rt_memclr_w.o
       100          0          0          0          0         80   rt_memcpy_w.o
         2          0          0          0          0          0   rtexit.o
        10          0          0          0          0          0   rtexit2.o
        12          4          0          0          0         68   sys_exit.o
        74          0          0          0          0         80   sys_stackheap_outer.o
         2          0          0          0          0         68   use_no_semi.o

    ----------------------------------------------------------------------
       528         16          0          0        100        744   Library Totals
         4          0          0          0          4          0   (incl. Padding)

    ----------------------------------------------------------------------

      Code (inc. data)   RO Data    RW Data    ZI Data      Debug   Library Name

       524         16          0          0         96        744   c_w.l

    ----------------------------------------------------------------------
       528         16          0          0        100        744   Library Totals

    ----------------------------------------------------------------------

==============================================================================


      Code (inc. data)   RO Data    RW Data    ZI Data      Debug   

     16332       2868      73364       2220       5948      80628   Grand Totals
     16332       2868      73364        644       5948      80628   ELF Image Totals (compressed)
     16332       2868      73364        644          0          0   ROM Totals

==============================================================================

    Total RO  Size (Code + RO Data)                89696 (  87.59kB)
    Total RW  Size (RW Data + ZI Data)              8168 (   7.98kB)
    Total ROM Size (Code + RO Data + RW Data)      90340 (  88.22kB)

==============================================================================

