Component: ARM Compiler 5.06 update 6 (build 750) Tool: armlink [4d35ed]

==============================================================================

Section Cross References

    startup.o(STACK) refers (Special) to heapauxi.o(.text) for __use_two_region_memory
    startup.o(HEAP) refers (Special) to heapauxi.o(.text) for __use_two_region_memory
    startup.o(RESET) refers (Special) to heapauxi.o(.text) for __use_two_region_memory
    startup.o(RESET) refers to startup.o(STACK) for StackMem
    startup.o(RESET) refers to adc_joystick.o(i.SysTick_Handler) for SysTick_Handler
    startup.o(RESET) refers to timer0.o(i.Timer0A_Handler) for Timer0A_Handler
    startup.o(RESET) refers to timer1.o(i.Timer1A_Handler) for Timer1A_Handler
    startup.o(RESET) refers to __main.o(!!!main) for __main
    startup.o(.text) refers (Special) to heapauxi.o(.text) for __use_two_region_memory
    startup.o(.text) refers to startup.o(HEAP) for HeapMem
    startup.o(.text) refers to startup.o(STACK) for StackMem
    random.o(.text) refers to random.o(DATA) for M
    st7735.o(i.Output_Clear) refers to st7735.o(i.ST7735_FillScreen) for ST7735_FillScreen
    st7735.o(i.Output_Color) refers to st7735.o(i.ST7735_SetTextColor) for ST7735_SetTextColor
    st7735.o(i.Output_Init) refers to st7735.o(i.ST7735_InitR) for ST7735_InitR
    st7735.o(i.Output_Init) refers to st7735.o(i.ST7735_FillScreen) for ST7735_FillScreen
    st7735.o(i.Output_Off) refers to st7735.o(i.Output_Clear) for Output_Clear
    st7735.o(i.Output_On) refers to st7735.o(i.Output_Init) for Output_Init
    st7735.o(i.ST7735_DrawBitmap) refers to st7735.o(i.setAddrWindow) for setAddrWindow
    st7735.o(i.ST7735_DrawBitmap) refers to lcd.o(.text) for writedata
    st7735.o(i.ST7735_DrawBitmap) refers to systeminfo.o(.data) for _width
    st7735.o(i.ST7735_DrawChar) refers to st7735.o(i.setAddrWindow) for setAddrWindow
    st7735.o(i.ST7735_DrawChar) refers to st7735.o(i.pushColor) for pushColor
    st7735.o(i.ST7735_DrawChar) refers to systeminfo.o(.data) for _width
    st7735.o(i.ST7735_DrawChar) refers to st7735.o(.constdata) for Font
    st7735.o(i.ST7735_DrawCharS) refers to st7735.o(i.ST7735_DrawPixel) for ST7735_DrawPixel
    st7735.o(i.ST7735_DrawCharS) refers to st7735.o(i.ST7735_FillRect) for ST7735_FillRect
    st7735.o(i.ST7735_DrawCharS) refers to systeminfo.o(.data) for _width
    st7735.o(i.ST7735_DrawCharS) refers to st7735.o(.constdata) for Font
    st7735.o(i.ST7735_DrawFastHLine) refers to st7735.o(i.setAddrWindow) for setAddrWindow
    st7735.o(i.ST7735_DrawFastHLine) refers to lcd.o(.text) for writedata
    st7735.o(i.ST7735_DrawFastHLine) refers to systeminfo.o(.data) for _width
    st7735.o(i.ST7735_DrawFastVLine) refers to st7735.o(i.setAddrWindow) for setAddrWindow
    st7735.o(i.ST7735_DrawFastVLine) refers to lcd.o(.text) for writedata
    st7735.o(i.ST7735_DrawFastVLine) refers to systeminfo.o(.data) for _width
    st7735.o(i.ST7735_DrawPixel) refers to st7735.o(i.setAddrWindow) for setAddrWindow
    st7735.o(i.ST7735_DrawPixel) refers to st7735.o(i.pushColor) for pushColor
    st7735.o(i.ST7735_DrawPixel) refers to systeminfo.o(.data) for _width
    st7735.o(i.ST7735_DrawString) refers to st7735.o(i.ST7735_DrawCharS) for ST7735_DrawCharS
    st7735.o(i.ST7735_FillRect) refers to st7735.o(i.setAddrWindow) for setAddrWindow
    st7735.o(i.ST7735_FillRect) refers to lcd.o(.text) for writedata
    st7735.o(i.ST7735_FillRect) refers to systeminfo.o(.data) for _width
    st7735.o(i.ST7735_FillScreen) refers to st7735.o(i.ST7735_FillRect) for ST7735_FillRect
    st7735.o(i.ST7735_FillScreen) refers to systeminfo.o(.data) for _height
    st7735.o(i.ST7735_InitB) refers to st7735.o(i.commonInit) for commonInit
    st7735.o(i.ST7735_InitB) refers to st7735.o(i.ST7735_SetCursor) for ST7735_SetCursor
    st7735.o(i.ST7735_InitB) refers to st7735.o(i.ST7735_FillScreen) for ST7735_FillScreen
    st7735.o(i.ST7735_InitB) refers to st7735.o(.constdata) for Bcmd
    st7735.o(i.ST7735_InitB) refers to st7735.o(.data) for StTextColor
    st7735.o(i.ST7735_InitR) refers to st7735.o(i.commonInit) for commonInit
    st7735.o(i.ST7735_InitR) refers to st7735.o(i.commandList) for commandList
    st7735.o(i.ST7735_InitR) refers to lcd.o(.text) for writecommand
    st7735.o(i.ST7735_InitR) refers to st7735.o(i.ST7735_SetCursor) for ST7735_SetCursor
    st7735.o(i.ST7735_InitR) refers to st7735.o(i.ST7735_FillScreen) for ST7735_FillScreen
    st7735.o(i.ST7735_InitR) refers to st7735.o(.constdata) for Rcmd1
    st7735.o(i.ST7735_InitR) refers to st7735.o(.data) for ColStart
    st7735.o(i.ST7735_InvertDisplay) refers to lcd.o(.text) for writecommand
    st7735.o(i.ST7735_OutChar) refers to st7735.o(i.ST7735_DrawString) for ST7735_DrawString
    st7735.o(i.ST7735_OutChar) refers to st7735.o(i.ST7735_DrawCharS) for ST7735_DrawCharS
    st7735.o(i.ST7735_OutChar) refers to st7735.o(.data) for StY
[...]
    i.DrawLanguageSelection                  0x00001758   Section        0  drawscreen.o(i.DrawLanguageSelection)
    i.DrawMoveCommands                       0x000017b4   Section        0  drawscreen.o(i.DrawMoveCommands)
    i.DrawPokemonInventory                   0x00001dfc   Section        0  drawscreen.o(i.DrawPokemonInventory)
    i.DrawPokemonNames                       0x00001f9c   Section        0  draw.o(i.DrawPokemonNames)
    i.DrawSelection                          0x00001fd6   Section        0  draw.o(i.DrawSelection)
    i.DrawShopScreen                         0x00002028   Section        0  shop.o(i.DrawShopScreen)
    i.DrawSimpleMenu                         0x00002418   Section        0  drawscreen.o(i.DrawSimpleMenu)
    i.DrawSpriteImg                          0x000024d4   Section        0  draw.o(i.DrawSpriteImg)
    i.DrawSpriteSelection                    0x000024f2   Section        0  draw.o(i.DrawSpriteSelection)
    i.DrawStatusScreen                       0x00002528   Section        0  drawscreen.o(i.DrawStatusScreen)
    i.DrawSwapPokemon                        0x00002654   Section        0  drawscreen.o(i.DrawSwapPokemon)
    i.DrawTitleScreen                        0x0000279c   Section        0  drawscreen.o(i.DrawTitleScreen)
    i.DrawWorld                              0x00002968   Section        0  drawscreen.o(i.DrawWorld)
    i.GenerateRandomPokemon                  0x00002b18   Section        0  drawscreen.o(i.GenerateRandomPokemon)
    i.GenerateRandomPokemonInit              0x00002bfc   Section        0  drawscreen.o(i.GenerateRandomPokemonInit)
    i.GetFieldGrid                           0x00002ce8   Section        0  field.o(i.GetFieldGrid)
    i.GetGridX                               0x00002cfc   Section        0  draw.o(i.GetGridX)
    i.GetGridY                               0x00002d18   Section        0  draw.o(i.GetGridY)
    i.GetObjGrid                             0x00002d34   Section        0  field.o(i.GetObjGrid)
    i.GetPokemonGrid                         0x00002d48   Section        0  drawscreen.o(i.GetPokemonGrid)
    i.IncSeed                                0x00002e00   Section        0  drawscreen.o(i.IncSeed)
    i.InitBackgroundTypes                    0x00002e34   Section        0  field.o(i.InitBackgroundTypes)
    i.InitGridCoordinates                    0x00002f34   Section        0  field.o(i.InitGridCoordinates)
    i.InitInventory                          0x00002fc4   Section        0  player.o(i.InitInventory)
    i.InitMoves                              0x00003034   Section        0  battle.o(i.InitMoves)
    i.InitPlayer                             0x0000355c   Section        0  player.o(i.InitPlayer)
    i.InitPokemon                            0x000035f0   Section        0  drawscreen.o(i.InitPokemon)
    i.InitShop                               0x00003dd0   Section        0  shop.o(i.InitShop)
    i.InitTeam                               0x00003f40   Section        0  player.o(i.InitTeam)
    i.IsGridObject                           0x00003f54   Section        0  field.o(i.IsGridObject)
    i.IsPokemonPosOnEdge                     0x00003f88   Section        0  drawscreen.o(i.IsPokemonPosOnEdge)
    i.IsPokemonWalkable                      0x00003fb8   Section        0  field.o(i.IsPokemonWalkable)
    i.IsWalkable                             0x00004084   Section        0  field.o(i.IsWalkable)
    i.IsWorldPokemon                         0x000040b8   Section        0  field.o(i.IsWorldPokemon)
    i.MoveDown                               0x000040f4   Section        0  player.o(i.MoveDown)
    i.MoveLeft                               0x00004158   Section        0  player.o(i.MoveLeft)
    i.MoveRight                              0x000041c0   Section        0  player.o(i.MoveRight)
    i.MoveUp                                 0x00004228   Section        0  player.o(i.MoveUp)
    i.MoveWorldPokemon                       0x0000428c   Section        0  drawscreen.o(i.MoveWorldPokemon)
    i.Output_Init                            0x000044b0   Section        0  st7735.o(i.Output_Init)
    i.PLL_Init                               0x000044c0   Section        0  pll.o(i.PLL_Init)
    i.PokemonAllDead                         0x0000453c   Section        0  battle.o(i.PokemonAllDead)
    i.PokemonLocationTaken                   0x00004564   Section        0  drawscreen.o(i.PokemonLocationTaken)
    i.PrintWinLoseScreen                     0x00004598   Section        0  spaceinvaders.o(i.PrintWinLoseScreen)
    i.RestoreDeadPokemon                     0x000046f8   Section        0  battle.o(i.RestoreDeadPokemon)
    i.ST7735_DrawBitmap                      0x00004724   Section        0  st7735.o(i.ST7735_DrawBitmap)
    i.ST7735_DrawCharS                       0x00004844   Section        0  st7735.o(i.ST7735_DrawCharS)
    i.ST7735_DrawPixel                       0x0000493c   Section        0  st7735.o(i.ST7735_DrawPixel)
    i.ST7735_DrawString                      0x00004984   Section        0  st7735.o(i.ST7735_DrawString)
    i.ST7735_FillRect                        0x000049dc   Section        0  st7735.o(i.ST7735_FillRect)
    i.ST7735_FillScreen                      0x00004a88   Section        0  st7735.o(i.ST7735_FillScreen)
    i.ST7735_InitR                           0x00004aac   Section        0  st7735.o(i.ST7735_InitR)
    i.ST7735_OutChar                         0x00004b28   Section        0  st7735.o(i.ST7735_OutChar)
    i.ST7735_OutString                       0x00004bfc   Section        0  st7735.o(i.ST7735_OutString)
    i.ST7735_SetCursor                       0x00004c14   Section        0  st7735.o(i.ST7735_SetCursor)
    i.ST7735_SetTextColor                    0x00004c34   Section        0  st7735.o(i.ST7735_SetTextColor)
    i.Sound_Attack1                          0x00004c40   Section        0  sound.o(i.Sound_Attack1)
    i.Sound_Attack2                          0x00004c54   Section        0  sound.o(i.Sound_Attack2)
    i.Sound_Heal                             0x00004c68   Section        0  sound.o(i.Sound_Heal)
    i.Sound_Init                             0x00004c7c   Section        0  sound.o(i.Sound_Init)
    i.Sound_Play                             0x00004ca8   Section        0  sound.o(i.Sound_Play)
    i.Sound_Task                             0x00004cc8   Section        0  sound.o(i.Sound_Task)
    i.SysTick_Handler                        0x00004d10   Section        0  adc_joystick.o(i.SysTick_Handler)
    i.SysTick_Init                           0x00004d28   Section        0  adc_joystick.o(i.SysTick_Init)
    i.Timer0A_Handler                        0x00004d44   Section        0  timer0.o(i.Timer0A_Handler)
    i.Timer0_Init                            0x00004d5c   Section        0  timer0.o(i.Timer0_Init)
    i.Timer1A_Handler                        0x00004dbc   Section        0  timer1.o(i.Timer1A_Handler)
    i.Timer1_Init                            0x00004dd4   Section        0  timer1.o(i.Timer1_Init)
    i.addPokemon                             0x00004e34   Section        0  player.o(i.addPokemon)
    i.commandList                            0x00004ea4   Section        0  st7735.o(i.commandList)
    commandList                              0x00004ea5   Thumb Code    86  st7735.o(i.commandList)
    i.commonInit                             0x00004efc   Section        0  st7735.o(i.commonInit)
    commonInit                               0x00004efd   Thumb Code   342  st7735.o(i.commonInit)
    i.getJoystickX                           0x00005084   Section        0  adc_joystick.o(i.getJoystickX)
    i.getJoystickY                           0x000050ac   Section        0  adc_joystick.o(i.getJoystickY)
    i.isPE2Pressed                           0x000050d4   Section        0  adc_joystick.o(i.isPE2Pressed)
    i.isPE3Pressed                           0x00005104   Section        0  adc_joystick.o(i.isPE3Pressed)
    i.main                                   0x00005134   Section        0  spaceinvaders.o(i.main)
    i.moveShakeBack                          0x000051e4   Section        0  battle.o(i.moveShakeBack)
    i.moveShakeLeft                          0x000052a8   Section        0  battle.o(i.moveShakeLeft)
    i.moveShakeRight                         0x0000531c   Section        0  battle.o(i.moveShakeRight)
    i.pushColor                              0x00005390   Section        0  st7735.o(i.pushColor)
    pushColor                                0x00005391   Thumb Code    18  st7735.o(i.pushColor)
    i.setAddrWindow                          0x000053a4   Section        0  st7735.o(i.setAddrWindow)
    setAddrWindow                            0x000053a5   Thumb Code   106  st7735.o(i.setAddrWindow)
    .constdata                               0x00005418   Section     2018  st7735.o(.constdata)
    Font                                     0x00005418   Data        1275  st7735.o(.constdata)
    Bcmd                                     0x00005913   Data         103  st7735.o(.constdata)
    Rcmd1                                    0x0000597a   Data          59  st7735.o(.constdata)
    Rcmd2green                               0x000059b5   Data          13  st7735.o(.constdata)
    Rcmd2red                                 0x000059c2   Data          13  st7735.o(.constdata)
    Rcmd3                                    0x000059cf   Data          43  st7735.o(.constdata)
    .constdata                               0x00005bfa   Section    48770  sound.o(.constdata)
    .constdata                               0x00011a7c   Section       16  spaceinvaders.o(.constdata)
    .constdata                               0x00011a8c   Section       10  systeminfo.o(.constdata)
    .constdata                               0x00011a98   Section      484  battle.o(.constdata)
    .constdata                               0x00011c7c   Section     1568  drawscreen.o(.constdata)
    .constdata                               0x0001229c   Section      140  field.o(.constdata)
    .constdata                               0x00012328   Section       22  pokemontype.o(.constdata)
    .constdata                               0x00012340   Section      124  player.o(.constdata)
    .constdata                               0x000123bc   Section      204  shop.o(.constdata)
    .constdata                               0x00012488   Section    46976  imagesother.o(.constdata)
    .constdata                               0x0001dc08   Section     6144  textsprites.o(.constdata)
    .constdata                               0x0001f408   Section    64512  imagespokemon2.o(.constdata)
    .constdata                               0x0002f008   Section    10240  imagespokemonworld.o(.constdata)
    .conststring                             0x00031808   Section      985  battle.o(.conststring)
    .conststring                             0x00031be4   Section      335  drawscreen.o(.conststring)
    .conststring                             0x00031d34   Section       71  shop.o(.conststring)
    .data                                    0x20000000   Section       40  st7735.o(.data)
    ColStart                                 0x2000000a   Data           1  st7735.o(.data)
    RowStart                                 0x2000000b   Data           1  st7735.o(.data)
    Rotation                                 0x2000000c   Data           1  st7735.o(.data)
    TabColor                                 0x2000000d   Data           1  st7735.o(.data)
    .data                                    0x20000028   Section        4  timer0.o(.data)
    .data                                    0x2000002c   Section        4  timer1.o(.data)
    .data                                    0x20000030   Section       12  sound.o(.data)
    .data                                    0x2000003c   Section        2  spaceinvaders.o(.data)
    .data                                    0x2000003e   Section        4  systeminfo.o(.data)
    .data                                    0x20000042   Section        2  battle.o(.data)
    .data                                    0x20000044   Section        3  draw.o(.data)
    .data                                    0x20000048   Section       12  drawscreen.o(.data)
    .data                                    0x20000054   Section     1812  field.o(.data)
    .data                                    0x20000768   Section      324  pokemontype.o(.data)
    .data                                    0x200008ac   Section       10  adc_joystick.o(.data)
    DATA                                     0x200008b8   Section        4  random.o(DATA)
    M                                        0x200008b8   Data           4  random.o(DATA)
    .bss                                     0x200008bc   Section      492  battle.o(.bss)
    .bss                                     0x20000aa8   Section     2212  drawscreen.o(.bss)
    .bss                                     0x2000134c   Section     5118  field.o(.bss)
    .bss                                     0x2000274c   Section      560  player.o(.bss)
    .bss                                     0x2000297c   Section       84  shop.o(.bss)
    .bss                                     0x200029d0   Section       96  libspace.o(.bss)
    HEAP                                     0x20002a30   Section        0  startup.o(HEAP)
    STACK                                    0x20002a30   Section     1024  startup.o(STACK)
    HeapMem                                  0x20002a30   Data           0  startup.o(HEAP)
    StackMem                                 0x20002a30   Data           0  startup.o(STACK)

    Global Symbols

    Symbol Name                              Value     Ov Type        Size  Object(Section)

    BuildAttributes$$THM_ISAv4$E$P$D$K$B$S$7EM$PE$A:L22UL41UL21$X:L11$S22US41US21$IEEE1$IW$USESV6$~STKCKD$USESV7$~SHL$OSPACE$ROPI$EBA8$UX$STANDARDLIB$REQ8$PRES8$EABIv2 0x00000000   Number         0  anon$$obj.o ABSOLUTE
    __ARM_use_no_argv                        0x00000000   Number         0  spaceinvaders.o ABSOLUTE
    __Vectors                                0x00000000   Data           0  startup.o(RESET)
    __ARM_exceptions_init                     - Undefined Weak Reference
    __alloca_initialize                       - Undefined Weak Reference
    __arm_preinit_                            - Undefined Weak Reference
    __cpp_initialize__aeabi_                  - Undefined Weak Reference
    __cxa_finalize                            - Undefined Weak Reference
    __rt_locale                               - Undefined Weak Reference
    __sigvec_lookup                           - Undefined Weak Reference
    _atexit_init                              - Undefined Weak Reference
    _call_atexit_fns                          - Undefined Weak Reference
    _clock_init                               - Undefined Weak Reference
    _fp_trap_init                             - Undefined Weak Reference
    _fp_trap_shutdown                         - Undefined Weak Reference
    _get_lc_collate                           - Undefined Weak Reference
    _get_lc_ctype                             - Undefined Weak Reference
    _get_lc_monetary                          - Undefined Weak Reference
    _get_lc_numeric                           - Undefined Weak Reference
    _get_lc_time                              - Undefined Weak Reference
    _getenv_init                              - Undefined Weak Reference
    _handle_redirection                       - Undefined Weak Reference
    _init_alloc                               - Undefined Weak Reference
    _init_user_alloc                          - Undefined Weak Reference
    _initio                                   - Undefined Weak Reference
    _rand_init                                - Undefined Weak Reference
    _signal_finish                            - Undefined Weak Reference
    _signal_init                              - Undefined Weak Reference
    _terminate_alloc                          - Undefined Weak Reference
    _terminate_user_alloc                     - Undefined Weak Reference
    _terminateio                              - Undefined Weak Reference
    Reset_Handler                            0x0000026d   Thumb Code     0  startup.o(RESET)
    NMI_Handler                              0x00000271   Thumb Code     2  startup.o(RESET)
    HardFault_Handler                        0x00000273   Thumb Code     2  startup.o(RESET)
    MemManage_Handler                        0x00000275   Thumb Code     2  startup.o(RESET)
    BusFault_Handler                         0x00000277   Thumb Code     2  startup.o(RESET)
    UsageFault_Handler                       0x00000279   Thumb Code     2  startup.o(RESET)
    SVC_Handler                              0x0000027b   Thumb Code     2  startup.o(RESET)
    DebugMon_Handler                         0x0000027d   Thumb Code     2  startup.o(RESET)
    PendSV_Handler                           0x0000027f   Thumb Code     2  startup.o(RESET)
    ADC0Seq0_Handler                         0x00000283   Thumb Code     0  startup.o(RESET)
    ADC0Seq1_Handler                         0x00000283   Thumb Code     0  startup.o(RESET)
    ADC0Seq2_Handler                         0x00000283   Thumb Code     0  startup.o(RESET)
    ADC0Seq3_Handler                         0x00000283   Thumb Code     0  startup.o(RESET)
    ADC1Seq0_Handler                         0x00000283   Thumb Code     0  startup.o(RESET)
    ADC1Seq1_Handler                         0x00000283   Thumb Code     0  startup.o(RESET)
    ADC1Seq2_Handler                         0x00000283   Thumb Code     0  startup.o(RESET)
    ADC1Seq3_Handler                         0x00000283   Thumb Code     0  startup.o(RESET)
    CAN0_Handler                             0x00000283   Thumb Code     0  startup.o(RESET)
    CAN1_Handler                             0x00000283   Thumb Code     0  startup.o(RESET)
    CAN2_Handler                             0x00000283   Thumb Code     0  startup.o(RESET)
    Comp0_Handler                            0x00000283   Thumb Code     0  startup.o(RESET)
    Comp1_Handler                            0x00000283   Thumb Code     0  startup.o(RESET)
    Comp2_Handler                            0x00000283   Thumb Code     0  startup.o(RESET)
    Ethernet_Handler                         0x00000283   Thumb Code     0  startup.o(RESET)
    ExtBus_Handler                           0x00000283   Thumb Code     0  startup.o(RESET)
    FPU_Handler                              0x00000283   Thumb Code     0  startup.o(RESET)
    Fan0_Handler                             0x00000283   Thumb Code     0  startup.o(RESET)
    FlashCtl_Handler                         0x00000283   Thumb Code     0  startup.o(RESET)
    GPIOPortA_Handler                        0x00000283   Thumb Code     0  startup.o(RESET)
    GPIOPortB_Handler                        0x00000283   Thumb Code     0  startup.o(RESET)
    GPIOPortC_Handler                        0x00000283   Thumb Code     0  startup.o(RESET)
    GPIOPortD_Handler                        0x00000283   Thumb Code     0  startup.o(RESET)
    GPIOPortE_Handler                        0x00000283   Thumb Code     0  startup.o(RESET)
    GPIOPortF_Handler                        0x00000283   Thumb Code     0  startup.o(RESET)
    GPIOPortG_Handler                        0x00000283   Thumb Code     0  startup.o(RESET)
    GPIOPortH_Handler                        0x00000283   Thumb Code     0  startup.o(RESET)
    GPIOPortJ_Handler                        0x00000283   Thumb Code     0  startup.o(RESET)
    GPIOPortK_Handler                        0x00000283   Thumb Code     0  startup.o(RESET)
    GPIOPortL_Handler                        0x00000283   Thumb Code     0  startup.o(RESET)
    GPIOPortM_Handler                        0x00000283   Thumb Code     0  startup.o(RESET)
    GPIOPortN_Handler                        0x00000283   Thumb Code     0  startup.o(RESET)
    GPIOPortP1_Handler                       0x00000283   Thumb Code     0  startup.o(RESET)
    GPIOPortP2_Handler                       0x00000283   Thumb Code     0  startup.o(RESET)
    GPIOPortP3_Handler                       0x00000283   Thumb Code     0  startup.o(RESET)
    GPIOPortP4_Handler                       0x00000283   Thumb Code     0  startup.o(RESET)
    GPIOPortP5_Handler                       0x00000283   Thumb Code     0  startup.o(RESET)
    GPIOPortP6_Handler                       0x00000283   Thumb Code     0  startup.o(RESET)
    GPIOPortP7_Handler                       0x00000283   Thumb Code     0  startup.o(RESET)
    GPIOPortP_Handler                        0x00000283   Thumb Code     0  startup.o(RESET)
    GPIOPortQ1_Handler                       0x00000283   Thumb Code     0  startup.o(RESET)
    GPIOPortQ2_Handler                       0x00000283   Thumb Code     0  startup.o(RESET)
    GPIOPortQ3_Handler                       0x00000283   Thumb Code     0  startup.o(RESET)
    GPIOPortQ4_Handler                       0x00000283   Thumb Code     0  startup.o(RESET)
    GPIOPortQ5_Handler                       0x00000283   Thumb Code     0  startup.o(RESET)
    GPIOPortQ6_Handler                       0x00000283   Thumb Code     0  startup.o(RESET)
    GPIOPortQ7_Handler                       0x00000283   Thumb Code     0  startup.o(RESET)
    GPIOPortQ_Handler                        0x00000283   Thumb Code     0  startup.o(RESET)
    GPIOPortR_Handler                        0x00000283   Thumb Code     0  startup.o(RESET)
    GPIOPortS_Handler                        0x00000283   Thumb Code     0  startup.o(RESET)
    Hibernate_Handler                        0x00000283   Thumb Code     0  startup.o(RESET)
    I2C0_Handler                             0x00000283   Thumb Code     0  startup.o(RESET)
    I2C1_Handler                             0x00000283   Thumb Code     0  startup.o(RESET)
    I2C2_Handler                             0x00000283   Thumb Code     0  startup.o(RESET)
    I2C3_Handler                             0x00000283   Thumb Code     0  startup.o(RESET)
    I2C4_Handler                             0x00000283   Thumb Code     0  startup.o(RESET)
    I2C5_Handler                             0x00000283   Thumb Code     0  startup.o(RESET)
    I2S0_Handler                             0x00000283   Thumb Code     0  startup.o(RESET)
    LPC0_Handler                             0x00000283   Thumb Code     0  startup.o(RESET)
    PECI0_Handler                            0x00000283   Thumb Code     0  startup.o(RESET)
    PWM0Fault_Handler                        0x00000283   Thumb Code     0  startup.o(RESET)
    PWM0Generator0_Handler                   0x00000283   Thumb Code     0  startup.o(RESET)
    PWM0Generator1_Handler                   0x00000283   Thumb Code     0  startup.o(RESET)
    PWM0Generator2_Handler                   0x00000283   Thumb Code     0  startup.o(RESET)
    PWM0Generator3_Handler                   0x00000283   Thumb Code     0  startup.o(RESET)
    PWM1Fault_Handler                        0x00000283   Thumb Code     0  startup.o(RESET)
    PWM1Generator0_Handler                   0x00000283   Thumb Code     0  startup.o(RESET)
    PWM1Generator1_Handler                   0x00000283   Thumb Code     0  startup.o(RESET)
    PWM1Generator2_Handler                   0x00000283   Thumb Code     0  startup.o(RESET)
    PWM1Generator3_Handler                   0x00000283   Thumb Code     0  startup.o(RESET)
    Quadrature0_Handler                      0x00000283   Thumb Code     0  startup.o(RESET)
    Quadrature1_Handler                      0x00000283   Thumb Code     0  startup.o(RESET)
    Quadrature2_Handler                      0x00000283   Thumb Code     0  startup.o(RESET)
    SSI0_Handler                             0x00000283   Thumb Code     0  startup.o(RESET)
    SSI1_Handler                             0x00000283   Thumb Code     0  startup.o(RESET)
    SSI2_Handler                             0x00000283   Thumb Code     0  startup.o(RESET)
    SSI3_Handler                             0x00000283   Thumb Code     0  startup.o(RESET)
    SysCtl_Handler                           0x00000283   Thumb Code     0  startup.o(RESET)
    Timer0B_Handler                          0x00000283   Thumb Code     0  startup.o(RESET)
    Timer1B_Handler                          0x00000283   Thumb Code     0  startup.o(RESET)
    Timer2A_Handler                          0x00000283   Thumb Code     0  startup.o(RESET)
    Timer2B_Handler                          0x00000283   Thumb Code     0  startup.o(RESET)
    Timer3A_Handler                          0x00000283   Thumb Code     0  startup.o(RESET)
    Timer3B_Handler                          0x00000283   Thumb Code     0  startup.o(RESET)
    Timer4A_Handler                          0x00000283   Thumb Code     0  startup.o(RESET)
    Timer4B_Handler                          0x00000283   Thumb Code     0  startup.o(RESET)
    Timer5A_Handler                          0x00000283   Thumb Code     0  startup.o(RESET)
    Timer5B_Handler                          0x00000283   Thumb Code     0  startup.o(RESET)
    UART0_Handler                            0x00000283   Thumb Code     0  startup.o(RESET)
    UART1_Handler                            0x00000283   Thumb Code     0  startup.o(RESET)
    UART2_Handler                            0x00000283   Thumb Code     0  startup.o(RESET)
    UART3_Handler                            0x00000283   Thumb Code     0  startup.o(RESET)
    UART4_Handler                            0x00000283   Thumb Code     0  startup.o(RESET)
    UART5_Handler                            0x00000283   Thumb Code     0  startup.o(RESET)
    UART6_Handler                            0x00000283   Thumb Code     0  startup.o(RESET)
    UART7_Handler                            0x00000283   Thumb Code     0  startup.o(RESET)
    USB0_Handler                             0x00000283   Thumb Code     0  startup.o(RESET)
    WDT_Handler                              0x00000283   Thumb Code     0  startup.o(RESET)
    WideTimer0A_Handler                      0x00000283   Thumb Code     0  startup.o(RESET)
    WideTimer0B_Handler                      0x00000283   Thumb Code     0  startup.o(RESET)
    WideTimer1A_Handler                      0x00000283   Thumb Code     0  startup.o(RESET)
    WideTimer1B_Handler                      0x00000283   Thumb Code     0  startup.o(RESET)
    WideTimer2A_Handler                      0x00000283   Thumb Code     0  startup.o(RESET)
    WideTimer2B_Handler                      0x00000283   Thumb Code     0  startup.o(RESET)
    WideTimer3A_Handler                      0x00000283   Thumb Code     0  startup.o(RESET)
    WideTimer3B_Handler                      0x00000283   Thumb Code     0  startup.o(RESET)
    WideTimer4A_Handler                      0x00000283   Thumb Code     0  startup.o(RESET)
    WideTimer4B_Handler                      0x00000283   Thumb Code     0  startup.o(RESET)
    WideTimer5A_Handler                      0x00000283   Thumb Code     0  startup.o(RESET)
    WideTimer5B_Handler                      0x00000283   Thumb Code     0  startup.o(RESET)
    uDMA_Error                               0x00000283   Thumb Code     0  startup.o(RESET)
    uDMA_Handler                             0x00000283   Thumb Code     0  startup.o(RESET)
    __main                                   0x00000285   Thumb Code     8  __main.o(!!!main)
    __scatterload                            0x0000028d   Thumb Code     0  __scatter.o(!!!scatter)
    __scatterload_rt2                        0x0000028d   Thumb Code    44  __scatter.o(!!!scatter)
    __scatterload_rt2_thumb_only             0x0000028d   Thumb Code     0  __scatter.o(!!!scatter)
    __scatterload_null                       0x0000029b   Thumb Code     0  __scatter.o(!!!scatter)
    __decompress                             0x000002c1   Thumb Code   100  __dclz77c.o(!!dclz77c)
    __decompress2                            0x000002c1   Thumb Code     0  __dclz77c.o(!!dclz77c)
    __scatterload_zeroinit                   0x00000325   Thumb Code    28  __scatter_zi.o(!!handler_zi)
    __rt_lib_init                            0x00000341   Thumb Code     0  libinit.o(.ARM.Collect$$libinit$$00000000)
    __rt_lib_init_alloca_1                   0x00000343   Thumb Code     0  libinit2.o(.ARM.Collect$$libinit$$0000002E)
    __rt_lib_init_argv_1                     0x00000343   Thumb Code     0  libinit2.o(.ARM.Collect$$libinit$$0000002C)
    __rt_lib_init_atexit_1                   0x00000343   Thumb Code     0  libinit2.o(.ARM.Collect$$libinit$$0000001B)
    __rt_lib_init_clock_1                    0x00000343   Thumb Code     0  libinit2.o(.ARM.Collect$$libinit$$00000021)
    __rt_lib_init_cpp_1                      0x00000343   Thumb Code     0  libinit2.o(.ARM.Collect$$libinit$$00000032)
    __rt_lib_init_exceptions_1               0x00000343   Thumb Code     0  libinit2.o(.ARM.Collect$$libinit$$00000030)
    __rt_lib_init_fp_1                       0x00000343   Thumb Code     0  libinit2.o(.ARM.Collect$$libinit$$00000002)
    __rt_lib_init_fp_trap_1                  0x00000343   Thumb Code     0  libinit2.o(.ARM.Collect$$libinit$$0000001F)
    __rt_lib_init_getenv_1                   0x00000343   Thumb Code     0  libinit2.o(.ARM.Collect$$libinit$$00000023)
    __rt_lib_init_heap_1                     0x00000343   Thumb Code     0  libinit2.o(.ARM.Collect$$libinit$$0000000A)
    __rt_lib_init_lc_collate_1               0x00000343   Thumb Code     0  libinit2.o(.ARM.Collect$$libinit$$00000011)
    __rt_lib_init_lc_ctype_1                 0x00000343   Thumb Code     0  libinit2.o(.ARM.Collect$$libinit$$00000013)
    __rt_lib_init_lc_monetary_1              0x00000343   Thumb Code     0  libinit2.o(.ARM.Collect$$libinit$$00000015)
    __rt_lib_init_lc_numeric_1               0x00000343   Thumb Code     0  libinit2.o(.ARM.Collect$$libinit$$00000017)
    __rt_lib_init_lc_time_1                  0x00000343   Thumb Code     0  libinit2.o(.ARM.Collect$$libinit$$00000019)
    __rt_lib_init_preinit_1                  0x00000343   Thumb Code     0  libinit2.o(.ARM.Collect$$libinit$$00000004)
    __rt_lib_init_rand_1                     0x00000343   Thumb Code     0  libinit2.o(.ARM.Collect$$libinit$$0000000E)
    __rt_lib_init_return                     0x00000343   Thumb Code     0  libinit2.o(.ARM.Collect$$libinit$$00000033)
    __rt_lib_init_signal_1                   0x00000343   Thumb Code     0  libinit2.o(.ARM.Collect$$libinit$$0000001D)
    __rt_lib_init_stdio_1                    0x00000343   Thumb Code     0  libinit2.o(.ARM.Collect$$libinit$$00000025)
    __rt_lib_init_user_alloc_1               0x00000343   Thumb Code     0  libinit2.o(.ARM.Collect$$libinit$$0000000C)
    __rt_lib_shutdown                        0x00000345   Thumb Code     0  libshutdown.o(.ARM.Collect$$libshutdown$$00000000)
    __rt_lib_shutdown_cpp_1                  0x00000347   Thumb Code     0  libshutdown2.o(.ARM.Collect$$libshutdown$$00000002)
    __rt_lib_shutdown_fp_trap_1              0x00000347   Thumb Code     0  libshutdown2.o(.ARM.Collect$$libshutdown$$00000007)
    __rt_lib_shutdown_heap_1                 0x00000347   Thumb Code     0  libshutdown2.o(.ARM.Collect$$libshutdown$$0000000F)
    __rt_lib_shutdown_return                 0x00000347   Thumb Code     0  libshutdown2.o(.ARM.Collect$$libshutdown$$00000010)
    __rt_lib_shutdown_signal_1               0x00000347   Thumb Code     0  libshutdown2.o(.ARM.Collect$$libshutdown$$0000000A)
    __rt_lib_shutdown_stdio_1                0x00000347   Thumb Code     0  libshutdown2.o(.ARM.Collect$$libshutdown$$00000004)
    __rt_lib_shutdown_user_alloc_1           0x00000347   Thumb Code     0  libshutdown2.o(.ARM.Collect$$libshutdown$$0000000C)
    __rt_entry                               0x00000349   Thumb Code     0  __rtentry.o(.ARM.Collect$$rtentry$$00000000)
    __rt_entry_presh_1                       0x00000349   Thumb Code     0  __rtentry2.o(.ARM.Collect$$rtentry$$00000002)
    __rt_entry_sh                            0x00000349   Thumb Code     0  __rtentry4.o(.ARM.Collect$$rtentry$$00000004)
    __rt_entry_li                            0x0000034f   Thumb Code     0  __rtentry2.o(.ARM.Collect$$rtentry$$0000000A)
    __rt_entry_postsh_1                      0x0000034f   Thumb Code     0  __rtentry2.o(.ARM.Collect$$rtentry$$00000009)
    __rt_entry_main                          0x00000353   Thumb Code     0  __rtentry2.o(.ARM.Collect$$rtentry$$0000000D)
    __rt_entry_postli_1                      0x00000353   Thumb Code     0  __rtentry2.o(.ARM.Collect$$rtentry$$0000000C)
    __rt_exit                                0x0000035b   Thumb Code     0  rtexit.o(.ARM.Collect$$rtexit$$00000000)
    __rt_exit_ls                             0x0000035d   Thumb Code     0  rtexit2.o(.ARM.Collect$$rtexit$$00000003)
    __rt_exit_prels_1                        0x0000035d   Thumb Code     0  rtexit2.o(.ARM.Collect$$rtexit$$00000002)
    __rt_exit_exit                           0x00000361   Thumb Code     0  rtexit2.o(.ARM.Collect$$rtexit$$00000004)
    DisableInterrupts                        0x00000369   Thumb Code     0  startup.o(.text)
    EnableInterrupts                         0x0000036d   Thumb Code     0  startup.o(.text)
    StartCritical                            0x00000371   Thumb Code     0  startup.o(.text)
    EndCritical                              0x00000379   Thumb Code     0  startup.o(.text)
    WaitForInterrupt                         0x0000037f   Thumb Code     0  startup.o(.text)
    __user_initial_stackheap                 0x00000383   Thumb Code     0  startup.o(.text)
    Random_Init                              0x00000399   Thumb Code     0  random.o(.text)
    Random32                                 0x0000039f   Thumb Code     2  random.o(.text)
    Random                                   0x000003b1   Thumb Code     2  random.o(.text)
    writecommand                             0x000003d5   Thumb Code     0  lcd.o(.text)
    writedata                                0x000003f7   Thumb Code     0  lcd.o(.text)
    LCD_OutDec                               0x0000041d   Thumb Code     0  print.o(.text)
    LCD_OutFix                               0x00000505   Thumb Code     0  print.o(.text)
    __aeabi_memcpy4                          0x0000059d   Thumb Code     0  rt_memcpy_w.o(.text)
    __aeabi_memcpy8                          0x0000059d   Thumb Code     0  rt_memcpy_w.o(.text)
    __rt_memcpy_w                            0x0000059d   Thumb Code   100  rt_memcpy_w.o(.text)
    _memcpy_lastbytes_aligned                0x000005e5   Thumb Code     0  rt_memcpy_w.o(.text)
    __aeabi_memclr4                          0x00000601   Thumb Code     0  rt_memclr_w.o(.text)
    __aeabi_memclr8                          0x00000601   Thumb Code     0  rt_memclr_w.o(.text)
    __rt_memclr_w                            0x00000601   Thumb Code    78  rt_memclr_w.o(.text)
    _memset_w                                0x00000605   Thumb Code     0  rt_memclr_w.o(.text)
    __use_two_region_memory                  0x0000064f   Thumb Code     2  heapauxi.o(.text)
    __rt_heap_escrow$2region                 0x00000651   Thumb Code     2  heapauxi.o(.text)
    __rt_heap_expand$2region                 0x00000653   Thumb Code     2  heapauxi.o(.text)
    __user_setup_stackheap                   0x00000655   Thumb Code    74  sys_stackheap_outer.o(.text)
    exit                                     0x0000069f   Thumb Code    18  exit.o(.text)
    __user_libspace                          0x000006b1   Thumb Code     8  libspace.o(.text)
    __user_perproc_libspace                  0x000006b1   Thumb Code     0  libspace.o(.text)
    __user_perthread_libspace                0x000006b1   Thumb Code     0  libspace.o(.text)
    _sys_exit                                0x000006b9   Thumb Code     8  sys_exit.o(.text)
    __I$use$semihosting                      0x000006c5   Thumb Code     0  use_no_semi.o(.text)
    __use_no_semihosting_swi                 0x000006c5   Thumb Code     2  use_no_semi.o(.text)
    __semihosting_library_function           0x000006c7   Thumb Code     0  indicate_semi.o(.text)
    ADC_In89                                 0x000006c9   Thumb Code    52  adc_joystick.o(i.ADC_In89)
    ADC_Init89                               0x00000701   Thumb Code   266  adc_joystick.o(i.ADC_Init89)
    BumpedIntoWorldPokemon                   0x00000825   Thumb Code    56  field.o(i.BumpedIntoWorldPokemon)
    ClearBattleUI                            0x00000869   Thumb Code    34  draw.o(i.ClearBattleUI)
    ClearPokeLeftName                        0x00000895   Thumb Code    22  draw.o(i.ClearPokeLeftName)
    ClearScreenBlack                         0x000008ab   Thumb Code    10  draw.o(i.ClearScreenBlack)
    ClearScreenGrid                          0x000008b5   Thumb Code    22  field.o(i.ClearScreenGrid)
    ClearScreenWhite                         0x000008d5   Thumb Code    12  draw.o(i.ClearScreenWhite)
    DAC_Init                                 0x000008e1   Thumb Code    54  dac.o(i.DAC_Init)
    DAC_Out                                  0x00000929   Thumb Code     6  dac.o(i.DAC_Out)
    Delay1ms                                 0x00000935   Thumb Code    32  st7735.o(i.Delay1ms)
    DrawAllSprites                           0x00000955   Thumb Code    36  draw.o(i.DrawAllSprites)
    DrawBattleInventory                      0x00000979   Thumb Code   712  drawscreen.o(i.DrawBattleInventory)
    DrawBattleScreen                         0x00000d31   Thumb Code  1332  drawscreen.o(i.DrawBattleScreen)
    DrawBorder                               0x00001269   Thumb Code   124  draw.o(i.DrawBorder)
    DrawDamageShake                          0x000012e5   Thumb Code    92  battle.o(i.DrawDamageShake)
    DrawEPBars                               0x00001351   Thumb Code   132  draw.o(i.DrawEPBars)
    DrawField                                0x000013dd   Thumb Code   600  field.o(i.DrawField)
    DrawGridSprite                           0x00001679   Thumb Code    52  draw.o(i.DrawGridSprite)
    DrawHPBars                               0x000016ad   Thumb Code   164  draw.o(i.DrawHPBars)
    DrawLanguageSelection                    0x00001759   Thumb Code    62  drawscreen.o(i.DrawLanguageSelection)
    DrawMoveCommands                         0x000017b5   Thumb Code  1592  drawscreen.o(i.DrawMoveCommands)
    DrawPokemonInventory                     0x00001dfd   Thumb Code   358  drawscreen.o(i.DrawPokemonInventory)
    DrawPokemonNames                         0x00001f9d   Thumb Code    58  draw.o(i.DrawPokemonNames)
    DrawSelection                            0x00001fd7   Thumb Code    82  draw.o(i.DrawSelection)
    DrawShopScreen                           0x00002029   Thumb Code   678  shop.o(i.DrawShopScreen)
    DrawSimpleMenu                           0x00002419   Thumb Code   180  drawscreen.o(i.DrawSimpleMenu)
    DrawSpriteImg                            0x000024d5   Thumb Code    30  draw.o(i.DrawSpriteImg)
    DrawSpriteSelection                      0x000024f3   Thumb Code    52  draw.o(i.DrawSpriteSelection)
    DrawStatusScreen                         0x00002529   Thumb Code   180  drawscreen.o(i.DrawStatusScreen)
    DrawSwapPokemon                          0x00002655   Thumb Code   270  drawscreen.o(i.DrawSwapPokemon)
    DrawTitleScreen                          0x0000279d   Thumb Code   382  drawscreen.o(i.DrawTitleScreen)
    DrawWorld                                0x00002969   Thumb Code   364  drawscreen.o(i.DrawWorld)
    GenerateRandomPokemon                    0x00002b19   Thumb Code   216  drawscreen.o(i.GenerateRandomPokemon)
    GenerateRandomPokemonInit                0x00002bfd   Thumb Code   214  drawscreen.o(i.GenerateRandomPokemonInit)
    GetFieldGrid                             0x00002ce9   Thumb Code    16  field.o(i.GetFieldGrid)
    GetGridX                                 0x00002cfd   Thumb Code    18  draw.o(i.GetGridX)
    GetGridY                                 0x00002d19   Thumb Code    18  draw.o(i.GetGridY)
    GetObjGrid                               0x00002d35   Thumb Code    16  field.o(i.GetObjGrid)
    GetPokemonGrid                           0x00002d49   Thumb Code   160  drawscreen.o(i.GetPokemonGrid)
    IncSeed                                  0x00002e01   Thumb Code    40  drawscreen.o(i.IncSeed)
    InitBackgroundTypes                      0x00002e35   Thumb Code   242  field.o(i.InitBackgroundTypes)
    InitGridCoordinates                      0x00002f35   Thumb Code   128  field.o(i.InitGridCoordinates)
    InitInventory                            0x00002fc5   Thumb Code    96  player.o(i.InitInventory)
    InitMoves                                0x00003035   Thumb Code  1286  battle.o(i.InitMoves)
    InitPlayer                               0x0000355d   Thumb Code   140  player.o(i.InitPlayer)
    InitPokemon                              0x000035f1   Thumb Code  1864  drawscreen.o(i.InitPokemon)
    InitShop                                 0x00003dd1   Thumb Code   356  shop.o(i.InitShop)
    InitTeam                                 0x00003f41   Thumb Code    14  player.o(i.InitTeam)
    IsGridObject                             0x00003f55   Thumb Code    38  field.o(i.IsGridObject)
    IsPokemonPosOnEdge                       0x00003f89   Thumb Code    38  drawscreen.o(i.IsPokemonPosOnEdge)
    IsPokemonWalkable                        0x00003fb9   Thumb Code   194  field.o(i.IsPokemonWalkable)
    IsWalkable                               0x00004085   Thumb Code    50  field.o(i.IsWalkable)
    IsWorldPokemon                           0x000040b9   Thumb Code    52  field.o(i.IsWorldPokemon)
    MoveDown                                 0x000040f5   Thumb Code    92  player.o(i.MoveDown)
    MoveLeft                                 0x00004159   Thumb Code    96  player.o(i.MoveLeft)
    MoveRight                                0x000041c1   Thumb Code    96  player.o(i.MoveRight)
    MoveUp                                   0x00004229   Thumb Code    92  player.o(i.MoveUp)
    MoveWorldPokemon                         0x0000428d   Thumb Code   538  drawscreen.o(i.MoveWorldPokemon)
    Output_Init                              0x000044b1   Thumb Code    16  st7735.o(i.Output_Init)
    PLL_Init                                 0x000044c1   Thumb Code   120  pll.o(i.PLL_Init)
    PokemonAllDead                           0x0000453d   Thumb Code    34  battle.o(i.PokemonAllDead)
    PokemonLocationTaken                     0x00004565   Thumb Code    48  drawscreen.o(i.PokemonLocationTaken)
    PrintWinLoseScreen                       0x00004599   Thumb Code   146  spaceinvaders.o(i.PrintWinLoseScreen)
    RestoreDeadPokemon                       0x000046f9   Thumb Code    38  battle.o(i.RestoreDeadPokemon)
    ST7735_DrawBitmap                        0x00004725   Thumb Code   280  st7735.o(i.ST7735_DrawBitmap)
    ST7735_DrawCharS                         0x00004845   Thumb Code   236  st7735.o(i.ST7735_DrawCharS)
    ST7735_DrawPixel                         0x0000493d   Thumb Code    64  st7735.o(i.ST7735_DrawPixel)
    ST7735_DrawString                        0x00004985   Thumb Code    86  st7735.o(i.ST7735_DrawString)
    ST7735_FillRect                          0x000049dd   Thumb Code   164  st7735.o(i.ST7735_FillRect)
    ST7735_FillScreen                        0x00004a89   Thumb Code    28  st7735.o(i.ST7735_FillScreen)
    ST7735_InitR                             0x00004aad   Thumb Code    90  st7735.o(i.ST7735_InitR)
    ST7735_OutChar                           0x00004b29   Thumb Code   174  st7735.o(i.ST7735_OutChar)
    ST7735_OutString                         0x00004bfd   Thumb Code    24  st7735.o(i.ST7735_OutString)
    ST7735_SetCursor                         0x00004c15   Thumb Code    22  st7735.o(i.ST7735_SetCursor)
    ST7735_SetTextColor                      0x00004c35   Thumb Code     6  st7735.o(i.ST7735_SetTextColor)
    Sound_Attack1                            0x00004c41   Thumb Code    14  sound.o(i.Sound_Attack1)
    Sound_Attack2                            0x00004c55   Thumb Code    14  sound.o(i.Sound_Attack2)
    Sound_Heal                               0x00004c69   Thumb Code    14  sound.o(i.Sound_Heal)
    Sound_Init                               0x00004c7d   Thumb Code    30  sound.o(i.Sound_Init)
    Sound_Play                               0x00004ca9   Thumb Code    18  sound.o(i.Sound_Play)
    Sound_Task                               0x00004cc9   Thumb Code    54  sound.o(i.Sound_Task)
    SysTick_Handler                          0x00004d11   Thumb Code    16  adc_joystick.o(i.SysTick_Handler)
    SysTick_Init                             0x00004d29   Thumb Code    22  adc_joystick.o(i.SysTick_Init)
    Timer0A_Handler                          0x00004d45   Thumb Code    16  timer0.o(i.Timer0A_Handler)
    Timer0_Init                              0x00004d5d   Thumb Code    74  timer0.o(i.Timer0_Init)
    Timer1A_Handler                          0x00004dbd   Thumb Code    16  timer1.o(i.Timer1A_Handler)
    Timer1_Init                              0x00004dd5   Thumb Code    74  timer1.o(i.Timer1_Init)
    addPokemon                               0x00004e35   Thumb Code   106  player.o(i.addPokemon)
    getJoystickX                             0x00005085   Thumb Code    34  adc_joystick.o(i.getJoystickX)
    getJoystickY                             0x000050ad   Thumb Code    34  adc_joystick.o(i.getJoystickY)
    isPE2Pressed                             0x000050d5   Thumb Code    40  adc_joystick.o(i.isPE2Pressed)
    isPE3Pressed                             0x00005105   Thumb Code    40  adc_joystick.o(i.isPE3Pressed)
    main                                     0x00005135   Thumb Code   168  spaceinvaders.o(i.main)
    moveShakeBack                            0x000051e5   Thumb Code   178  battle.o(i.moveShakeBack)
    moveShakeLeft                            0x000052a9   Thumb Code   100  battle.o(i.moveShakeLeft)
    moveShakeRight                           0x0000531d   Thumb Code    98  battle.o(i.moveShakeRight)
    dBfs                                     0x000059fa   Data         512  st7735.o(.constdata)
    highpitch                                0x00005bfa   Data        1802  sound.o(.constdata)
    Attack_Heal_Drain                        0x00006304   Data       11467  sound.o(.constdata)
    Mega_Punch                               0x00008fcf   Data       16758  sound.o(.constdata)
    Secret_Sword                             0x0000d145   Data       18743  sound.o(.constdata)
    GRID_LENGTH                              0x00011a8c   Data           1  systeminfo.o(.constdata)
    GAME_BORDER_W                            0x00011a8d   Data           1  systeminfo.o(.constdata)
    GAME_BORDER_COLOR                        0x00011a8e   Data           2  systeminfo.o(.constdata)
    SCREEN_COLUMNS                           0x00011a90   Data           2  systeminfo.o(.constdata)
    SCREEN_ROWS                              0x00011a92   Data           2  systeminfo.o(.constdata)
    SCREEN_MID_COL                           0x00011a94   Data           1  systeminfo.o(.constdata)
    SCREEN_MID_ROW                           0x00011a95   Data           1  systeminfo.o(.constdata)
    CAT_PHYSICAL                             0x00011a98   Data           1  battle.o(.constdata)
    CAT_SPECIAL                              0x00011a99   Data           1  battle.o(.constdata)
    N                                        0x0001229c   Data           1  field.o(.constdata)
    G                                        0x0001229d   Data           1  field.o(.constdata)
    W                                        0x0001229e   Data           1  field.o(.constdata)
    E                                        0x0001229f   Data           1  field.o(.constdata)
    R                                        0x000122a0   Data           1  field.o(.constdata)
    T                                        0x000122a1   Data           1  field.o(.constdata)
    S                                        0x000122a2   Data           1  field.o(.constdata)
    SS                                       0x000122a3   Data           1  field.o(.constdata)
    ST                                       0x000122a4   Data           1  field.o(.constdata)
    SO                                       0x000122a5   Data           1  field.o(.constdata)
    SR                                       0x000122a6   Data           1  field.o(.constdata)
    SE                                       0x000122a7   Data           1  field.o(.constdata)
    SA                                       0x000122a8   Data           1  field.o(.constdata)
    grassTile                                0x000122a9   Data           1  field.o(.constdata)
    waterTile                                0x000122aa   Data           1  field.o(.constdata)
    bothTile                                 0x000122ab   Data           1  field.o(.constdata)
    FIELD_WIDTH                              0x000122ac   Data           1  field.o(.constdata)
    FIELD_HEIGHT                             0x000122ad   Data           1  field.o(.constdata)
    Normal                                   0x00012328   Data           1  pokemontype.o(.constdata)
    Fire                                     0x00012329   Data           1  pokemontype.o(.constdata)
    Water                                    0x0001232a   Data           1  pokemontype.o(.constdata)
    Electric                                 0x0001232b   Data           1  pokemontype.o(.constdata)
    Grass                                    0x0001232c   Data           1  pokemontype.o(.constdata)
    Ice                                      0x0001232d   Data           1  pokemontype.o(.constdata)
    Fighting                                 0x0001232e   Data           1  pokemontype.o(.constdata)
    Poison                                   0x0001232f   Data           1  pokemontype.o(.constdata)
    Ground                                   0x00012330   Data           1  pokemontype.o(.constdata)
    Flying                                   0x00012331   Data           1  pokemontype.o(.constdata)
    Psychic                                  0x00012332   Data           1  pokemontype.o(.constdata)
    Bug                                      0x00012333   Data           1  pokemontype.o(.constdata)
    Rock                                     0x00012334   Data           1  pokemontype.o(.constdata)
    Ghost                                    0x00012335   Data           1  pokemontype.o(.constdata)
    Dragon                                   0x00012336   Data           1  pokemontype.o(.constdata)
    Dark                                     0x00012337   Data           1  pokemontype.o(.constdata)
    Steel                                    0x00012338   Data           1  pokemontype.o(.constdata)
    Fairy                                    0x00012339   Data           1  pokemontype.o(.constdata)
    A                                        0x0001233a   Data           1  pokemontype.o(.constdata)
    B                                        0x0001233b   Data           1  pokemontype.o(.constdata)
    C                                        0x0001233c   Data           1  pokemontype.o(.constdata)
    D                                        0x0001233d   Data           1  pokemontype.o(.constdata)
    playerFront                              0x00012488   Data         512  imagesother.o(.constdata)
    shopnpc                                  0x00012688   Data         512  imagesother.o(.constdata)
    playerBack                               0x00012888   Data         512  imagesother.o(.constdata)
    playerSide                               0x00012a88   Data         512  imagesother.o(.constdata)
    playerSwimBack                           0x00012c88   Data         512  imagesother.o(.constdata)
    playerSwimFront                          0x00012e88   Data         512  imagesother.o(.constdata)
    playerSwimSide                           0x00013088   Data         512  imagesother.o(.constdata)
    torchic                                  0x00013288   Data         512  imagesother.o(.constdata)
    pokeball                                 0x00013488   Data        3200  imagesother.o(.constdata)
    healthPotion                             0x00014108   Data        3200  imagesother.o(.constdata)
    boba                                     0x00014d88   Data        3200  imagesother.o(.constdata)
    grass                                    0x00015a08   Data         512  imagesother.o(.constdata)
    water                                    0x00015c08   Data         512  imagesother.o(.constdata)
    ground                                   0x00015e08   Data         512  imagesother.o(.constdata)
    rock                                     0x00016008   Data         512  imagesother.o(.constdata)
    bush                                     0x00016208   Data         512  imagesother.o(.constdata)
    storeS                                   0x00016408   Data         512  imagesother.o(.constdata)
    storeT                                   0x00016608   Data         512  imagesother.o(.constdata)
    storeO                                   0x00016808   Data         512  imagesother.o(.constdata)
    storeR                                   0x00016a08   Data         512  imagesother.o(.constdata)
    storeE                                   0x00016c08   Data         512  imagesother.o(.constdata)
    storeArrow                               0x00016e08   Data         512  imagesother.o(.constdata)
    pokemonname                              0x00017008   Data       13824  imagesother.o(.constdata)
    pokemonnameSpanish                       0x0001a608   Data       13824  imagesother.o(.constdata)
    fight                                    0x0001dc08   Data        1024  textsprites.o(.constdata)
    pokemon                                  0x0001e008   Data        1024  textsprites.o(.constdata)
    item                                     0x0001e408   Data        1024  textsprites.o(.constdata)
    run                                      0x0001e808   Data        1024  textsprites.o(.constdata)
    lucha                                    0x0001ec08   Data        1024  textsprites.o(.constdata)
    correr                                   0x0001f008   Data        1024  textsprites.o(.constdata)
    bulbWorldFront                           0x0001f408   Data         512  imagespokemon2.o(.constdata)
    bulbasaur                                0x0001f608   Data        3200  imagespokemon2.o(.constdata)
    charmander                               0x00020288   Data        3200  imagespokemon2.o(.constdata)
    squirtle                                 0x00020f08   Data        3200  imagespokemon2.o(.constdata)
    pidgey                                   0x00021b88   Data        3200  imagespokemon2.o(.constdata)
    pikachu                                  0x00022808   Data        3200  imagespokemon2.o(.constdata)
    eevee                                    0x00023488   Data        3200  imagespokemon2.o(.constdata)
    psyduck                                  0x00024108   Data        3200  imagespokemon2.o(.constdata)
    vulpix                                   0x00024d88   Data        3200  imagespokemon2.o(.constdata)
    dratini                                  0x00025a08   Data        3200  imagespokemon2.o(.constdata)
    jigglypuff                               0x00026688   Data        3200  imagespokemon2.o(.constdata)
    ponyta                                   0x00027308   Data        3200  imagespokemon2.o(.constdata)
    horsea                                   0x00027f88   Data        3200  imagespokemon2.o(.constdata)
    cubone                                   0x00028c08   Data        3200  imagespokemon2.o(.constdata)
    meowth                                   0x00029888   Data        3200  imagespokemon2.o(.constdata)
    nidoran                                  0x0002a508   Data        3200  imagespokemon2.o(.constdata)
    butterfree                               0x0002b188   Data        3200  imagespokemon2.o(.constdata)
    abra                                     0x0002be08   Data        3200  imagespokemon2.o(.constdata)
    ghastly                                  0x0002ca88   Data        3200  imagespokemon2.o(.constdata)
    machamp                                  0x0002d708   Data        3200  imagespokemon2.o(.constdata)
    geodude                                  0x0002e388   Data        3200  imagespokemon2.o(.constdata)
    jigglypuffWorldFront                     0x0002f008   Data         512  imagespokemonworld.o(.constdata)
    vulpixWorldFront                         0x0002f208   Data         512  imagespokemonworld.o(.constdata)
    squirtleWorldFront                       0x0002f408   Data         512  imagespokemonworld.o(.constdata)
    psyduckWorldFront                        0x0002f608   Data         512  imagespokemonworld.o(.constdata)
    ponytaWorldFront                         0x0002f808   Data         512  imagespokemonworld.o(.constdata)
    pikachuWorldFront                        0x0002fa08   Data         512  imagespokemonworld.o(.constdata)
    pidgeyWorldFront                         0x0002fc08   Data         512  imagespokemonworld.o(.constdata)
    eeveeWorldFront                          0x0002fe08   Data         512  imagespokemonworld.o(.constdata)
    dratiniWorldFront                        0x00030008   Data         512  imagespokemonworld.o(.constdata)
    charmanderWorldFront                     0x00030208   Data         512  imagespokemonworld.o(.constdata)
    bulbasaurWorldFront                      0x00030408   Data         512  imagespokemonworld.o(.constdata)
    butterfreeWorldFront                     0x00030608   Data         512  imagespokemonworld.o(.constdata)
    cuboneWorldFront                         0x00030808   Data         512  imagespokemonworld.o(.constdata)
    horseaWorldFront                         0x00030a08   Data         512  imagespokemonworld.o(.constdata)
    meowthWorldFront                         0x00030c08   Data         512  imagespokemonworld.o(.constdata)
    nidoranWorldFront                        0x00030e08   Data         512  imagespokemonworld.o(.constdata)
    abraWorldFront                           0x00031008   Data         512  imagespokemonworld.o(.constdata)
    ghastlyWorldFront                        0x00031208   Data         512  imagespokemonworld.o(.constdata)
    machampWorldFront                        0x00031408   Data         512  imagespokemonworld.o(.constdata)
    geodudeWorldFront                        0x00031608   Data         512  imagespokemonworld.o(.constdata)
    Region$$Table$$Base                      0x00031d7c   Number         0  anon$$obj.o(Region$$Table)
    Region$$Table$$Limit                     0x00031d9c   Number         0  anon$$obj.o(Region$$Table)
    StX                                      0x20000000   Data           4  st7735.o(.data)
    StY                                      0x20000004   Data           4  st7735.o(.data)
    StTextColor                              0x20000008   Data           2  st7735.o(.data)
    Messageindex                             0x20000010   Data           4  st7735.o(.data)
    Ymax                                     0x20000014   Data           4  st7735.o(.data)
    Ymin                                     0x20000018   Data           4  st7735.o(.data)
    X                                        0x2000001c   Data           4  st7735.o(.data)
    Yrange                                   0x20000020   Data           4  st7735.o(.data)
    lastj                                    0x20000024   Data           4  st7735.o(.data)
    PeriodicTask0                            0x20000028   Data           4  timer0.o(.data)
    PeriodicTask1                            0x2000002c   Data           4  timer1.o(.data)
    soundPt                                  0x20000030   Data           4  sound.o(.data)
    len                                      0x20000034   Data           4  sound.o(.data)
    soundStatus                              0x20000038   Data           4  sound.o(.data)
    ADCStatus                                0x2000003c   Data           1  spaceinvaders.o(.data)
    language                                 0x2000003d   Data           1  spaceinvaders.o(.data)
    _width                                   0x2000003e   Data           2  systeminfo.o(.data)
    _height                                  0x20000040   Data           2  systeminfo.o(.data)
    curX                                     0x20000042   Data           1  battle.o(.data)
    timerOn                                  0x20000043   Data           1  battle.o(.data)
    pokeBattleLeftX                          0x20000044   Data           1  draw.o(.data)
    pokeBattleRightX                         0x20000045   Data           1  draw.o(.data)
    pokeBattleY                              0x20000046   Data           1  draw.o(.data)
    backReturn                               0x20000048   Data           1  drawscreen.o(.data)
    seedTimer                                0x20000049   Data           1  drawscreen.o(.data)
    randomSeed                               0x2000004c   Data           4  drawscreen.o(.data)
    numPokemonSpecies                        0x20000050   Data           4  drawscreen.o(.data)
    numWorldPokemon                          0x20000054   Data           1  field.o(.data)
    numWorldInstantiated                     0x20000055   Data           1  field.o(.data)
    grassGridsLength                         0x20000058   Data           4  field.o(.data)
    waterGridsLength                         0x2000005c   Data           4  field.o(.data)
    fieldArray                               0x20000060   Data         900  field.o(.data)
    fieldObjArray                            0x200003e4   Data         900  field.o(.data)
    TypesArray                               0x20000768   Data         324  pokemontype.o(.data)
    joystickData                             0x200008ac   Data           8  adc_joystick.o(.data)
    PE3_Debounced                            0x200008b4   Data           1  adc_joystick.o(.data)
    PE2_Debounced                            0x200008b5   Data           1  adc_joystick.o(.data)
    NormalMoves                              0x200008bc   Data         240  battle.o(.bss)
    SignatureMoves                           0x200009ac   Data         240  battle.o(.bss)
    pokeShakeInst                            0x20000a9c   Data          12  battle.o(.bss)
    shopItems                                0x20000aa8   Data          96  drawscreen.o(.bss)
    itemInsts                                0x20000b08   Data          36  drawscreen.o(.bss)
    BulbasaurT                               0x20000b2c   Data          52  drawscreen.o(.bss)
    SquirtleT                                0x20000b60   Data          52  drawscreen.o(.bss)
    CharmanderT                              0x20000b94   Data          52  drawscreen.o(.bss)
    PidgeyT                                  0x20000bc8   Data          52  drawscreen.o(.bss)
    PikachuT                                 0x20000bfc   Data          52  drawscreen.o(.bss)
    PsyduckT                                 0x20000c30   Data          52  drawscreen.o(.bss)
    PonytaT                                  0x20000c64   Data          52  drawscreen.o(.bss)
    DratiniT                                 0x20000c98   Data          52  drawscreen.o(.bss)
    EeveeT                                   0x20000ccc   Data          52  drawscreen.o(.bss)
    JigglypuffT                              0x20000d00   Data          52  drawscreen.o(.bss)
    VulpixT                                  0x20000d34   Data          52  drawscreen.o(.bss)
    HorseaT                                  0x20000d68   Data          52  drawscreen.o(.bss)
    ButterfreeT                              0x20000d9c   Data          52  drawscreen.o(.bss)
    CuboneT                                  0x20000dd0   Data          52  drawscreen.o(.bss)
    MeowthT                                  0x20000e04   Data          52  drawscreen.o(.bss)
    NidoranT                                 0x20000e38   Data          52  drawscreen.o(.bss)
    AbraT                                    0x20000e6c   Data          52  drawscreen.o(.bss)
    GhastlyT                                 0x20000ea0   Data          52  drawscreen.o(.bss)
    MachampT                                 0x20000ed4   Data          52  drawscreen.o(.bss)
    GeodudeT                                 0x20000f08   Data          52  drawscreen.o(.bss)
    allPokemon                               0x20000f3c   Data        1040  drawscreen.o(.bss)
    WorldPokemons                            0x2000134c   Data        1280  field.o(.bss)
    grassGrids                               0x2000184c   Data        1800  field.o(.bss)
    waterGrids                               0x20001f54   Data        1800  field.o(.bss)
    background                               0x2000265c   Data          24  field.o(.bss)
    fieldObj                                 0x20002674   Data          88  field.o(.bss)
    screenGrid                               0x200026cc   Data          63  field.o(.bss)
    screenObj                                0x2000270b   Data          63  field.o(.bss)
    p1                                       0x2000274c   Data          76  player.o(.bss)
    playerInventory                          0x20002798   Data          96  player.o(.bss)
    pokeTeam                                 0x200027f8   Data         388  player.o(.bss)
    bobaItem                                 0x2000297c   Data          28  shop.o(.bss)
    potionItem                               0x20002998   Data          28  shop.o(.bss)
    pokeballItem                             0x200029b4   Data          28  shop.o(.bss)
    __libspace_start                         0x200029d0   Data          96  libspace.o(.bss)
    __temporary_stack_top$libspace           0x20002a30   Data           0  libspace.o(.bss)



==============================================================================

Memory Map of the image

  Image Entry point : 0x0000026d

  Load Region LR_1 (Base: 0x00000000, Size: 0x00032658, Max: 0xffffffff, ABSOLUTE, COMPRESSED[0x00032020])

    Execution Region ER_RO (Exec base: 0x00000000, Load base: 0x00000000, Size: 0x00031d9c, Max: 0xffffffff, ABSOLUTE)

    Exec Addr    Load Addr    Size         Type   Attr      Idx    E Section Name        Object

    0x00000000   0x00000000   0x00000284   Code   RO            3  * RESET               startup.o
    0x00000284   0x00000284   0x00000008   Code   RO         1231  * !!!main             c_w.l(__main.o)
    0x0000028c   0x0000028c   0x00000034   Code   RO         1390    !!!scatter          c_w.l(__scatter.o)
    0x000002c0   0x000002c0   0x00000064   Code   RO         1388    !!dclz77c           c_w.l(__dclz77c.o)
    0x00000324   0x00000324   0x0000001c   Code   RO         1392    !!handler_zi        c_w.l(__scatter_zi.o)
    0x00000340   0x00000340   0x00000002   Code   RO         1258    .ARM.Collect$$libinit$$00000000  c_w.l(libinit.o)
    0x00000342   0x00000342   0x00000000   Code   RO         1265    .ARM.Collect$$libinit$$00000002  c_w.l(libinit2.o)
    0x00000342   0x00000342   0x00000000   Code   RO         1267    .ARM.Collect$$libinit$$00000004  c_w.l(libinit2.o)
    0x00000342   0x00000342   0x00000000   Code   RO         1270    .ARM.Collect$$libinit$$0000000A  c_w.l(libinit2.o)
    0x00000342   0x00000342   0x00000000   Code   RO         1272    .ARM.Collect$$libinit$$0000000C  c_w.l(libinit2.o)
    0x00000342   0x00000342   0x00000000   Code   RO         1274    .ARM.Collect$$libinit$$0000000E  c_w.l(libinit2.o)
    0x00000342   0x00000342   0x00000000   Code   RO         1277    .ARM.Collect$$libinit$$00000011  c_w.l(libinit2.o)
    0x00000342   0x00000342   0x00000000   Code   RO         1279    .ARM.Collect$$libinit$$00000013  c_w.l(libinit2.o)
    0x00000342   0x00000342   0x00000000   Code   RO         1281    .ARM.Collect$$libinit$$00000015  c_w.l(libinit2.o)
    0x00000342   0x00000342   0x00000000   Code   RO         1283    .ARM.Collect$$libinit$$00000017  c_w.l(libinit2.o)
    0x00000342   0x00000342   0x00000000   Code   RO         1285    .ARM.Collect$$libinit$$00000019  c_w.l(libinit2.o)
    0x00000342   0x00000342   0x00000000   Code   RO         1287    .ARM.Collect$$libinit$$0000001B  c_w.l(libinit2.o)
    0x00000342   0x00000342   0x00000000   Code   RO         1289    .ARM.Collect$$libinit$$0000001D  c_w.l(libinit2.o)
    0x00000342   0x00000342   0x00000000   Code   RO         1291    .ARM.Collect$$libinit$$0000001F  c_w.l(libinit2.o)
    0x00000342   0x00000342   0x00000000   Code   RO         1293    .ARM.Collect$$libinit$$00000021  c_w.l(libinit2.o)
    0x00000342   0x00000342   0x00000000   Code   RO         1295    .ARM.Collect$$libinit$$00000023  c_w.l(libinit2.o)
    0x00000342   0x00000342   0x00000000   Code   RO         1297    .ARM.Collect$$libinit$$00000025  c_w.l(libinit2.o)
    0x00000342   0x00000342   0x00000000   Code   RO         1301    .ARM.Collect$$libinit$$0000002C  c_w.l(libinit2.o)
    0x00000342   0x00000342   0x00000000   Code   RO         1303    .ARM.Collect$$libinit$$0000002E  c_w.l(libinit2.o)
    0x00000342   0x00000342   0x00000000   Code   RO         1305    .ARM.Collect$$libinit$$00000030  c_w.l(libinit2.o)
    0x00000342   0x00000342   0x00000000   Code   RO         1307    .ARM.Collect$$libinit$$00000032  c_w.l(libinit2.o)
    0x00000342   0x00000342   0x00000002   Code   RO         1308    .ARM.Collect$$libinit$$00000033  c_w.l(libinit2.o)
    0x00000344   0x00000344   0x00000002   Code   RO         1328    .ARM.Collect$$libshutdown$$00000000  c_w.l(libshutdown.o)
    0x00000346   0x00000346   0x00000000   Code   RO         1341    .ARM.Collect$$libshutdown$$00000002  c_w.l(libshutdown2.o)
    0x00000346   0x00000346   0x00000000   Code   RO         1343    .ARM.Collect$$libshutdown$$00000004  c_w.l(libshutdown2.o)
    0x00000346   0x00000346   0x00000000   Code   RO         1346    .ARM.Collect$$libshutdown$$00000007  c_w.l(libshutdown2.o)
    0x00000346   0x00000346   0x00000000   Code   RO         1349    .ARM.Collect$$libshutdown$$0000000A  c_w.l(libshutdown2.o)
    0x00000346   0x00000346   0x00000000   Code   RO         1351    .ARM.Collect$$libshutdown$$0000000C  c_w.l(libshutdown2.o)
    0x00000346   0x00000346   0x00000000   Code   RO         1354    .ARM.Collect$$libshutdown$$0000000F  c_w.l(libshutdown2.o)
    0x00000346   0x00000346   0x00000002   Code   RO         1355    .ARM.Collect$$libshutdown$$00000010  c_w.l(libshutdown2.o)
    0x00000348   0x00000348   0x00000000   Code   RO         1233    .ARM.Collect$$rtentry$$00000000  c_w.l(__rtentry.o)
    0x00000348   0x00000348   0x00000000   Code   RO         1235    .ARM.Collect$$rtentry$$00000002  c_w.l(__rtentry2.o)
    0x00000348   0x00000348   0x00000006   Code   RO         1247    .ARM.Collect$$rtentry$$00000004  c_w.l(__rtentry4.o)
    0x0000034e   0x0000034e   0x00000000   Code   RO         1237    .ARM.Collect$$rtentry$$00000009  c_w.l(__rtentry2.o)
    0x0000034e   0x0000034e   0x00000004   Code   RO         1238    .ARM.Collect$$rtentry$$0000000A  c_w.l(__rtentry2.o)
    0x00000352   0x00000352   0x00000000   Code   RO         1240    .ARM.Collect$$rtentry$$0000000C  c_w.l(__rtentry2.o)
    0x00000352   0x00000352   0x00000008   Code   RO         1241    .ARM.Collect$$rtentry$$0000000D  c_w.l(__rtentry2.o)
    0x0000035a   0x0000035a   0x00000002   Code   RO         1262    .ARM.Collect$$rtexit$$00000000  c_w.l(rtexit.o)
    0x0000035c   0x0000035c   0x00000000   Code   RO         1310    .ARM.Collect$$rtexit$$00000002  c_w.l(rtexit2.o)
    0x0000035c   0x0000035c   0x00000004   Code   RO         1311    .ARM.Collect$$rtexit$$00000003  c_w.l(rtexit2.o)
    0x00000360   0x00000360   0x00000006   Code   RO         1312    .ARM.Collect$$rtexit$$00000004  c_w.l(rtexit2.o)
    0x00000366   0x00000366   0x00000002   PAD
    0x00000368   0x00000368   0x00000030   Code   RO            4    .text               startup.o
    0x00000398   0x00000398   0x0000003c   Code   RO           13    .text               random.o
    0x000003d4   0x000003d4   0x00000048   Code   RO          447    .text               lcd.o
    0x0000041c   0x0000041c   0x00000180   Code   RO          450    .text               print.o
    0x0000059c   0x0000059c   0x00000064   Code   RO         1225    .text               c_w.l(rt_memcpy_w.o)
    0x00000600   0x00000600   0x0000004e   Code   RO         1227    .text               c_w.l(rt_memclr_w.o)
    0x0000064e   0x0000064e   0x00000006   Code   RO         1229    .text               c_w.l(heapauxi.o)
    0x00000654   0x00000654   0x0000004a   Code   RO         1249    .text               c_w.l(sys_stackheap_outer.o)
    0x0000069e   0x0000069e   0x00000012   Code   RO         1251    .text               c_w.l(exit.o)
    0x000006b0   0x000006b0   0x00000008   Code   RO         1259    .text               c_w.l(libspace.o)
    0x000006b8   0x000006b8   0x0000000c   Code   RO         1320    .text               c_w.l(sys_exit.o)
    0x000006c4   0x000006c4   0x00000002   Code   RO         1331    .text               c_w.l(use_no_semi.o)
    0x000006c6   0x000006c6   0x00000000   Code   RO         1333    .text               c_w.l(indicate_semi.o)
    0x000006c6   0x000006c6   0x00000002   PAD
    0x000006c8   0x000006c8   0x00000038   Code   RO         1131    i.ADC_In89          adc_joystick.o
    0x00000700   0x00000700   0x00000124   Code   RO         1132    i.ADC_Init89        adc_joystick.o
    0x00000824   0x00000824   0x00000044   Code   RO          894    i.BumpedIntoWorldPokemon  field.o
    0x00000868   0x00000868   0x0000002c   Code   RO          626    i.ClearBattleUI     draw.o
    0x00000894   0x00000894   0x00000016   Code   RO          627    i.ClearPokeLeftName  draw.o
    0x000008aa   0x000008aa   0x0000000a   Code   RO          628    i.ClearScreenBlack  draw.o
    0x000008b4   0x000008b4   0x00000020   Code   RO          896    i.ClearScreenGrid   field.o
    0x000008d4   0x000008d4   0x0000000c   Code   RO          629    i.ClearScreenWhite  draw.o
    0x000008e0   0x000008e0   0x00000048   Code   RO          308    i.DAC_Init          dac.o
    0x00000928   0x00000928   0x0000000c   Code   RO          309    i.DAC_Out           dac.o
    0x00000934   0x00000934   0x00000020   Code   RO           16    i.Delay1ms          st7735.o
    0x00000954   0x00000954   0x00000024   Code   RO          630    i.DrawAllSprites    draw.o
    0x00000978   0x00000978   0x000003b8   Code   RO          740    i.DrawBattleInventory  drawscreen.o
    0x00000d30   0x00000d30   0x00000538   Code   RO          741    i.DrawBattleScreen  drawscreen.o
    0x00001268   0x00001268   0x0000007c   Code   RO          631    i.DrawBorder        draw.o
    0x000012e4   0x000012e4   0x0000006c   Code   RO          562    i.DrawDamageShake   battle.o
    0x00001350   0x00001350   0x0000008c   Code   RO          632    i.DrawEPBars        draw.o
    0x000013dc   0x000013dc   0x0000029c   Code   RO          897    i.DrawField         field.o
    0x00001678   0x00001678   0x00000034   Code   RO          634    i.DrawGridSprite    draw.o
    0x000016ac   0x000016ac   0x000000ac   Code   RO          635    i.DrawHPBars        draw.o
    0x00001758   0x00001758   0x0000005c   Code   RO          742    i.DrawLanguageSelection  drawscreen.o
    0x000017b4   0x000017b4   0x00000648   Code   RO          743    i.DrawMoveCommands  drawscreen.o
    0x00001dfc   0x00001dfc   0x000001a0   Code   RO          744    i.DrawPokemonInventory  drawscreen.o
    0x00001f9c   0x00001f9c   0x0000003a   Code   RO          636    i.DrawPokemonNames  draw.o
    0x00001fd6   0x00001fd6   0x00000052   Code   RO          637    i.DrawSelection     draw.o
    0x00002028   0x00002028   0x000003f0   Code   RO         1101    i.DrawShopScreen    shop.o
    0x00002418   0x00002418   0x000000bc   Code   RO          745    i.DrawSimpleMenu    drawscreen.o
    0x000024d4   0x000024d4   0x0000001e   Code   RO          638    i.DrawSpriteImg     draw.o
    0x000024f2   0x000024f2   0x00000034   Code   RO          640    i.DrawSpriteSelection  draw.o
    0x00002526   0x00002526   0x00000002   PAD
    0x00002528   0x00002528   0x0000012c   Code   RO          746    i.DrawStatusScreen  drawscreen.o
    0x00002654   0x00002654   0x00000148   Code   RO          747    i.DrawSwapPokemon   drawscreen.o
    0x0000279c   0x0000279c   0x000001cc   Code   RO          748    i.DrawTitleScreen   drawscreen.o
    0x00002968   0x00002968   0x000001b0   Code   RO          749    i.DrawWorld         drawscreen.o
    0x00002b18   0x00002b18   0x000000e4   Code   RO          750    i.GenerateRandomPokemon  drawscreen.o
    0x00002bfc   0x00002bfc   0x000000ec   Code   RO          751    i.GenerateRandomPokemonInit  drawscreen.o
    0x00002ce8   0x00002ce8   0x00000014   Code   RO          898    i.GetFieldGrid      field.o
    0x00002cfc   0x00002cfc   0x0000001c   Code   RO          641    i.GetGridX          draw.o
    0x00002d18   0x00002d18   0x0000001c   Code   RO          642    i.GetGridY          draw.o
    0x00002d34   0x00002d34   0x00000014   Code   RO          899    i.GetObjGrid        field.o
    0x00002d48   0x00002d48   0x000000b8   Code   RO          752    i.GetPokemonGrid    drawscreen.o
    0x00002e00   0x00002e00   0x00000034   Code   RO          753    i.IncSeed           drawscreen.o
    0x00002e34   0x00002e34   0x00000100   Code   RO          900    i.InitBackgroundTypes  field.o
    0x00002f34   0x00002f34   0x00000090   Code   RO          901    i.InitGridCoordinates  field.o
    0x00002fc4   0x00002fc4   0x00000070   Code   RO         1007    i.InitInventory     player.o
    0x00003034   0x00003034   0x00000528   Code   RO          563    i.InitMoves         battle.o
    0x0000355c   0x0000355c   0x00000094   Code   RO         1008    i.InitPlayer        player.o
    0x000035f0   0x000035f0   0x000007e0   Code   RO          754    i.InitPokemon       drawscreen.o
    0x00003dd0   0x00003dd0   0x00000170   Code   RO         1102    i.InitShop          shop.o
    0x00003f40   0x00003f40   0x00000014   Code   RO         1009    i.InitTeam          player.o
    0x00003f54   0x00003f54   0x00000034   Code   RO          902    i.IsGridObject      field.o
    0x00003f88   0x00003f88   0x00000030   Code   RO          755    i.IsPokemonPosOnEdge  drawscreen.o
    0x00003fb8   0x00003fb8   0x000000cc   Code   RO          903    i.IsPokemonWalkable  field.o
    0x00004084   0x00004084   0x00000032   Code   RO          904    i.IsWalkable        field.o
    0x000040b6   0x000040b6   0x00000002   PAD
    0x000040b8   0x000040b8   0x0000003c   Code   RO          905    i.IsWorldPokemon    field.o
    0x000040f4   0x000040f4   0x00000064   Code   RO         1011    i.MoveDown          player.o
    0x00004158   0x00004158   0x00000068   Code   RO         1012    i.MoveLeft          player.o
    0x000041c0   0x000041c0   0x00000068   Code   RO         1013    i.MoveRight         player.o
    0x00004228   0x00004228   0x00000064   Code   RO         1014    i.MoveUp            player.o
    0x0000428c   0x0000428c   0x00000224   Code   RO          756    i.MoveWorldPokemon  drawscreen.o
    0x000044b0   0x000044b0   0x00000010   Code   RO           19    i.Output_Init       st7735.o
    0x000044c0   0x000044c0   0x0000007c   Code   RO          293    i.PLL_Init          pll.o
    0x0000453c   0x0000453c   0x00000028   Code   RO          564    i.PokemonAllDead    battle.o
    0x00004564   0x00004564   0x00000034   Code   RO          757    i.PokemonLocationTaken  drawscreen.o
    0x00004598   0x00004598   0x00000160   Code   RO          453    i.PrintWinLoseScreen  spaceinvaders.o
    0x000046f8   0x000046f8   0x0000002c   Code   RO          565    i.RestoreDeadPokemon  battle.o
    0x00004724   0x00004724   0x00000120   Code   RO           23    i.ST7735_DrawBitmap  st7735.o
    0x00004844   0x00004844   0x000000f8   Code   RO           25    i.ST7735_DrawCharS  st7735.o
    0x0000493c   0x0000493c   0x00000048   Code   RO           28    i.ST7735_DrawPixel  st7735.o
    0x00004984   0x00004984   0x00000056   Code   RO           29    i.ST7735_DrawString  st7735.o
    0x000049da   0x000049da   0x00000002   PAD
    0x000049dc   0x000049dc   0x000000ac   Code   RO           30    i.ST7735_FillRect   st7735.o
    0x00004a88   0x00004a88   0x00000024   Code   RO           31    i.ST7735_FillScreen  st7735.o
    0x00004aac   0x00004aac   0x0000007c   Code   RO           33    i.ST7735_InitR      st7735.o
    0x00004b28   0x00004b28   0x000000d4   Code   RO           35    i.ST7735_OutChar    st7735.o
    0x00004bfc   0x00004bfc   0x00000018   Code   RO           36    i.ST7735_OutString  st7735.o
    0x00004c14   0x00004c14   0x00000020   Code   RO           46    i.ST7735_SetCursor  st7735.o
    0x00004c34   0x00004c34   0x0000000c   Code   RO           48    i.ST7735_SetTextColor  st7735.o
    0x00004c40   0x00004c40   0x00000014   Code   RO          386    i.Sound_Attack1     sound.o
    0x00004c54   0x00004c54   0x00000014   Code   RO          387    i.Sound_Attack2     sound.o
    0x00004c68   0x00004c68   0x00000014   Code   RO          388    i.Sound_Heal        sound.o
    0x00004c7c   0x00004c7c   0x0000002c   Code   RO          389    i.Sound_Init        sound.o
    0x00004ca8   0x00004ca8   0x00000020   Code   RO          390    i.Sound_Play        sound.o
    0x00004cc8   0x00004cc8   0x00000048   Code   RO          391    i.Sound_Task        sound.o
    0x00004d10   0x00004d10   0x00000018   Code   RO         1133    i.SysTick_Handler   adc_joystick.o
    0x00004d28   0x00004d28   0x0000001c   Code   RO         1134    i.SysTick_Init      adc_joystick.o
    0x00004d44   0x00004d44   0x00000018   Code   RO          344    i.Timer0A_Handler   timer0.o
    0x00004d5c   0x00004d5c   0x00000060   Code   RO          345    i.Timer0_Init       timer0.o
    0x00004dbc   0x00004dbc   0x00000018   Code   RO          365    i.Timer1A_Handler   timer1.o
    0x00004dd4   0x00004dd4   0x00000060   Code   RO          366    i.Timer1_Init       timer1.o
    0x00004e34   0x00004e34   0x00000070   Code   RO         1016    i.addPokemon        player.o
    0x00004ea4   0x00004ea4   0x00000056   Code   RO           50    i.commandList       st7735.o
    0x00004efa   0x00004efa   0x00000002   PAD
    0x00004efc   0x00004efc   0x00000188   Code   RO           51    i.commonInit        st7735.o
    0x00005084   0x00005084   0x00000028   Code   RO         1135    i.getJoystickX      adc_joystick.o
    0x000050ac   0x000050ac   0x00000028   Code   RO         1136    i.getJoystickY      adc_joystick.o
    0x000050d4   0x000050d4   0x00000030   Code   RO         1137    i.isPE2Pressed      adc_joystick.o
    0x00005104   0x00005104   0x00000030   Code   RO         1138    i.isPE3Pressed      adc_joystick.o
    0x00005134   0x00005134   0x000000b0   Code   RO          454    i.main              spaceinvaders.o
    0x000051e4   0x000051e4   0x000000c4   Code   RO          566    i.moveShakeBack     battle.o
    0x000052a8   0x000052a8   0x00000074   Code   RO          567    i.moveShakeLeft     battle.o
    0x0000531c   0x0000531c   0x00000074   Code   RO          568    i.moveShakeRight    battle.o
    0x00005390   0x00005390   0x00000012   Code   RO           56    i.pushColor         st7735.o
    0x000053a2   0x000053a2   0x00000002   PAD
    0x000053a4   0x000053a4   0x00000074   Code   RO           57    i.setAddrWindow     st7735.o
    0x00005418   0x00005418   0x000007e2   Data   RO           59    .constdata          st7735.o
    0x00005bfa   0x00005bfa   0x0000be82   Data   RO          393    .constdata          sound.o
    0x00011a7c   0x00011a7c   0x00000010   Data   RO          455    .constdata          spaceinvaders.o
    0x00011a8c   0x00011a8c   0x0000000a   Data   RO          549    .constdata          systeminfo.o
    0x00011a96   0x00011a96   0x00000002   PAD
    0x00011a98   0x00011a98   0x000001e4   Data   RO          570    .constdata          battle.o
    0x00011c7c   0x00011c7c   0x00000620   Data   RO          759    .constdata          drawscreen.o
    0x0001229c   0x0001229c   0x0000008c   Data   RO          908    .constdata          field.o
    0x00012328   0x00012328   0x00000016   Data   RO          993    .constdata          pokemontype.o
    0x0001233e   0x0001233e   0x00000002   PAD
    0x00012340   0x00012340   0x0000007c   Data   RO         1018    .constdata          player.o
    0x000123bc   0x000123bc   0x000000cc   Data   RO         1104    .constdata          shop.o
    0x00012488   0x00012488   0x0000b780   Data   RO         1192    .constdata          imagesother.o
    0x0001dc08   0x0001dc08   0x00001800   Data   RO         1199    .constdata          textsprites.o
    0x0001f408   0x0001f408   0x0000fc00   Data   RO         1206    .constdata          imagespokemon2.o
    0x0002f008   0x0002f008   0x00002800   Data   RO         1213    .constdata          imagespokemonworld.o
    0x00031808   0x00031808   0x000003d9   Data   RO          571    .conststring        battle.o
    0x00031be1   0x00031be1   0x00000003   PAD
    0x00031be4   0x00031be4   0x0000014f   Data   RO          760    .conststring        drawscreen.o
    0x00031d33   0x00031d33   0x00000001   PAD
    0x00031d34   0x00031d34   0x00000047   Data   RO         1105    .conststring        shop.o
    0x00031d7b   0x00031d7b   0x00000001   PAD
    0x00031d7c   0x00031d7c   0x00000020   Data   RO         1386    Region$$Table       anon$$obj.o


    Execution Region ER_RW (Exec base: 0x20000000, Load base: 0x00031d9c, Size: 0x000008bc, Max: 0xffffffff, ABSOLUTE, COMPRESSED[0x00000284])

    Exec Addr    Load Addr    Size         Type   Attr      Idx    E Section Name        Object

    0x20000000   COMPRESSED   0x00000028   Data   RW           60    .data               st7735.o
    0x20000028   COMPRESSED   0x00000004   Data   RW          346    .data               timer0.o
    0x2000002c   COMPRESSED   0x00000004   Data   RW          367    .data               timer1.o
    0x20000030   COMPRESSED   0x0000000c   Data   RW          394    .data               sound.o
    0x2000003c   COMPRESSED   0x00000002   Data   RW          456    .data               spaceinvaders.o
    0x2000003e   COMPRESSED   0x00000004   Data   RW          550    .data               systeminfo.o
    0x20000042   COMPRESSED   0x00000002   Data   RW          572    .data               battle.o
    0x20000044   COMPRESSED   0x00000003   Data   RW          643    .data               draw.o
    0x20000047   COMPRESSED   0x00000001   PAD
    0x20000048   COMPRESSED   0x0000000c   Data   RW          761    .data               drawscreen.o
    0x20000054   COMPRESSED   0x00000714   Data   RW          909    .data               field.o
    0x20000768   COMPRESSED   0x00000144   Data   RW          994    .data               pokemontype.o
    0x200008ac   COMPRESSED   0x0000000a   Data   RW         1139    .data               adc_joystick.o
    0x200008b6   COMPRESSED   0x00000002   PAD
    0x200008b8   COMPRESSED   0x00000004   Data   RW           12    DATA                random.o


    Execution Region ER_ZI (Exec base: 0x200008bc, Load base: 0x00032020, Size: 0x00002574, Max: 0xffffffff, ABSOLUTE)

    Exec Addr    Load Addr    Size         Type   Attr      Idx    E Section Name        Object

    0x200008bc        -       0x000001ec   Zero   RW          569    .bss                battle.o
    0x20000aa8        -       0x000008a4   Zero   RW          758    .bss                drawscreen.o
    0x2000134c        -       0x000013fe   Zero   RW          907    .bss                field.o
    0x2000274a   0x00032020   0x00000002   PAD
    0x2000274c        -       0x00000230   Zero   RW         1017    .bss                player.o
    0x2000297c        -       0x00000054   Zero   RW         1103    .bss                shop.o
    0x200029d0        -       0x00000060   Zero   RW         1260    .bss                c_w.l(libspace.o)
    0x20002a30        -       0x00000000   Zero   RW            2    HEAP                startup.o
    0x20002a30        -       0x00000400   Zero   RW            1    STACK               startup.o


==============================================================================

Image component sizes


      Code (inc. data)   RO Data    RW Data    ZI Data      Debug   Object Name

       576         72          0         10          0       4320   adc_joystick.o
      1940        182       1469          2        492       6490   battle.o
        84         24          0          0          0        773   dac.o
       890         46          0          3          0      10453   draw.o
      9476       1488       1903         12       2212      22871   drawscreen.o
      1574        160        140       1812       5118      10749   field.o
         0          0      46976          0          0       1439   imagesother.o
         0          0      64512          0          0       1254   imagespokemon2.o
         0          0      10240          0          0       1607   imagespokemonworld.o
        72         12          0          0          0        228   lcd.o
       800         68        124          0        560       7029   player.o
       124          4          0          0          0        439   pll.o
         0          0         22        324          0       1131   pokemontype.o
       384         20          0          0          0        328   print.o
        60         14          0          4          0        232   random.o
      1376        342        275          0         84       4831   shop.o
       208         64      48770         12          0       3282   sound.o
       528        214         16          2          0       3797   spaceinvaders.o
      1966        192       2018         40          0      18494   st7735.o
       692        632          0          0       1024        964   startup.o
         0          0         10          4          0        866   systeminfo.o
         0          0       6144          0          0        566   textsprites.o
       120         30          0          4          0       1392   timer0.o
       120         30          0          4          0       1392   timer1.o

    ----------------------------------------------------------------------
     21000       3594     182660       2236       9492     104927   Object Totals
         0          0         32          0          0          0   (incl. Generated)
        10          0          9          3          2          0   (incl. Padding)

    ----------------------------------------------------------------------

      Code (inc. data)   RO Data    RW Data    ZI Data      Debug   Library Member Name

       100          0          0          0          0          0   __dclz77c.o
         8          0          0          0          0         68   __main.o
         0          0          0          0          0          0   __rtentry.o
        12          0          0          0          0          0   __rtentry2.o
         6          0          0          0          0          0   __rtentry4.o
        52          8          0          0          0          0   __scatter.o
        28          0          0          0          0          0   __scatter_zi.o
        18          0          0          0          0         80   exit.o
         6          0          0          0          0        152   heapauxi.o
         0          0          0          0          0          0   indicate_semi.o
         2          0          0          0          0          0   libinit.o
         2          0          0          0          0          0   libinit2.o
         2          0          0          0          0          0   libshutdown.o
         2          0          0          0          0          0   libshutdown2.o
         8          4          0          0         96         68   libspace.o
        78          0          0          0          0         80   rt_memclr_w.o
       100          0          0          0          0         80   rt_memcpy_w.o
         2          0          0          0          0          0   rtexit.o
        10          0          0          0          0          0   rtexit2.o
        12          4          0          0          0         68   sys_exit.o
        74          0          0          0          0         80   sys_stackheap_outer.o
         2          0          0          0          0         68   use_no_semi.o

    ----------------------------------------------------------------------
       528         16          0          0         96        744   Library Totals
         4          0          0          0          0          0   (incl. Padding)

    ----------------------------------------------------------------------

      Code (inc. data)   RO Data    RW Data    ZI Data      Debug   Library Name

       524         16          0          0         96        744   c_w.l

    ----------------------------------------------------------------------
       528         16          0          0         96        744   Library Totals

    ----------------------------------------------------------------------

==============================================================================


      Code (inc. data)   RO Data    RW Data    ZI Data      Debug   

     21528       3610     182660       2236       9588     100363   Grand Totals
     21528       3610     182660        644       9588     100363   ELF Image Totals (compressed)
     21528       3610     182660        644          0          0   ROM Totals

==============================================================================

    Total RO  Size (Code + RO Data)               204188 ( 199.40kB)
    Total RW  Size (RW Data + ZI Data)             11824 (  11.55kB)
    Total ROM Size (Code + RO Data + RW Data)     204832 ( 200.03kB)

==============================================================================

