<html>
<body>
<pre>
<h1>µVision Build Log</h1>
<h2>Tool Versions:</h2>
IDE-Version: µVision V5.28.0.0
Copyright (C) 2019 ARM Ltd and ARM Germany GmbH. All rights reserved.
License Information: Andy Ni, University of Texas - Austin, LIC=----
 
Tool Versions:
Toolchain:       MDK-Lite  Version: 5.28.0.0
Toolchain Path:  C:\Keil_v5\ARM\ARMCC\Bin
C Compiler:      Armcc.exe V5.06 update 6 (build 750)
Assembler:       Armasm.exe V5.06 update 6 (build 750)
Linker/Locator:  ArmLink.exe V5.06 update 6 (build 750)
Library Manager: ArmAr.exe V5.06 update 6 (build 750)
Hex Converter:   FromElf.exe V5.06 update 6 (build 750)
CPU DLL:         SARMCM3.DLL V5.28.0.0
Dialog DLL:      DCM.DLL V1.17.3.0
Target DLL:      lmidk-agdi.dll V???
Dialog DLL:      TCM.DLL V1.36.2.0
 
<h2>Project:</h2>
C:\Keil_v5\EE319KwareFall2019\Lab10_EE319K\SpaceInvaders.uvprojx
Project File Date:  11/23/2019

<h2>Output:</h2>
*** Using Compiler 'V5.06 update 6 (build 750)', folder: 'C:\Keil_v5\ARM\ARMCC\Bin'
Build target 'SpaceInvaders'
compiling Player.c...
compiling Draw.c...
compiling Field.c...
compiling SpaceInvaders.c...
ADC_Joystick.h(23): warning:  #1-D: last line of file ends without a newline
  #endif
ImagesOther.h(91): warning:  #1-D: last line of file ends without a newline
  #endif /* __images_h */
SpaceInvaders.c(125): warning:  #177-D: variable "starterScreen"  was declared but never referenced
  	SpriteSelectType starterScreen = {starterInsts, 3, 0};
SpaceInvaders.c(141): warning:  #177-D: variable "leftInst"  was declared but never referenced
  	SpriteInstType leftInst = (SpriteInstType) {pokeLeft.xPos, pokeLeft.yPos, pokeLeft.species.sprite};
SpaceInvaders.c(142): warning:  #177-D: variable "rightInst"  was declared but never referenced
  	SpriteInstType rightInst = (SpriteInstType) {pokeRight.xPos, pokeRight.yPos, pokeRight.species.sprite};
SpaceInvaders.c(153): warning:  #177-D: variable "temp"  was declared but never referenced
  				uint16_t temp = image[back];
SpaceInvaders.c(148): warning:  #177-D: variable "length"  was declared but never referenced
  	uint16_t length = w*h;
SpaceInvaders.c: 7 warnings, 0 errors
linking...
Program Size: Code=3424 RO-data=26252 RW-data=84 ZI-data=1276  
".\SpaceInvaders.axf" - 0 Error(s), 7 Warning(s).

<h2>Software Packages used:</h2>

Package Vendor: ARM
                http://www.keil.com/pack/ARM.CMSIS.5.5.1.pack
                ARM.CMSIS.5.5.1
                CMSIS (Cortex Microcontroller Software Interface Standard)
   * Component: CORE Version: 5.2.0

Package Vendor: Keil
                http://www.keil.com/pack/Keil.TM4C_DFP.1.1.0.pack
                Keil.TM4C_DFP.1.1.0
                Texas Instruments Tiva C Series Device Support and Examples

<h2>Collection of Component include folders:</h2>
  .\RTE\_SpaceInvaders
  C:\Users\nakuk\AppData\Local\Arm\Packs\ARM\CMSIS\5.5.1\CMSIS\Core\Include
  C:\Users\nakuk\AppData\Local\Arm\Packs\Keil\TM4C_DFP\1.1.0\Device\Include\TM4C123

<h2>Collection of Component Files used:</h2>

   * Component: ARM::CMSIS:CORE:5.2.0
Build Time Elapsed:  00:00:02
</pre>
</body>
</html>
